[0.247s] Invoking command in '/ros2_ws/build/champ_base': AMENT_PREFIX_PATH=/ros2_ws/install/champ_msgs:/ros2_ws/install/champ:${AMENT_PREFIX_PATH} CMAKE_PREFIX_PATH=/ros2_ws/install/champ_msgs:/ros2_ws/install/champ:/opt/ros/humble LD_LIBRARY_PATH=/ros2_ws/install/champ_msgs/lib:${LD_LIBRARY_PATH} PYTHONPATH=/ros2_ws/install/champ_msgs/local/lib/python3.10/dist-packages:${PYTHONPATH} /usr/bin/cmake --build /ros2_ws/build/champ_base -- -j8 -l8
[0.407s] [35m[1mConsolidate compiler generated dependencies of target message_relay[0m
[0.415s] [35m[1mConsolidate compiler generated dependencies of target state_estimation[0m
[0.440s] [35m[1mConsolidate compiler generated dependencies of target quadruped_controller[0m
[0.453s] [ 16%] Built target message_relay
[0.475s] [ 33%] Built target state_estimation
[0.499s] [35m[1mConsolidate compiler generated dependencies of target message_relay_node[0m
[0.502s] [ 50%] Built target quadruped_controller
[0.528s] [35m[1mConsolidate compiler generated dependencies of target state_estimation_node[0m
[0.580s] [35m[1mConsolidate compiler generated dependencies of target quadruped_controller_node[0m
[0.581s] [ 66%] Built target message_relay_node
[0.620s] [ 83%] Built target quadruped_controller_node
[0.653s] [100%] Built target state_estimation_node
[1.059s] Invoked command in '/ros2_ws/build/champ_base' returned '0': AMENT_PREFIX_PATH=/ros2_ws/install/champ_msgs:/ros2_ws/install/champ:${AMENT_PREFIX_PATH} CMAKE_PREFIX_PATH=/ros2_ws/install/champ_msgs:/ros2_ws/install/champ:/opt/ros/humble LD_LIBRARY_PATH=/ros2_ws/install/champ_msgs/lib:${LD_LIBRARY_PATH} PYTHONPATH=/ros2_ws/install/champ_msgs/local/lib/python3.10/dist-packages:${PYTHONPATH} /usr/bin/cmake --build /ros2_ws/build/champ_base -- -j8 -l8
[1.063s] Invoking command in '/ros2_ws/build/champ_base': AMENT_PREFIX_PATH=/ros2_ws/install/champ_msgs:/ros2_ws/install/champ:${AMENT_PREFIX_PATH} CMAKE_PREFIX_PATH=/ros2_ws/install/champ_msgs:/ros2_ws/install/champ:/opt/ros/humble LD_LIBRARY_PATH=/ros2_ws/install/champ_msgs/lib:${LD_LIBRARY_PATH} PYTHONPATH=/ros2_ws/install/champ_msgs/local/lib/python3.10/dist-packages:${PYTHONPATH} /usr/bin/cmake --install /ros2_ws/build/champ_base
[1.106s] -- Install configuration: "Release"
[1.107s] -- Execute custom install script
[1.107s] -- Up-to-date symlink: /ros2_ws/install/champ_base/share/champ_base/config/ekf/base_to_footprint.yaml
[1.108s] -- Up-to-date symlink: /ros2_ws/install/champ_base/share/champ_base/config/ekf/footprint_to_odom.yaml
[1.108s] -- Up-to-date symlink: /ros2_ws/install/champ_base/share/champ_base/config/velocity_smoother/velocity_smoother.yaml
[1.108s] -- Up-to-date symlink: /ros2_ws/install/champ_base/lib/libquadruped_controller.so
[1.108s] -- Up-to-date symlink: /ros2_ws/install/champ_base/bin/quadruped_controller_node
[1.109s] -- Up-to-date symlink: /ros2_ws/install/champ_base/lib/libmessage_relay.so
[1.109s] -- Up-to-date symlink: /ros2_ws/install/champ_base/bin/message_relay_node
[1.109s] -- Up-to-date symlink: /ros2_ws/install/champ_base/lib/libstate_estimation.so
[1.109s] -- Up-to-date symlink: /ros2_ws/install/champ_base/bin/state_estimation_node
[1.110s] -- Up-to-date symlink: /ros2_ws/install/champ_base/lib/champ_base/quadruped_controller_node
[1.110s] -- Up-to-date symlink: /ros2_ws/install/champ_base/lib/champ_base/message_relay_node
[1.110s] -- Up-to-date symlink: /ros2_ws/install/champ_base/lib/champ_base/state_estimation_node
[1.111s] -- Up-to-date symlink: /ros2_ws/install/champ_base/share/ament_index/resource_index/package_run_dependencies/champ_base
[1.112s] -- Up-to-date symlink: /ros2_ws/install/champ_base/share/ament_index/resource_index/parent_prefix_path/champ_base
[1.113s] -- Up-to-date symlink: /ros2_ws/install/champ_base/share/champ_base/environment/ament_prefix_path.sh
[1.113s] -- Up-to-date symlink: /ros2_ws/install/champ_base/share/champ_base/environment/ament_prefix_path.dsv
[1.114s] -- Up-to-date symlink: /ros2_ws/install/champ_base/share/champ_base/environment/path.sh
[1.115s] -- Up-to-date symlink: /ros2_ws/install/champ_base/share/champ_base/environment/path.dsv
[1.115s] -- Up-to-date symlink: /ros2_ws/install/champ_base/share/champ_base/local_setup.bash
[1.116s] -- Up-to-date symlink: /ros2_ws/install/champ_base/share/champ_base/local_setup.sh
[1.117s] -- Up-to-date symlink: /ros2_ws/install/champ_base/share/champ_base/local_setup.zsh
[1.118s] -- Up-to-date symlink: /ros2_ws/install/champ_base/share/champ_base/local_setup.dsv
[1.119s] -- Symlinking: /ros2_ws/install/champ_base/share/champ_base/package.dsv
[1.150s] -- Up-to-date symlink: /ros2_ws/install/champ_base/share/ament_index/resource_index/packages/champ_base
[1.155s] -- Up-to-date symlink: /ros2_ws/install/champ_base/share/champ_base/cmake/ament_cmake_export_include_directories-extras.cmake
[1.168s] -- Up-to-date symlink: /ros2_ws/install/champ_base/share/champ_base/cmake/ament_cmake_export_dependencies-extras.cmake
[1.169s] -- Up-to-date symlink: /ros2_ws/install/champ_base/share/champ_base/cmake/champ_baseConfig.cmake
[1.178s] -- Up-to-date symlink: /ros2_ws/install/champ_base/share/champ_base/cmake/champ_baseConfig-version.cmake
[1.180s] -- Up-to-date symlink: /ros2_ws/install/champ_base/share/champ_base/package.xml
[1.302s] Invoked command in '/ros2_ws/build/champ_base' returned '0': AMENT_PREFIX_PATH=/ros2_ws/install/champ_msgs:/ros2_ws/install/champ:${AMENT_PREFIX_PATH} CMAKE_PREFIX_PATH=/ros2_ws/install/champ_msgs:/ros2_ws/install/champ:/opt/ros/humble LD_LIBRARY_PATH=/ros2_ws/install/champ_msgs/lib:${LD_LIBRARY_PATH} PYTHONPATH=/ros2_ws/install/champ_msgs/local/lib/python3.10/dist-packages:${PYTHONPATH} /usr/bin/cmake --install /ros2_ws/build/champ_base
