[0.131s] Invoking command in '/ros2_ws/build/ros2srrc_ur5e': CMAKE_PREFIX_PATH=/opt/ros/humble /usr/bin/cmake /ros2_ws/src/ros2_SimRealRobotControl/packages/ros2srrc_ur5e -DCMAKE_BUILD_TYPE=Release -DAMENT_CMAKE_SYMLINK_INSTALL=1 -DCMAKE_INSTALL_PREFIX=/ros2_ws/install/ros2srrc_ur5e
[0.267s] -- The C compiler identification is GNU 11.4.0
[0.409s] -- The CXX compiler identification is GNU 11.4.0
[0.432s] -- Detecting C compiler ABI info
[0.581s] -- Detecting C compiler ABI info - done
[0.605s] -- Check for working C compiler: /usr/bin/cc - skipped
[0.605s] -- Detecting C compile features
[0.606s] -- Detecting C compile features - done
[0.614s] -- Detecting CXX compiler ABI info
[0.804s] -- Detecting CXX compiler ABI info - done
[0.827s] -- Check for working CXX compiler: /usr/bin/c++ - skipped
[0.828s] -- Detecting CXX compile features
[0.829s] -- Detecting CXX compile features - done
[0.840s] -- Found ament_cmake: 1.3.12 (/opt/ros/humble/share/ament_cmake/cmake)
[1.208s] -- Found Python3: /usr/bin/python3 (found version "3.10.12") found components: Interpreter 
[1.383s] -- Override CMake install command with custom implementation using symlinks instead of copying resources
[1.496s] -- Found ament_lint_auto: 0.12.14 (/opt/ros/humble/share/ament_lint_auto/cmake)
[1.732s] -- Added test 'copyright' to check source files copyright and LICENSE
[1.738s] -- Added test 'lint_cmake' to check CMake code style
[1.742s] -- Added test 'xmllint' to check XML markup files
[1.745s] -- Configuring done
[1.752s] -- Generating done
[1.756s] -- Build files have been written to: /ros2_ws/build/ros2srrc_ur5e
[1.768s] Invoked command in '/ros2_ws/build/ros2srrc_ur5e' returned '0': CMAKE_PREFIX_PATH=/opt/ros/humble /usr/bin/cmake /ros2_ws/src/ros2_SimRealRobotControl/packages/ros2srrc_ur5e -DCMAKE_BUILD_TYPE=Release -DAMENT_CMAKE_SYMLINK_INSTALL=1 -DCMAKE_INSTALL_PREFIX=/ros2_ws/install/ros2srrc_ur5e
[1.769s] Invoking command in '/ros2_ws/build/ros2srrc_ur5e': CMAKE_PREFIX_PATH=/opt/ros/humble /usr/bin/cmake --build /ros2_ws/build/ros2srrc_ur5e -- -j8 -l8
[3.664s] Invoked command in '/ros2_ws/build/ros2srrc_ur5e' returned '0': CMAKE_PREFIX_PATH=/opt/ros/humble /usr/bin/cmake --build /ros2_ws/build/ros2srrc_ur5e -- -j8 -l8
[3.666s] Invoking command in '/ros2_ws/build/ros2srrc_ur5e': CMAKE_PREFIX_PATH=/opt/ros/humble /usr/bin/cmake --install /ros2_ws/build/ros2srrc_ur5e
[4.364s] -- Install configuration: "Release"
[4.364s] -- Execute custom install script
[4.364s] -- Symlinking: /ros2_ws/install/ros2srrc_ur5e/share/ros2srrc_ur5e/config/configurations.yaml
[4.364s] -- Symlinking: /ros2_ws/install/ros2srrc_ur5e/share/ros2srrc_ur5e/urdf/ur5e.urdf.xacro
[4.365s] -- Symlinking: /ros2_ws/install/ros2srrc_ur5e/share/ros2srrc_ur5e/urdf/ur5e_robotiq_2f85.urdf.xacro
[4.365s] -- Symlinking: /ros2_ws/install/ros2srrc_ur5e/share/ros2srrc_ur5e/urdf/ur5e_robotiq_hande.urdf.xacro
[4.365s] -- Symlinking: /ros2_ws/install/ros2srrc_ur5e/share/ament_index/resource_index/package_run_dependencies/ros2srrc_ur5e
[4.365s] -- Symlinking: /ros2_ws/install/ros2srrc_ur5e/share/ament_index/resource_index/parent_prefix_path/ros2srrc_ur5e
[4.365s] -- Symlinking: /ros2_ws/install/ros2srrc_ur5e/share/ros2srrc_ur5e/environment/ament_prefix_path.sh
[4.366s] -- Symlinking: /ros2_ws/install/ros2srrc_ur5e/share/ros2srrc_ur5e/environment/ament_prefix_path.dsv
[4.366s] -- Symlinking: /ros2_ws/install/ros2srrc_ur5e/share/ros2srrc_ur5e/environment/path.sh
[4.366s] -- Symlinking: /ros2_ws/install/ros2srrc_ur5e/share/ros2srrc_ur5e/environment/path.dsv
[4.366s] -- Symlinking: /ros2_ws/install/ros2srrc_ur5e/share/ros2srrc_ur5e/local_setup.bash
[4.366s] -- Symlinking: /ros2_ws/install/ros2srrc_ur5e/share/ros2srrc_ur5e/local_setup.sh
[4.366s] -- Symlinking: /ros2_ws/install/ros2srrc_ur5e/share/ros2srrc_ur5e/local_setup.zsh
[4.367s] -- Symlinking: /ros2_ws/install/ros2srrc_ur5e/share/ros2srrc_ur5e/local_setup.dsv
[4.367s] -- Symlinking: /ros2_ws/install/ros2srrc_ur5e/share/ros2srrc_ur5e/package.dsv
[4.367s] -- Symlinking: /ros2_ws/install/ros2srrc_ur5e/share/ament_index/resource_index/packages/ros2srrc_ur5e
[4.367s] -- Symlinking: /ros2_ws/install/ros2srrc_ur5e/share/ros2srrc_ur5e/cmake/ros2srrc_ur5eConfig.cmake
[4.367s] -- Symlinking: /ros2_ws/install/ros2srrc_ur5e/share/ros2srrc_ur5e/cmake/ros2srrc_ur5eConfig-version.cmake
[4.368s] -- Symlinking: /ros2_ws/install/ros2srrc_ur5e/share/ros2srrc_ur5e/package.xml
[4.385s] Invoked command in '/ros2_ws/build/ros2srrc_ur5e' returned '0': CMAKE_PREFIX_PATH=/opt/ros/humble /usr/bin/cmake --install /ros2_ws/build/ros2srrc_ur5e
