[0.079s] Invoking command in '/ros2_ws/build/ros2srrc_irb6640': CMAKE_PREFIX_PATH=/opt/ros/humble /usr/bin/cmake --build /ros2_ws/build/ros2srrc_irb6640 -- -j8 -l8
[0.210s] Invoked command in '/ros2_ws/build/ros2srrc_irb6640' returned '0': CMAKE_PREFIX_PATH=/opt/ros/humble /usr/bin/cmake --build /ros2_ws/build/ros2srrc_irb6640 -- -j8 -l8
[0.214s] Invoking command in '/ros2_ws/build/ros2srrc_irb6640': CMAKE_PREFIX_PATH=/opt/ros/humble /usr/bin/cmake --install /ros2_ws/build/ros2srrc_irb6640
[0.219s] -- Install configuration: "Release"
[0.220s] -- Execute custom install script
[0.221s] -- Up-to-date symlink: /ros2_ws/install/ros2srrc_irb6640/share/ros2srrc_irb6640/config/configurations.yaml
[0.221s] -- Up-to-date symlink: /ros2_ws/install/ros2srrc_irb6640/share/ros2srrc_irb6640/urdf/irb6640.urdf.xacro
[0.222s] -- Up-to-date symlink: /ros2_ws/install/ros2srrc_irb6640/share/ros2srrc_irb6640/urdf/irb6640_gpp5010nc.urdf.xacro
[0.223s] -- Up-to-date symlink: /ros2_ws/install/ros2srrc_irb6640/share/ament_index/resource_index/package_run_dependencies/ros2srrc_irb6640
[0.235s] -- Up-to-date symlink: /ros2_ws/install/ros2srrc_irb6640/share/ament_index/resource_index/parent_prefix_path/ros2srrc_irb6640
[0.238s] -- Up-to-date symlink: /ros2_ws/install/ros2srrc_irb6640/share/ros2srrc_irb6640/environment/ament_prefix_path.sh
[0.239s] -- Up-to-date symlink: /ros2_ws/install/ros2srrc_irb6640/share/ros2srrc_irb6640/environment/ament_prefix_path.dsv
[0.239s] -- Up-to-date symlink: /ros2_ws/install/ros2srrc_irb6640/share/ros2srrc_irb6640/environment/path.sh
[0.239s] -- Up-to-date symlink: /ros2_ws/install/ros2srrc_irb6640/share/ros2srrc_irb6640/environment/path.dsv
[0.240s] -- Up-to-date symlink: /ros2_ws/install/ros2srrc_irb6640/share/ros2srrc_irb6640/local_setup.bash
[0.240s] -- Up-to-date symlink: /ros2_ws/install/ros2srrc_irb6640/share/ros2srrc_irb6640/local_setup.sh
[0.240s] -- Up-to-date symlink: /ros2_ws/install/ros2srrc_irb6640/share/ros2srrc_irb6640/local_setup.zsh
[0.241s] -- Up-to-date symlink: /ros2_ws/install/ros2srrc_irb6640/share/ros2srrc_irb6640/local_setup.dsv
[0.241s] -- Symlinking: /ros2_ws/install/ros2srrc_irb6640/share/ros2srrc_irb6640/package.dsv
[0.242s] -- Up-to-date symlink: /ros2_ws/install/ros2srrc_irb6640/share/ament_index/resource_index/packages/ros2srrc_irb6640
[0.242s] -- Up-to-date symlink: /ros2_ws/install/ros2srrc_irb6640/share/ros2srrc_irb6640/cmake/ros2srrc_irb6640Config.cmake
[0.243s] -- Up-to-date symlink: /ros2_ws/install/ros2srrc_irb6640/share/ros2srrc_irb6640/cmake/ros2srrc_irb6640Config-version.cmake
[0.243s] -- Up-to-date symlink: /ros2_ws/install/ros2srrc_irb6640/share/ros2srrc_irb6640/package.xml
[0.287s] Invoked command in '/ros2_ws/build/ros2srrc_irb6640' returned '0': CMAKE_PREFIX_PATH=/opt/ros/humble /usr/bin/cmake --install /ros2_ws/build/ros2srrc_irb6640
