[0.041s] Invoking command in '/ros2_ws/build/ros2_linkpose': AMENT_PREFIX_PATH=/ros2_ws/install/linkpose_msgs:${AMENT_PREFIX_PATH} CMAKE_PREFIX_PATH=/ros2_ws/install/linkpose_msgs:/opt/ros/humble LD_LIBRARY_PATH=/ros2_ws/install/linkpose_msgs/lib:${LD_LIBRARY_PATH} PYTHONPATH=/ros2_ws/install/linkpose_msgs/local/lib/python3.10/dist-packages:${PYTHONPATH} /usr/bin/cmake --build /ros2_ws/build/ros2_linkpose -- -j8 -l8
[0.131s] [35m[1mConsolidate compiler generated dependencies of target ros2_linkpose_plugin[0m
[0.238s] [100%] Built target ros2_linkpose_plugin
[0.276s] Invoked command in '/ros2_ws/build/ros2_linkpose' returned '0': AMENT_PREFIX_PATH=/ros2_ws/install/linkpose_msgs:${AMENT_PREFIX_PATH} CMAKE_PREFIX_PATH=/ros2_ws/install/linkpose_msgs:/opt/ros/humble LD_LIBRARY_PATH=/ros2_ws/install/linkpose_msgs/lib:${LD_LIBRARY_PATH} PYTHONPATH=/ros2_ws/install/linkpose_msgs/local/lib/python3.10/dist-packages:${PYTHONPATH} /usr/bin/cmake --build /ros2_ws/build/ros2_linkpose -- -j8 -l8
[0.295s] Invoking command in '/ros2_ws/build/ros2_linkpose': AMENT_PREFIX_PATH=/ros2_ws/install/linkpose_msgs:${AMENT_PREFIX_PATH} CMAKE_PREFIX_PATH=/ros2_ws/install/linkpose_msgs:/opt/ros/humble LD_LIBRARY_PATH=/ros2_ws/install/linkpose_msgs/lib:${LD_LIBRARY_PATH} PYTHONPATH=/ros2_ws/install/linkpose_msgs/local/lib/python3.10/dist-packages:${PYTHONPATH} /usr/bin/cmake --install /ros2_ws/build/ros2_linkpose
[0.347s] -- Install configuration: "Release"
[0.347s] -- Execute custom install script
[0.347s] -- Up-to-date symlink: /ros2_ws/install/ros2_linkpose/share/ros2_linkpose/environment/library_path.sh
[0.348s] -- Up-to-date symlink: /ros2_ws/install/ros2_linkpose/share/ros2_linkpose/environment/library_path.dsv
[0.348s] -- Up-to-date symlink: /ros2_ws/install/ros2_linkpose/lib/libros2_linkpose_plugin.so
[0.348s] -- Up-to-date symlink: /ros2_ws/install/ros2_linkpose/share/ros2_linkpose/python/SpawnObject.py
[0.348s] -- Up-to-date symlink: /ros2_ws/install/ros2_linkpose/lib/ros2_linkpose/SpawnObject.py
[0.348s] -- Up-to-date symlink: /ros2_ws/install/ros2_linkpose/share/ament_index/resource_index/package_run_dependencies/ros2_linkpose
[0.349s] -- Up-to-date symlink: /ros2_ws/install/ros2_linkpose/share/ament_index/resource_index/parent_prefix_path/ros2_linkpose
[0.349s] -- Up-to-date symlink: /ros2_ws/install/ros2_linkpose/share/ros2_linkpose/environment/ament_prefix_path.sh
[0.349s] -- Up-to-date symlink: /ros2_ws/install/ros2_linkpose/share/ros2_linkpose/environment/ament_prefix_path.dsv
[0.352s] -- Up-to-date symlink: /ros2_ws/install/ros2_linkpose/share/ros2_linkpose/environment/path.sh
[0.352s] -- Up-to-date symlink: /ros2_ws/install/ros2_linkpose/share/ros2_linkpose/environment/path.dsv
[0.352s] -- Up-to-date symlink: /ros2_ws/install/ros2_linkpose/share/ros2_linkpose/local_setup.bash
[0.353s] -- Up-to-date symlink: /ros2_ws/install/ros2_linkpose/share/ros2_linkpose/local_setup.sh
[0.359s] -- Up-to-date symlink: /ros2_ws/install/ros2_linkpose/share/ros2_linkpose/local_setup.zsh
[0.360s] -- Up-to-date symlink: /ros2_ws/install/ros2_linkpose/share/ros2_linkpose/local_setup.dsv
[0.360s] -- Symlinking: /ros2_ws/install/ros2_linkpose/share/ros2_linkpose/package.dsv
[0.391s] -- Up-to-date symlink: /ros2_ws/install/ros2_linkpose/share/ament_index/resource_index/packages/ros2_linkpose
[0.391s] -- Up-to-date symlink: /ros2_ws/install/ros2_linkpose/share/ros2_linkpose/cmake/ament_cmake_export_libraries-extras.cmake
[0.392s] -- Up-to-date symlink: /ros2_ws/install/ros2_linkpose/share/ros2_linkpose/cmake/ros2_linkposeConfig.cmake
[0.392s] -- Up-to-date symlink: /ros2_ws/install/ros2_linkpose/share/ros2_linkpose/cmake/ros2_linkposeConfig-version.cmake
[0.393s] -- Up-to-date symlink: /ros2_ws/install/ros2_linkpose/share/ros2_linkpose/package.xml
[0.406s] Invoked command in '/ros2_ws/build/ros2_linkpose' returned '0': AMENT_PREFIX_PATH=/ros2_ws/install/linkpose_msgs:${AMENT_PREFIX_PATH} CMAKE_PREFIX_PATH=/ros2_ws/install/linkpose_msgs:/opt/ros/humble LD_LIBRARY_PATH=/ros2_ws/install/linkpose_msgs/lib:${LD_LIBRARY_PATH} PYTHONPATH=/ros2_ws/install/linkpose_msgs/local/lib/python3.10/dist-packages:${PYTHONPATH} /usr/bin/cmake --install /ros2_ws/build/ros2_linkpose
