[0.056s] Invoking command in '/ros2_ws/build/as2_motion_reference_handlers': AMENT_PREFIX_PATH=/ros2_ws/install/as2_core:/ros2_ws/install/as2_msgs:${AMENT_PREFIX_PATH} CMAKE_PREFIX_PATH=/ros2_ws/install/as2_core:/ros2_ws/install/as2_msgs:/opt/ros/humble LD_LIBRARY_PATH=/ros2_ws/install/as2_core/lib:/ros2_ws/install/as2_msgs/lib:${LD_LIBRARY_PATH} PYTHONPATH=/ros2_ws/install/as2_core/local/lib/python3.10/dist-packages:/ros2_ws/install/as2_msgs/local/lib/python3.10/dist-packages:${PYTHONPATH} /usr/bin/cmake /ros2_ws/src/aerostack2/as2_motion_reference_handlers -DCMAKE_BUILD_TYPE=Release -DAMENT_CMAKE_SYMLINK_INSTALL=1 -DCMAKE_INSTALL_PREFIX=/ros2_ws/install/as2_motion_reference_handlers
[0.173s] -- The C compiler identification is GNU 11.4.0
[0.318s] -- The CXX compiler identification is GNU 11.4.0
[0.336s] -- Detecting C compiler ABI info
[0.489s] -- Detecting C compiler ABI info - done
[0.514s] -- Check for working C compiler: /usr/bin/cc - skipped
[0.514s] -- Detecting C compile features
[0.515s] -- Detecting C compile features - done
[0.524s] -- Detecting CXX compiler ABI info
[0.704s] -- Detecting CXX compiler ABI info - done
[0.736s] -- Check for working CXX compiler: /usr/bin/c++ - skipped
[0.737s] -- Detecting CXX compile features
[0.738s] -- Detecting CXX compile features - done
[0.749s] -- Found ament_cmake: 1.3.12 (/opt/ros/humble/share/ament_cmake/cmake)
[1.134s] -- Found Python3: /usr/bin/python3 (found version "3.10.12") found components: Interpreter 
[1.305s] -- Override CMake install command with custom implementation using symlinks instead of copying resources
[1.426s] -- Found rclcpp: 16.0.16 (/opt/ros/humble/share/rclcpp/cmake)
[1.572s] -- Found rosidl_generator_c: 3.1.7 (/opt/ros/humble/share/rosidl_generator_c/cmake)
[1.596s] -- Found rosidl_adapter: 3.1.7 (/opt/ros/humble/share/rosidl_adapter/cmake)
[1.625s] -- Found rosidl_generator_cpp: 3.1.7 (/opt/ros/humble/share/rosidl_generator_cpp/cmake)
[1.667s] -- Using all available rosidl_typesupport_c: rosidl_typesupport_fastrtps_c;rosidl_typesupport_introspection_c
[1.722s] -- Using all available rosidl_typesupport_cpp: rosidl_typesupport_fastrtps_cpp;rosidl_typesupport_introspection_cpp
[1.873s] -- Found rmw_implementation_cmake: 6.1.2 (/opt/ros/humble/share/rmw_implementation_cmake/cmake)
[1.883s] -- Found rmw_cyclonedds_cpp: 1.3.4 (/opt/ros/humble/share/rmw_cyclonedds_cpp/cmake)
[1.957s] -- Using RMW implementation 'rmw_cyclonedds_cpp' as default
[1.988s] -- Looking for pthread.h
[2.181s] -- Looking for pthread.h - found
[2.182s] -- Performing Test CMAKE_HAVE_LIBC_PTHREAD
[2.351s] -- Performing Test CMAKE_HAVE_LIBC_PTHREAD - Success
[2.354s] -- Found Threads: TRUE  
[2.555s] -- Found rclpy: 3.3.19 (/opt/ros/humble/share/rclpy/cmake)
[2.557s] -- Found as2_core: 1.1.3 (/ros2_ws/install/as2_core/share/as2_core/cmake)
[2.568s] -- Created yaml-cpp::yaml-cpp alias from yaml-cpp target
[2.575s] -- Created GeographicLib::GeographicLib target from legacy variables
[3.166s] -- Found eigen3_cmake_module: 0.1.1 (/opt/ros/humble/share/eigen3_cmake_module/cmake)
[3.169s] -- Found Eigen3: TRUE (found version "3.4.0") 
[3.169s] -- Ensuring Eigen3 include directory is part of orocos-kdl CMake target
[3.668s] -- Found trajectory_msgs: 4.9.0 (/opt/ros/humble/share/trajectory_msgs/cmake)
[3.732s] -- Found ament_lint_auto: 0.12.14 (/opt/ros/humble/share/ament_lint_auto/cmake)
[4.046s] -- Added test 'copyright' to check source files copyright and LICENSE
[4.050s] -- Added test 'cppcheck' to perform static code analysis on C / C++ code
[4.052s] -- Configured cppcheck include dirs: /ros2_ws/src/aerostack2/as2_motion_reference_handlers/include;/ros2_ws/src/aerostack2/as2_motion_reference_handlers/include/as2_motion_reference_handlers;$<BUILD_INTERFACE:/ros2_ws/src/aerostack2/as2_motion_reference_handlers/include>
[4.052s] -- Configured cppcheck exclude dirs and/or files: 
[4.056s] -- Added test 'cpplint' to check C / C++ code against the Google style
[4.056s] -- Configured cpplint exclude dirs and/or files: 
[4.065s] -- Added test 'flake8' to check Python code syntax and style conventions
[4.067s] -- Added test 'lint_cmake' to check CMake code style
[4.068s] -- Added test 'pep257' to check Python code against some of the docstring style conventions in PEP 257
[4.072s] -- Added test 'uncrustify' to check C / C++ code style
[4.072s] -- Configured uncrustify additional arguments: 
[4.073s] -- Added test 'xmllint' to check XML markup files
[4.079s] -- Configuring done
[4.133s] -- Generating done
[4.147s] -- Build files have been written to: /ros2_ws/build/as2_motion_reference_handlers
[4.208s] Invoked command in '/ros2_ws/build/as2_motion_reference_handlers' returned '0': AMENT_PREFIX_PATH=/ros2_ws/install/as2_core:/ros2_ws/install/as2_msgs:${AMENT_PREFIX_PATH} CMAKE_PREFIX_PATH=/ros2_ws/install/as2_core:/ros2_ws/install/as2_msgs:/opt/ros/humble LD_LIBRARY_PATH=/ros2_ws/install/as2_core/lib:/ros2_ws/install/as2_msgs/lib:${LD_LIBRARY_PATH} PYTHONPATH=/ros2_ws/install/as2_core/local/lib/python3.10/dist-packages:/ros2_ws/install/as2_msgs/local/lib/python3.10/dist-packages:${PYTHONPATH} /usr/bin/cmake /ros2_ws/src/aerostack2/as2_motion_reference_handlers -DCMAKE_BUILD_TYPE=Release -DAMENT_CMAKE_SYMLINK_INSTALL=1 -DCMAKE_INSTALL_PREFIX=/ros2_ws/install/as2_motion_reference_handlers
[4.208s] Invoking command in '/ros2_ws/build/as2_motion_reference_handlers': AMENT_PREFIX_PATH=/ros2_ws/install/as2_core:/ros2_ws/install/as2_msgs:${AMENT_PREFIX_PATH} CMAKE_PREFIX_PATH=/ros2_ws/install/as2_core:/ros2_ws/install/as2_msgs:/opt/ros/humble LD_LIBRARY_PATH=/ros2_ws/install/as2_core/lib:/ros2_ws/install/as2_msgs/lib:${LD_LIBRARY_PATH} PYTHONPATH=/ros2_ws/install/as2_core/local/lib/python3.10/dist-packages:/ros2_ws/install/as2_msgs/local/lib/python3.10/dist-packages:${PYTHONPATH} /usr/bin/cmake --build /ros2_ws/build/as2_motion_reference_handlers -- -j8 -l8
[4.597s] [ 12%] [32mBuilding CXX object CMakeFiles/as2_motion_reference_handlers.dir/src/basic_motion_references.cpp.o[0m
[4.621s] [ 25%] [32mBuilding CXX object CMakeFiles/as2_motion_reference_handlers.dir/src/hover_motion.cpp.o[0m
[4.629s] [ 37%] [32mBuilding CXX object CMakeFiles/as2_motion_reference_handlers.dir/src/trajectory_motion.cpp.o[0m
[4.685s] [ 50%] [32mBuilding CXX object CMakeFiles/as2_motion_reference_handlers.dir/src/position_motion.cpp.o[0m
[4.685s] [ 50%] Built target ament_cmake_python_symlink_as2_motion_reference_handlers
[4.715s] [ 62%] [32mBuilding CXX object CMakeFiles/as2_motion_reference_handlers.dir/src/speed_motion.cpp.o[0m
[4.740s] [ 75%] [32mBuilding CXX object CMakeFiles/as2_motion_reference_handlers.dir/src/speed_in_a_plane_motion.cpp.o[0m
[4.773s] [ 87%] [32mBuilding CXX object CMakeFiles/as2_motion_reference_handlers.dir/src/acro_motion.cpp.o[0m
[9.122s] running egg_info
[9.126s] creating as2_motion_reference_handlers.egg-info
[9.126s] writing as2_motion_reference_handlers.egg-info/PKG-INFO
[9.129s] writing dependency_links to as2_motion_reference_handlers.egg-info/dependency_links.txt
[9.130s] writing top-level names to as2_motion_reference_handlers.egg-info/top_level.txt
[9.130s] writing manifest file 'as2_motion_reference_handlers.egg-info/SOURCES.txt'
[9.161s] reading manifest file 'as2_motion_reference_handlers.egg-info/SOURCES.txt'
[9.186s] writing manifest file 'as2_motion_reference_handlers.egg-info/SOURCES.txt'
[9.515s] [ 87%] Built target ament_cmake_python_build_as2_motion_reference_handlers_egg
[92.107s] [100%] [32m[1mLinking CXX static library libas2_motion_reference_handlers.a[0m
[92.385s] [100%] Built target as2_motion_reference_handlers
[92.425s] Invoked command in '/ros2_ws/build/as2_motion_reference_handlers' returned '0': AMENT_PREFIX_PATH=/ros2_ws/install/as2_core:/ros2_ws/install/as2_msgs:${AMENT_PREFIX_PATH} CMAKE_PREFIX_PATH=/ros2_ws/install/as2_core:/ros2_ws/install/as2_msgs:/opt/ros/humble LD_LIBRARY_PATH=/ros2_ws/install/as2_core/lib:/ros2_ws/install/as2_msgs/lib:${LD_LIBRARY_PATH} PYTHONPATH=/ros2_ws/install/as2_core/local/lib/python3.10/dist-packages:/ros2_ws/install/as2_msgs/local/lib/python3.10/dist-packages:${PYTHONPATH} /usr/bin/cmake --build /ros2_ws/build/as2_motion_reference_handlers -- -j8 -l8
[92.441s] Invoking command in '/ros2_ws/build/as2_motion_reference_handlers': AMENT_PREFIX_PATH=/ros2_ws/install/as2_core:/ros2_ws/install/as2_msgs:${AMENT_PREFIX_PATH} CMAKE_PREFIX_PATH=/ros2_ws/install/as2_core:/ros2_ws/install/as2_msgs:/opt/ros/humble LD_LIBRARY_PATH=/ros2_ws/install/as2_core/lib:/ros2_ws/install/as2_msgs/lib:${LD_LIBRARY_PATH} PYTHONPATH=/ros2_ws/install/as2_core/local/lib/python3.10/dist-packages:/ros2_ws/install/as2_msgs/local/lib/python3.10/dist-packages:${PYTHONPATH} /usr/bin/cmake --install /ros2_ws/build/as2_motion_reference_handlers
[111.127s] -- Install configuration: "Release"
[111.128s] -- Execute custom install script
[111.128s] -- Symlinking: /ros2_ws/install/as2_motion_reference_handlers/share/as2_motion_reference_handlers/environment/library_path.sh
[111.129s] -- Symlinking: /ros2_ws/install/as2_motion_reference_handlers/share/as2_motion_reference_handlers/environment/library_path.dsv
[111.131s] -- Symlinking: /ros2_ws/install/as2_motion_reference_handlers/include/as2_motion_reference_handlers/acro_motion.hpp
[111.131s] -- Symlinking: /ros2_ws/install/as2_motion_reference_handlers/include/as2_motion_reference_handlers/basic_motion_references.hpp
[111.131s] -- Symlinking: /ros2_ws/install/as2_motion_reference_handlers/include/as2_motion_reference_handlers/hover_motion.hpp
[111.132s] -- Symlinking: /ros2_ws/install/as2_motion_reference_handlers/include/as2_motion_reference_handlers/position_motion.hpp
[111.132s] -- Symlinking: /ros2_ws/install/as2_motion_reference_handlers/include/as2_motion_reference_handlers/speed_in_a_plane_motion.hpp
[111.132s] -- Symlinking: /ros2_ws/install/as2_motion_reference_handlers/include/as2_motion_reference_handlers/speed_motion.hpp
[111.132s] -- Symlinking: /ros2_ws/install/as2_motion_reference_handlers/include/as2_motion_reference_handlers/trajectory_motion.hpp
[111.132s] -- Symlinking: /ros2_ws/install/as2_motion_reference_handlers/share/as2_motion_reference_handlers/environment/pythonpath.sh
[111.132s] -- Symlinking: /ros2_ws/install/as2_motion_reference_handlers/share/as2_motion_reference_handlers/environment/pythonpath.dsv
[111.133s] -- Symlinking: /ros2_ws/install/as2_motion_reference_handlers/local/lib/python3.10/dist-packages/as2_motion_reference_handlers-1.1.3-py3.10.egg-info/PKG-INFO
[111.133s] -- Symlinking: /ros2_ws/install/as2_motion_reference_handlers/local/lib/python3.10/dist-packages/as2_motion_reference_handlers-1.1.3-py3.10.egg-info/SOURCES.txt
[111.133s] -- Symlinking: /ros2_ws/install/as2_motion_reference_handlers/local/lib/python3.10/dist-packages/as2_motion_reference_handlers-1.1.3-py3.10.egg-info/dependency_links.txt
[111.133s] -- Symlinking: /ros2_ws/install/as2_motion_reference_handlers/local/lib/python3.10/dist-packages/as2_motion_reference_handlers-1.1.3-py3.10.egg-info/top_level.txt
[111.133s] -- Symlinking: /ros2_ws/install/as2_motion_reference_handlers/local/lib/python3.10/dist-packages/as2_motion_reference_handlers/__init__.py
[111.133s] -- Symlinking: /ros2_ws/install/as2_motion_reference_handlers/local/lib/python3.10/dist-packages/as2_motion_reference_handlers/basic_motion_references.py
[111.134s] -- Symlinking: /ros2_ws/install/as2_motion_reference_handlers/local/lib/python3.10/dist-packages/as2_motion_reference_handlers/hover_motion.py
[111.134s] -- Symlinking: /ros2_ws/install/as2_motion_reference_handlers/local/lib/python3.10/dist-packages/as2_motion_reference_handlers/position_motion.py
[111.134s] -- Symlinking: /ros2_ws/install/as2_motion_reference_handlers/local/lib/python3.10/dist-packages/as2_motion_reference_handlers/speed_in_a_plane.py
[111.134s] -- Symlinking: /ros2_ws/install/as2_motion_reference_handlers/local/lib/python3.10/dist-packages/as2_motion_reference_handlers/speed_motion.py
[111.134s] -- Symlinking: /ros2_ws/install/as2_motion_reference_handlers/local/lib/python3.10/dist-packages/as2_motion_reference_handlers/utils.py
[111.134s] -- Symlinking: /ros2_ws/install/as2_motion_reference_handlers/share/ament_index/resource_index/package_run_dependencies/as2_motion_reference_handlers
[111.134s] -- Symlinking: /ros2_ws/install/as2_motion_reference_handlers/share/ament_index/resource_index/parent_prefix_path/as2_motion_reference_handlers
[111.135s] -- Symlinking: /ros2_ws/install/as2_motion_reference_handlers/share/as2_motion_reference_handlers/environment/ament_prefix_path.sh
[111.135s] -- Symlinking: /ros2_ws/install/as2_motion_reference_handlers/share/as2_motion_reference_handlers/environment/ament_prefix_path.dsv
[111.135s] -- Symlinking: /ros2_ws/install/as2_motion_reference_handlers/share/as2_motion_reference_handlers/environment/path.sh
[111.135s] -- Symlinking: /ros2_ws/install/as2_motion_reference_handlers/share/as2_motion_reference_handlers/environment/path.dsv
[111.135s] -- Symlinking: /ros2_ws/install/as2_motion_reference_handlers/share/as2_motion_reference_handlers/local_setup.bash
[111.135s] -- Symlinking: /ros2_ws/install/as2_motion_reference_handlers/share/as2_motion_reference_handlers/local_setup.sh
[111.136s] -- Symlinking: /ros2_ws/install/as2_motion_reference_handlers/share/as2_motion_reference_handlers/local_setup.zsh
[111.136s] -- Symlinking: /ros2_ws/install/as2_motion_reference_handlers/share/as2_motion_reference_handlers/local_setup.dsv
[111.136s] -- Symlinking: /ros2_ws/install/as2_motion_reference_handlers/share/as2_motion_reference_handlers/package.dsv
[111.136s] -- Symlinking: /ros2_ws/install/as2_motion_reference_handlers/share/ament_index/resource_index/packages/as2_motion_reference_handlers
[111.136s] -- Symlinking: /ros2_ws/install/as2_motion_reference_handlers/share/as2_motion_reference_handlers/cmake/ament_cmake_export_include_directories-extras.cmake
[111.136s] -- Symlinking: /ros2_ws/install/as2_motion_reference_handlers/share/as2_motion_reference_handlers/cmake/ament_cmake_export_targets-extras.cmake
[111.136s] -- Symlinking: /ros2_ws/install/as2_motion_reference_handlers/share/as2_motion_reference_handlers/cmake/ament_cmake_export_dependencies-extras.cmake
[111.137s] -- Symlinking: /ros2_ws/install/as2_motion_reference_handlers/share/as2_motion_reference_handlers/cmake/ament_cmake_export_libraries-extras.cmake
[111.137s] -- Symlinking: /ros2_ws/install/as2_motion_reference_handlers/share/as2_motion_reference_handlers/cmake/as2_motion_reference_handlersConfig.cmake
[111.137s] -- Symlinking: /ros2_ws/install/as2_motion_reference_handlers/share/as2_motion_reference_handlers/cmake/as2_motion_reference_handlersConfig-version.cmake
[111.137s] -- Symlinking: /ros2_ws/install/as2_motion_reference_handlers/share/as2_motion_reference_handlers/package.xml
[111.137s] -- Installing: /ros2_ws/install/as2_motion_reference_handlers/lib/libas2_motion_reference_handlers.a
[111.137s] Listing '/ros2_ws/install/as2_motion_reference_handlers/local/lib/python3.10/dist-packages/as2_motion_reference_handlers'...
[111.138s] Compiling '/ros2_ws/install/as2_motion_reference_handlers/local/lib/python3.10/dist-packages/as2_motion_reference_handlers/__init__.py'...
[111.138s] Compiling '/ros2_ws/install/as2_motion_reference_handlers/local/lib/python3.10/dist-packages/as2_motion_reference_handlers/basic_motion_references.py'...
[111.138s] Compiling '/ros2_ws/install/as2_motion_reference_handlers/local/lib/python3.10/dist-packages/as2_motion_reference_handlers/hover_motion.py'...
[111.138s] Compiling '/ros2_ws/install/as2_motion_reference_handlers/local/lib/python3.10/dist-packages/as2_motion_reference_handlers/position_motion.py'...
[111.138s] Compiling '/ros2_ws/install/as2_motion_reference_handlers/local/lib/python3.10/dist-packages/as2_motion_reference_handlers/speed_in_a_plane.py'...
[111.138s] Compiling '/ros2_ws/install/as2_motion_reference_handlers/local/lib/python3.10/dist-packages/as2_motion_reference_handlers/speed_motion.py'...
[111.138s] Compiling '/ros2_ws/install/as2_motion_reference_handlers/local/lib/python3.10/dist-packages/as2_motion_reference_handlers/utils.py'...
[111.139s] -- Installing: /ros2_ws/install/as2_motion_reference_handlers/share/as2_motion_reference_handlers/cmake/export_as2_motion_reference_handlersExport.cmake
[111.139s] -- Installing: /ros2_ws/install/as2_motion_reference_handlers/share/as2_motion_reference_handlers/cmake/export_as2_motion_reference_handlersExport-release.cmake
[111.161s] Invoked command in '/ros2_ws/build/as2_motion_reference_handlers' returned '0': AMENT_PREFIX_PATH=/ros2_ws/install/as2_core:/ros2_ws/install/as2_msgs:${AMENT_PREFIX_PATH} CMAKE_PREFIX_PATH=/ros2_ws/install/as2_core:/ros2_ws/install/as2_msgs:/opt/ros/humble LD_LIBRARY_PATH=/ros2_ws/install/as2_core/lib:/ros2_ws/install/as2_msgs/lib:${LD_LIBRARY_PATH} PYTHONPATH=/ros2_ws/install/as2_core/local/lib/python3.10/dist-packages:/ros2_ws/install/as2_msgs/local/lib/python3.10/dist-packages:${PYTHONPATH} /usr/bin/cmake --install /ros2_ws/build/as2_motion_reference_handlers
