-- The C compiler identification is GNU 11.4.0
-- The CXX compiler identification is GNU 11.4.0
-- Detecting C compiler ABI info
-- Detecting C compiler ABI info - done
-- Check for working C compiler: /usr/bin/cc - skipped
-- Detecting C compile features
-- Detecting C compile features - done
-- Detecting CXX compiler ABI info
-- Detecting CXX compiler ABI info - done
-- Check for working CXX compiler: /usr/bin/c++ - skipped
-- Detecting CXX compile features
-- Detecting CXX compile features - done
-- Found ament_cmake: 1.3.12 (/opt/ros/humble/share/ament_cmake/cmake)
-- Found Python3: /usr/bin/python3 (found version "3.10.12") found components: Interpreter 
-- Override CMake install command with custom implementation using symlinks instead of copying resources
-- Found rclcpp: 16.0.16 (/opt/ros/humble/share/rclcpp/cmake)
-- Found rosidl_generator_c: 3.1.7 (/opt/ros/humble/share/rosidl_generator_c/cmake)
-- Found rosidl_adapter: 3.1.7 (/opt/ros/humble/share/rosidl_adapter/cmake)
-- Found rosidl_generator_cpp: 3.1.7 (/opt/ros/humble/share/rosidl_generator_cpp/cmake)
-- Using all available rosidl_typesupport_c: rosidl_typesupport_fastrtps_c;rosidl_typesupport_introspection_c
-- Using all available rosidl_typesupport_cpp: rosidl_typesupport_fastrtps_cpp;rosidl_typesupport_introspection_cpp
-- Found rmw_implementation_cmake: 6.1.2 (/opt/ros/humble/share/rmw_implementation_cmake/cmake)
-- Found rmw_cyclonedds_cpp: 1.3.4 (/opt/ros/humble/share/rmw_cyclonedds_cpp/cmake)
-- Using RMW implementation 'rmw_cyclonedds_cpp' as default
-- Looking for pthread.h
-- Looking for pthread.h - found
-- Performing Test CMAKE_HAVE_LIBC_PTHREAD
-- Performing Test CMAKE_HAVE_LIBC_PTHREAD - Success
-- Found Threads: TRUE  
-- Found rclcpp_components: 16.0.16 (/opt/ros/humble/share/rclcpp_components/cmake)
-- Found rclcpp_lifecycle: 16.0.16 (/opt/ros/humble/share/rclcpp_lifecycle/cmake)
-- Found sensor_msgs: 4.9.0 (/opt/ros/humble/share/sensor_msgs/cmake)
-- Found pendulum2_msgs: 0.0.1 (/ros2_ws/install/pendulum2_msgs/share/pendulum2_msgs/cmake)
-- Found pendulum_utils: 0.0.1 (/ros2_ws/install/pendulum_utils/share/pendulum_utils/cmake)
-- Found apex_test_tools: 0.0.2 (/opt/ros/humble/share/apex_test_tools/cmake)
-- Found ament_lint_auto: 0.12.14 (/opt/ros/humble/share/ament_lint_auto/cmake)
-- Found python_cmake_module: 0.10.0 (/opt/ros/humble/share/python_cmake_module/cmake)
-- Found PythonInterp: /usr/bin/python3 (found suitable version "3.10.12", minimum required is "3.6") 
-- Found PythonLibs: /usr/lib/x86_64-linux-gnu/libpython3.10.so (found suitable version "3.10.12", minimum required is "3.5") 
-- Using PYTHON_EXECUTABLE: /usr/bin/python3
-- Using PYTHON_INCLUDE_DIRS: /usr/include/python3.10
-- Using PYTHON_LIBRARIES: /usr/lib/x86_64-linux-gnu/libpython3.10.so
-- Found PythonExtra: .so  
-- Found gtest sources under '/opt/ros/humble/src/gtest_vendor': C++ tests using 'Google Test' will be built
-- Added test 'copyright' to check source files copyright and LICENSE
-- Added test 'cppcheck' to perform static code analysis on C / C++ code
-- Configured cppcheck include dirs: $<BUILD_INTERFACE:/ros2_ws/src/pendulum/pendulum_controller/include>
-- Configured cppcheck exclude dirs and/or files: 
-- Added test 'cpplint' to check C / C++ code against the Google style
-- Configured cpplint exclude dirs and/or files: 
-- Added test 'flake8' to check Python code syntax and style conventions
-- Added test 'lint_cmake' to check CMake code style
-- Added test 'pep257' to check Python code against some of the docstring style conventions in PEP 257
-- Added test 'uncrustify' to check C / C++ code style
-- Configured uncrustify additional arguments: 
-- Added test 'xmllint' to check XML markup files
-- Configuring done
-- Generating done
-- Build files have been written to: /ros2_ws/build/pendulum_controller
[  7%] [32mBuilding CXX object CMakeFiles/pendulum_controller.dir/src/pendulum_controller_node.cpp.o[0m
[ 15%] [32mBuilding CXX object CMakeFiles/pendulum_controller.dir/src/pendulum_controller.cpp.o[0m
[ 23%] [32m[1mLinking CXX shared library libpendulum_controller.so[0m
[ 23%] Built target pendulum_controller
[ 30%] [32mBuilding CXX object gtest/CMakeFiles/gtest.dir/src/gtest-all.cc.o[0m
[ 38%] [32m[1mLinking CXX static library libgtest.a[0m
[ 38%] Built target gtest
[ 46%] [32mBuilding CXX object CMakeFiles/pendulum_controller_exe.dir/src/pendulum_controller_node_main.cpp.o[0m
[ 53%] [32m[1mLinking CXX executable pendulum_controller_exe[0m
[ 53%] Built target pendulum_controller_exe
[ 61%] [32mBuilding CXX object gtest/CMakeFiles/gtest_main.dir/src/gtest_main.cc.o[0m
[ 69%] [32m[1mLinking CXX static library libgtest_main.a[0m
[ 69%] Built target gtest_main
[ 76%] [32mBuilding CXX object CMakeFiles/test_pendulum_controller.dir/test/test_pendulum_controller.cpp.o[0m
[ 84%] [32m[1mLinking CXX executable test_pendulum_controller[0m
[ 84%] Built target test_pendulum_controller
[ 92%] [32mBuilding CXX object CMakeFiles/test_pendulum_controller_node.dir/test/test_pendulum_controller_node.cpp.o[0m
[100%] [32m[1mLinking CXX executable test_pendulum_controller_node[0m
[100%] Built target test_pendulum_controller_node
-- Install configuration: "Release"
-- Execute custom install script
-- Symlinking: /ros2_ws/install/pendulum_controller/share/pendulum_controller/environment/library_path.sh
-- Symlinking: /ros2_ws/install/pendulum_controller/share/pendulum_controller/environment/library_path.dsv
-- Symlinking: /ros2_ws/install/pendulum_controller/include/pendulum_controller/pendulum_controller.hpp
-- Symlinking: /ros2_ws/install/pendulum_controller/include/pendulum_controller/pendulum_controller_node.hpp
-- Symlinking: /ros2_ws/install/pendulum_controller/include/pendulum_controller/visibility_control.hpp
-- Symlinking: /ros2_ws/install/pendulum_controller/share/pendulum_controller/params/test.param.yaml
-- Symlinking: /ros2_ws/install/pendulum_controller/share/ament_index/resource_index/package_run_dependencies/pendulum_controller
-- Symlinking: /ros2_ws/install/pendulum_controller/share/ament_index/resource_index/parent_prefix_path/pendulum_controller
-- Symlinking: /ros2_ws/install/pendulum_controller/share/pendulum_controller/environment/ament_prefix_path.sh
-- Symlinking: /ros2_ws/install/pendulum_controller/share/pendulum_controller/environment/ament_prefix_path.dsv
-- Symlinking: /ros2_ws/install/pendulum_controller/share/pendulum_controller/environment/path.sh
-- Symlinking: /ros2_ws/install/pendulum_controller/share/pendulum_controller/environment/path.dsv
-- Symlinking: /ros2_ws/install/pendulum_controller/share/pendulum_controller/local_setup.bash
-- Symlinking: /ros2_ws/install/pendulum_controller/share/pendulum_controller/local_setup.sh
-- Symlinking: /ros2_ws/install/pendulum_controller/share/pendulum_controller/local_setup.zsh
-- Symlinking: /ros2_ws/install/pendulum_controller/share/pendulum_controller/local_setup.dsv
-- Symlinking: /ros2_ws/install/pendulum_controller/share/pendulum_controller/package.dsv
-- Symlinking: /ros2_ws/install/pendulum_controller/share/ament_index/resource_index/packages/pendulum_controller
-- Symlinking: /ros2_ws/install/pendulum_controller/share/ament_index/resource_index/rclcpp_components/pendulum_controller
-- Symlinking: /ros2_ws/install/pendulum_controller/share/pendulum_controller/cmake/ament_cmake_export_targets-extras.cmake
-- Symlinking: /ros2_ws/install/pendulum_controller/share/pendulum_controller/cmake/ament_cmake_export_dependencies-extras.cmake
-- Symlinking: /ros2_ws/install/pendulum_controller/share/pendulum_controller/cmake/pendulum_controllerConfig.cmake
-- Symlinking: /ros2_ws/install/pendulum_controller/share/pendulum_controller/cmake/pendulum_controllerConfig-version.cmake
-- Symlinking: /ros2_ws/install/pendulum_controller/share/pendulum_controller/package.xml
-- Installing: /ros2_ws/install/pendulum_controller/lib/libpendulum_controller.so
-- Set runtime path of "/ros2_ws/install/pendulum_controller/lib/libpendulum_controller.so" to ""
-- Installing: /ros2_ws/install/pendulum_controller/lib/pendulum_controller/pendulum_controller_exe
-- Set runtime path of "/ros2_ws/install/pendulum_controller/lib/pendulum_controller/pendulum_controller_exe" to ""
-- Installing: /ros2_ws/install/pendulum_controller/share/pendulum_controller/cmake/export_pendulum_controllerExport.cmake
-- Installing: /ros2_ws/install/pendulum_controller/share/pendulum_controller/cmake/export_pendulum_controllerExport-release.cmake
