[0.083s] Invoking command in '/ros2_ws/build/pendulum_driver': AMENT_PREFIX_PATH=/ros2_ws/install/pendulum_utils:/ros2_ws/install/pendulum2_msgs:${AMENT_PREFIX_PATH} CMAKE_PREFIX_PATH=/ros2_ws/install/pendulum_utils:/ros2_ws/install/pendulum2_msgs:/opt/ros/humble LD_LIBRARY_PATH=/ros2_ws/install/pendulum_utils/lib:/ros2_ws/install/pendulum2_msgs/lib:${LD_LIBRARY_PATH} PYTHONPATH=/ros2_ws/install/pendulum2_msgs/local/lib/python3.10/dist-packages:${PYTHONPATH} /usr/bin/cmake /ros2_ws/src/pendulum/pendulum_driver -DCMAKE_BUILD_TYPE=Release -DAMENT_CMAKE_SYMLINK_INSTALL=1 -DCMAKE_INSTALL_PREFIX=/ros2_ws/install/pendulum_driver
[23.508s] -- The C compiler identification is GNU 11.4.0
[23.508s] -- The CXX compiler identification is GNU 11.4.0
[23.508s] -- Detecting C compiler ABI info
[23.509s] -- Detecting C compiler ABI info - done
[23.509s] -- Check for working C compiler: /usr/bin/cc - skipped
[23.509s] -- Detecting C compile features
[23.509s] -- Detecting C compile features - done
[23.509s] -- Detecting CXX compiler ABI info
[23.509s] -- Detecting CXX compiler ABI info - done
[23.510s] -- Check for working CXX compiler: /usr/bin/c++ - skipped
[23.510s] -- Detecting CXX compile features
[23.511s] -- Detecting CXX compile features - done
[23.511s] -- Found ament_cmake: 1.3.12 (/opt/ros/humble/share/ament_cmake/cmake)
[23.512s] -- Found Python3: /usr/bin/python3 (found version "3.10.12") found components: Interpreter 
[23.512s] -- Override CMake install command with custom implementation using symlinks instead of copying resources
[23.512s] -- Found rclcpp: 16.0.16 (/opt/ros/humble/share/rclcpp/cmake)
[23.512s] -- Found rosidl_generator_c: 3.1.7 (/opt/ros/humble/share/rosidl_generator_c/cmake)
[23.512s] -- Found rosidl_adapter: 3.1.7 (/opt/ros/humble/share/rosidl_adapter/cmake)
[23.513s] -- Found rosidl_generator_cpp: 3.1.7 (/opt/ros/humble/share/rosidl_generator_cpp/cmake)
[23.513s] -- Using all available rosidl_typesupport_c: rosidl_typesupport_fastrtps_c;rosidl_typesupport_introspection_c
[23.513s] -- Using all available rosidl_typesupport_cpp: rosidl_typesupport_fastrtps_cpp;rosidl_typesupport_introspection_cpp
[23.513s] -- Found rmw_implementation_cmake: 6.1.2 (/opt/ros/humble/share/rmw_implementation_cmake/cmake)
[23.513s] -- Found rmw_cyclonedds_cpp: 1.3.4 (/opt/ros/humble/share/rmw_cyclonedds_cpp/cmake)
[23.514s] -- Using RMW implementation 'rmw_cyclonedds_cpp' as default
[23.514s] -- Looking for pthread.h
[23.514s] -- Looking for pthread.h - found
[23.514s] -- Performing Test CMAKE_HAVE_LIBC_PTHREAD
[23.514s] -- Performing Test CMAKE_HAVE_LIBC_PTHREAD - Success
[23.514s] -- Found Threads: TRUE  
[23.515s] -- Found rclcpp_components: 16.0.16 (/opt/ros/humble/share/rclcpp_components/cmake)
[23.515s] -- Found rclcpp_lifecycle: 16.0.16 (/opt/ros/humble/share/rclcpp_lifecycle/cmake)
[23.515s] -- Found sensor_msgs: 4.9.0 (/opt/ros/humble/share/sensor_msgs/cmake)
[23.515s] -- Found pendulum2_msgs: 0.0.1 (/ros2_ws/install/pendulum2_msgs/share/pendulum2_msgs/cmake)
[23.515s] -- Found pendulum_utils: 0.0.1 (/ros2_ws/install/pendulum_utils/share/pendulum_utils/cmake)
[23.515s] -- Found apex_test_tools: 0.0.2 (/opt/ros/humble/share/apex_test_tools/cmake)
[23.516s] -- Found ament_lint_auto: 0.12.14 (/opt/ros/humble/share/ament_lint_auto/cmake)
[23.516s] -- Found python_cmake_module: 0.10.0 (/opt/ros/humble/share/python_cmake_module/cmake)
[23.516s] -- Found PythonInterp: /usr/bin/python3 (found suitable version "3.10.12", minimum required is "3.6") 
[23.516s] -- Found PythonLibs: /usr/lib/x86_64-linux-gnu/libpython3.10.so (found suitable version "3.10.12", minimum required is "3.5") 
[23.516s] -- Using PYTHON_EXECUTABLE: /usr/bin/python3
[23.522s] -- Using PYTHON_INCLUDE_DIRS: /usr/include/python3.10
[23.523s] -- Using PYTHON_LIBRARIES: /usr/lib/x86_64-linux-gnu/libpython3.10.so
[23.523s] -- Found PythonExtra: .so  
[23.523s] -- Found gtest sources under '/opt/ros/humble/src/gtest_vendor': C++ tests using 'Google Test' will be built
[23.523s] -- Added test 'copyright' to check source files copyright and LICENSE
[23.524s] -- Added test 'cppcheck' to perform static code analysis on C / C++ code
[23.524s] -- Configured cppcheck include dirs: $<BUILD_INTERFACE:/ros2_ws/src/pendulum/pendulum_driver/include>
[23.524s] -- Configured cppcheck exclude dirs and/or files: 
[23.525s] -- Added test 'cpplint' to check C / C++ code against the Google style
[23.525s] -- Configured cpplint exclude dirs and/or files: 
[23.526s] -- Added test 'flake8' to check Python code syntax and style conventions
[23.526s] -- Added test 'lint_cmake' to check CMake code style
[23.526s] -- Added test 'pep257' to check Python code against some of the docstring style conventions in PEP 257
[23.526s] -- Added test 'uncrustify' to check C / C++ code style
[23.527s] -- Configured uncrustify additional arguments: 
[23.527s] -- Added test 'xmllint' to check XML markup files
[23.527s] -- Configuring done
[23.528s] -- Generating done
[23.528s] -- Build files have been written to: /ros2_ws/build/pendulum_driver
[23.553s] Invoked command in '/ros2_ws/build/pendulum_driver' returned '0': AMENT_PREFIX_PATH=/ros2_ws/install/pendulum_utils:/ros2_ws/install/pendulum2_msgs:${AMENT_PREFIX_PATH} CMAKE_PREFIX_PATH=/ros2_ws/install/pendulum_utils:/ros2_ws/install/pendulum2_msgs:/opt/ros/humble LD_LIBRARY_PATH=/ros2_ws/install/pendulum_utils/lib:/ros2_ws/install/pendulum2_msgs/lib:${LD_LIBRARY_PATH} PYTHONPATH=/ros2_ws/install/pendulum2_msgs/local/lib/python3.10/dist-packages:${PYTHONPATH} /usr/bin/cmake /ros2_ws/src/pendulum/pendulum_driver -DCMAKE_BUILD_TYPE=Release -DAMENT_CMAKE_SYMLINK_INSTALL=1 -DCMAKE_INSTALL_PREFIX=/ros2_ws/install/pendulum_driver
[23.555s] Invoking command in '/ros2_ws/build/pendulum_driver': AMENT_PREFIX_PATH=/ros2_ws/install/pendulum_utils:/ros2_ws/install/pendulum2_msgs:${AMENT_PREFIX_PATH} CMAKE_PREFIX_PATH=/ros2_ws/install/pendulum_utils:/ros2_ws/install/pendulum2_msgs:/opt/ros/humble LD_LIBRARY_PATH=/ros2_ws/install/pendulum_utils/lib:/ros2_ws/install/pendulum2_msgs/lib:${LD_LIBRARY_PATH} PYTHONPATH=/ros2_ws/install/pendulum2_msgs/local/lib/python3.10/dist-packages:${PYTHONPATH} /usr/bin/cmake --build /ros2_ws/build/pendulum_driver -- -j8 -l8
[23.866s] [  7%] [32mBuilding CXX object CMakeFiles/pendulum_driver.dir/src/pendulum_driver_node.cpp.o[0m
[53.895s] [ 14%] [32mBuilding CXX object CMakeFiles/pendulum_driver.dir/src/pendulum_driver_config.cpp.o[0m
[56.123s] [ 21%] [32mBuilding CXX object CMakeFiles/pendulum_driver.dir/src/pendulum_driver.cpp.o[0m
[58.348s] [ 28%] [32m[1mLinking CXX shared library libpendulum_driver.so[0m
[58.852s] [ 28%] Built target pendulum_driver
[58.900s] [ 35%] [32mBuilding CXX object gtest/CMakeFiles/gtest.dir/src/gtest-all.cc.o[0m
[76.640s] [ 42%] [32m[1mLinking CXX static library libgtest.a[0m
[76.785s] [ 42%] Built target gtest
[76.896s] [ 50%] [32mBuilding CXX object CMakeFiles/pendulum_driver_exe.dir/src/pendulum_driver_node_main.cpp.o[0m
[86.388s] [ 57%] [32m[1mLinking CXX executable pendulum_driver_exe[0m
[86.864s] [ 57%] Built target pendulum_driver_exe
[86.960s] [ 64%] [32mBuilding CXX object gtest/CMakeFiles/gtest_main.dir/src/gtest_main.cc.o[0m
[88.726s] [ 71%] [32m[1mLinking CXX static library libgtest_main.a[0m
[88.790s] [ 71%] Built target gtest_main
[88.833s] [ 78%] [32mBuilding CXX object CMakeFiles/test_pendulum_driver.dir/test/test_pendulum_driver.cpp.o[0m
[94.585s] [ 85%] [32m[1mLinking CXX executable test_pendulum_driver[0m
[94.937s] [ 85%] Built target test_pendulum_driver
[94.981s] [ 92%] [32mBuilding CXX object CMakeFiles/test_pendulum_driver_node.dir/test/test_pendulum_driver_node.cpp.o[0m
[105.688s] [100%] [32m[1mLinking CXX executable test_pendulum_driver_node[0m
[105.937s] [100%] Built target test_pendulum_driver_node
[106.000s] Invoked command in '/ros2_ws/build/pendulum_driver' returned '0': AMENT_PREFIX_PATH=/ros2_ws/install/pendulum_utils:/ros2_ws/install/pendulum2_msgs:${AMENT_PREFIX_PATH} CMAKE_PREFIX_PATH=/ros2_ws/install/pendulum_utils:/ros2_ws/install/pendulum2_msgs:/opt/ros/humble LD_LIBRARY_PATH=/ros2_ws/install/pendulum_utils/lib:/ros2_ws/install/pendulum2_msgs/lib:${LD_LIBRARY_PATH} PYTHONPATH=/ros2_ws/install/pendulum2_msgs/local/lib/python3.10/dist-packages:${PYTHONPATH} /usr/bin/cmake --build /ros2_ws/build/pendulum_driver -- -j8 -l8
[106.007s] Invoking command in '/ros2_ws/build/pendulum_driver': AMENT_PREFIX_PATH=/ros2_ws/install/pendulum_utils:/ros2_ws/install/pendulum2_msgs:${AMENT_PREFIX_PATH} CMAKE_PREFIX_PATH=/ros2_ws/install/pendulum_utils:/ros2_ws/install/pendulum2_msgs:/opt/ros/humble LD_LIBRARY_PATH=/ros2_ws/install/pendulum_utils/lib:/ros2_ws/install/pendulum2_msgs/lib:${LD_LIBRARY_PATH} PYTHONPATH=/ros2_ws/install/pendulum2_msgs/local/lib/python3.10/dist-packages:${PYTHONPATH} /usr/bin/cmake --install /ros2_ws/build/pendulum_driver
[106.021s] -- Install configuration: "Release"
[106.022s] -- Execute custom install script
[106.023s] -- Symlinking: /ros2_ws/install/pendulum_driver/share/pendulum_driver/environment/library_path.sh
[106.042s] -- Symlinking: /ros2_ws/install/pendulum_driver/share/pendulum_driver/environment/library_path.dsv
[106.060s] -- Symlinking: /ros2_ws/install/pendulum_driver/include/pendulum_driver/pendulum_driver.hpp
[106.078s] -- Symlinking: /ros2_ws/install/pendulum_driver/include/pendulum_driver/pendulum_driver_node.hpp
[106.096s] -- Symlinking: /ros2_ws/install/pendulum_driver/include/pendulum_driver/runge_kutta.hpp
[106.113s] -- Symlinking: /ros2_ws/install/pendulum_driver/include/pendulum_driver/visibility_control.hpp
[106.131s] -- Symlinking: /ros2_ws/install/pendulum_driver/share/pendulum_driver/params/test.param.yaml
[106.148s] -- Symlinking: /ros2_ws/install/pendulum_driver/share/ament_index/resource_index/package_run_dependencies/pendulum_driver
[106.164s] -- Symlinking: /ros2_ws/install/pendulum_driver/share/ament_index/resource_index/parent_prefix_path/pendulum_driver
[106.181s] -- Symlinking: /ros2_ws/install/pendulum_driver/share/pendulum_driver/environment/ament_prefix_path.sh
[106.197s] -- Symlinking: /ros2_ws/install/pendulum_driver/share/pendulum_driver/environment/ament_prefix_path.dsv
[106.215s] -- Symlinking: /ros2_ws/install/pendulum_driver/share/pendulum_driver/environment/path.sh
[106.232s] -- Symlinking: /ros2_ws/install/pendulum_driver/share/pendulum_driver/environment/path.dsv
[106.248s] -- Symlinking: /ros2_ws/install/pendulum_driver/share/pendulum_driver/local_setup.bash
[106.265s] -- Symlinking: /ros2_ws/install/pendulum_driver/share/pendulum_driver/local_setup.sh
[106.281s] -- Symlinking: /ros2_ws/install/pendulum_driver/share/pendulum_driver/local_setup.zsh
[106.305s] -- Symlinking: /ros2_ws/install/pendulum_driver/share/pendulum_driver/local_setup.dsv
[106.326s] -- Symlinking: /ros2_ws/install/pendulum_driver/share/pendulum_driver/package.dsv
[106.342s] -- Symlinking: /ros2_ws/install/pendulum_driver/share/ament_index/resource_index/packages/pendulum_driver
[106.354s] -- Symlinking: /ros2_ws/install/pendulum_driver/share/ament_index/resource_index/rclcpp_components/pendulum_driver
[106.366s] -- Symlinking: /ros2_ws/install/pendulum_driver/share/pendulum_driver/cmake/ament_cmake_export_targets-extras.cmake
[106.378s] -- Symlinking: /ros2_ws/install/pendulum_driver/share/pendulum_driver/cmake/ament_cmake_export_dependencies-extras.cmake
[106.394s] -- Symlinking: /ros2_ws/install/pendulum_driver/share/pendulum_driver/cmake/pendulum_driverConfig.cmake
[106.410s] -- Symlinking: /ros2_ws/install/pendulum_driver/share/pendulum_driver/cmake/pendulum_driverConfig-version.cmake
[106.427s] -- Symlinking: /ros2_ws/install/pendulum_driver/share/pendulum_driver/package.xml
[106.445s] -- Installing: /ros2_ws/install/pendulum_driver/lib/libpendulum_driver.so
[106.448s] -- Set runtime path of "/ros2_ws/install/pendulum_driver/lib/libpendulum_driver.so" to ""
[106.448s] -- Installing: /ros2_ws/install/pendulum_driver/lib/pendulum_driver/pendulum_driver_exe
[106.449s] -- Set runtime path of "/ros2_ws/install/pendulum_driver/lib/pendulum_driver/pendulum_driver_exe" to ""
[106.449s] -- Installing: /ros2_ws/install/pendulum_driver/share/pendulum_driver/cmake/export_pendulum_driverExport.cmake
[106.449s] -- Installing: /ros2_ws/install/pendulum_driver/share/pendulum_driver/cmake/export_pendulum_driverExport-release.cmake
[106.455s] Invoked command in '/ros2_ws/build/pendulum_driver' returned '0': AMENT_PREFIX_PATH=/ros2_ws/install/pendulum_utils:/ros2_ws/install/pendulum2_msgs:${AMENT_PREFIX_PATH} CMAKE_PREFIX_PATH=/ros2_ws/install/pendulum_utils:/ros2_ws/install/pendulum2_msgs:/opt/ros/humble LD_LIBRARY_PATH=/ros2_ws/install/pendulum_utils/lib:/ros2_ws/install/pendulum2_msgs/lib:${LD_LIBRARY_PATH} PYTHONPATH=/ros2_ws/install/pendulum2_msgs/local/lib/python3.10/dist-packages:${PYTHONPATH} /usr/bin/cmake --install /ros2_ws/build/pendulum_driver
