[0.085s] Invoking command in '/ros2_ws/build/ros2srrc_irb1600': CMAKE_PREFIX_PATH=/opt/ros/humble /usr/bin/cmake /ros2_ws/src/ros2_SimRealRobotControl/packages/ros2srrc_irb1600 -DCMAKE_BUILD_TYPE=Release -DAMENT_CMAKE_SYMLINK_INSTALL=1 -DCMAKE_INSTALL_PREFIX=/ros2_ws/install/ros2srrc_irb1600
[0.253s] -- The C compiler identification is GNU 11.4.0
[0.413s] -- The CXX compiler identification is GNU 11.4.0
[0.435s] -- Detecting C compiler ABI info
[0.669s] -- Detecting C compiler ABI info - done
[0.710s] -- Check for working C compiler: /usr/bin/cc - skipped
[0.711s] -- Detecting C compile features
[0.713s] -- Detecting C compile features - done
[0.735s] -- Detecting CXX compiler ABI info
[1.071s] -- Detecting CXX compiler ABI info - done
[1.106s] -- Check for working CXX compiler: /usr/bin/c++ - skipped
[1.106s] -- Detecting CXX compile features
[1.109s] -- Detecting CXX compile features - done
[1.133s] -- Found ament_cmake: 1.3.12 (/opt/ros/humble/share/ament_cmake/cmake)
[1.601s] -- Found Python3: /usr/bin/python3 (found version "3.10.12") found components: Interpreter 
[1.864s] -- Override CMake install command with custom implementation using symlinks instead of copying resources
[1.984s] -- Found ament_lint_auto: 0.12.14 (/opt/ros/humble/share/ament_lint_auto/cmake)
[2.318s] -- Added test 'copyright' to check source files copyright and LICENSE
[2.323s] -- Added test 'lint_cmake' to check CMake code style
[2.326s] -- Added test 'xmllint' to check XML markup files
[2.330s] -- Configuring done
[2.337s] -- Generating done
[2.341s] -- Build files have been written to: /ros2_ws/build/ros2srrc_irb1600
[2.360s] Invoked command in '/ros2_ws/build/ros2srrc_irb1600' returned '0': CMAKE_PREFIX_PATH=/opt/ros/humble /usr/bin/cmake /ros2_ws/src/ros2_SimRealRobotControl/packages/ros2srrc_irb1600 -DCMAKE_BUILD_TYPE=Release -DAMENT_CMAKE_SYMLINK_INSTALL=1 -DCMAKE_INSTALL_PREFIX=/ros2_ws/install/ros2srrc_irb1600
[2.361s] Invoking command in '/ros2_ws/build/ros2srrc_irb1600': CMAKE_PREFIX_PATH=/opt/ros/humble /usr/bin/cmake --build /ros2_ws/build/ros2srrc_irb1600 -- -j8 -l8
[2.474s] Invoked command in '/ros2_ws/build/ros2srrc_irb1600' returned '0': CMAKE_PREFIX_PATH=/opt/ros/humble /usr/bin/cmake --build /ros2_ws/build/ros2srrc_irb1600 -- -j8 -l8
[2.474s] Invoking command in '/ros2_ws/build/ros2srrc_irb1600': CMAKE_PREFIX_PATH=/opt/ros/humble /usr/bin/cmake --install /ros2_ws/build/ros2srrc_irb1600
[2.802s] -- Install configuration: "Release"
[2.803s] -- Execute custom install script
[2.803s] -- Symlinking: /ros2_ws/install/ros2srrc_irb1600/share/ros2srrc_irb1600/config/configurations.yaml
[2.803s] -- Symlinking: /ros2_ws/install/ros2srrc_irb1600/share/ros2srrc_irb1600/urdf/irb1600.urdf.xacro
[2.803s] -- Symlinking: /ros2_ws/install/ros2srrc_irb1600/share/ament_index/resource_index/package_run_dependencies/ros2srrc_irb1600
[2.804s] -- Symlinking: /ros2_ws/install/ros2srrc_irb1600/share/ament_index/resource_index/parent_prefix_path/ros2srrc_irb1600
[2.804s] -- Symlinking: /ros2_ws/install/ros2srrc_irb1600/share/ros2srrc_irb1600/environment/ament_prefix_path.sh
[2.804s] -- Symlinking: /ros2_ws/install/ros2srrc_irb1600/share/ros2srrc_irb1600/environment/ament_prefix_path.dsv
[2.804s] -- Symlinking: /ros2_ws/install/ros2srrc_irb1600/share/ros2srrc_irb1600/environment/path.sh
[2.804s] -- Symlinking: /ros2_ws/install/ros2srrc_irb1600/share/ros2srrc_irb1600/environment/path.dsv
[2.804s] -- Symlinking: /ros2_ws/install/ros2srrc_irb1600/share/ros2srrc_irb1600/local_setup.bash
[2.805s] -- Symlinking: /ros2_ws/install/ros2srrc_irb1600/share/ros2srrc_irb1600/local_setup.sh
[2.805s] -- Symlinking: /ros2_ws/install/ros2srrc_irb1600/share/ros2srrc_irb1600/local_setup.zsh
[2.805s] -- Symlinking: /ros2_ws/install/ros2srrc_irb1600/share/ros2srrc_irb1600/local_setup.dsv
[2.805s] -- Symlinking: /ros2_ws/install/ros2srrc_irb1600/share/ros2srrc_irb1600/package.dsv
[2.805s] -- Symlinking: /ros2_ws/install/ros2srrc_irb1600/share/ament_index/resource_index/packages/ros2srrc_irb1600
[2.805s] -- Symlinking: /ros2_ws/install/ros2srrc_irb1600/share/ros2srrc_irb1600/cmake/ros2srrc_irb1600Config.cmake
[2.817s] -- Symlinking: /ros2_ws/install/ros2srrc_irb1600/share/ros2srrc_irb1600/cmake/ros2srrc_irb1600Config-version.cmake
[2.834s] -- Symlinking: /ros2_ws/install/ros2srrc_irb1600/share/ros2srrc_irb1600/package.xml
[2.864s] Invoked command in '/ros2_ws/build/ros2srrc_irb1600' returned '0': CMAKE_PREFIX_PATH=/opt/ros/humble /usr/bin/cmake --install /ros2_ws/build/ros2srrc_irb1600
