[0.024s] Invoking command in '/ros2_ws/build/ros2srrc_irb120': CMAKE_PREFIX_PATH=/opt/ros/humble /usr/bin/cmake /ros2_ws/src/ros2_SimRealRobotControl/packages/ros2srrc_irb120 -DCMAKE_BUILD_TYPE=Release -DAMENT_CMAKE_SYMLINK_INSTALL=1 -DCMAKE_INSTALL_PREFIX=/ros2_ws/install/ros2srrc_irb120
[1.189s] -- The C compiler identification is GNU 11.4.0
[1.189s] -- The CXX compiler identification is GNU 11.4.0
[1.189s] -- Detecting C compiler ABI info
[1.189s] -- Detecting C compiler ABI info - done
[1.190s] -- Check for working C compiler: /usr/bin/cc - skipped
[1.190s] -- Detecting C compile features
[1.190s] -- Detecting C compile features - done
[1.190s] -- Detecting CXX compiler ABI info
[1.190s] -- Detecting CXX compiler ABI info - done
[1.190s] -- Check for working CXX compiler: /usr/bin/c++ - skipped
[1.191s] -- Detecting CXX compile features
[1.191s] -- Detecting CXX compile features - done
[1.191s] -- Found ament_cmake: 1.3.12 (/opt/ros/humble/share/ament_cmake/cmake)
[1.191s] -- Found Python3: /usr/bin/python3 (found version "3.10.12") found components: Interpreter 
[1.335s] -- Override CMake install command with custom implementation using symlinks instead of copying resources
[1.461s] -- Found ament_lint_auto: 0.12.14 (/opt/ros/humble/share/ament_lint_auto/cmake)
[1.757s] -- Added test 'copyright' to check source files copyright and LICENSE
[1.762s] -- Added test 'lint_cmake' to check CMake code style
[1.764s] -- Added test 'xmllint' to check XML markup files
[1.767s] -- Configuring done
[1.775s] -- Generating done
[1.780s] -- Build files have been written to: /ros2_ws/build/ros2srrc_irb120
[1.799s] Invoked command in '/ros2_ws/build/ros2srrc_irb120' returned '0': CMAKE_PREFIX_PATH=/opt/ros/humble /usr/bin/cmake /ros2_ws/src/ros2_SimRealRobotControl/packages/ros2srrc_irb120 -DCMAKE_BUILD_TYPE=Release -DAMENT_CMAKE_SYMLINK_INSTALL=1 -DCMAKE_INSTALL_PREFIX=/ros2_ws/install/ros2srrc_irb120
[1.800s] Invoking command in '/ros2_ws/build/ros2srrc_irb120': CMAKE_PREFIX_PATH=/opt/ros/humble /usr/bin/cmake --build /ros2_ws/build/ros2srrc_irb120 -- -j8 -l8
[1.944s] Invoked command in '/ros2_ws/build/ros2srrc_irb120' returned '0': CMAKE_PREFIX_PATH=/opt/ros/humble /usr/bin/cmake --build /ros2_ws/build/ros2srrc_irb120 -- -j8 -l8
[1.944s] Invoking command in '/ros2_ws/build/ros2srrc_irb120': CMAKE_PREFIX_PATH=/opt/ros/humble /usr/bin/cmake --install /ros2_ws/build/ros2srrc_irb120
[2.296s] -- Install configuration: "Release"
[2.297s] -- Execute custom install script
[2.297s] -- Symlinking: /ros2_ws/install/ros2srrc_irb120/share/ros2srrc_irb120/config/configurations.yaml
[2.297s] -- Symlinking: /ros2_ws/install/ros2srrc_irb120/share/ros2srrc_irb120/urdf/irb120.urdf.xacro
[2.297s] -- Symlinking: /ros2_ws/install/ros2srrc_irb120/share/ros2srrc_irb120/urdf/irb120_egp64.urdf.xacro
[2.297s] -- Symlinking: /ros2_ws/install/ros2srrc_irb120/share/ros2srrc_irb120/urdf/irb120_egp64v2.urdf.xacro
[2.297s] -- Symlinking: /ros2_ws/install/ros2srrc_irb120/share/ros2srrc_irb120/urdf/irb120_ls_vgr.urdf.xacro
[2.298s] -- Symlinking: /ros2_ws/install/ros2srrc_irb120/share/ament_index/resource_index/package_run_dependencies/ros2srrc_irb120
[2.298s] -- Symlinking: /ros2_ws/install/ros2srrc_irb120/share/ament_index/resource_index/parent_prefix_path/ros2srrc_irb120
[2.298s] -- Symlinking: /ros2_ws/install/ros2srrc_irb120/share/ros2srrc_irb120/environment/ament_prefix_path.sh
[2.298s] -- Symlinking: /ros2_ws/install/ros2srrc_irb120/share/ros2srrc_irb120/environment/ament_prefix_path.dsv
[2.298s] -- Symlinking: /ros2_ws/install/ros2srrc_irb120/share/ros2srrc_irb120/environment/path.sh
[2.298s] -- Symlinking: /ros2_ws/install/ros2srrc_irb120/share/ros2srrc_irb120/environment/path.dsv
[2.299s] -- Symlinking: /ros2_ws/install/ros2srrc_irb120/share/ros2srrc_irb120/local_setup.bash
[2.299s] -- Symlinking: /ros2_ws/install/ros2srrc_irb120/share/ros2srrc_irb120/local_setup.sh
[2.299s] -- Symlinking: /ros2_ws/install/ros2srrc_irb120/share/ros2srrc_irb120/local_setup.zsh
[2.299s] -- Symlinking: /ros2_ws/install/ros2srrc_irb120/share/ros2srrc_irb120/local_setup.dsv
[2.329s] -- Symlinking: /ros2_ws/install/ros2srrc_irb120/share/ros2srrc_irb120/package.dsv
[2.349s] -- Symlinking: /ros2_ws/install/ros2srrc_irb120/share/ament_index/resource_index/packages/ros2srrc_irb120
[2.374s] -- Symlinking: /ros2_ws/install/ros2srrc_irb120/share/ros2srrc_irb120/cmake/ros2srrc_irb120Config.cmake
[2.396s] -- Symlinking: /ros2_ws/install/ros2srrc_irb120/share/ros2srrc_irb120/cmake/ros2srrc_irb120Config-version.cmake
[2.416s] -- Symlinking: /ros2_ws/install/ros2srrc_irb120/share/ros2srrc_irb120/package.xml
[2.447s] Invoked command in '/ros2_ws/build/ros2srrc_irb120' returned '0': CMAKE_PREFIX_PATH=/opt/ros/humble /usr/bin/cmake --install /ros2_ws/build/ros2srrc_irb120
