[0.024s] Invoking command in '/ros2_ws/build/pendulum_state_publisher': AMENT_PREFIX_PATH=/ros2_ws/install/pendulum2_msgs:${AMENT_PREFIX_PATH} CMAKE_PREFIX_PATH=/ros2_ws/install/pendulum2_msgs:/opt/ros/humble LD_LIBRARY_PATH=/ros2_ws/install/pendulum2_msgs/lib:${LD_LIBRARY_PATH} PYTHONPATH=/ros2_ws/install/pendulum2_msgs/local/lib/python3.10/dist-packages:${PYTHONPATH} /usr/bin/cmake /ros2_ws/src/pendulum/pendulum_state_publisher -DCMAKE_BUILD_TYPE=Release -DAMENT_CMAKE_SYMLINK_INSTALL=1 -DCMAKE_INSTALL_PREFIX=/ros2_ws/install/pendulum_state_publisher
[0.357s] -- The C compiler identification is GNU 11.4.0
[0.357s] -- The CXX compiler identification is GNU 11.4.0
[0.358s] -- Detecting C compiler ABI info
[0.455s] -- Detecting C compiler ABI info - done
[0.480s] -- Check for working C compiler: /usr/bin/cc - skipped
[0.481s] -- Detecting C compile features
[0.482s] -- Detecting C compile features - done
[0.490s] -- Detecting CXX compiler ABI info
[0.664s] -- Detecting CXX compiler ABI info - done
[0.687s] -- Check for working CXX compiler: /usr/bin/c++ - skipped
[0.688s] -- Detecting CXX compile features
[0.690s] -- Detecting CXX compile features - done
[0.701s] -- Found ament_cmake: 1.3.12 (/opt/ros/humble/share/ament_cmake/cmake)
[1.101s] -- Found Python3: /usr/bin/python3 (found version "3.10.12") found components: Interpreter 
[1.270s] -- Override CMake install command with custom implementation using symlinks instead of copying resources
[1.396s] -- Found rclcpp: 16.0.16 (/opt/ros/humble/share/rclcpp/cmake)
[1.557s] -- Found rosidl_generator_c: 3.1.7 (/opt/ros/humble/share/rosidl_generator_c/cmake)
[1.579s] -- Found rosidl_adapter: 3.1.7 (/opt/ros/humble/share/rosidl_adapter/cmake)
[1.611s] -- Found rosidl_generator_cpp: 3.1.7 (/opt/ros/humble/share/rosidl_generator_cpp/cmake)
[1.654s] -- Using all available rosidl_typesupport_c: rosidl_typesupport_fastrtps_c;rosidl_typesupport_introspection_c
[1.711s] -- Using all available rosidl_typesupport_cpp: rosidl_typesupport_fastrtps_cpp;rosidl_typesupport_introspection_cpp
[1.871s] -- Found rmw_implementation_cmake: 6.1.2 (/opt/ros/humble/share/rmw_implementation_cmake/cmake)
[1.880s] -- Found rmw_cyclonedds_cpp: 1.3.4 (/opt/ros/humble/share/rmw_cyclonedds_cpp/cmake)
[1.949s] -- Using RMW implementation 'rmw_cyclonedds_cpp' as default
[1.980s] -- Looking for pthread.h
[2.173s] -- Looking for pthread.h - found
[2.174s] -- Performing Test CMAKE_HAVE_LIBC_PTHREAD
[2.349s] -- Performing Test CMAKE_HAVE_LIBC_PTHREAD - Success
[2.352s] -- Found Threads: TRUE  
[2.549s] -- Found sensor_msgs: 4.9.0 (/opt/ros/humble/share/sensor_msgs/cmake)
[2.662s] -- Found pendulum2_msgs: 0.0.1 (/ros2_ws/install/pendulum2_msgs/share/pendulum2_msgs/cmake)
[2.716s] -- Found ament_lint_auto: 0.12.14 (/opt/ros/humble/share/ament_lint_auto/cmake)
[2.959s] -- Added test 'copyright' to check source files copyright and LICENSE
[2.962s] -- Added test 'cppcheck' to perform static code analysis on C / C++ code
[2.963s] -- Configured cppcheck include dirs: 
[2.964s] -- Configured cppcheck exclude dirs and/or files: 
[2.966s] -- Added test 'cpplint' to check C / C++ code against the Google style
[2.967s] -- Configured cpplint exclude dirs and/or files: 
[2.977s] -- Added test 'lint_cmake' to check CMake code style
[2.980s] -- Added test 'uncrustify' to check C / C++ code style
[2.980s] -- Configured uncrustify additional arguments: 
[2.982s] -- Added test 'xmllint' to check XML markup files
[2.986s] -- Configuring done
[3.027s] -- Generating done
[3.037s] -- Build files have been written to: /ros2_ws/build/pendulum_state_publisher
[3.065s] Invoked command in '/ros2_ws/build/pendulum_state_publisher' returned '0': AMENT_PREFIX_PATH=/ros2_ws/install/pendulum2_msgs:${AMENT_PREFIX_PATH} CMAKE_PREFIX_PATH=/ros2_ws/install/pendulum2_msgs:/opt/ros/humble LD_LIBRARY_PATH=/ros2_ws/install/pendulum2_msgs/lib:${LD_LIBRARY_PATH} PYTHONPATH=/ros2_ws/install/pendulum2_msgs/local/lib/python3.10/dist-packages:${PYTHONPATH} /usr/bin/cmake /ros2_ws/src/pendulum/pendulum_state_publisher -DCMAKE_BUILD_TYPE=Release -DAMENT_CMAKE_SYMLINK_INSTALL=1 -DCMAKE_INSTALL_PREFIX=/ros2_ws/install/pendulum_state_publisher
[3.066s] Invoking command in '/ros2_ws/build/pendulum_state_publisher': AMENT_PREFIX_PATH=/ros2_ws/install/pendulum2_msgs:${AMENT_PREFIX_PATH} CMAKE_PREFIX_PATH=/ros2_ws/install/pendulum2_msgs:/opt/ros/humble LD_LIBRARY_PATH=/ros2_ws/install/pendulum2_msgs/lib:${LD_LIBRARY_PATH} PYTHONPATH=/ros2_ws/install/pendulum2_msgs/local/lib/python3.10/dist-packages:${PYTHONPATH} /usr/bin/cmake --build /ros2_ws/build/pendulum_state_publisher -- -j8 -l8
[6.492s] [ 50%] [32mBuilding CXX object CMakeFiles/pendulum_state_publisher.dir/pendulum_state_publisher.cpp.o[0m
[30.413s] [100%] [32m[1mLinking CXX executable pendulum_state_publisher[0m
[30.884s] [100%] Built target pendulum_state_publisher
[30.949s] Invoked command in '/ros2_ws/build/pendulum_state_publisher' returned '0': AMENT_PREFIX_PATH=/ros2_ws/install/pendulum2_msgs:${AMENT_PREFIX_PATH} CMAKE_PREFIX_PATH=/ros2_ws/install/pendulum2_msgs:/opt/ros/humble LD_LIBRARY_PATH=/ros2_ws/install/pendulum2_msgs/lib:${LD_LIBRARY_PATH} PYTHONPATH=/ros2_ws/install/pendulum2_msgs/local/lib/python3.10/dist-packages:${PYTHONPATH} /usr/bin/cmake --build /ros2_ws/build/pendulum_state_publisher -- -j8 -l8
[30.950s] Invoking command in '/ros2_ws/build/pendulum_state_publisher': AMENT_PREFIX_PATH=/ros2_ws/install/pendulum2_msgs:${AMENT_PREFIX_PATH} CMAKE_PREFIX_PATH=/ros2_ws/install/pendulum2_msgs:/opt/ros/humble LD_LIBRARY_PATH=/ros2_ws/install/pendulum2_msgs/lib:${LD_LIBRARY_PATH} PYTHONPATH=/ros2_ws/install/pendulum2_msgs/local/lib/python3.10/dist-packages:${PYTHONPATH} /usr/bin/cmake --install /ros2_ws/build/pendulum_state_publisher
[50.348s] -- Install configuration: "Release"
[50.348s] -- Execute custom install script
[50.349s] -- Symlinking: /ros2_ws/install/pendulum_state_publisher/lib/pendulum_state_publisher/pendulum_state_publisher
[50.349s] -- Symlinking: /ros2_ws/install/pendulum_state_publisher/share/ament_index/resource_index/package_run_dependencies/pendulum_state_publisher
[50.349s] -- Symlinking: /ros2_ws/install/pendulum_state_publisher/share/ament_index/resource_index/parent_prefix_path/pendulum_state_publisher
[50.352s] -- Symlinking: /ros2_ws/install/pendulum_state_publisher/share/pendulum_state_publisher/environment/ament_prefix_path.sh
[50.352s] -- Symlinking: /ros2_ws/install/pendulum_state_publisher/share/pendulum_state_publisher/environment/ament_prefix_path.dsv
[50.352s] -- Symlinking: /ros2_ws/install/pendulum_state_publisher/share/pendulum_state_publisher/environment/path.sh
[50.352s] -- Symlinking: /ros2_ws/install/pendulum_state_publisher/share/pendulum_state_publisher/environment/path.dsv
[50.353s] -- Symlinking: /ros2_ws/install/pendulum_state_publisher/share/pendulum_state_publisher/local_setup.bash
[50.353s] -- Symlinking: /ros2_ws/install/pendulum_state_publisher/share/pendulum_state_publisher/local_setup.sh
[50.353s] -- Symlinking: /ros2_ws/install/pendulum_state_publisher/share/pendulum_state_publisher/local_setup.zsh
[50.353s] -- Symlinking: /ros2_ws/install/pendulum_state_publisher/share/pendulum_state_publisher/local_setup.dsv
[50.353s] -- Symlinking: /ros2_ws/install/pendulum_state_publisher/share/pendulum_state_publisher/package.dsv
[50.353s] -- Symlinking: /ros2_ws/install/pendulum_state_publisher/share/ament_index/resource_index/packages/pendulum_state_publisher
[50.354s] -- Symlinking: /ros2_ws/install/pendulum_state_publisher/share/pendulum_state_publisher/cmake/pendulum_state_publisherConfig.cmake
[50.354s] -- Symlinking: /ros2_ws/install/pendulum_state_publisher/share/pendulum_state_publisher/cmake/pendulum_state_publisherConfig-version.cmake
[50.354s] -- Symlinking: /ros2_ws/install/pendulum_state_publisher/share/pendulum_state_publisher/package.xml
[50.369s] Invoked command in '/ros2_ws/build/pendulum_state_publisher' returned '0': AMENT_PREFIX_PATH=/ros2_ws/install/pendulum2_msgs:${AMENT_PREFIX_PATH} CMAKE_PREFIX_PATH=/ros2_ws/install/pendulum2_msgs:/opt/ros/humble LD_LIBRARY_PATH=/ros2_ws/install/pendulum2_msgs/lib:${LD_LIBRARY_PATH} PYTHONPATH=/ros2_ws/install/pendulum2_msgs/local/lib/python3.10/dist-packages:${PYTHONPATH} /usr/bin/cmake --install /ros2_ws/build/pendulum_state_publisher
