-- The C compiler identification is GNU 11.4.0
-- The CXX compiler identification is GNU 11.4.0
-- Detecting C compiler ABI info
-- Detecting C compiler ABI info - done
-- Check for working C compiler: /usr/bin/cc - skipped
-- Detecting C compile features
-- Detecting C compile features - done
-- Detecting CXX compiler ABI info
-- Detecting CXX compiler ABI info - done
-- Check for working CXX compiler: /usr/bin/c++ - skipped
-- Detecting CXX compile features
-- Detecting CXX compile features - done
-- Found ament_cmake: 1.3.12 (/opt/ros/humble/share/ament_cmake/cmake)
-- Found Python3: /usr/bin/python3 (found version "3.10.12") found components: Interpreter 
-- Override CMake install command with custom implementation using symlinks instead of copying resources
-- Found ament_lint_auto: 0.12.14 (/opt/ros/humble/share/ament_lint_auto/cmake)
-- Found rosidl_default_generators: 1.2.0 (/opt/ros/humble/share/rosidl_default_generators/cmake)
-- Using all available rosidl_typesupport_c: rosidl_typesupport_fastrtps_c;rosidl_typesupport_introspection_c
-- Found rosidl_adapter: 3.1.7 (/opt/ros/humble/share/rosidl_adapter/cmake)
-- Using all available rosidl_typesupport_cpp: rosidl_typesupport_fastrtps_cpp;rosidl_typesupport_introspection_cpp
-- Found ament_cmake_ros: 0.10.0 (/opt/ros/humble/share/ament_cmake_ros/cmake)
-- Using all available rosidl_typesupport_c: rosidl_typesupport_fastrtps_c;rosidl_typesupport_introspection_c
-- Using all available rosidl_typesupport_cpp: rosidl_typesupport_fastrtps_cpp;rosidl_typesupport_introspection_cpp
-- Found PythonInterp: /usr/bin/python3 (found suitable version "3.10.12", minimum required is "3.6") 
-- Found python_cmake_module: 0.10.0 (/opt/ros/humble/share/python_cmake_module/cmake)
-- Found PythonLibs: /usr/lib/x86_64-linux-gnu/libpython3.10.so (found suitable version "3.10.12", minimum required is "3.5") 
-- Using PYTHON_EXECUTABLE: /usr/bin/python3
-- Using PYTHON_INCLUDE_DIRS: /usr/include/python3.10
-- Using PYTHON_LIBRARIES: /usr/lib/x86_64-linux-gnu/libpython3.10.so
-- Found PythonExtra: .so  
-- Added test 'copyright' to check source files copyright and LICENSE
-- Added test 'lint_cmake' to check CMake code style
-- Added test 'xmllint' to check XML markup files
-- Configuring done
-- Generating done
-- Build files have been written to: /ros2_ws/build/objectpose_msgs
[  3%] [34m[1mGenerating C code for ROS interfaces[0m
[  6%] [34m[1mGenerating C++ code for ROS interfaces[0m
[  6%] Built target ament_cmake_python_symlink_objectpose_msgs
[  9%] [32mBuilding C object CMakeFiles/objectpose_msgs__rosidl_generator_c.dir/rosidl_generator_c/objectpose_msgs/msg/detail/object_pose__functions.c.o[0m
running egg_info
creating objectpose_msgs.egg-info
writing objectpose_msgs.egg-info/PKG-INFO
writing dependency_links to objectpose_msgs.egg-info/dependency_links.txt
writing top-level names to objectpose_msgs.egg-info/top_level.txt
writing manifest file 'objectpose_msgs.egg-info/SOURCES.txt'
reading manifest file 'objectpose_msgs.egg-info/SOURCES.txt'
writing manifest file 'objectpose_msgs.egg-info/SOURCES.txt'
[  9%] Built target objectpose_msgs__cpp
[ 12%] [34m[1mGenerating C++ type support dispatch for ROS interfaces[0m
[ 16%] [34m[1mGenerating C++ introspection for ROS interfaces[0m
[ 19%] [34m[1mGenerating C++ type support for eProsima Fast-RTPS[0m
[ 19%] Built target ament_cmake_python_build_objectpose_msgs_egg
[ 22%] [32m[1mLinking C shared library libobjectpose_msgs__rosidl_generator_c.so[0m
[ 22%] Built target objectpose_msgs__rosidl_generator_c
[ 25%] [34m[1mGenerating C type support dispatch for ROS interfaces[0m
[ 29%] [34m[1mGenerating C type support for eProsima Fast-RTPS[0m
[ 32%] [34m[1mGenerating C introspection for ROS interfaces[0m
[ 35%] [32mBuilding CXX object CMakeFiles/objectpose_msgs__rosidl_typesupport_introspection_cpp.dir/rosidl_typesupport_introspection_cpp/objectpose_msgs/msg/detail/object_pose__type_support.cpp.o[0m
[ 38%] [32mBuilding CXX object CMakeFiles/objectpose_msgs__rosidl_typesupport_cpp.dir/rosidl_typesupport_cpp/objectpose_msgs/msg/object_pose__type_support.cpp.o[0m
[ 41%] [32mBuilding CXX object CMakeFiles/objectpose_msgs__rosidl_typesupport_fastrtps_cpp.dir/rosidl_typesupport_fastrtps_cpp/objectpose_msgs/msg/detail/dds_fastrtps/object_pose__type_support.cpp.o[0m
[ 45%] [32mBuilding C object CMakeFiles/objectpose_msgs__rosidl_typesupport_introspection_c.dir/rosidl_typesupport_introspection_c/objectpose_msgs/msg/detail/object_pose__type_support.c.o[0m
[ 48%] [32mBuilding CXX object CMakeFiles/objectpose_msgs__rosidl_typesupport_c.dir/rosidl_typesupport_c/objectpose_msgs/msg/object_pose__type_support.cpp.o[0m
[ 51%] [32m[1mLinking C shared library libobjectpose_msgs__rosidl_typesupport_introspection_c.so[0m
[ 54%] [32mBuilding CXX object CMakeFiles/objectpose_msgs__rosidl_typesupport_fastrtps_c.dir/rosidl_typesupport_fastrtps_c/objectpose_msgs/msg/detail/object_pose__type_support_c.cpp.o[0m
[ 58%] [32m[1mLinking CXX shared library libobjectpose_msgs__rosidl_typesupport_c.so[0m
[ 58%] Built target objectpose_msgs__rosidl_typesupport_introspection_c
[ 58%] Built target objectpose_msgs__rosidl_typesupport_c
[ 61%] [32m[1mLinking CXX shared library libobjectpose_msgs__rosidl_typesupport_cpp.so[0m
[ 64%] [32m[1mLinking CXX shared library libobjectpose_msgs__rosidl_typesupport_fastrtps_cpp.so[0m
[ 67%] [32m[1mLinking CXX shared library libobjectpose_msgs__rosidl_typesupport_introspection_cpp.so[0m
[ 67%] Built target objectpose_msgs__rosidl_typesupport_cpp
[ 67%] Built target objectpose_msgs__rosidl_typesupport_fastrtps_cpp
[ 67%] Built target objectpose_msgs__rosidl_typesupport_introspection_cpp
[ 70%] [32m[1mLinking CXX shared library libobjectpose_msgs__rosidl_typesupport_fastrtps_c.so[0m
[ 70%] Built target objectpose_msgs__rosidl_typesupport_fastrtps_c
[ 70%] Built target objectpose_msgs
[ 74%] [34m[1mGenerating Python code for ROS interfaces[0m
[ 74%] Built target objectpose_msgs__py
[ 77%] [32mBuilding C object CMakeFiles/objectpose_msgs__rosidl_generator_py.dir/rosidl_generator_py/objectpose_msgs/msg/_object_pose_s.c.o[0m
[ 80%] [32m[1mLinking C shared library rosidl_generator_py/objectpose_msgs/libobjectpose_msgs__rosidl_generator_py.so[0m
[ 80%] Built target objectpose_msgs__rosidl_generator_py
[ 83%] [32mBuilding C object CMakeFiles/objectpose_msgs__rosidl_typesupport_fastrtps_c__pyext.dir/rosidl_generator_py/objectpose_msgs/_objectpose_msgs_s.ep.rosidl_typesupport_fastrtps_c.c.o[0m
[ 87%] [32mBuilding C object CMakeFiles/objectpose_msgs__rosidl_typesupport_introspection_c__pyext.dir/rosidl_generator_py/objectpose_msgs/_objectpose_msgs_s.ep.rosidl_typesupport_introspection_c.c.o[0m
[ 90%] [32mBuilding C object CMakeFiles/objectpose_msgs__rosidl_typesupport_c__pyext.dir/rosidl_generator_py/objectpose_msgs/_objectpose_msgs_s.ep.rosidl_typesupport_c.c.o[0m
[ 93%] [32m[1mLinking C shared library rosidl_generator_py/objectpose_msgs/objectpose_msgs_s__rosidl_typesupport_fastrtps_c.cpython-310-x86_64-linux-gnu.so[0m
[ 93%] Built target objectpose_msgs__rosidl_typesupport_fastrtps_c__pyext
[ 96%] [32m[1mLinking C shared library rosidl_generator_py/objectpose_msgs/objectpose_msgs_s__rosidl_typesupport_c.cpython-310-x86_64-linux-gnu.so[0m
[100%] [32m[1mLinking C shared library rosidl_generator_py/objectpose_msgs/objectpose_msgs_s__rosidl_typesupport_introspection_c.cpython-310-x86_64-linux-gnu.so[0m
[100%] Built target objectpose_msgs__rosidl_typesupport_introspection_c__pyext
[100%] Built target objectpose_msgs__rosidl_typesupport_c__pyext
-- Install configuration: "Release"
-- Execute custom install script
-- Symlinking: /ros2_ws/install/objectpose_msgs/share/objectpose_msgs/msg/ObjectPose.msg
-- Symlinking: /ros2_ws/install/objectpose_msgs/share/ament_index/resource_index/rosidl_interfaces/objectpose_msgs
-- Symlinking: /ros2_ws/install/objectpose_msgs/include/objectpose_msgs/objectpose_msgs/msg/detail/object_pose__functions.h
-- Symlinking: /ros2_ws/install/objectpose_msgs/include/objectpose_msgs/objectpose_msgs/msg/detail/object_pose__struct.h
-- Symlinking: /ros2_ws/install/objectpose_msgs/include/objectpose_msgs/objectpose_msgs/msg/detail/object_pose__type_support.h
-- Symlinking: /ros2_ws/install/objectpose_msgs/include/objectpose_msgs/objectpose_msgs/msg/object_pose.h
-- Symlinking: /ros2_ws/install/objectpose_msgs/include/objectpose_msgs/objectpose_msgs/msg/rosidl_generator_c__visibility_control.h
-- Symlinking: /ros2_ws/install/objectpose_msgs/share/objectpose_msgs/environment/library_path.sh
-- Symlinking: /ros2_ws/install/objectpose_msgs/share/objectpose_msgs/environment/library_path.dsv
-- Symlinking: /ros2_ws/install/objectpose_msgs/include/objectpose_msgs/objectpose_msgs/msg/detail/object_pose__rosidl_typesupport_fastrtps_c.h
-- Symlinking: /ros2_ws/install/objectpose_msgs/include/objectpose_msgs/objectpose_msgs/msg/rosidl_typesupport_fastrtps_c__visibility_control.h
-- Symlinking: /ros2_ws/install/objectpose_msgs/include/objectpose_msgs/objectpose_msgs/msg/detail/object_pose__rosidl_typesupport_introspection_c.h
-- Symlinking: /ros2_ws/install/objectpose_msgs/include/objectpose_msgs/objectpose_msgs/msg/rosidl_typesupport_introspection_c__visibility_control.h
-- Symlinking: /ros2_ws/install/objectpose_msgs/include/objectpose_msgs/objectpose_msgs/msg/detail/object_pose__builder.hpp
-- Symlinking: /ros2_ws/install/objectpose_msgs/include/objectpose_msgs/objectpose_msgs/msg/detail/object_pose__struct.hpp
-- Symlinking: /ros2_ws/install/objectpose_msgs/include/objectpose_msgs/objectpose_msgs/msg/detail/object_pose__traits.hpp
-- Symlinking: /ros2_ws/install/objectpose_msgs/include/objectpose_msgs/objectpose_msgs/msg/detail/object_pose__type_support.hpp
-- Symlinking: /ros2_ws/install/objectpose_msgs/include/objectpose_msgs/objectpose_msgs/msg/object_pose.hpp
-- Symlinking: /ros2_ws/install/objectpose_msgs/include/objectpose_msgs/objectpose_msgs/msg/rosidl_generator_cpp__visibility_control.hpp
-- Symlinking: /ros2_ws/install/objectpose_msgs/include/objectpose_msgs/objectpose_msgs/msg/detail/object_pose__rosidl_typesupport_fastrtps_cpp.hpp
-- Symlinking: /ros2_ws/install/objectpose_msgs/include/objectpose_msgs/objectpose_msgs/msg/rosidl_typesupport_fastrtps_cpp__visibility_control.h
-- Symlinking: /ros2_ws/install/objectpose_msgs/include/objectpose_msgs/objectpose_msgs/msg/detail/object_pose__rosidl_typesupport_introspection_cpp.hpp
-- Symlinking: /ros2_ws/install/objectpose_msgs/share/objectpose_msgs/environment/pythonpath.sh
-- Symlinking: /ros2_ws/install/objectpose_msgs/share/objectpose_msgs/environment/pythonpath.dsv
-- Symlinking: /ros2_ws/install/objectpose_msgs/local/lib/python3.10/dist-packages/objectpose_msgs-0.0.0-py3.10.egg-info/PKG-INFO
-- Symlinking: /ros2_ws/install/objectpose_msgs/local/lib/python3.10/dist-packages/objectpose_msgs-0.0.0-py3.10.egg-info/SOURCES.txt
-- Symlinking: /ros2_ws/install/objectpose_msgs/local/lib/python3.10/dist-packages/objectpose_msgs-0.0.0-py3.10.egg-info/dependency_links.txt
-- Symlinking: /ros2_ws/install/objectpose_msgs/local/lib/python3.10/dist-packages/objectpose_msgs-0.0.0-py3.10.egg-info/top_level.txt
-- Symlinking: /ros2_ws/install/objectpose_msgs/local/lib/python3.10/dist-packages/objectpose_msgs/__init__.py
-- Symlinking: /ros2_ws/install/objectpose_msgs/local/lib/python3.10/dist-packages/objectpose_msgs/_objectpose_msgs_s.ep.rosidl_typesupport_c.c
-- Symlinking: /ros2_ws/install/objectpose_msgs/local/lib/python3.10/dist-packages/objectpose_msgs/_objectpose_msgs_s.ep.rosidl_typesupport_fastrtps_c.c
-- Symlinking: /ros2_ws/install/objectpose_msgs/local/lib/python3.10/dist-packages/objectpose_msgs/_objectpose_msgs_s.ep.rosidl_typesupport_introspection_c.c
-- Symlinking: /ros2_ws/install/objectpose_msgs/local/lib/python3.10/dist-packages/objectpose_msgs/libobjectpose_msgs__rosidl_generator_py.so
-- Symlinking: /ros2_ws/install/objectpose_msgs/local/lib/python3.10/dist-packages/objectpose_msgs/msg/__init__.py
-- Symlinking: /ros2_ws/install/objectpose_msgs/local/lib/python3.10/dist-packages/objectpose_msgs/msg/_object_pose.py
-- Symlinking: /ros2_ws/install/objectpose_msgs/local/lib/python3.10/dist-packages/objectpose_msgs/msg/_object_pose_s.c
-- Symlinking: /ros2_ws/install/objectpose_msgs/local/lib/python3.10/dist-packages/objectpose_msgs/objectpose_msgs_s__rosidl_typesupport_c.cpython-310-x86_64-linux-gnu.so
-- Symlinking: /ros2_ws/install/objectpose_msgs/local/lib/python3.10/dist-packages/objectpose_msgs/objectpose_msgs_s__rosidl_typesupport_fastrtps_c.cpython-310-x86_64-linux-gnu.so
-- Symlinking: /ros2_ws/install/objectpose_msgs/local/lib/python3.10/dist-packages/objectpose_msgs/objectpose_msgs_s__rosidl_typesupport_introspection_c.cpython-310-x86_64-linux-gnu.so
-- Up-to-date symlink: /ros2_ws/install/objectpose_msgs/local/lib/python3.10/dist-packages/objectpose_msgs/objectpose_msgs_s__rosidl_typesupport_fastrtps_c.cpython-310-x86_64-linux-gnu.so
-- Up-to-date symlink: /ros2_ws/install/objectpose_msgs/local/lib/python3.10/dist-packages/objectpose_msgs/objectpose_msgs_s__rosidl_typesupport_introspection_c.cpython-310-x86_64-linux-gnu.so
-- Up-to-date symlink: /ros2_ws/install/objectpose_msgs/local/lib/python3.10/dist-packages/objectpose_msgs/objectpose_msgs_s__rosidl_typesupport_c.cpython-310-x86_64-linux-gnu.so
-- Symlinking: /ros2_ws/install/objectpose_msgs/share/objectpose_msgs/msg/ObjectPose.idl
-- Up-to-date symlink: /ros2_ws/install/objectpose_msgs/share/objectpose_msgs/msg/ObjectPose.msg
-- Symlinking: /ros2_ws/install/objectpose_msgs/share/ament_index/resource_index/package_run_dependencies/objectpose_msgs
-- Symlinking: /ros2_ws/install/objectpose_msgs/share/ament_index/resource_index/parent_prefix_path/objectpose_msgs
-- Symlinking: /ros2_ws/install/objectpose_msgs/share/objectpose_msgs/environment/ament_prefix_path.sh
-- Symlinking: /ros2_ws/install/objectpose_msgs/share/objectpose_msgs/environment/ament_prefix_path.dsv
-- Symlinking: /ros2_ws/install/objectpose_msgs/share/objectpose_msgs/environment/path.sh
-- Symlinking: /ros2_ws/install/objectpose_msgs/share/objectpose_msgs/environment/path.dsv
-- Symlinking: /ros2_ws/install/objectpose_msgs/share/objectpose_msgs/local_setup.bash
-- Symlinking: /ros2_ws/install/objectpose_msgs/share/objectpose_msgs/local_setup.sh
-- Symlinking: /ros2_ws/install/objectpose_msgs/share/objectpose_msgs/local_setup.zsh
-- Symlinking: /ros2_ws/install/objectpose_msgs/share/objectpose_msgs/local_setup.dsv
-- Symlinking: /ros2_ws/install/objectpose_msgs/share/objectpose_msgs/package.dsv
-- Symlinking: /ros2_ws/install/objectpose_msgs/share/ament_index/resource_index/packages/objectpose_msgs
-- Symlinking: /ros2_ws/install/objectpose_msgs/share/objectpose_msgs/cmake/rosidl_cmake-extras.cmake
-- Symlinking: /ros2_ws/install/objectpose_msgs/share/objectpose_msgs/cmake/ament_cmake_export_include_directories-extras.cmake
-- Symlinking: /ros2_ws/install/objectpose_msgs/share/objectpose_msgs/cmake/ament_cmake_export_libraries-extras.cmake
-- Symlinking: /ros2_ws/install/objectpose_msgs/share/objectpose_msgs/cmake/ament_cmake_export_targets-extras.cmake
-- Symlinking: /ros2_ws/install/objectpose_msgs/share/objectpose_msgs/cmake/rosidl_cmake_export_typesupport_targets-extras.cmake
-- Symlinking: /ros2_ws/install/objectpose_msgs/share/objectpose_msgs/cmake/ament_cmake_export_dependencies-extras.cmake
-- Symlinking: /ros2_ws/install/objectpose_msgs/share/objectpose_msgs/cmake/rosidl_cmake_export_typesupport_libraries-extras.cmake
-- Symlinking: /ros2_ws/install/objectpose_msgs/share/objectpose_msgs/cmake/objectpose_msgsConfig.cmake
-- Symlinking: /ros2_ws/install/objectpose_msgs/share/objectpose_msgs/cmake/objectpose_msgsConfig-version.cmake
-- Symlinking: /ros2_ws/install/objectpose_msgs/share/objectpose_msgs/package.xml
-- Installing: /ros2_ws/install/objectpose_msgs/lib/libobjectpose_msgs__rosidl_generator_c.so
-- Set runtime path of "/ros2_ws/install/objectpose_msgs/lib/libobjectpose_msgs__rosidl_generator_c.so" to ""
-- Installing: /ros2_ws/install/objectpose_msgs/lib/libobjectpose_msgs__rosidl_typesupport_fastrtps_c.so
-- Set runtime path of "/ros2_ws/install/objectpose_msgs/lib/libobjectpose_msgs__rosidl_typesupport_fastrtps_c.so" to ""
-- Installing: /ros2_ws/install/objectpose_msgs/lib/libobjectpose_msgs__rosidl_typesupport_introspection_c.so
-- Set runtime path of "/ros2_ws/install/objectpose_msgs/lib/libobjectpose_msgs__rosidl_typesupport_introspection_c.so" to ""
-- Installing: /ros2_ws/install/objectpose_msgs/lib/libobjectpose_msgs__rosidl_typesupport_c.so
-- Set runtime path of "/ros2_ws/install/objectpose_msgs/lib/libobjectpose_msgs__rosidl_typesupport_c.so" to ""
-- Installing: /ros2_ws/install/objectpose_msgs/lib/libobjectpose_msgs__rosidl_typesupport_fastrtps_cpp.so
-- Set runtime path of "/ros2_ws/install/objectpose_msgs/lib/libobjectpose_msgs__rosidl_typesupport_fastrtps_cpp.so" to ""
-- Installing: /ros2_ws/install/objectpose_msgs/lib/libobjectpose_msgs__rosidl_typesupport_introspection_cpp.so
-- Set runtime path of "/ros2_ws/install/objectpose_msgs/lib/libobjectpose_msgs__rosidl_typesupport_introspection_cpp.so" to ""
-- Installing: /ros2_ws/install/objectpose_msgs/lib/libobjectpose_msgs__rosidl_typesupport_cpp.so
-- Set runtime path of "/ros2_ws/install/objectpose_msgs/lib/libobjectpose_msgs__rosidl_typesupport_cpp.so" to ""
Listing '/ros2_ws/install/objectpose_msgs/local/lib/python3.10/dist-packages/objectpose_msgs'...
Compiling '/ros2_ws/install/objectpose_msgs/local/lib/python3.10/dist-packages/objectpose_msgs/__init__.py'...
Listing '/ros2_ws/install/objectpose_msgs/local/lib/python3.10/dist-packages/objectpose_msgs/msg'...
Compiling '/ros2_ws/install/objectpose_msgs/local/lib/python3.10/dist-packages/objectpose_msgs/msg/__init__.py'...
Compiling '/ros2_ws/install/objectpose_msgs/local/lib/python3.10/dist-packages/objectpose_msgs/msg/_object_pose.py'...
-- Installing: /ros2_ws/install/objectpose_msgs/lib/libobjectpose_msgs__rosidl_generator_py.so
-- Set runtime path of "/ros2_ws/install/objectpose_msgs/lib/libobjectpose_msgs__rosidl_generator_py.so" to ""
-- Installing: /ros2_ws/install/objectpose_msgs/share/objectpose_msgs/cmake/export_objectpose_msgs__rosidl_generator_cExport.cmake
-- Installing: /ros2_ws/install/objectpose_msgs/share/objectpose_msgs/cmake/export_objectpose_msgs__rosidl_generator_cExport-release.cmake
-- Installing: /ros2_ws/install/objectpose_msgs/share/objectpose_msgs/cmake/export_objectpose_msgs__rosidl_typesupport_fastrtps_cExport.cmake
-- Installing: /ros2_ws/install/objectpose_msgs/share/objectpose_msgs/cmake/export_objectpose_msgs__rosidl_typesupport_fastrtps_cExport-release.cmake
-- Installing: /ros2_ws/install/objectpose_msgs/share/objectpose_msgs/cmake/objectpose_msgs__rosidl_typesupport_introspection_cExport.cmake
-- Installing: /ros2_ws/install/objectpose_msgs/share/objectpose_msgs/cmake/objectpose_msgs__rosidl_typesupport_introspection_cExport-release.cmake
-- Installing: /ros2_ws/install/objectpose_msgs/share/objectpose_msgs/cmake/objectpose_msgs__rosidl_typesupport_cExport.cmake
-- Installing: /ros2_ws/install/objectpose_msgs/share/objectpose_msgs/cmake/objectpose_msgs__rosidl_typesupport_cExport-release.cmake
-- Installing: /ros2_ws/install/objectpose_msgs/share/objectpose_msgs/cmake/export_objectpose_msgs__rosidl_generator_cppExport.cmake
-- Installing: /ros2_ws/install/objectpose_msgs/share/objectpose_msgs/cmake/export_objectpose_msgs__rosidl_typesupport_fastrtps_cppExport.cmake
-- Installing: /ros2_ws/install/objectpose_msgs/share/objectpose_msgs/cmake/export_objectpose_msgs__rosidl_typesupport_fastrtps_cppExport-release.cmake
-- Installing: /ros2_ws/install/objectpose_msgs/share/objectpose_msgs/cmake/objectpose_msgs__rosidl_typesupport_introspection_cppExport.cmake
-- Installing: /ros2_ws/install/objectpose_msgs/share/objectpose_msgs/cmake/objectpose_msgs__rosidl_typesupport_introspection_cppExport-release.cmake
-- Installing: /ros2_ws/install/objectpose_msgs/share/objectpose_msgs/cmake/objectpose_msgs__rosidl_typesupport_cppExport.cmake
-- Installing: /ros2_ws/install/objectpose_msgs/share/objectpose_msgs/cmake/objectpose_msgs__rosidl_typesupport_cppExport-release.cmake
-- Installing: /ros2_ws/install/objectpose_msgs/share/objectpose_msgs/cmake/export_objectpose_msgs__rosidl_generator_pyExport.cmake
-- Installing: /ros2_ws/install/objectpose_msgs/share/objectpose_msgs/cmake/export_objectpose_msgs__rosidl_generator_pyExport-release.cmake
