[0.046s] Invoking command in '/ros2_ws/build/objectpose_msgs': CMAKE_PREFIX_PATH=/opt/ros/humble /usr/bin/cmake /ros2_ws/src/IFRA_ObjectPose/objectpose_msgs -DCMAKE_BUILD_TYPE=Release -DAMENT_CMAKE_SYMLINK_INSTALL=1 -DCMAKE_INSTALL_PREFIX=/ros2_ws/install/objectpose_msgs
[0.398s] -- The C compiler identification is GNU 11.4.0
[0.568s] -- The CXX compiler identification is GNU 11.4.0
[0.591s] -- Detecting C compiler ABI info
[0.728s] -- Detecting C compiler ABI info - done
[0.750s] -- Check for working C compiler: /usr/bin/cc - skipped
[0.751s] -- Detecting C compile features
[0.752s] -- Detecting C compile features - done
[0.758s] -- Detecting CXX compiler ABI info
[0.908s] -- Detecting CXX compiler ABI info - done
[0.929s] -- Check for working CXX compiler: /usr/bin/c++ - skipped
[0.930s] -- Detecting CXX compile features
[0.931s] -- Detecting CXX compile features - done
[0.939s] -- Found ament_cmake: 1.3.12 (/opt/ros/humble/share/ament_cmake/cmake)
[1.380s] -- Found Python3: /usr/bin/python3 (found version "3.10.12") found components: Interpreter 
[1.649s] -- Override CMake install command with custom implementation using symlinks instead of copying resources
[1.764s] -- Found ament_lint_auto: 0.12.14 (/opt/ros/humble/share/ament_lint_auto/cmake)
[2.028s] -- Found rosidl_default_generators: 1.2.0 (/opt/ros/humble/share/rosidl_default_generators/cmake)
[2.041s] -- Using all available rosidl_typesupport_c: rosidl_typesupport_fastrtps_c;rosidl_typesupport_introspection_c
[2.061s] -- Found rosidl_adapter: 3.1.7 (/opt/ros/humble/share/rosidl_adapter/cmake)
[2.146s] -- Using all available rosidl_typesupport_cpp: rosidl_typesupport_fastrtps_cpp;rosidl_typesupport_introspection_cpp
[2.597s] -- Found ament_cmake_ros: 0.10.0 (/opt/ros/humble/share/ament_cmake_ros/cmake)
[2.968s] -- Using all available rosidl_typesupport_c: rosidl_typesupport_fastrtps_c;rosidl_typesupport_introspection_c
[3.423s] -- Using all available rosidl_typesupport_cpp: rosidl_typesupport_fastrtps_cpp;rosidl_typesupport_introspection_cpp
[3.469s] -- Found PythonInterp: /usr/bin/python3 (found suitable version "3.10.12", minimum required is "3.6") 
[3.475s] -- Found python_cmake_module: 0.10.0 (/opt/ros/humble/share/python_cmake_module/cmake)
[3.526s] -- Found PythonLibs: /usr/lib/x86_64-linux-gnu/libpython3.10.so (found suitable version "3.10.12", minimum required is "3.5") 
[3.527s] -- Using PYTHON_EXECUTABLE: /usr/bin/python3
[3.527s] -- Using PYTHON_INCLUDE_DIRS: /usr/include/python3.10
[3.527s] -- Using PYTHON_LIBRARIES: /usr/lib/x86_64-linux-gnu/libpython3.10.so
[3.576s] -- Found PythonExtra: .so  
[3.648s] -- Added test 'copyright' to check source files copyright and LICENSE
[3.651s] -- Added test 'lint_cmake' to check CMake code style
[3.653s] -- Added test 'xmllint' to check XML markup files
[3.664s] -- Configuring done
[3.720s] -- Generating done
[3.750s] -- Build files have been written to: /ros2_ws/build/objectpose_msgs
[3.779s] Invoked command in '/ros2_ws/build/objectpose_msgs' returned '0': CMAKE_PREFIX_PATH=/opt/ros/humble /usr/bin/cmake /ros2_ws/src/IFRA_ObjectPose/objectpose_msgs -DCMAKE_BUILD_TYPE=Release -DAMENT_CMAKE_SYMLINK_INSTALL=1 -DCMAKE_INSTALL_PREFIX=/ros2_ws/install/objectpose_msgs
[3.780s] Invoking command in '/ros2_ws/build/objectpose_msgs': CMAKE_PREFIX_PATH=/opt/ros/humble /usr/bin/cmake --build /ros2_ws/build/objectpose_msgs -- -j8 -l8
[4.691s] [  3%] [34m[1mGenerating C code for ROS interfaces[0m
[4.691s] [  6%] [34m[1mGenerating C++ code for ROS interfaces[0m
[4.691s] [  6%] Built target ament_cmake_python_symlink_objectpose_msgs
[4.972s] [  9%] [32mBuilding C object CMakeFiles/objectpose_msgs__rosidl_generator_c.dir/rosidl_generator_c/objectpose_msgs/msg/detail/object_pose__functions.c.o[0m
[5.159s] running egg_info
[5.159s] creating objectpose_msgs.egg-info
[5.160s] writing objectpose_msgs.egg-info/PKG-INFO
[5.160s] writing dependency_links to objectpose_msgs.egg-info/dependency_links.txt
[5.160s] writing top-level names to objectpose_msgs.egg-info/top_level.txt
[5.160s] writing manifest file 'objectpose_msgs.egg-info/SOURCES.txt'
[5.164s] reading manifest file 'objectpose_msgs.egg-info/SOURCES.txt'
[5.164s] writing manifest file 'objectpose_msgs.egg-info/SOURCES.txt'
[5.205s] [  9%] Built target objectpose_msgs__cpp
[5.240s] [ 12%] [34m[1mGenerating C++ type support dispatch for ROS interfaces[0m
[5.278s] [ 16%] [34m[1mGenerating C++ introspection for ROS interfaces[0m
[5.283s] [ 19%] [34m[1mGenerating C++ type support for eProsima Fast-RTPS[0m
[5.345s] [ 19%] Built target ament_cmake_python_build_objectpose_msgs_egg
[5.667s] [ 22%] [32m[1mLinking C shared library libobjectpose_msgs__rosidl_generator_c.so[0m
[5.858s] [ 22%] Built target objectpose_msgs__rosidl_generator_c
[5.915s] [ 25%] [34m[1mGenerating C type support dispatch for ROS interfaces[0m
[5.971s] [ 29%] [34m[1mGenerating C type support for eProsima Fast-RTPS[0m
[5.975s] [ 32%] [34m[1mGenerating C introspection for ROS interfaces[0m
[6.063s] [ 35%] [32mBuilding CXX object CMakeFiles/objectpose_msgs__rosidl_typesupport_introspection_cpp.dir/rosidl_typesupport_introspection_cpp/objectpose_msgs/msg/detail/object_pose__type_support.cpp.o[0m
[6.626s] [ 38%] [32mBuilding CXX object CMakeFiles/objectpose_msgs__rosidl_typesupport_cpp.dir/rosidl_typesupport_cpp/objectpose_msgs/msg/object_pose__type_support.cpp.o[0m
[6.741s] [ 41%] [32mBuilding CXX object CMakeFiles/objectpose_msgs__rosidl_typesupport_fastrtps_cpp.dir/rosidl_typesupport_fastrtps_cpp/objectpose_msgs/msg/detail/dds_fastrtps/object_pose__type_support.cpp.o[0m
[7.463s] [ 45%] [32mBuilding C object CMakeFiles/objectpose_msgs__rosidl_typesupport_introspection_c.dir/rosidl_typesupport_introspection_c/objectpose_msgs/msg/detail/object_pose__type_support.c.o[0m
[7.639s] [ 48%] [32mBuilding CXX object CMakeFiles/objectpose_msgs__rosidl_typesupport_c.dir/rosidl_typesupport_c/objectpose_msgs/msg/object_pose__type_support.cpp.o[0m
[7.731s] [ 51%] [32m[1mLinking C shared library libobjectpose_msgs__rosidl_typesupport_introspection_c.so[0m
[7.852s] [ 54%] [32mBuilding CXX object CMakeFiles/objectpose_msgs__rosidl_typesupport_fastrtps_c.dir/rosidl_typesupport_fastrtps_c/objectpose_msgs/msg/detail/object_pose__type_support_c.cpp.o[0m
[7.923s] [ 58%] [32m[1mLinking CXX shared library libobjectpose_msgs__rosidl_typesupport_c.so[0m
[7.940s] [ 58%] Built target objectpose_msgs__rosidl_typesupport_introspection_c
[8.261s] [ 58%] Built target objectpose_msgs__rosidl_typesupport_c
[8.446s] [ 61%] [32m[1mLinking CXX shared library libobjectpose_msgs__rosidl_typesupport_cpp.so[0m
[8.482s] [ 64%] [32m[1mLinking CXX shared library libobjectpose_msgs__rosidl_typesupport_fastrtps_cpp.so[0m
[8.484s] [ 67%] [32m[1mLinking CXX shared library libobjectpose_msgs__rosidl_typesupport_introspection_cpp.so[0m
[8.743s] [ 67%] Built target objectpose_msgs__rosidl_typesupport_cpp
[8.933s] [ 67%] Built target objectpose_msgs__rosidl_typesupport_fastrtps_cpp
[8.975s] [ 67%] Built target objectpose_msgs__rosidl_typesupport_introspection_cpp
[9.792s] [ 70%] [32m[1mLinking CXX shared library libobjectpose_msgs__rosidl_typesupport_fastrtps_c.so[0m
[10.380s] [ 70%] Built target objectpose_msgs__rosidl_typesupport_fastrtps_c
[10.548s] [ 70%] Built target objectpose_msgs
[10.724s] [ 74%] [34m[1mGenerating Python code for ROS interfaces[0m
[14.465s] [ 74%] Built target objectpose_msgs__py
[14.637s] [ 77%] [32mBuilding C object CMakeFiles/objectpose_msgs__rosidl_generator_py.dir/rosidl_generator_py/objectpose_msgs/msg/_object_pose_s.c.o[0m
[15.444s] [ 80%] [32m[1mLinking C shared library rosidl_generator_py/objectpose_msgs/libobjectpose_msgs__rosidl_generator_py.so[0m
[15.783s] [ 80%] Built target objectpose_msgs__rosidl_generator_py
[15.929s] [ 83%] [32mBuilding C object CMakeFiles/objectpose_msgs__rosidl_typesupport_fastrtps_c__pyext.dir/rosidl_generator_py/objectpose_msgs/_objectpose_msgs_s.ep.rosidl_typesupport_fastrtps_c.c.o[0m
[15.956s] [ 87%] [32mBuilding C object CMakeFiles/objectpose_msgs__rosidl_typesupport_introspection_c__pyext.dir/rosidl_generator_py/objectpose_msgs/_objectpose_msgs_s.ep.rosidl_typesupport_introspection_c.c.o[0m
[15.967s] [ 90%] [32mBuilding C object CMakeFiles/objectpose_msgs__rosidl_typesupport_c__pyext.dir/rosidl_generator_py/objectpose_msgs/_objectpose_msgs_s.ep.rosidl_typesupport_c.c.o[0m
[16.506s] [ 93%] [32m[1mLinking C shared library rosidl_generator_py/objectpose_msgs/objectpose_msgs_s__rosidl_typesupport_fastrtps_c.cpython-310-x86_64-linux-gnu.so[0m
[16.779s] [ 93%] Built target objectpose_msgs__rosidl_typesupport_fastrtps_c__pyext
[16.841s] [ 96%] [32m[1mLinking C shared library rosidl_generator_py/objectpose_msgs/objectpose_msgs_s__rosidl_typesupport_c.cpython-310-x86_64-linux-gnu.so[0m
[16.869s] [100%] [32m[1mLinking C shared library rosidl_generator_py/objectpose_msgs/objectpose_msgs_s__rosidl_typesupport_introspection_c.cpython-310-x86_64-linux-gnu.so[0m
[17.044s] [100%] Built target objectpose_msgs__rosidl_typesupport_introspection_c__pyext
[17.061s] [100%] Built target objectpose_msgs__rosidl_typesupport_c__pyext
[17.167s] Invoked command in '/ros2_ws/build/objectpose_msgs' returned '0': CMAKE_PREFIX_PATH=/opt/ros/humble /usr/bin/cmake --build /ros2_ws/build/objectpose_msgs -- -j8 -l8
[17.168s] Invoking command in '/ros2_ws/build/objectpose_msgs': CMAKE_PREFIX_PATH=/opt/ros/humble /usr/bin/cmake --install /ros2_ws/build/objectpose_msgs
[17.270s] -- Install configuration: "Release"
[17.270s] -- Execute custom install script
[17.270s] -- Symlinking: /ros2_ws/install/objectpose_msgs/share/objectpose_msgs/msg/ObjectPose.msg
[17.270s] -- Symlinking: /ros2_ws/install/objectpose_msgs/share/ament_index/resource_index/rosidl_interfaces/objectpose_msgs
[17.322s] -- Symlinking: /ros2_ws/install/objectpose_msgs/include/objectpose_msgs/objectpose_msgs/msg/detail/object_pose__functions.h
[17.407s] -- Symlinking: /ros2_ws/install/objectpose_msgs/include/objectpose_msgs/objectpose_msgs/msg/detail/object_pose__struct.h
[17.504s] -- Symlinking: /ros2_ws/install/objectpose_msgs/include/objectpose_msgs/objectpose_msgs/msg/detail/object_pose__type_support.h
[17.569s] -- Symlinking: /ros2_ws/install/objectpose_msgs/include/objectpose_msgs/objectpose_msgs/msg/object_pose.h
[17.657s] -- Symlinking: /ros2_ws/install/objectpose_msgs/include/objectpose_msgs/objectpose_msgs/msg/rosidl_generator_c__visibility_control.h
[17.708s] -- Symlinking: /ros2_ws/install/objectpose_msgs/share/objectpose_msgs/environment/library_path.sh
[17.763s] -- Symlinking: /ros2_ws/install/objectpose_msgs/share/objectpose_msgs/environment/library_path.dsv
[17.850s] -- Symlinking: /ros2_ws/install/objectpose_msgs/include/objectpose_msgs/objectpose_msgs/msg/detail/object_pose__rosidl_typesupport_fastrtps_c.h
[17.911s] -- Symlinking: /ros2_ws/install/objectpose_msgs/include/objectpose_msgs/objectpose_msgs/msg/rosidl_typesupport_fastrtps_c__visibility_control.h
[17.943s] -- Symlinking: /ros2_ws/install/objectpose_msgs/include/objectpose_msgs/objectpose_msgs/msg/detail/object_pose__rosidl_typesupport_introspection_c.h
[18.008s] -- Symlinking: /ros2_ws/install/objectpose_msgs/include/objectpose_msgs/objectpose_msgs/msg/rosidl_typesupport_introspection_c__visibility_control.h
[18.071s] -- Symlinking: /ros2_ws/install/objectpose_msgs/include/objectpose_msgs/objectpose_msgs/msg/detail/object_pose__builder.hpp
[18.119s] -- Symlinking: /ros2_ws/install/objectpose_msgs/include/objectpose_msgs/objectpose_msgs/msg/detail/object_pose__struct.hpp
[18.197s] -- Symlinking: /ros2_ws/install/objectpose_msgs/include/objectpose_msgs/objectpose_msgs/msg/detail/object_pose__traits.hpp
[18.263s] -- Symlinking: /ros2_ws/install/objectpose_msgs/include/objectpose_msgs/objectpose_msgs/msg/detail/object_pose__type_support.hpp
[18.306s] -- Symlinking: /ros2_ws/install/objectpose_msgs/include/objectpose_msgs/objectpose_msgs/msg/object_pose.hpp
[18.353s] -- Symlinking: /ros2_ws/install/objectpose_msgs/include/objectpose_msgs/objectpose_msgs/msg/rosidl_generator_cpp__visibility_control.hpp
[18.394s] -- Symlinking: /ros2_ws/install/objectpose_msgs/include/objectpose_msgs/objectpose_msgs/msg/detail/object_pose__rosidl_typesupport_fastrtps_cpp.hpp
[18.445s] -- Symlinking: /ros2_ws/install/objectpose_msgs/include/objectpose_msgs/objectpose_msgs/msg/rosidl_typesupport_fastrtps_cpp__visibility_control.h
[18.493s] -- Symlinking: /ros2_ws/install/objectpose_msgs/include/objectpose_msgs/objectpose_msgs/msg/detail/object_pose__rosidl_typesupport_introspection_cpp.hpp
[18.495s] -- Symlinking: /ros2_ws/install/objectpose_msgs/share/objectpose_msgs/environment/pythonpath.sh
[18.538s] -- Symlinking: /ros2_ws/install/objectpose_msgs/share/objectpose_msgs/environment/pythonpath.dsv
[18.546s] -- Symlinking: /ros2_ws/install/objectpose_msgs/local/lib/python3.10/dist-packages/objectpose_msgs-0.0.0-py3.10.egg-info/PKG-INFO
[18.589s] -- Symlinking: /ros2_ws/install/objectpose_msgs/local/lib/python3.10/dist-packages/objectpose_msgs-0.0.0-py3.10.egg-info/SOURCES.txt
[18.645s] -- Symlinking: /ros2_ws/install/objectpose_msgs/local/lib/python3.10/dist-packages/objectpose_msgs-0.0.0-py3.10.egg-info/dependency_links.txt
[18.695s] -- Symlinking: /ros2_ws/install/objectpose_msgs/local/lib/python3.10/dist-packages/objectpose_msgs-0.0.0-py3.10.egg-info/top_level.txt
[18.735s] -- Symlinking: /ros2_ws/install/objectpose_msgs/local/lib/python3.10/dist-packages/objectpose_msgs/__init__.py
[18.789s] -- Symlinking: /ros2_ws/install/objectpose_msgs/local/lib/python3.10/dist-packages/objectpose_msgs/_objectpose_msgs_s.ep.rosidl_typesupport_c.c
[18.837s] -- Symlinking: /ros2_ws/install/objectpose_msgs/local/lib/python3.10/dist-packages/objectpose_msgs/_objectpose_msgs_s.ep.rosidl_typesupport_fastrtps_c.c
[18.896s] -- Symlinking: /ros2_ws/install/objectpose_msgs/local/lib/python3.10/dist-packages/objectpose_msgs/_objectpose_msgs_s.ep.rosidl_typesupport_introspection_c.c
[18.940s] -- Symlinking: /ros2_ws/install/objectpose_msgs/local/lib/python3.10/dist-packages/objectpose_msgs/libobjectpose_msgs__rosidl_generator_py.so
[18.994s] -- Symlinking: /ros2_ws/install/objectpose_msgs/local/lib/python3.10/dist-packages/objectpose_msgs/msg/__init__.py
[19.076s] -- Symlinking: /ros2_ws/install/objectpose_msgs/local/lib/python3.10/dist-packages/objectpose_msgs/msg/_object_pose.py
[19.099s] -- Symlinking: /ros2_ws/install/objectpose_msgs/local/lib/python3.10/dist-packages/objectpose_msgs/msg/_object_pose_s.c
[19.133s] -- Symlinking: /ros2_ws/install/objectpose_msgs/local/lib/python3.10/dist-packages/objectpose_msgs/objectpose_msgs_s__rosidl_typesupport_c.cpython-310-x86_64-linux-gnu.so
[19.169s] -- Symlinking: /ros2_ws/install/objectpose_msgs/local/lib/python3.10/dist-packages/objectpose_msgs/objectpose_msgs_s__rosidl_typesupport_fastrtps_c.cpython-310-x86_64-linux-gnu.so
[19.196s] -- Symlinking: /ros2_ws/install/objectpose_msgs/local/lib/python3.10/dist-packages/objectpose_msgs/objectpose_msgs_s__rosidl_typesupport_introspection_c.cpython-310-x86_64-linux-gnu.so
[19.228s] -- Up-to-date symlink: /ros2_ws/install/objectpose_msgs/local/lib/python3.10/dist-packages/objectpose_msgs/objectpose_msgs_s__rosidl_typesupport_fastrtps_c.cpython-310-x86_64-linux-gnu.so
[19.230s] -- Up-to-date symlink: /ros2_ws/install/objectpose_msgs/local/lib/python3.10/dist-packages/objectpose_msgs/objectpose_msgs_s__rosidl_typesupport_introspection_c.cpython-310-x86_64-linux-gnu.so
[19.231s] -- Up-to-date symlink: /ros2_ws/install/objectpose_msgs/local/lib/python3.10/dist-packages/objectpose_msgs/objectpose_msgs_s__rosidl_typesupport_c.cpython-310-x86_64-linux-gnu.so
[19.231s] -- Symlinking: /ros2_ws/install/objectpose_msgs/share/objectpose_msgs/msg/ObjectPose.idl
[19.260s] -- Up-to-date symlink: /ros2_ws/install/objectpose_msgs/share/objectpose_msgs/msg/ObjectPose.msg
[19.261s] -- Symlinking: /ros2_ws/install/objectpose_msgs/share/ament_index/resource_index/package_run_dependencies/objectpose_msgs
[19.328s] -- Symlinking: /ros2_ws/install/objectpose_msgs/share/ament_index/resource_index/parent_prefix_path/objectpose_msgs
[19.366s] -- Symlinking: /ros2_ws/install/objectpose_msgs/share/objectpose_msgs/environment/ament_prefix_path.sh
[19.414s] -- Symlinking: /ros2_ws/install/objectpose_msgs/share/objectpose_msgs/environment/ament_prefix_path.dsv
[19.437s] -- Symlinking: /ros2_ws/install/objectpose_msgs/share/objectpose_msgs/environment/path.sh
[19.513s] -- Symlinking: /ros2_ws/install/objectpose_msgs/share/objectpose_msgs/environment/path.dsv
[19.560s] -- Symlinking: /ros2_ws/install/objectpose_msgs/share/objectpose_msgs/local_setup.bash
[19.589s] -- Symlinking: /ros2_ws/install/objectpose_msgs/share/objectpose_msgs/local_setup.sh
[19.650s] -- Symlinking: /ros2_ws/install/objectpose_msgs/share/objectpose_msgs/local_setup.zsh
[19.671s] -- Symlinking: /ros2_ws/install/objectpose_msgs/share/objectpose_msgs/local_setup.dsv
[19.719s] -- Symlinking: /ros2_ws/install/objectpose_msgs/share/objectpose_msgs/package.dsv
[19.735s] -- Symlinking: /ros2_ws/install/objectpose_msgs/share/ament_index/resource_index/packages/objectpose_msgs
[19.767s] -- Symlinking: /ros2_ws/install/objectpose_msgs/share/objectpose_msgs/cmake/rosidl_cmake-extras.cmake
[19.783s] -- Symlinking: /ros2_ws/install/objectpose_msgs/share/objectpose_msgs/cmake/ament_cmake_export_include_directories-extras.cmake
[19.822s] -- Symlinking: /ros2_ws/install/objectpose_msgs/share/objectpose_msgs/cmake/ament_cmake_export_libraries-extras.cmake
[19.877s] -- Symlinking: /ros2_ws/install/objectpose_msgs/share/objectpose_msgs/cmake/ament_cmake_export_targets-extras.cmake
[19.913s] -- Symlinking: /ros2_ws/install/objectpose_msgs/share/objectpose_msgs/cmake/rosidl_cmake_export_typesupport_targets-extras.cmake
[19.969s] -- Symlinking: /ros2_ws/install/objectpose_msgs/share/objectpose_msgs/cmake/ament_cmake_export_dependencies-extras.cmake
[20.001s] -- Symlinking: /ros2_ws/install/objectpose_msgs/share/objectpose_msgs/cmake/rosidl_cmake_export_typesupport_libraries-extras.cmake
[20.057s] -- Symlinking: /ros2_ws/install/objectpose_msgs/share/objectpose_msgs/cmake/objectpose_msgsConfig.cmake
[20.113s] -- Symlinking: /ros2_ws/install/objectpose_msgs/share/objectpose_msgs/cmake/objectpose_msgsConfig-version.cmake
[20.165s] -- Symlinking: /ros2_ws/install/objectpose_msgs/share/objectpose_msgs/package.xml
[20.211s] -- Installing: /ros2_ws/install/objectpose_msgs/lib/libobjectpose_msgs__rosidl_generator_c.so
[20.212s] -- Set runtime path of "/ros2_ws/install/objectpose_msgs/lib/libobjectpose_msgs__rosidl_generator_c.so" to ""
[20.213s] -- Installing: /ros2_ws/install/objectpose_msgs/lib/libobjectpose_msgs__rosidl_typesupport_fastrtps_c.so
[20.214s] -- Set runtime path of "/ros2_ws/install/objectpose_msgs/lib/libobjectpose_msgs__rosidl_typesupport_fastrtps_c.so" to ""
[20.214s] -- Installing: /ros2_ws/install/objectpose_msgs/lib/libobjectpose_msgs__rosidl_typesupport_introspection_c.so
[20.216s] -- Set runtime path of "/ros2_ws/install/objectpose_msgs/lib/libobjectpose_msgs__rosidl_typesupport_introspection_c.so" to ""
[20.216s] -- Installing: /ros2_ws/install/objectpose_msgs/lib/libobjectpose_msgs__rosidl_typesupport_c.so
[20.217s] -- Set runtime path of "/ros2_ws/install/objectpose_msgs/lib/libobjectpose_msgs__rosidl_typesupport_c.so" to ""
[20.217s] -- Installing: /ros2_ws/install/objectpose_msgs/lib/libobjectpose_msgs__rosidl_typesupport_fastrtps_cpp.so
[20.218s] -- Set runtime path of "/ros2_ws/install/objectpose_msgs/lib/libobjectpose_msgs__rosidl_typesupport_fastrtps_cpp.so" to ""
[20.218s] -- Installing: /ros2_ws/install/objectpose_msgs/lib/libobjectpose_msgs__rosidl_typesupport_introspection_cpp.so
[20.219s] -- Set runtime path of "/ros2_ws/install/objectpose_msgs/lib/libobjectpose_msgs__rosidl_typesupport_introspection_cpp.so" to ""
[20.219s] -- Installing: /ros2_ws/install/objectpose_msgs/lib/libobjectpose_msgs__rosidl_typesupport_cpp.so
[20.220s] -- Set runtime path of "/ros2_ws/install/objectpose_msgs/lib/libobjectpose_msgs__rosidl_typesupport_cpp.so" to ""
[20.397s] Listing '/ros2_ws/install/objectpose_msgs/local/lib/python3.10/dist-packages/objectpose_msgs'...
[20.398s] Compiling '/ros2_ws/install/objectpose_msgs/local/lib/python3.10/dist-packages/objectpose_msgs/__init__.py'...
[20.398s] Listing '/ros2_ws/install/objectpose_msgs/local/lib/python3.10/dist-packages/objectpose_msgs/msg'...
[20.398s] Compiling '/ros2_ws/install/objectpose_msgs/local/lib/python3.10/dist-packages/objectpose_msgs/msg/__init__.py'...
[20.398s] Compiling '/ros2_ws/install/objectpose_msgs/local/lib/python3.10/dist-packages/objectpose_msgs/msg/_object_pose.py'...
[20.438s] -- Installing: /ros2_ws/install/objectpose_msgs/lib/libobjectpose_msgs__rosidl_generator_py.so
[20.441s] -- Set runtime path of "/ros2_ws/install/objectpose_msgs/lib/libobjectpose_msgs__rosidl_generator_py.so" to ""
[20.442s] -- Installing: /ros2_ws/install/objectpose_msgs/share/objectpose_msgs/cmake/export_objectpose_msgs__rosidl_generator_cExport.cmake
[20.444s] -- Installing: /ros2_ws/install/objectpose_msgs/share/objectpose_msgs/cmake/export_objectpose_msgs__rosidl_generator_cExport-release.cmake
[20.445s] -- Installing: /ros2_ws/install/objectpose_msgs/share/objectpose_msgs/cmake/export_objectpose_msgs__rosidl_typesupport_fastrtps_cExport.cmake
[20.446s] -- Installing: /ros2_ws/install/objectpose_msgs/share/objectpose_msgs/cmake/export_objectpose_msgs__rosidl_typesupport_fastrtps_cExport-release.cmake
[20.447s] -- Installing: /ros2_ws/install/objectpose_msgs/share/objectpose_msgs/cmake/objectpose_msgs__rosidl_typesupport_introspection_cExport.cmake
[20.448s] -- Installing: /ros2_ws/install/objectpose_msgs/share/objectpose_msgs/cmake/objectpose_msgs__rosidl_typesupport_introspection_cExport-release.cmake
[20.451s] -- Installing: /ros2_ws/install/objectpose_msgs/share/objectpose_msgs/cmake/objectpose_msgs__rosidl_typesupport_cExport.cmake
[20.452s] -- Installing: /ros2_ws/install/objectpose_msgs/share/objectpose_msgs/cmake/objectpose_msgs__rosidl_typesupport_cExport-release.cmake
[20.453s] -- Installing: /ros2_ws/install/objectpose_msgs/share/objectpose_msgs/cmake/export_objectpose_msgs__rosidl_generator_cppExport.cmake
[20.454s] -- Installing: /ros2_ws/install/objectpose_msgs/share/objectpose_msgs/cmake/export_objectpose_msgs__rosidl_typesupport_fastrtps_cppExport.cmake
[20.455s] -- Installing: /ros2_ws/install/objectpose_msgs/share/objectpose_msgs/cmake/export_objectpose_msgs__rosidl_typesupport_fastrtps_cppExport-release.cmake
[20.456s] -- Installing: /ros2_ws/install/objectpose_msgs/share/objectpose_msgs/cmake/objectpose_msgs__rosidl_typesupport_introspection_cppExport.cmake
[20.457s] -- Installing: /ros2_ws/install/objectpose_msgs/share/objectpose_msgs/cmake/objectpose_msgs__rosidl_typesupport_introspection_cppExport-release.cmake
[20.458s] -- Installing: /ros2_ws/install/objectpose_msgs/share/objectpose_msgs/cmake/objectpose_msgs__rosidl_typesupport_cppExport.cmake
[20.458s] -- Installing: /ros2_ws/install/objectpose_msgs/share/objectpose_msgs/cmake/objectpose_msgs__rosidl_typesupport_cppExport-release.cmake
[20.459s] -- Installing: /ros2_ws/install/objectpose_msgs/share/objectpose_msgs/cmake/export_objectpose_msgs__rosidl_generator_pyExport.cmake
[20.460s] -- Installing: /ros2_ws/install/objectpose_msgs/share/objectpose_msgs/cmake/export_objectpose_msgs__rosidl_generator_pyExport-release.cmake
[20.508s] Invoked command in '/ros2_ws/build/objectpose_msgs' returned '0': CMAKE_PREFIX_PATH=/opt/ros/humble /usr/bin/cmake --install /ros2_ws/build/objectpose_msgs
