[0.076s] Invoking command in '/ros2_ws/build/ros2srrc_ur3': CMAKE_PREFIX_PATH=/opt/ros/humble /usr/bin/cmake /ros2_ws/src/ros2_SimRealRobotControl/packages/ros2srrc_ur3 -DCMAKE_BUILD_TYPE=Release -DAMENT_CMAKE_SYMLINK_INSTALL=1 -DCMAKE_INSTALL_PREFIX=/ros2_ws/install/ros2srrc_ur3
[0.207s] -- The C compiler identification is GNU 11.4.0
[0.349s] -- The CXX compiler identification is GNU 11.4.0
[0.366s] -- Detecting C compiler ABI info
[0.518s] -- Detecting C compiler ABI info - done
[0.541s] -- Check for working C compiler: /usr/bin/cc - skipped
[0.542s] -- Detecting C compile features
[0.544s] -- Detecting C compile features - done
[0.550s] -- Detecting CXX compiler ABI info
[0.731s] -- Detecting CXX compiler ABI info - done
[0.760s] -- Check for working CXX compiler: /usr/bin/c++ - skipped
[0.761s] -- Detecting CXX compile features
[0.763s] -- Detecting CXX compile features - done
[0.774s] -- Found ament_cmake: 1.3.12 (/opt/ros/humble/share/ament_cmake/cmake)
[1.164s] -- Found Python3: /usr/bin/python3 (found version "3.10.12") found components: Interpreter 
[1.327s] -- Override CMake install command with custom implementation using symlinks instead of copying resources
[1.452s] -- Found ament_lint_auto: 0.12.14 (/opt/ros/humble/share/ament_lint_auto/cmake)
[1.712s] -- Added test 'copyright' to check source files copyright and LICENSE
[1.716s] -- Added test 'lint_cmake' to check CMake code style
[1.719s] -- Added test 'xmllint' to check XML markup files
[1.722s] -- Configuring done
[1.729s] -- Generating done
[1.732s] -- Build files have been written to: /ros2_ws/build/ros2srrc_ur3
[1.745s] Invoked command in '/ros2_ws/build/ros2srrc_ur3' returned '0': CMAKE_PREFIX_PATH=/opt/ros/humble /usr/bin/cmake /ros2_ws/src/ros2_SimRealRobotControl/packages/ros2srrc_ur3 -DCMAKE_BUILD_TYPE=Release -DAMENT_CMAKE_SYMLINK_INSTALL=1 -DCMAKE_INSTALL_PREFIX=/ros2_ws/install/ros2srrc_ur3
[1.746s] Invoking command in '/ros2_ws/build/ros2srrc_ur3': CMAKE_PREFIX_PATH=/opt/ros/humble /usr/bin/cmake --build /ros2_ws/build/ros2srrc_ur3 -- -j8 -l8
[1.863s] Invoked command in '/ros2_ws/build/ros2srrc_ur3' returned '0': CMAKE_PREFIX_PATH=/opt/ros/humble /usr/bin/cmake --build /ros2_ws/build/ros2srrc_ur3 -- -j8 -l8
[1.864s] Invoking command in '/ros2_ws/build/ros2srrc_ur3': CMAKE_PREFIX_PATH=/opt/ros/humble /usr/bin/cmake --install /ros2_ws/build/ros2srrc_ur3
[1.930s] -- Install configuration: "Release"
[1.931s] -- Execute custom install script
[1.931s] -- Symlinking: /ros2_ws/install/ros2srrc_ur3/share/ros2srrc_ur3/config/configurations.yaml
[1.931s] -- Symlinking: /ros2_ws/install/ros2srrc_ur3/share/ros2srrc_ur3/urdf/ur3.urdf.xacro
[1.931s] -- Symlinking: /ros2_ws/install/ros2srrc_ur3/share/ros2srrc_ur3/urdf/ur3_robotiq_2f85.urdf.xacro
[1.936s] -- Symlinking: /ros2_ws/install/ros2srrc_ur3/share/ros2srrc_ur3/urdf/ur3_robotiq_hande.urdf.xacro
[1.955s] -- Symlinking: /ros2_ws/install/ros2srrc_ur3/share/ament_index/resource_index/package_run_dependencies/ros2srrc_ur3
[1.971s] -- Symlinking: /ros2_ws/install/ros2srrc_ur3/share/ament_index/resource_index/parent_prefix_path/ros2srrc_ur3
[1.987s] -- Symlinking: /ros2_ws/install/ros2srrc_ur3/share/ros2srrc_ur3/environment/ament_prefix_path.sh
[2.006s] -- Symlinking: /ros2_ws/install/ros2srrc_ur3/share/ros2srrc_ur3/environment/ament_prefix_path.dsv
[2.023s] -- Symlinking: /ros2_ws/install/ros2srrc_ur3/share/ros2srrc_ur3/environment/path.sh
[2.040s] -- Symlinking: /ros2_ws/install/ros2srrc_ur3/share/ros2srrc_ur3/environment/path.dsv
[2.058s] -- Symlinking: /ros2_ws/install/ros2srrc_ur3/share/ros2srrc_ur3/local_setup.bash
[2.075s] -- Symlinking: /ros2_ws/install/ros2srrc_ur3/share/ros2srrc_ur3/local_setup.sh
[2.093s] -- Symlinking: /ros2_ws/install/ros2srrc_ur3/share/ros2srrc_ur3/local_setup.zsh
[2.111s] -- Symlinking: /ros2_ws/install/ros2srrc_ur3/share/ros2srrc_ur3/local_setup.dsv
[2.129s] -- Symlinking: /ros2_ws/install/ros2srrc_ur3/share/ros2srrc_ur3/package.dsv
[2.145s] -- Symlinking: /ros2_ws/install/ros2srrc_ur3/share/ament_index/resource_index/packages/ros2srrc_ur3
[2.163s] -- Symlinking: /ros2_ws/install/ros2srrc_ur3/share/ros2srrc_ur3/cmake/ros2srrc_ur3Config.cmake
[2.181s] -- Symlinking: /ros2_ws/install/ros2srrc_ur3/share/ros2srrc_ur3/cmake/ros2srrc_ur3Config-version.cmake
[2.199s] -- Symlinking: /ros2_ws/install/ros2srrc_ur3/share/ros2srrc_ur3/package.xml
[2.232s] Invoked command in '/ros2_ws/build/ros2srrc_ur3' returned '0': CMAKE_PREFIX_PATH=/opt/ros/humble /usr/bin/cmake --install /ros2_ws/build/ros2srrc_ur3
