[0.092s] Invoking command in '/ros2_ws/build/ros2srrc_rx160': CMAKE_PREFIX_PATH=/opt/ros/humble /usr/bin/cmake --build /ros2_ws/build/ros2srrc_rx160 -- -j8 -l8
[0.223s] Invoked command in '/ros2_ws/build/ros2srrc_rx160' returned '0': CMAKE_PREFIX_PATH=/opt/ros/humble /usr/bin/cmake --build /ros2_ws/build/ros2srrc_rx160 -- -j8 -l8
[0.226s] Invoking command in '/ros2_ws/build/ros2srrc_rx160': CMAKE_PREFIX_PATH=/opt/ros/humble /usr/bin/cmake --install /ros2_ws/build/ros2srrc_rx160
[0.349s] -- Install configuration: "Release"
[0.349s] -- Execute custom install script
[0.350s] -- Up-to-date symlink: /ros2_ws/install/ros2srrc_rx160/share/ros2srrc_rx160/config/configurations.yaml
[0.350s] -- Up-to-date symlink: /ros2_ws/install/ros2srrc_rx160/share/ros2srrc_rx160/urdf/rx160.urdf.xacro
[0.351s] -- Up-to-date symlink: /ros2_ws/install/ros2srrc_rx160/share/ament_index/resource_index/package_run_dependencies/ros2srrc_rx160
[0.351s] -- Up-to-date symlink: /ros2_ws/install/ros2srrc_rx160/share/ament_index/resource_index/parent_prefix_path/ros2srrc_rx160
[0.351s] -- Up-to-date symlink: /ros2_ws/install/ros2srrc_rx160/share/ros2srrc_rx160/environment/ament_prefix_path.sh
[0.352s] -- Up-to-date symlink: /ros2_ws/install/ros2srrc_rx160/share/ros2srrc_rx160/environment/ament_prefix_path.dsv
[0.352s] -- Up-to-date symlink: /ros2_ws/install/ros2srrc_rx160/share/ros2srrc_rx160/environment/path.sh
[0.352s] -- Up-to-date symlink: /ros2_ws/install/ros2srrc_rx160/share/ros2srrc_rx160/environment/path.dsv
[0.352s] -- Up-to-date symlink: /ros2_ws/install/ros2srrc_rx160/share/ros2srrc_rx160/local_setup.bash
[0.353s] -- Up-to-date symlink: /ros2_ws/install/ros2srrc_rx160/share/ros2srrc_rx160/local_setup.sh
[0.353s] -- Up-to-date symlink: /ros2_ws/install/ros2srrc_rx160/share/ros2srrc_rx160/local_setup.zsh
[0.354s] -- Up-to-date symlink: /ros2_ws/install/ros2srrc_rx160/share/ros2srrc_rx160/local_setup.dsv
[0.354s] -- Symlinking: /ros2_ws/install/ros2srrc_rx160/share/ros2srrc_rx160/package.dsv
[0.354s] -- Up-to-date symlink: /ros2_ws/install/ros2srrc_rx160/share/ament_index/resource_index/packages/ros2srrc_rx160
[0.354s] -- Up-to-date symlink: /ros2_ws/install/ros2srrc_rx160/share/ros2srrc_rx160/cmake/ros2srrc_rx160Config.cmake
[0.354s] -- Up-to-date symlink: /ros2_ws/install/ros2srrc_rx160/share/ros2srrc_rx160/cmake/ros2srrc_rx160Config-version.cmake
[0.355s] -- Up-to-date symlink: /ros2_ws/install/ros2srrc_rx160/share/ros2srrc_rx160/package.xml
[0.396s] Invoked command in '/ros2_ws/build/ros2srrc_rx160' returned '0': CMAKE_PREFIX_PATH=/opt/ros/humble /usr/bin/cmake --install /ros2_ws/build/ros2srrc_rx160
