[35m[1mConsolidate compiler generated dependencies of target pendulum_utils[0m
[100%] Built target pendulum_utils
-- Install configuration: "Release"
-- Execute custom install script
-- Up-to-date symlink: /ros2_ws/install/pendulum_utils/share/pendulum_utils/environment/library_path.sh
-- Up-to-date symlink: /ros2_ws/install/pendulum_utils/share/pendulum_utils/environment/library_path.dsv
-- Up-to-date symlink: /ros2_ws/install/pendulum_utils/include/pendulum_utils/lifecycle_autostart.hpp
-- Up-to-date symlink: /ros2_ws/install/pendulum_utils/include/pendulum_utils/memory_lock.hpp
-- Up-to-date symlink: /ros2_ws/install/pendulum_utils/include/pendulum_utils/process_settings.hpp
-- Up-to-date symlink: /ros2_ws/install/pendulum_utils/include/pendulum_utils/rt_thread.hpp
-- Up-to-date symlink: /ros2_ws/install/pendulum_utils/share/ament_index/resource_index/package_run_dependencies/pendulum_utils
-- Up-to-date symlink: /ros2_ws/install/pendulum_utils/share/ament_index/resource_index/parent_prefix_path/pendulum_utils
-- Up-to-date symlink: /ros2_ws/install/pendulum_utils/share/pendulum_utils/environment/ament_prefix_path.sh
-- Up-to-date symlink: /ros2_ws/install/pendulum_utils/share/pendulum_utils/environment/ament_prefix_path.dsv
-- Up-to-date symlink: /ros2_ws/install/pendulum_utils/share/pendulum_utils/environment/path.sh
-- Up-to-date symlink: /ros2_ws/install/pendulum_utils/share/pendulum_utils/environment/path.dsv
-- Up-to-date symlink: /ros2_ws/install/pendulum_utils/share/pendulum_utils/local_setup.bash
-- Up-to-date symlink: /ros2_ws/install/pendulum_utils/share/pendulum_utils/local_setup.sh
-- Up-to-date symlink: /ros2_ws/install/pendulum_utils/share/pendulum_utils/local_setup.zsh
-- Up-to-date symlink: /ros2_ws/install/pendulum_utils/share/pendulum_utils/local_setup.dsv
-- Symlinking: /ros2_ws/install/pendulum_utils/share/pendulum_utils/package.dsv
-- Up-to-date symlink: /ros2_ws/install/pendulum_utils/share/ament_index/resource_index/packages/pendulum_utils
-- Up-to-date symlink: /ros2_ws/install/pendulum_utils/share/pendulum_utils/cmake/ament_cmake_export_targets-extras.cmake
-- Up-to-date symlink: /ros2_ws/install/pendulum_utils/share/pendulum_utils/cmake/ament_cmake_export_dependencies-extras.cmake
-- Up-to-date symlink: /ros2_ws/install/pendulum_utils/share/pendulum_utils/cmake/pendulum_utilsConfig.cmake
-- Up-to-date symlink: /ros2_ws/install/pendulum_utils/share/pendulum_utils/cmake/pendulum_utilsConfig-version.cmake
-- Up-to-date symlink: /ros2_ws/install/pendulum_utils/share/pendulum_utils/package.xml
-- Up-to-date: /ros2_ws/install/pendulum_utils/lib/libpendulum_utils.so
-- Up-to-date: /ros2_ws/install/pendulum_utils/share/pendulum_utils/cmake/export_pendulum_utilsExport.cmake
-- Up-to-date: /ros2_ws/install/pendulum_utils/share/pendulum_utils/cmake/export_pendulum_utilsExport-release.cmake
