[0.052s] Invoking command in '/ros2_ws/build/pendulum_utils': CMAKE_PREFIX_PATH=/opt/ros/humble /usr/bin/cmake --build /ros2_ws/build/pendulum_utils -- -j8 -l8
[0.172s] [35m[1mConsolidate compiler generated dependencies of target pendulum_utils[0m
[0.218s] [100%] Built target pendulum_utils
[0.280s] Invoked command in '/ros2_ws/build/pendulum_utils' returned '0': CMAKE_PREFIX_PATH=/opt/ros/humble /usr/bin/cmake --build /ros2_ws/build/pendulum_utils -- -j8 -l8
[0.292s] Invoking command in '/ros2_ws/build/pendulum_utils': CMAKE_PREFIX_PATH=/opt/ros/humble /usr/bin/cmake --install /ros2_ws/build/pendulum_utils
[1.463s] -- Install configuration: "Release"
[1.463s] -- Execute custom install script
[1.463s] -- Up-to-date symlink: /ros2_ws/install/pendulum_utils/share/pendulum_utils/environment/library_path.sh
[1.463s] -- Up-to-date symlink: /ros2_ws/install/pendulum_utils/share/pendulum_utils/environment/library_path.dsv
[1.463s] -- Up-to-date symlink: /ros2_ws/install/pendulum_utils/include/pendulum_utils/lifecycle_autostart.hpp
[1.464s] -- Up-to-date symlink: /ros2_ws/install/pendulum_utils/include/pendulum_utils/memory_lock.hpp
[1.464s] -- Up-to-date symlink: /ros2_ws/install/pendulum_utils/include/pendulum_utils/process_settings.hpp
[1.464s] -- Up-to-date symlink: /ros2_ws/install/pendulum_utils/include/pendulum_utils/rt_thread.hpp
[1.464s] -- Up-to-date symlink: /ros2_ws/install/pendulum_utils/share/ament_index/resource_index/package_run_dependencies/pendulum_utils
[1.464s] -- Up-to-date symlink: /ros2_ws/install/pendulum_utils/share/ament_index/resource_index/parent_prefix_path/pendulum_utils
[1.464s] -- Up-to-date symlink: /ros2_ws/install/pendulum_utils/share/pendulum_utils/environment/ament_prefix_path.sh
[1.465s] -- Up-to-date symlink: /ros2_ws/install/pendulum_utils/share/pendulum_utils/environment/ament_prefix_path.dsv
[1.465s] -- Up-to-date symlink: /ros2_ws/install/pendulum_utils/share/pendulum_utils/environment/path.sh
[1.465s] -- Up-to-date symlink: /ros2_ws/install/pendulum_utils/share/pendulum_utils/environment/path.dsv
[1.467s] -- Up-to-date symlink: /ros2_ws/install/pendulum_utils/share/pendulum_utils/local_setup.bash
[1.468s] -- Up-to-date symlink: /ros2_ws/install/pendulum_utils/share/pendulum_utils/local_setup.sh
[1.469s] -- Up-to-date symlink: /ros2_ws/install/pendulum_utils/share/pendulum_utils/local_setup.zsh
[1.469s] -- Up-to-date symlink: /ros2_ws/install/pendulum_utils/share/pendulum_utils/local_setup.dsv
[1.469s] -- Symlinking: /ros2_ws/install/pendulum_utils/share/pendulum_utils/package.dsv
[1.469s] -- Up-to-date symlink: /ros2_ws/install/pendulum_utils/share/ament_index/resource_index/packages/pendulum_utils
[1.469s] -- Up-to-date symlink: /ros2_ws/install/pendulum_utils/share/pendulum_utils/cmake/ament_cmake_export_targets-extras.cmake
[1.469s] -- Up-to-date symlink: /ros2_ws/install/pendulum_utils/share/pendulum_utils/cmake/ament_cmake_export_dependencies-extras.cmake
[1.470s] -- Up-to-date symlink: /ros2_ws/install/pendulum_utils/share/pendulum_utils/cmake/pendulum_utilsConfig.cmake
[1.470s] -- Up-to-date symlink: /ros2_ws/install/pendulum_utils/share/pendulum_utils/cmake/pendulum_utilsConfig-version.cmake
[1.470s] -- Up-to-date symlink: /ros2_ws/install/pendulum_utils/share/pendulum_utils/package.xml
[1.470s] -- Up-to-date: /ros2_ws/install/pendulum_utils/lib/libpendulum_utils.so
[1.470s] -- Up-to-date: /ros2_ws/install/pendulum_utils/share/pendulum_utils/cmake/export_pendulum_utilsExport.cmake
[1.470s] -- Up-to-date: /ros2_ws/install/pendulum_utils/share/pendulum_utils/cmake/export_pendulum_utilsExport-release.cmake
[1.564s] Invoked command in '/ros2_ws/build/pendulum_utils' returned '0': CMAKE_PREFIX_PATH=/opt/ros/humble /usr/bin/cmake --install /ros2_ws/build/pendulum_utils
