[0.041s] Invoking command in '/ros2_ws/build/as2_behavior': AMENT_PREFIX_PATH=/ros2_ws/install/as2_core:/ros2_ws/install/as2_msgs:${AMENT_PREFIX_PATH} CMAKE_PREFIX_PATH=/ros2_ws/install/as2_core:/ros2_ws/install/as2_msgs:/opt/ros/humble LD_LIBRARY_PATH=/ros2_ws/install/as2_core/lib:/ros2_ws/install/as2_msgs/lib:${LD_LIBRARY_PATH} PYTHONPATH=/ros2_ws/install/as2_core/local/lib/python3.10/dist-packages:/ros2_ws/install/as2_msgs/local/lib/python3.10/dist-packages:${PYTHONPATH} /usr/bin/cmake --build /ros2_ws/build/as2_behavior -- -j8 -l8
[0.135s] [35m[1mConsolidate compiler generated dependencies of target as2_behavior[0m
[0.144s] [35m[1mConsolidate compiler generated dependencies of target gtest_main[0m
[0.151s] [35m[1mConsolidate compiler generated dependencies of target gtest[0m
[0.199s] [ 25%] Built target gtest_main
[0.199s] [ 50%] Built target as2_behavior
[0.223s] [ 75%] Built target gtest
[0.321s] [35m[1mConsolidate compiler generated dependencies of target as2_behavior_as2_behavior_gtest[0m
[0.386s] [100%] Built target as2_behavior_as2_behavior_gtest
[0.472s] Invoked command in '/ros2_ws/build/as2_behavior' returned '0': AMENT_PREFIX_PATH=/ros2_ws/install/as2_core:/ros2_ws/install/as2_msgs:${AMENT_PREFIX_PATH} CMAKE_PREFIX_PATH=/ros2_ws/install/as2_core:/ros2_ws/install/as2_msgs:/opt/ros/humble LD_LIBRARY_PATH=/ros2_ws/install/as2_core/lib:/ros2_ws/install/as2_msgs/lib:${LD_LIBRARY_PATH} PYTHONPATH=/ros2_ws/install/as2_core/local/lib/python3.10/dist-packages:/ros2_ws/install/as2_msgs/local/lib/python3.10/dist-packages:${PYTHONPATH} /usr/bin/cmake --build /ros2_ws/build/as2_behavior -- -j8 -l8
[0.473s] Invoking command in '/ros2_ws/build/as2_behavior': AMENT_PREFIX_PATH=/ros2_ws/install/as2_core:/ros2_ws/install/as2_msgs:${AMENT_PREFIX_PATH} CMAKE_PREFIX_PATH=/ros2_ws/install/as2_core:/ros2_ws/install/as2_msgs:/opt/ros/humble LD_LIBRARY_PATH=/ros2_ws/install/as2_core/lib:/ros2_ws/install/as2_msgs/lib:${LD_LIBRARY_PATH} PYTHONPATH=/ros2_ws/install/as2_core/local/lib/python3.10/dist-packages:/ros2_ws/install/as2_msgs/local/lib/python3.10/dist-packages:${PYTHONPATH} /usr/bin/cmake --install /ros2_ws/build/as2_behavior
[0.490s] -- Install configuration: "Release"
[0.491s] -- Execute custom install script
[0.491s] -- Up-to-date symlink: /ros2_ws/install/as2_behavior/include/as2_behavior/__detail/behavior_server__class.hpp
[0.492s] -- Up-to-date symlink: /ros2_ws/install/as2_behavior/include/as2_behavior/__impl/behavior_server__impl.hpp
[0.493s] -- Up-to-date symlink: /ros2_ws/install/as2_behavior/include/as2_behavior/as2_basic_behavior.hpp
[0.495s] -- Up-to-date symlink: /ros2_ws/install/as2_behavior/include/as2_behavior/behavior_server.hpp
[0.495s] -- Up-to-date symlink: /ros2_ws/install/as2_behavior/include/as2_behavior/behavior_utils.hpp
[0.497s] -- Up-to-date symlink: /ros2_ws/install/as2_behavior/share/as2_behavior/environment/library_path.sh
[0.497s] -- Up-to-date symlink: /ros2_ws/install/as2_behavior/share/as2_behavior/environment/library_path.dsv
[0.497s] -- Up-to-date symlink: /ros2_ws/install/as2_behavior/share/ament_index/resource_index/package_run_dependencies/as2_behavior
[0.498s] -- Up-to-date symlink: /ros2_ws/install/as2_behavior/share/ament_index/resource_index/parent_prefix_path/as2_behavior
[0.498s] -- Up-to-date symlink: /ros2_ws/install/as2_behavior/share/as2_behavior/environment/ament_prefix_path.sh
[0.498s] -- Up-to-date symlink: /ros2_ws/install/as2_behavior/share/as2_behavior/environment/ament_prefix_path.dsv
[0.498s] -- Up-to-date symlink: /ros2_ws/install/as2_behavior/share/as2_behavior/environment/path.sh
[0.499s] -- Up-to-date symlink: /ros2_ws/install/as2_behavior/share/as2_behavior/environment/path.dsv
[0.499s] -- Up-to-date symlink: /ros2_ws/install/as2_behavior/share/as2_behavior/local_setup.bash
[0.499s] -- Up-to-date symlink: /ros2_ws/install/as2_behavior/share/as2_behavior/local_setup.sh
[0.499s] -- Up-to-date symlink: /ros2_ws/install/as2_behavior/share/as2_behavior/local_setup.zsh
[0.501s] -- Up-to-date symlink: /ros2_ws/install/as2_behavior/share/as2_behavior/local_setup.dsv
[0.501s] -- Symlinking: /ros2_ws/install/as2_behavior/share/as2_behavior/package.dsv
[0.523s] -- Up-to-date symlink: /ros2_ws/install/as2_behavior/share/ament_index/resource_index/packages/as2_behavior
[0.523s] -- Up-to-date symlink: /ros2_ws/install/as2_behavior/share/as2_behavior/cmake/ament_cmake_export_libraries-extras.cmake
[0.523s] -- Up-to-date symlink: /ros2_ws/install/as2_behavior/share/as2_behavior/cmake/ament_cmake_export_targets-extras.cmake
[0.523s] -- Up-to-date symlink: /ros2_ws/install/as2_behavior/share/as2_behavior/cmake/ament_cmake_export_include_directories-extras.cmake
[0.524s] -- Up-to-date symlink: /ros2_ws/install/as2_behavior/share/as2_behavior/cmake/as2_behaviorConfig.cmake
[0.524s] -- Up-to-date symlink: /ros2_ws/install/as2_behavior/share/as2_behavior/cmake/as2_behaviorConfig-version.cmake
[0.524s] -- Up-to-date symlink: /ros2_ws/install/as2_behavior/share/as2_behavior/package.xml
[0.525s] -- Up-to-date: /ros2_ws/install/as2_behavior/lib/libas2_behavior.so
[0.526s] -- Up-to-date: /ros2_ws/install/as2_behavior/share/as2_behavior/cmake/export_as2_behaviorExport.cmake
[0.526s] -- Up-to-date: /ros2_ws/install/as2_behavior/share/as2_behavior/cmake/export_as2_behaviorExport-release.cmake
[0.531s] Invoked command in '/ros2_ws/build/as2_behavior' returned '0': AMENT_PREFIX_PATH=/ros2_ws/install/as2_core:/ros2_ws/install/as2_msgs:${AMENT_PREFIX_PATH} CMAKE_PREFIX_PATH=/ros2_ws/install/as2_core:/ros2_ws/install/as2_msgs:/opt/ros/humble LD_LIBRARY_PATH=/ros2_ws/install/as2_core/lib:/ros2_ws/install/as2_msgs/lib:${LD_LIBRARY_PATH} PYTHONPATH=/ros2_ws/install/as2_core/local/lib/python3.10/dist-packages:/ros2_ws/install/as2_msgs/local/lib/python3.10/dist-packages:${PYTHONPATH} /usr/bin/cmake --install /ros2_ws/build/as2_behavior
