[0.029s] Invoking command in '/ros2_ws/build/ros2srrc_ur5': CMAKE_PREFIX_PATH=/opt/ros/humble /usr/bin/cmake /ros2_ws/src/ros2_SimRealRobotControl/packages/ros2srrc_ur5 -DCMAKE_BUILD_TYPE=Release -DAMENT_CMAKE_SYMLINK_INSTALL=1 -DCMAKE_INSTALL_PREFIX=/ros2_ws/install/ros2srrc_ur5
[1.731s] -- The C compiler identification is GNU 11.4.0
[1.735s] -- The CXX compiler identification is GNU 11.4.0
[1.738s] -- Detecting C compiler ABI info
[1.738s] -- Detecting C compiler ABI info - done
[1.738s] -- Check for working C compiler: /usr/bin/cc - skipped
[1.738s] -- Detecting C compile features
[1.738s] -- Detecting C compile features - done
[1.739s] -- Detecting CXX compiler ABI info
[1.739s] -- Detecting CXX compiler ABI info - done
[1.739s] -- Check for working CXX compiler: /usr/bin/c++ - skipped
[1.739s] -- Detecting CXX compile features
[1.739s] -- Detecting CXX compile features - done
[1.740s] -- Found ament_cmake: 1.3.12 (/opt/ros/humble/share/ament_cmake/cmake)
[1.740s] -- Found Python3: /usr/bin/python3 (found version "3.10.12") found components: Interpreter 
[1.740s] -- Override CMake install command with custom implementation using symlinks instead of copying resources
[1.740s] -- Found ament_lint_auto: 0.12.14 (/opt/ros/humble/share/ament_lint_auto/cmake)
[1.740s] -- Added test 'copyright' to check source files copyright and LICENSE
[1.740s] -- Added test 'lint_cmake' to check CMake code style
[1.740s] -- Added test 'xmllint' to check XML markup files
[1.741s] -- Configuring done
[1.741s] -- Generating done
[1.741s] -- Build files have been written to: /ros2_ws/build/ros2srrc_ur5
[1.742s] Invoked command in '/ros2_ws/build/ros2srrc_ur5' returned '0': CMAKE_PREFIX_PATH=/opt/ros/humble /usr/bin/cmake /ros2_ws/src/ros2_SimRealRobotControl/packages/ros2srrc_ur5 -DCMAKE_BUILD_TYPE=Release -DAMENT_CMAKE_SYMLINK_INSTALL=1 -DCMAKE_INSTALL_PREFIX=/ros2_ws/install/ros2srrc_ur5
[1.743s] Invoking command in '/ros2_ws/build/ros2srrc_ur5': CMAKE_PREFIX_PATH=/opt/ros/humble /usr/bin/cmake --build /ros2_ws/build/ros2srrc_ur5 -- -j8 -l8
[1.817s] Invoked command in '/ros2_ws/build/ros2srrc_ur5' returned '0': CMAKE_PREFIX_PATH=/opt/ros/humble /usr/bin/cmake --build /ros2_ws/build/ros2srrc_ur5 -- -j8 -l8
[1.817s] Invoking command in '/ros2_ws/build/ros2srrc_ur5': CMAKE_PREFIX_PATH=/opt/ros/humble /usr/bin/cmake --install /ros2_ws/build/ros2srrc_ur5
[2.154s] -- Install configuration: "Release"
[2.154s] -- Execute custom install script
[2.155s] -- Symlinking: /ros2_ws/install/ros2srrc_ur5/share/ros2srrc_ur5/config/configurations.yaml
[2.155s] -- Symlinking: /ros2_ws/install/ros2srrc_ur5/share/ros2srrc_ur5/urdf/ur5.urdf.xacro
[2.155s] -- Symlinking: /ros2_ws/install/ros2srrc_ur5/share/ros2srrc_ur5/urdf/ur5_robotiq_2f85.urdf.xacro
[2.155s] -- Symlinking: /ros2_ws/install/ros2srrc_ur5/share/ros2srrc_ur5/urdf/ur5_robotiq_hande.urdf.xacro
[2.155s] -- Symlinking: /ros2_ws/install/ros2srrc_ur5/share/ament_index/resource_index/package_run_dependencies/ros2srrc_ur5
[2.156s] -- Symlinking: /ros2_ws/install/ros2srrc_ur5/share/ament_index/resource_index/parent_prefix_path/ros2srrc_ur5
[2.156s] -- Symlinking: /ros2_ws/install/ros2srrc_ur5/share/ros2srrc_ur5/environment/ament_prefix_path.sh
[2.156s] -- Symlinking: /ros2_ws/install/ros2srrc_ur5/share/ros2srrc_ur5/environment/ament_prefix_path.dsv
[2.156s] -- Symlinking: /ros2_ws/install/ros2srrc_ur5/share/ros2srrc_ur5/environment/path.sh
[2.156s] -- Symlinking: /ros2_ws/install/ros2srrc_ur5/share/ros2srrc_ur5/environment/path.dsv
[2.156s] -- Symlinking: /ros2_ws/install/ros2srrc_ur5/share/ros2srrc_ur5/local_setup.bash
[2.159s] -- Symlinking: /ros2_ws/install/ros2srrc_ur5/share/ros2srrc_ur5/local_setup.sh
[2.160s] -- Symlinking: /ros2_ws/install/ros2srrc_ur5/share/ros2srrc_ur5/local_setup.zsh
[2.160s] -- Symlinking: /ros2_ws/install/ros2srrc_ur5/share/ros2srrc_ur5/local_setup.dsv
[2.160s] -- Symlinking: /ros2_ws/install/ros2srrc_ur5/share/ros2srrc_ur5/package.dsv
[2.160s] -- Symlinking: /ros2_ws/install/ros2srrc_ur5/share/ament_index/resource_index/packages/ros2srrc_ur5
[2.161s] -- Symlinking: /ros2_ws/install/ros2srrc_ur5/share/ros2srrc_ur5/cmake/ros2srrc_ur5Config.cmake
[2.161s] -- Symlinking: /ros2_ws/install/ros2srrc_ur5/share/ros2srrc_ur5/cmake/ros2srrc_ur5Config-version.cmake
[2.161s] -- Symlinking: /ros2_ws/install/ros2srrc_ur5/share/ros2srrc_ur5/package.xml
[2.207s] Invoked command in '/ros2_ws/build/ros2srrc_ur5' returned '0': CMAKE_PREFIX_PATH=/opt/ros/humble /usr/bin/cmake --install /ros2_ws/build/ros2srrc_ur5
