[35m[1mConsolidate compiler generated dependencies of target robpose[0m
[35m[1mConsolidate compiler generated dependencies of target robmove[0m
[35m[1mConsolidate compiler generated dependencies of target move[0m
[ 16%] Built target robpose
[ 33%] Built target robmove
[100%] Built target move
-- Install configuration: "Release"
-- Execute custom install script
-- Up-to-date symlink: /ros2_ws/install/ros2srrc_execution/lib/ros2srrc_execution/move
-- Up-to-date symlink: /ros2_ws/install/ros2srrc_execution/lib/ros2srrc_execution/robmove
-- Up-to-date symlink: /ros2_ws/install/ros2srrc_execution/lib/ros2srrc_execution/robpose
-- Up-to-date symlink: /ros2_ws/install/ros2srrc_execution/include//ros2srrc_execution/moveg.h
-- Up-to-date symlink: /ros2_ws/install/ros2srrc_execution/include//ros2srrc_execution/movej.h
-- Up-to-date symlink: /ros2_ws/install/ros2srrc_execution/include//ros2srrc_execution/movel.h
-- Up-to-date symlink: /ros2_ws/install/ros2srrc_execution/include//ros2srrc_execution/mover.h
-- Up-to-date symlink: /ros2_ws/install/ros2srrc_execution/include//ros2srrc_execution/moverot.h
-- Up-to-date symlink: /ros2_ws/install/ros2srrc_execution/include//ros2srrc_execution/moverp.h
-- Up-to-date symlink: /ros2_ws/install/ros2srrc_execution/share/ros2srrc_execution/python/ExecuteProgram.py
-- Up-to-date symlink: /ros2_ws/install/ros2srrc_execution/share/ros2srrc_execution/python/RobotState.py
-- Up-to-date symlink: /ros2_ws/install/ros2srrc_execution/share/ros2srrc_execution/python/SpawnObject.py
-- Up-to-date symlink: /ros2_ws/install/ros2srrc_execution/share/ros2srrc_execution/python/conveyor_manager.py
-- Up-to-date symlink: /ros2_ws/install/ros2srrc_execution/share/ros2srrc_execution/python/endeffector/robotiq_ur.py
-- Up-to-date symlink: /ros2_ws/install/ros2srrc_execution/share/ros2srrc_execution/python/endeffector/schunk_abb.py
-- Up-to-date symlink: /ros2_ws/install/ros2srrc_execution/share/ros2srrc_execution/python/endeffector/vgr_abb.py
-- Up-to-date symlink: /ros2_ws/install/ros2srrc_execution/share/ros2srrc_execution/python/endeffector/zimmer_abb.py
-- Up-to-date symlink: /ros2_ws/install/ros2srrc_execution/share/ros2srrc_execution/python/endeffector_gz/parallelGripper.py
-- Up-to-date symlink: /ros2_ws/install/ros2srrc_execution/share/ros2srrc_execution/python/endeffector_gz/vacuumGripper.py
-- Up-to-date symlink: /ros2_ws/install/ros2srrc_execution/share/ros2srrc_execution/python/get_pose.py
-- Up-to-date symlink: /ros2_ws/install/ros2srrc_execution/share/ros2srrc_execution/python/grasping_manager.py
-- Up-to-date symlink: /ros2_ws/install/ros2srrc_execution/share/ros2srrc_execution/python/pick_and_place.py
-- Up-to-date symlink: /ros2_ws/install/ros2srrc_execution/share/ros2srrc_execution/python/robot/robot.py
-- Up-to-date symlink: /ros2_ws/install/ros2srrc_execution/share/ros2srrc_execution/python/testClients/test_Move.py
-- Up-to-date symlink: /ros2_ws/install/ros2srrc_execution/share/ros2srrc_execution/python/testClients/test_PG.py
-- Up-to-date symlink: /ros2_ws/install/ros2srrc_execution/share/ros2srrc_execution/python/testClients/test_RobMove.py
-- Up-to-date symlink: /ros2_ws/install/ros2srrc_execution/share/ros2srrc_execution/python/testClients/test_VG.py
-- Up-to-date symlink: /ros2_ws/install/ros2srrc_execution/share/ros2srrc_execution/programs/ar4_demo.yaml
-- Up-to-date symlink: /ros2_ws/install/ros2srrc_execution/share/ros2srrc_execution/programs/iiwa_demo.yaml
-- Up-to-date symlink: /ros2_ws/install/ros2srrc_execution/share/ros2srrc_execution/programs/irb1200_demo.yaml
-- Up-to-date symlink: /ros2_ws/install/ros2srrc_execution/share/ros2srrc_execution/programs/irb120_demo.yaml
-- Up-to-date symlink: /ros2_ws/install/ros2srrc_execution/share/ros2srrc_execution/programs/irb1600_demo.yaml
-- Up-to-date symlink: /ros2_ws/install/ros2srrc_execution/share/ros2srrc_execution/programs/irb6640_demo.yaml
-- Up-to-date symlink: /ros2_ws/install/ros2srrc_execution/share/ros2srrc_execution/programs/rx160_demo.yaml
-- Up-to-date symlink: /ros2_ws/install/ros2srrc_execution/share/ros2srrc_execution/programs/templates.txt
-- Up-to-date symlink: /ros2_ws/install/ros2srrc_execution/share/ros2srrc_execution/programs/ur10_demo.yaml
-- Up-to-date symlink: /ros2_ws/install/ros2srrc_execution/share/ros2srrc_execution/programs/ur10e_demo.yaml
-- Up-to-date symlink: /ros2_ws/install/ros2srrc_execution/share/ros2srrc_execution/programs/ur16e_demo.yaml
-- Up-to-date symlink: /ros2_ws/install/ros2srrc_execution/share/ros2srrc_execution/programs/ur20_demo.yaml
-- Up-to-date symlink: /ros2_ws/install/ros2srrc_execution/share/ros2srrc_execution/programs/ur3_demo.yaml
-- Up-to-date symlink: /ros2_ws/install/ros2srrc_execution/share/ros2srrc_execution/programs/ur3e_demo.yaml
-- Up-to-date symlink: /ros2_ws/install/ros2srrc_execution/share/ros2srrc_execution/programs/ur5_demo.yaml
-- Up-to-date symlink: /ros2_ws/install/ros2srrc_execution/share/ros2srrc_execution/programs/ur5e_demo.yaml
-- Up-to-date symlink: /ros2_ws/install/ros2srrc_execution/lib/ros2srrc_execution/RobotState.py
-- Up-to-date symlink: /ros2_ws/install/ros2srrc_execution/lib/ros2srrc_execution/SpawnObject.py
-- Up-to-date symlink: /ros2_ws/install/ros2srrc_execution/lib/ros2srrc_execution/ExecuteProgram.py
-- Up-to-date symlink: /ros2_ws/install/ros2srrc_execution/lib/ros2srrc_execution/conveyor_manager.py
-- Up-to-date symlink: /ros2_ws/install/ros2srrc_execution/lib/ros2srrc_execution/grasping_manager.py
-- Up-to-date symlink: /ros2_ws/install/ros2srrc_execution/lib/ros2srrc_execution/parallelGripper.py
-- Up-to-date symlink: /ros2_ws/install/ros2srrc_execution/lib/ros2srrc_execution/test_Move.py
-- Up-to-date symlink: /ros2_ws/install/ros2srrc_execution/lib/ros2srrc_execution/test_RobMove.py
-- Up-to-date symlink: /ros2_ws/install/ros2srrc_execution/lib/ros2srrc_execution/test_PG.py
-- Up-to-date symlink: /ros2_ws/install/ros2srrc_execution/lib/ros2srrc_execution/test_VG.py
-- Up-to-date symlink: /ros2_ws/install/ros2srrc_execution/share/ament_index/resource_index/package_run_dependencies/ros2srrc_execution
-- Up-to-date symlink: /ros2_ws/install/ros2srrc_execution/share/ament_index/resource_index/parent_prefix_path/ros2srrc_execution
-- Up-to-date symlink: /ros2_ws/install/ros2srrc_execution/share/ros2srrc_execution/environment/ament_prefix_path.sh
-- Up-to-date symlink: /ros2_ws/install/ros2srrc_execution/share/ros2srrc_execution/environment/ament_prefix_path.dsv
-- Up-to-date symlink: /ros2_ws/install/ros2srrc_execution/share/ros2srrc_execution/environment/path.sh
-- Up-to-date symlink: /ros2_ws/install/ros2srrc_execution/share/ros2srrc_execution/environment/path.dsv
-- Up-to-date symlink: /ros2_ws/install/ros2srrc_execution/share/ros2srrc_execution/local_setup.bash
-- Up-to-date symlink: /ros2_ws/install/ros2srrc_execution/share/ros2srrc_execution/local_setup.sh
-- Up-to-date symlink: /ros2_ws/install/ros2srrc_execution/share/ros2srrc_execution/local_setup.zsh
-- Up-to-date symlink: /ros2_ws/install/ros2srrc_execution/share/ros2srrc_execution/local_setup.dsv
-- Symlinking: /ros2_ws/install/ros2srrc_execution/share/ros2srrc_execution/package.dsv
-- Up-to-date symlink: /ros2_ws/install/ros2srrc_execution/share/ament_index/resource_index/packages/ros2srrc_execution
-- Up-to-date symlink: /ros2_ws/install/ros2srrc_execution/share/ros2srrc_execution/cmake/ros2srrc_executionConfig.cmake
-- Up-to-date symlink: /ros2_ws/install/ros2srrc_execution/share/ros2srrc_execution/cmake/ros2srrc_executionConfig-version.cmake
-- Up-to-date symlink: /ros2_ws/install/ros2srrc_execution/share/ros2srrc_execution/package.xml
