[0.029s] Invoking command in '/ros2_ws/build/objectpose_gazebo': AMENT_PREFIX_PATH=/ros2_ws/install/ros2_objectpose:/ros2_ws/install/objectpose_msgs:${AMENT_PREFIX_PATH} CMAKE_PREFIX_PATH=/ros2_ws/install/ros2_objectpose:/ros2_ws/install/objectpose_msgs:/opt/ros/humble LD_LIBRARY_PATH=/ros2_ws/install/ros2_objectpose/lib:/ros2_ws/install/objectpose_msgs/lib:${LD_LIBRARY_PATH} PYTHONPATH=/ros2_ws/install/objectpose_msgs/local/lib/python3.10/dist-packages:${PYTHONPATH} /usr/bin/cmake /ros2_ws/src/IFRA_ObjectPose/objectpose_gazebo -DCMAKE_BUILD_TYPE=Release -DAMENT_CMAKE_SYMLINK_INSTALL=1 -DCMAKE_INSTALL_PREFIX=/ros2_ws/install/objectpose_gazebo
[5.458s] -- The C compiler identification is GNU 11.4.0
[5.459s] -- The CXX compiler identification is GNU 11.4.0
[5.459s] -- Detecting C compiler ABI info
[5.459s] -- Detecting C compiler ABI info - done
[5.459s] -- Check for working C compiler: /usr/bin/cc - skipped
[5.459s] -- Detecting C compile features
[5.459s] -- Detecting C compile features - done
[5.460s] -- Detecting CXX compiler ABI info
[5.460s] -- Detecting CXX compiler ABI info - done
[5.460s] -- Check for working CXX compiler: /usr/bin/c++ - skipped
[5.460s] -- Detecting CXX compile features
[5.460s] -- Detecting CXX compile features - done
[5.460s] -- Found ament_cmake: 1.3.12 (/opt/ros/humble/share/ament_cmake/cmake)
[5.460s] -- Found Python3: /usr/bin/python3 (found version "3.10.12") found components: Interpreter 
[5.461s] -- Override CMake install command with custom implementation using symlinks instead of copying resources
[5.461s] -- Found ament_lint_auto: 0.12.14 (/opt/ros/humble/share/ament_lint_auto/cmake)
[5.461s] -- Added test 'copyright' to check source files copyright and LICENSE
[5.461s] -- Added test 'flake8' to check Python code syntax and style conventions
[5.461s] -- Added test 'lint_cmake' to check CMake code style
[5.461s] -- Added test 'pep257' to check Python code against some of the docstring style conventions in PEP 257
[5.461s] -- Added test 'xmllint' to check XML markup files
[5.462s] -- Configuring done
[5.462s] -- Generating done
[5.462s] -- Build files have been written to: /ros2_ws/build/objectpose_gazebo
[5.466s] Invoked command in '/ros2_ws/build/objectpose_gazebo' returned '0': AMENT_PREFIX_PATH=/ros2_ws/install/ros2_objectpose:/ros2_ws/install/objectpose_msgs:${AMENT_PREFIX_PATH} CMAKE_PREFIX_PATH=/ros2_ws/install/ros2_objectpose:/ros2_ws/install/objectpose_msgs:/opt/ros/humble LD_LIBRARY_PATH=/ros2_ws/install/ros2_objectpose/lib:/ros2_ws/install/objectpose_msgs/lib:${LD_LIBRARY_PATH} PYTHONPATH=/ros2_ws/install/objectpose_msgs/local/lib/python3.10/dist-packages:${PYTHONPATH} /usr/bin/cmake /ros2_ws/src/IFRA_ObjectPose/objectpose_gazebo -DCMAKE_BUILD_TYPE=Release -DAMENT_CMAKE_SYMLINK_INSTALL=1 -DCMAKE_INSTALL_PREFIX=/ros2_ws/install/objectpose_gazebo
[5.469s] Invoking command in '/ros2_ws/build/objectpose_gazebo': AMENT_PREFIX_PATH=/ros2_ws/install/ros2_objectpose:/ros2_ws/install/objectpose_msgs:${AMENT_PREFIX_PATH} CMAKE_PREFIX_PATH=/ros2_ws/install/ros2_objectpose:/ros2_ws/install/objectpose_msgs:/opt/ros/humble LD_LIBRARY_PATH=/ros2_ws/install/ros2_objectpose/lib:/ros2_ws/install/objectpose_msgs/lib:${LD_LIBRARY_PATH} PYTHONPATH=/ros2_ws/install/objectpose_msgs/local/lib/python3.10/dist-packages:${PYTHONPATH} /usr/bin/cmake --build /ros2_ws/build/objectpose_gazebo -- -j8 -l8
[6.006s] Invoked command in '/ros2_ws/build/objectpose_gazebo' returned '0': AMENT_PREFIX_PATH=/ros2_ws/install/ros2_objectpose:/ros2_ws/install/objectpose_msgs:${AMENT_PREFIX_PATH} CMAKE_PREFIX_PATH=/ros2_ws/install/ros2_objectpose:/ros2_ws/install/objectpose_msgs:/opt/ros/humble LD_LIBRARY_PATH=/ros2_ws/install/ros2_objectpose/lib:/ros2_ws/install/objectpose_msgs/lib:${LD_LIBRARY_PATH} PYTHONPATH=/ros2_ws/install/objectpose_msgs/local/lib/python3.10/dist-packages:${PYTHONPATH} /usr/bin/cmake --build /ros2_ws/build/objectpose_gazebo -- -j8 -l8
[6.007s] Invoking command in '/ros2_ws/build/objectpose_gazebo': AMENT_PREFIX_PATH=/ros2_ws/install/ros2_objectpose:/ros2_ws/install/objectpose_msgs:${AMENT_PREFIX_PATH} CMAKE_PREFIX_PATH=/ros2_ws/install/ros2_objectpose:/ros2_ws/install/objectpose_msgs:/opt/ros/humble LD_LIBRARY_PATH=/ros2_ws/install/ros2_objectpose/lib:/ros2_ws/install/objectpose_msgs/lib:${LD_LIBRARY_PATH} PYTHONPATH=/ros2_ws/install/objectpose_msgs/local/lib/python3.10/dist-packages:${PYTHONPATH} /usr/bin/cmake --install /ros2_ws/build/objectpose_gazebo
[6.031s] -- Install configuration: "Release"
[6.031s] -- Execute custom install script
[6.031s] -- Symlinking: /ros2_ws/install/objectpose_gazebo/share/objectpose_gazebo/launch/objectpose.launch.py
[6.049s] -- Symlinking: /ros2_ws/install/objectpose_gazebo/share/objectpose_gazebo/worlds/objectpose.world
[6.072s] -- Symlinking: /ros2_ws/install/objectpose_gazebo/share/objectpose_gazebo/urdf/box.urdf
[6.092s] -- Symlinking: /ros2_ws/install/objectpose_gazebo/share/ament_index/resource_index/package_run_dependencies/objectpose_gazebo
[6.112s] -- Symlinking: /ros2_ws/install/objectpose_gazebo/share/ament_index/resource_index/parent_prefix_path/objectpose_gazebo
[6.134s] -- Symlinking: /ros2_ws/install/objectpose_gazebo/share/objectpose_gazebo/environment/ament_prefix_path.sh
[6.152s] -- Symlinking: /ros2_ws/install/objectpose_gazebo/share/objectpose_gazebo/environment/ament_prefix_path.dsv
[6.171s] -- Symlinking: /ros2_ws/install/objectpose_gazebo/share/objectpose_gazebo/environment/path.sh
[6.190s] -- Symlinking: /ros2_ws/install/objectpose_gazebo/share/objectpose_gazebo/environment/path.dsv
[6.208s] -- Symlinking: /ros2_ws/install/objectpose_gazebo/share/objectpose_gazebo/local_setup.bash
[6.227s] -- Symlinking: /ros2_ws/install/objectpose_gazebo/share/objectpose_gazebo/local_setup.sh
[6.245s] -- Symlinking: /ros2_ws/install/objectpose_gazebo/share/objectpose_gazebo/local_setup.zsh
[6.262s] -- Symlinking: /ros2_ws/install/objectpose_gazebo/share/objectpose_gazebo/local_setup.dsv
[6.281s] -- Symlinking: /ros2_ws/install/objectpose_gazebo/share/objectpose_gazebo/package.dsv
[6.301s] -- Symlinking: /ros2_ws/install/objectpose_gazebo/share/ament_index/resource_index/packages/objectpose_gazebo
[6.319s] -- Symlinking: /ros2_ws/install/objectpose_gazebo/share/objectpose_gazebo/cmake/objectpose_gazeboConfig.cmake
[6.337s] -- Symlinking: /ros2_ws/install/objectpose_gazebo/share/objectpose_gazebo/cmake/objectpose_gazeboConfig-version.cmake
[6.354s] -- Symlinking: /ros2_ws/install/objectpose_gazebo/share/objectpose_gazebo/package.xml
[6.848s] Invoked command in '/ros2_ws/build/objectpose_gazebo' returned '0': AMENT_PREFIX_PATH=/ros2_ws/install/ros2_objectpose:/ros2_ws/install/objectpose_msgs:${AMENT_PREFIX_PATH} CMAKE_PREFIX_PATH=/ros2_ws/install/ros2_objectpose:/ros2_ws/install/objectpose_msgs:/opt/ros/humble LD_LIBRARY_PATH=/ros2_ws/install/ros2_objectpose/lib:/ros2_ws/install/objectpose_msgs/lib:${LD_LIBRARY_PATH} PYTHONPATH=/ros2_ws/install/objectpose_msgs/local/lib/python3.10/dist-packages:${PYTHONPATH} /usr/bin/cmake --install /ros2_ws/build/objectpose_gazebo
