[0.042s] Invoking command in '/ros2_ws/build/ros2srrc_gazebo': CMAKE_PREFIX_PATH=/opt/ros/humble /usr/bin/cmake /ros2_ws/src/ros2_SimRealRobotControl/ros2srrc_gazebo -DCMAKE_BUILD_TYPE=Release -DAMENT_CMAKE_SYMLINK_INSTALL=1 -DCMAKE_INSTALL_PREFIX=/ros2_ws/install/ros2srrc_gazebo
[1.459s] -- The C compiler identification is GNU 11.4.0
[1.459s] -- The CXX compiler identification is GNU 11.4.0
[1.459s] -- Detecting C compiler ABI info
[1.459s] -- Detecting C compiler ABI info - done
[1.460s] -- Check for working C compiler: /usr/bin/cc - skipped
[1.460s] -- Detecting C compile features
[1.460s] -- Detecting C compile features - done
[1.460s] -- Detecting CXX compiler ABI info
[1.460s] -- Detecting CXX compiler ABI info - done
[1.460s] -- Check for working CXX compiler: /usr/bin/c++ - skipped
[1.461s] -- Detecting CXX compile features
[1.461s] -- Detecting CXX compile features - done
[1.461s] -- Found ament_cmake: 1.3.12 (/opt/ros/humble/share/ament_cmake/cmake)
[1.461s] -- Found Python3: /usr/bin/python3 (found version "3.10.12") found components: Interpreter 
[1.461s] -- Override CMake install command with custom implementation using symlinks instead of copying resources
[1.564s] -- Found ament_lint_auto: 0.12.14 (/opt/ros/humble/share/ament_lint_auto/cmake)
[1.858s] -- Added test 'copyright' to check source files copyright and LICENSE
[1.860s] -- Added test 'lint_cmake' to check CMake code style
[1.863s] -- Added test 'xmllint' to check XML markup files
[1.866s] -- Configuring done
[1.887s] -- Generating done
[1.887s] -- Build files have been written to: /ros2_ws/build/ros2srrc_gazebo
[1.897s] Invoked command in '/ros2_ws/build/ros2srrc_gazebo' returned '0': CMAKE_PREFIX_PATH=/opt/ros/humble /usr/bin/cmake /ros2_ws/src/ros2_SimRealRobotControl/ros2srrc_gazebo -DCMAKE_BUILD_TYPE=Release -DAMENT_CMAKE_SYMLINK_INSTALL=1 -DCMAKE_INSTALL_PREFIX=/ros2_ws/install/ros2srrc_gazebo
[1.898s] Invoking command in '/ros2_ws/build/ros2srrc_gazebo': CMAKE_PREFIX_PATH=/opt/ros/humble /usr/bin/cmake --build /ros2_ws/build/ros2srrc_gazebo -- -j8 -l8
[3.321s] Invoked command in '/ros2_ws/build/ros2srrc_gazebo' returned '0': CMAKE_PREFIX_PATH=/opt/ros/humble /usr/bin/cmake --build /ros2_ws/build/ros2srrc_gazebo -- -j8 -l8
[3.322s] Invoking command in '/ros2_ws/build/ros2srrc_gazebo': CMAKE_PREFIX_PATH=/opt/ros/humble /usr/bin/cmake --install /ros2_ws/build/ros2srrc_gazebo
[3.919s] -- Install configuration: "Release"
[3.919s] -- Execute custom install script
[3.920s] -- Symlinking: /ros2_ws/install/ros2srrc_gazebo/share/ros2srrc_gazebo/worlds/empty.world
[3.921s] -- Symlinking: /ros2_ws/install/ros2srrc_gazebo/share/ros2srrc_gazebo/worlds/ros2srrc_gazebo.world
[3.922s] -- Symlinking: /ros2_ws/install/ros2srrc_gazebo/share/ros2srrc_gazebo/worlds/test.world
[3.922s] -- Symlinking: /ros2_ws/install/ros2srrc_gazebo/share/ament_index/resource_index/package_run_dependencies/ros2srrc_gazebo
[3.922s] -- Symlinking: /ros2_ws/install/ros2srrc_gazebo/share/ament_index/resource_index/parent_prefix_path/ros2srrc_gazebo
[3.922s] -- Symlinking: /ros2_ws/install/ros2srrc_gazebo/share/ros2srrc_gazebo/environment/ament_prefix_path.sh
[3.923s] -- Symlinking: /ros2_ws/install/ros2srrc_gazebo/share/ros2srrc_gazebo/environment/ament_prefix_path.dsv
[3.923s] -- Symlinking: /ros2_ws/install/ros2srrc_gazebo/share/ros2srrc_gazebo/environment/path.sh
[3.923s] -- Symlinking: /ros2_ws/install/ros2srrc_gazebo/share/ros2srrc_gazebo/environment/path.dsv
[3.923s] -- Symlinking: /ros2_ws/install/ros2srrc_gazebo/share/ros2srrc_gazebo/local_setup.bash
[3.924s] -- Symlinking: /ros2_ws/install/ros2srrc_gazebo/share/ros2srrc_gazebo/local_setup.sh
[3.924s] -- Symlinking: /ros2_ws/install/ros2srrc_gazebo/share/ros2srrc_gazebo/local_setup.zsh
[3.924s] -- Symlinking: /ros2_ws/install/ros2srrc_gazebo/share/ros2srrc_gazebo/local_setup.dsv
[3.924s] -- Symlinking: /ros2_ws/install/ros2srrc_gazebo/share/ros2srrc_gazebo/package.dsv
[3.925s] -- Symlinking: /ros2_ws/install/ros2srrc_gazebo/share/ament_index/resource_index/packages/ros2srrc_gazebo
[3.925s] -- Symlinking: /ros2_ws/install/ros2srrc_gazebo/share/ros2srrc_gazebo/cmake/ros2srrc_gazeboConfig.cmake
[3.925s] -- Symlinking: /ros2_ws/install/ros2srrc_gazebo/share/ros2srrc_gazebo/cmake/ros2srrc_gazeboConfig-version.cmake
[3.925s] -- Symlinking: /ros2_ws/install/ros2srrc_gazebo/share/ros2srrc_gazebo/package.xml
[3.948s] Invoked command in '/ros2_ws/build/ros2srrc_gazebo' returned '0': CMAKE_PREFIX_PATH=/opt/ros/humble /usr/bin/cmake --install /ros2_ws/build/ros2srrc_gazebo
