[0.109s] Invoking command in '/ros2_ws/build/as2_state_estimator': AMENT_PREFIX_PATH=/ros2_ws/install/as2_core:/ros2_ws/install/as2_msgs:${AMENT_PREFIX_PATH} CMAKE_PREFIX_PATH=/ros2_ws/install/as2_core:/ros2_ws/install/as2_msgs:/opt/ros/humble LD_LIBRARY_PATH=/ros2_ws/install/as2_core/lib:/ros2_ws/install/as2_msgs/lib:${LD_LIBRARY_PATH} PYTHONPATH=/ros2_ws/install/as2_core/local/lib/python3.10/dist-packages:/ros2_ws/install/as2_msgs/local/lib/python3.10/dist-packages:${PYTHONPATH} /usr/bin/cmake --build /ros2_ws/build/as2_state_estimator -- -j8 -l8
[0.252s] [35m[1mConsolidate compiler generated dependencies of target as2_state_estimator[0m
[0.260s] [35m[1mConsolidate compiler generated dependencies of target gtest_main[0m
[0.293s] [35m[1mConsolidate compiler generated dependencies of target gtest[0m
[0.359s] [  8%] Built target as2_state_estimator
[0.378s] [ 17%] Built target gtest
[0.386s] [ 26%] Built target gtest_main
[0.392s] [ 30%] Built target as2_state_estimator_plugin_base
[0.433s] [35m[1mConsolidate compiler generated dependencies of target ground_truth[0m
[0.446s] [35m[1mConsolidate compiler generated dependencies of target as2_state_estimator_as2_state_estimator_gtest[0m
[0.454s] [35m[1mConsolidate compiler generated dependencies of target ground_truth_odometry_fuse[0m
[0.455s] [35m[1mConsolidate compiler generated dependencies of target as2_state_estimator_node[0m
[0.490s] [35m[1mConsolidate compiler generated dependencies of target raw_odometry[0m
[0.510s] [35m[1mConsolidate compiler generated dependencies of target mocap_pose[0m
[0.610s] [ 39%] Built target ground_truth_odometry_fuse
[0.611s] [ 47%] Built target ground_truth
[0.631s] [ 56%] Built target as2_state_estimator_as2_state_estimator_gtest
[0.634s] [ 65%] Built target as2_state_estimator_node
[0.640s] [ 73%] Built target raw_odometry
[0.664s] [ 82%] Built target mocap_pose
[0.688s] [35m[1mConsolidate compiler generated dependencies of target as2_state_estimator_ground_truth_odometry_fuse_gtest[0m
[0.696s] [35m[1mConsolidate compiler generated dependencies of target as2_state_estimator_mocap_gtest[0m
[0.782s] [ 91%] Built target as2_state_estimator_ground_truth_odometry_fuse_gtest
[0.782s] [100%] Built target as2_state_estimator_mocap_gtest
[1.169s] Invoked command in '/ros2_ws/build/as2_state_estimator' returned '0': AMENT_PREFIX_PATH=/ros2_ws/install/as2_core:/ros2_ws/install/as2_msgs:${AMENT_PREFIX_PATH} CMAKE_PREFIX_PATH=/ros2_ws/install/as2_core:/ros2_ws/install/as2_msgs:/opt/ros/humble LD_LIBRARY_PATH=/ros2_ws/install/as2_core/lib:/ros2_ws/install/as2_msgs/lib:${LD_LIBRARY_PATH} PYTHONPATH=/ros2_ws/install/as2_core/local/lib/python3.10/dist-packages:/ros2_ws/install/as2_msgs/local/lib/python3.10/dist-packages:${PYTHONPATH} /usr/bin/cmake --build /ros2_ws/build/as2_state_estimator -- -j8 -l8
[1.170s] Invoking command in '/ros2_ws/build/as2_state_estimator': AMENT_PREFIX_PATH=/ros2_ws/install/as2_core:/ros2_ws/install/as2_msgs:${AMENT_PREFIX_PATH} CMAKE_PREFIX_PATH=/ros2_ws/install/as2_core:/ros2_ws/install/as2_msgs:/opt/ros/humble LD_LIBRARY_PATH=/ros2_ws/install/as2_core/lib:/ros2_ws/install/as2_msgs/lib:${LD_LIBRARY_PATH} PYTHONPATH=/ros2_ws/install/as2_core/local/lib/python3.10/dist-packages:/ros2_ws/install/as2_msgs/local/lib/python3.10/dist-packages:${PYTHONPATH} /usr/bin/cmake --install /ros2_ws/build/as2_state_estimator
[1.256s] -- Install configuration: "Release"
[1.256s] -- Execute custom install script
[1.256s] -- Up-to-date symlink: /ros2_ws/install/as2_state_estimator/lib/as2_state_estimator/as2_state_estimator_node
[1.256s] -- Up-to-date symlink: /ros2_ws/install/as2_state_estimator/include/as2_state_estimator/as2_state_estimator.hpp
[1.256s] -- Up-to-date symlink: /ros2_ws/install/as2_state_estimator/include/as2_state_estimator/plugin_base.hpp
[1.257s] -- Up-to-date symlink: /ros2_ws/install/as2_state_estimator/include/raw_odometry.hpp
[1.257s] -- Up-to-date symlink: /ros2_ws/install/as2_state_estimator/share/as2_state_estimator/environment/library_path.sh
[1.258s] -- Up-to-date symlink: /ros2_ws/install/as2_state_estimator/share/as2_state_estimator/environment/library_path.dsv
[1.258s] -- Up-to-date symlink: /ros2_ws/install/as2_state_estimator/include/ground_truth.hpp
[1.258s] -- Up-to-date symlink: /ros2_ws/install/as2_state_estimator/share/as2_state_estimator/environment/library_path.sh
[1.259s] -- Up-to-date symlink: /ros2_ws/install/as2_state_estimator/share/as2_state_estimator/environment/library_path.dsv
[1.259s] -- Up-to-date symlink: /ros2_ws/install/as2_state_estimator/include/mocap_pose.hpp
[1.259s] -- Up-to-date symlink: /ros2_ws/install/as2_state_estimator/share/as2_state_estimator/environment/library_path.sh
[1.259s] -- Up-to-date symlink: /ros2_ws/install/as2_state_estimator/share/as2_state_estimator/environment/library_path.dsv
[1.260s] -- Up-to-date symlink: /ros2_ws/install/as2_state_estimator/include/ground_truth_odometry_fuse.hpp
[1.260s] -- Up-to-date symlink: /ros2_ws/install/as2_state_estimator/share/as2_state_estimator/environment/library_path.sh
[1.260s] -- Up-to-date symlink: /ros2_ws/install/as2_state_estimator/share/as2_state_estimator/environment/library_path.dsv
[1.261s] -- Up-to-date symlink: /ros2_ws/install/as2_state_estimator/share/as2_state_estimator//plugins.xml
[1.261s] -- Up-to-date symlink: /ros2_ws/install/as2_state_estimator/share/as2_state_estimator/plugins/raw_odometry/config/plugin_default.yaml
[1.261s] -- Up-to-date symlink: /ros2_ws/install/as2_state_estimator/share/as2_state_estimator/plugins/ground_truth/config/plugin_default.yaml
[1.262s] -- Up-to-date symlink: /ros2_ws/install/as2_state_estimator/share/as2_state_estimator/plugins/mocap_pose/config/plugin_default.yaml
[1.262s] -- Up-to-date symlink: /ros2_ws/install/as2_state_estimator/share/as2_state_estimator/plugins/ground_truth_odometry_fuse/config/plugin_default.yaml
[1.262s] -- Up-to-date symlink: /ros2_ws/install/as2_state_estimator/share/as2_state_estimator/launch/ground_truth_odometry_fuse_state_estimator.launch.py
[1.264s] -- Up-to-date symlink: /ros2_ws/install/as2_state_estimator/share/as2_state_estimator/launch/ground_truth_state_estimator.launch.py
[1.264s] -- Up-to-date symlink: /ros2_ws/install/as2_state_estimator/share/as2_state_estimator/launch/mocap_pose_state_estimator.launch.py
[1.264s] -- Up-to-date symlink: /ros2_ws/install/as2_state_estimator/share/as2_state_estimator/launch/raw_odometry_state_estimator.launch.py
[1.265s] -- Up-to-date symlink: /ros2_ws/install/as2_state_estimator/share/as2_state_estimator/launch/state_estimator_launch.py
[1.265s] -- Up-to-date symlink: /ros2_ws/install/as2_state_estimator/share/as2_state_estimator/config/state_estimator_default.yaml
[1.265s] -- Up-to-date symlink: /ros2_ws/install/as2_state_estimator/share/ament_index/resource_index/package_run_dependencies/as2_state_estimator
[1.266s] -- Up-to-date symlink: /ros2_ws/install/as2_state_estimator/share/ament_index/resource_index/parent_prefix_path/as2_state_estimator
[1.266s] -- Up-to-date symlink: /ros2_ws/install/as2_state_estimator/share/as2_state_estimator/environment/ament_prefix_path.sh
[1.266s] -- Up-to-date symlink: /ros2_ws/install/as2_state_estimator/share/as2_state_estimator/environment/ament_prefix_path.dsv
[1.267s] -- Up-to-date symlink: /ros2_ws/install/as2_state_estimator/share/as2_state_estimator/environment/path.sh
[1.267s] -- Up-to-date symlink: /ros2_ws/install/as2_state_estimator/share/as2_state_estimator/environment/path.dsv
[1.267s] -- Up-to-date symlink: /ros2_ws/install/as2_state_estimator/share/as2_state_estimator/local_setup.bash
[1.268s] -- Up-to-date symlink: /ros2_ws/install/as2_state_estimator/share/as2_state_estimator/local_setup.sh
[1.268s] -- Up-to-date symlink: /ros2_ws/install/as2_state_estimator/share/as2_state_estimator/local_setup.zsh
[1.268s] -- Up-to-date symlink: /ros2_ws/install/as2_state_estimator/share/as2_state_estimator/local_setup.dsv
[1.268s] -- Symlinking: /ros2_ws/install/as2_state_estimator/share/as2_state_estimator/package.dsv
[1.268s] -- Up-to-date symlink: /ros2_ws/install/as2_state_estimator/share/ament_index/resource_index/packages/as2_state_estimator
[1.269s] -- Up-to-date symlink: /ros2_ws/install/as2_state_estimator/share/ament_index/resource_index/as2_state_estimator__pluginlib__plugin/as2_state_estimator
[1.269s] -- Up-to-date symlink: /ros2_ws/install/as2_state_estimator/share/as2_state_estimator/cmake/as2_state_estimatorConfig.cmake
[1.269s] -- Up-to-date symlink: /ros2_ws/install/as2_state_estimator/share/as2_state_estimator/cmake/as2_state_estimatorConfig-version.cmake
[1.269s] -- Up-to-date symlink: /ros2_ws/install/as2_state_estimator/share/as2_state_estimator/package.xml
[1.269s] -- Up-to-date: /ros2_ws/install/as2_state_estimator/lib/libas2_state_estimator.so
[1.270s] -- Up-to-date: /ros2_ws/install/as2_state_estimator/lib/libas2_state_estimator_plugin_base.so
[1.271s] -- Up-to-date: /ros2_ws/install/as2_state_estimator/lib/libraw_odometry.so
[1.271s] -- Up-to-date: /ros2_ws/install/as2_state_estimator/lib/libground_truth.so
[1.271s] -- Up-to-date: /ros2_ws/install/as2_state_estimator/lib/libmocap_pose.so
[1.271s] -- Up-to-date: /ros2_ws/install/as2_state_estimator/lib/libground_truth_odometry_fuse.so
[1.330s] Invoked command in '/ros2_ws/build/as2_state_estimator' returned '0': AMENT_PREFIX_PATH=/ros2_ws/install/as2_core:/ros2_ws/install/as2_msgs:${AMENT_PREFIX_PATH} CMAKE_PREFIX_PATH=/ros2_ws/install/as2_core:/ros2_ws/install/as2_msgs:/opt/ros/humble LD_LIBRARY_PATH=/ros2_ws/install/as2_core/lib:/ros2_ws/install/as2_msgs/lib:${LD_LIBRARY_PATH} PYTHONPATH=/ros2_ws/install/as2_core/local/lib/python3.10/dist-packages:/ros2_ws/install/as2_msgs/local/lib/python3.10/dist-packages:${PYTHONPATH} /usr/bin/cmake --install /ros2_ws/build/as2_state_estimator
