[35m[1mConsolidate compiler generated dependencies of target objectpose_msgs__rosidl_generator_c[0m
[  9%] Built target objectpose_msgs__rosidl_generator_c
[ 12%] Built target objectpose_msgs__cpp
[35m[1mConsolidate compiler generated dependencies of target objectpose_msgs__rosidl_typesupport_c[0m
[ 12%] Built target ament_cmake_python_symlink_objectpose_msgs
[35m[1mConsolidate compiler generated dependencies of target objectpose_msgs__rosidl_typesupport_fastrtps_c[0m
[35m[1mConsolidate compiler generated dependencies of target objectpose_msgs__rosidl_typesupport_introspection_c[0m
[35m[1mConsolidate compiler generated dependencies of target objectpose_msgs__rosidl_typesupport_cpp[0m
[ 22%] Built target objectpose_msgs__rosidl_typesupport_c
[35m[1mConsolidate compiler generated dependencies of target objectpose_msgs__rosidl_typesupport_fastrtps_cpp[0m
[35m[1mConsolidate compiler generated dependencies of target objectpose_msgs__rosidl_typesupport_introspection_cpp[0m
[ 32%] Built target objectpose_msgs__rosidl_typesupport_fastrtps_c
[ 41%] Built target objectpose_msgs__rosidl_typesupport_introspection_c
[ 51%] Built target objectpose_msgs__rosidl_typesupport_cpp
[ 61%] Built target objectpose_msgs__rosidl_typesupport_fastrtps_cpp
[ 70%] Built target objectpose_msgs__rosidl_typesupport_introspection_cpp
[ 70%] Built target objectpose_msgs
[ 74%] Built target objectpose_msgs__py
[35m[1mConsolidate compiler generated dependencies of target objectpose_msgs__rosidl_generator_py[0m
[ 80%] Built target objectpose_msgs__rosidl_generator_py
[35m[1mConsolidate compiler generated dependencies of target objectpose_msgs__rosidl_typesupport_introspection_c__pyext[0m
[35m[1mConsolidate compiler generated dependencies of target objectpose_msgs__rosidl_typesupport_fastrtps_c__pyext[0m
[35m[1mConsolidate compiler generated dependencies of target objectpose_msgs__rosidl_typesupport_c__pyext[0m
[ 87%] Built target objectpose_msgs__rosidl_typesupport_introspection_c__pyext
[ 93%] Built target objectpose_msgs__rosidl_typesupport_fastrtps_c__pyext
[100%] Built target objectpose_msgs__rosidl_typesupport_c__pyext
running egg_info
writing objectpose_msgs.egg-info/PKG-INFO
writing dependency_links to objectpose_msgs.egg-info/dependency_links.txt
writing top-level names to objectpose_msgs.egg-info/top_level.txt
reading manifest file 'objectpose_msgs.egg-info/SOURCES.txt'
writing manifest file 'objectpose_msgs.egg-info/SOURCES.txt'
[100%] Built target ament_cmake_python_build_objectpose_msgs_egg
-- Install configuration: "Release"
-- Execute custom install script
-- Up-to-date symlink: /ros2_ws/install/objectpose_msgs/share/objectpose_msgs/msg/ObjectPose.msg
-- Up-to-date symlink: /ros2_ws/install/objectpose_msgs/share/ament_index/resource_index/rosidl_interfaces/objectpose_msgs
-- Up-to-date symlink: /ros2_ws/install/objectpose_msgs/include/objectpose_msgs/objectpose_msgs/msg/detail/object_pose__functions.h
-- Up-to-date symlink: /ros2_ws/install/objectpose_msgs/include/objectpose_msgs/objectpose_msgs/msg/detail/object_pose__struct.h
-- Up-to-date symlink: /ros2_ws/install/objectpose_msgs/include/objectpose_msgs/objectpose_msgs/msg/detail/object_pose__type_support.h
-- Up-to-date symlink: /ros2_ws/install/objectpose_msgs/include/objectpose_msgs/objectpose_msgs/msg/object_pose.h
-- Up-to-date symlink: /ros2_ws/install/objectpose_msgs/include/objectpose_msgs/objectpose_msgs/msg/rosidl_generator_c__visibility_control.h
-- Up-to-date symlink: /ros2_ws/install/objectpose_msgs/share/objectpose_msgs/environment/library_path.sh
-- Up-to-date symlink: /ros2_ws/install/objectpose_msgs/share/objectpose_msgs/environment/library_path.dsv
-- Up-to-date symlink: /ros2_ws/install/objectpose_msgs/include/objectpose_msgs/objectpose_msgs/msg/detail/object_pose__rosidl_typesupport_fastrtps_c.h
-- Up-to-date symlink: /ros2_ws/install/objectpose_msgs/include/objectpose_msgs/objectpose_msgs/msg/rosidl_typesupport_fastrtps_c__visibility_control.h
-- Up-to-date symlink: /ros2_ws/install/objectpose_msgs/include/objectpose_msgs/objectpose_msgs/msg/detail/object_pose__rosidl_typesupport_introspection_c.h
-- Up-to-date symlink: /ros2_ws/install/objectpose_msgs/include/objectpose_msgs/objectpose_msgs/msg/rosidl_typesupport_introspection_c__visibility_control.h
-- Up-to-date symlink: /ros2_ws/install/objectpose_msgs/include/objectpose_msgs/objectpose_msgs/msg/detail/object_pose__builder.hpp
-- Up-to-date symlink: /ros2_ws/install/objectpose_msgs/include/objectpose_msgs/objectpose_msgs/msg/detail/object_pose__struct.hpp
-- Up-to-date symlink: /ros2_ws/install/objectpose_msgs/include/objectpose_msgs/objectpose_msgs/msg/detail/object_pose__traits.hpp
-- Up-to-date symlink: /ros2_ws/install/objectpose_msgs/include/objectpose_msgs/objectpose_msgs/msg/detail/object_pose__type_support.hpp
-- Up-to-date symlink: /ros2_ws/install/objectpose_msgs/include/objectpose_msgs/objectpose_msgs/msg/object_pose.hpp
-- Up-to-date symlink: /ros2_ws/install/objectpose_msgs/include/objectpose_msgs/objectpose_msgs/msg/rosidl_generator_cpp__visibility_control.hpp
-- Up-to-date symlink: /ros2_ws/install/objectpose_msgs/include/objectpose_msgs/objectpose_msgs/msg/detail/object_pose__rosidl_typesupport_fastrtps_cpp.hpp
-- Up-to-date symlink: /ros2_ws/install/objectpose_msgs/include/objectpose_msgs/objectpose_msgs/msg/rosidl_typesupport_fastrtps_cpp__visibility_control.h
-- Up-to-date symlink: /ros2_ws/install/objectpose_msgs/include/objectpose_msgs/objectpose_msgs/msg/detail/object_pose__rosidl_typesupport_introspection_cpp.hpp
-- Up-to-date symlink: /ros2_ws/install/objectpose_msgs/share/objectpose_msgs/environment/pythonpath.sh
-- Up-to-date symlink: /ros2_ws/install/objectpose_msgs/share/objectpose_msgs/environment/pythonpath.dsv
-- Up-to-date symlink: /ros2_ws/install/objectpose_msgs/local/lib/python3.10/dist-packages/objectpose_msgs-0.0.0-py3.10.egg-info/PKG-INFO
-- Up-to-date symlink: /ros2_ws/install/objectpose_msgs/local/lib/python3.10/dist-packages/objectpose_msgs-0.0.0-py3.10.egg-info/SOURCES.txt
-- Up-to-date symlink: /ros2_ws/install/objectpose_msgs/local/lib/python3.10/dist-packages/objectpose_msgs-0.0.0-py3.10.egg-info/dependency_links.txt
-- Up-to-date symlink: /ros2_ws/install/objectpose_msgs/local/lib/python3.10/dist-packages/objectpose_msgs-0.0.0-py3.10.egg-info/top_level.txt
-- Up-to-date symlink: /ros2_ws/install/objectpose_msgs/local/lib/python3.10/dist-packages/objectpose_msgs/__init__.py
-- Up-to-date symlink: /ros2_ws/install/objectpose_msgs/local/lib/python3.10/dist-packages/objectpose_msgs/_objectpose_msgs_s.ep.rosidl_typesupport_c.c
-- Up-to-date symlink: /ros2_ws/install/objectpose_msgs/local/lib/python3.10/dist-packages/objectpose_msgs/_objectpose_msgs_s.ep.rosidl_typesupport_fastrtps_c.c
-- Up-to-date symlink: /ros2_ws/install/objectpose_msgs/local/lib/python3.10/dist-packages/objectpose_msgs/_objectpose_msgs_s.ep.rosidl_typesupport_introspection_c.c
-- Up-to-date symlink: /ros2_ws/install/objectpose_msgs/local/lib/python3.10/dist-packages/objectpose_msgs/libobjectpose_msgs__rosidl_generator_py.so
-- Up-to-date symlink: /ros2_ws/install/objectpose_msgs/local/lib/python3.10/dist-packages/objectpose_msgs/msg/__init__.py
-- Up-to-date symlink: /ros2_ws/install/objectpose_msgs/local/lib/python3.10/dist-packages/objectpose_msgs/msg/_object_pose.py
-- Up-to-date symlink: /ros2_ws/install/objectpose_msgs/local/lib/python3.10/dist-packages/objectpose_msgs/msg/_object_pose_s.c
-- Up-to-date symlink: /ros2_ws/install/objectpose_msgs/local/lib/python3.10/dist-packages/objectpose_msgs/objectpose_msgs_s__rosidl_typesupport_c.cpython-310-x86_64-linux-gnu.so
-- Up-to-date symlink: /ros2_ws/install/objectpose_msgs/local/lib/python3.10/dist-packages/objectpose_msgs/objectpose_msgs_s__rosidl_typesupport_fastrtps_c.cpython-310-x86_64-linux-gnu.so
-- Up-to-date symlink: /ros2_ws/install/objectpose_msgs/local/lib/python3.10/dist-packages/objectpose_msgs/objectpose_msgs_s__rosidl_typesupport_introspection_c.cpython-310-x86_64-linux-gnu.so
-- Up-to-date symlink: /ros2_ws/install/objectpose_msgs/local/lib/python3.10/dist-packages/objectpose_msgs/objectpose_msgs_s__rosidl_typesupport_fastrtps_c.cpython-310-x86_64-linux-gnu.so
-- Up-to-date symlink: /ros2_ws/install/objectpose_msgs/local/lib/python3.10/dist-packages/objectpose_msgs/objectpose_msgs_s__rosidl_typesupport_introspection_c.cpython-310-x86_64-linux-gnu.so
-- Up-to-date symlink: /ros2_ws/install/objectpose_msgs/local/lib/python3.10/dist-packages/objectpose_msgs/objectpose_msgs_s__rosidl_typesupport_c.cpython-310-x86_64-linux-gnu.so
-- Up-to-date symlink: /ros2_ws/install/objectpose_msgs/share/objectpose_msgs/msg/ObjectPose.idl
-- Up-to-date symlink: /ros2_ws/install/objectpose_msgs/share/objectpose_msgs/msg/ObjectPose.msg
-- Up-to-date symlink: /ros2_ws/install/objectpose_msgs/share/ament_index/resource_index/package_run_dependencies/objectpose_msgs
-- Up-to-date symlink: /ros2_ws/install/objectpose_msgs/share/ament_index/resource_index/parent_prefix_path/objectpose_msgs
-- Up-to-date symlink: /ros2_ws/install/objectpose_msgs/share/objectpose_msgs/environment/ament_prefix_path.sh
-- Up-to-date symlink: /ros2_ws/install/objectpose_msgs/share/objectpose_msgs/environment/ament_prefix_path.dsv
-- Up-to-date symlink: /ros2_ws/install/objectpose_msgs/share/objectpose_msgs/environment/path.sh
-- Up-to-date symlink: /ros2_ws/install/objectpose_msgs/share/objectpose_msgs/environment/path.dsv
-- Up-to-date symlink: /ros2_ws/install/objectpose_msgs/share/objectpose_msgs/local_setup.bash
-- Up-to-date symlink: /ros2_ws/install/objectpose_msgs/share/objectpose_msgs/local_setup.sh
-- Up-to-date symlink: /ros2_ws/install/objectpose_msgs/share/objectpose_msgs/local_setup.zsh
-- Up-to-date symlink: /ros2_ws/install/objectpose_msgs/share/objectpose_msgs/local_setup.dsv
-- Symlinking: /ros2_ws/install/objectpose_msgs/share/objectpose_msgs/package.dsv
-- Up-to-date symlink: /ros2_ws/install/objectpose_msgs/share/ament_index/resource_index/packages/objectpose_msgs
-- Up-to-date symlink: /ros2_ws/install/objectpose_msgs/share/objectpose_msgs/cmake/rosidl_cmake-extras.cmake
-- Up-to-date symlink: /ros2_ws/install/objectpose_msgs/share/objectpose_msgs/cmake/ament_cmake_export_include_directories-extras.cmake
-- Up-to-date symlink: /ros2_ws/install/objectpose_msgs/share/objectpose_msgs/cmake/ament_cmake_export_libraries-extras.cmake
-- Up-to-date symlink: /ros2_ws/install/objectpose_msgs/share/objectpose_msgs/cmake/ament_cmake_export_targets-extras.cmake
-- Up-to-date symlink: /ros2_ws/install/objectpose_msgs/share/objectpose_msgs/cmake/rosidl_cmake_export_typesupport_targets-extras.cmake
-- Up-to-date symlink: /ros2_ws/install/objectpose_msgs/share/objectpose_msgs/cmake/ament_cmake_export_dependencies-extras.cmake
-- Up-to-date symlink: /ros2_ws/install/objectpose_msgs/share/objectpose_msgs/cmake/rosidl_cmake_export_typesupport_libraries-extras.cmake
-- Up-to-date symlink: /ros2_ws/install/objectpose_msgs/share/objectpose_msgs/cmake/objectpose_msgsConfig.cmake
-- Up-to-date symlink: /ros2_ws/install/objectpose_msgs/share/objectpose_msgs/cmake/objectpose_msgsConfig-version.cmake
-- Up-to-date symlink: /ros2_ws/install/objectpose_msgs/share/objectpose_msgs/package.xml
-- Up-to-date: /ros2_ws/install/objectpose_msgs/lib/libobjectpose_msgs__rosidl_generator_c.so
-- Up-to-date: /ros2_ws/install/objectpose_msgs/lib/libobjectpose_msgs__rosidl_typesupport_fastrtps_c.so
-- Up-to-date: /ros2_ws/install/objectpose_msgs/lib/libobjectpose_msgs__rosidl_typesupport_introspection_c.so
-- Up-to-date: /ros2_ws/install/objectpose_msgs/lib/libobjectpose_msgs__rosidl_typesupport_c.so
-- Up-to-date: /ros2_ws/install/objectpose_msgs/lib/libobjectpose_msgs__rosidl_typesupport_fastrtps_cpp.so
-- Up-to-date: /ros2_ws/install/objectpose_msgs/lib/libobjectpose_msgs__rosidl_typesupport_introspection_cpp.so
-- Up-to-date: /ros2_ws/install/objectpose_msgs/lib/libobjectpose_msgs__rosidl_typesupport_cpp.so
Listing '/ros2_ws/install/objectpose_msgs/local/lib/python3.10/dist-packages/objectpose_msgs'...
Listing '/ros2_ws/install/objectpose_msgs/local/lib/python3.10/dist-packages/objectpose_msgs/msg'...
-- Up-to-date: /ros2_ws/install/objectpose_msgs/lib/libobjectpose_msgs__rosidl_generator_py.so
-- Up-to-date: /ros2_ws/install/objectpose_msgs/share/objectpose_msgs/cmake/export_objectpose_msgs__rosidl_generator_cExport.cmake
-- Up-to-date: /ros2_ws/install/objectpose_msgs/share/objectpose_msgs/cmake/export_objectpose_msgs__rosidl_generator_cExport-release.cmake
-- Up-to-date: /ros2_ws/install/objectpose_msgs/share/objectpose_msgs/cmake/export_objectpose_msgs__rosidl_typesupport_fastrtps_cExport.cmake
-- Up-to-date: /ros2_ws/install/objectpose_msgs/share/objectpose_msgs/cmake/export_objectpose_msgs__rosidl_typesupport_fastrtps_cExport-release.cmake
-- Up-to-date: /ros2_ws/install/objectpose_msgs/share/objectpose_msgs/cmake/objectpose_msgs__rosidl_typesupport_introspection_cExport.cmake
-- Up-to-date: /ros2_ws/install/objectpose_msgs/share/objectpose_msgs/cmake/objectpose_msgs__rosidl_typesupport_introspection_cExport-release.cmake
-- Up-to-date: /ros2_ws/install/objectpose_msgs/share/objectpose_msgs/cmake/objectpose_msgs__rosidl_typesupport_cExport.cmake
-- Up-to-date: /ros2_ws/install/objectpose_msgs/share/objectpose_msgs/cmake/objectpose_msgs__rosidl_typesupport_cExport-release.cmake
-- Up-to-date: /ros2_ws/install/objectpose_msgs/share/objectpose_msgs/cmake/export_objectpose_msgs__rosidl_generator_cppExport.cmake
-- Up-to-date: /ros2_ws/install/objectpose_msgs/share/objectpose_msgs/cmake/export_objectpose_msgs__rosidl_typesupport_fastrtps_cppExport.cmake
-- Up-to-date: /ros2_ws/install/objectpose_msgs/share/objectpose_msgs/cmake/export_objectpose_msgs__rosidl_typesupport_fastrtps_cppExport-release.cmake
-- Up-to-date: /ros2_ws/install/objectpose_msgs/share/objectpose_msgs/cmake/objectpose_msgs__rosidl_typesupport_introspection_cppExport.cmake
-- Up-to-date: /ros2_ws/install/objectpose_msgs/share/objectpose_msgs/cmake/objectpose_msgs__rosidl_typesupport_introspection_cppExport-release.cmake
-- Up-to-date: /ros2_ws/install/objectpose_msgs/share/objectpose_msgs/cmake/objectpose_msgs__rosidl_typesupport_cppExport.cmake
-- Up-to-date: /ros2_ws/install/objectpose_msgs/share/objectpose_msgs/cmake/objectpose_msgs__rosidl_typesupport_cppExport-release.cmake
-- Up-to-date: /ros2_ws/install/objectpose_msgs/share/objectpose_msgs/cmake/export_objectpose_msgs__rosidl_generator_pyExport.cmake
-- Up-to-date: /ros2_ws/install/objectpose_msgs/share/objectpose_msgs/cmake/export_objectpose_msgs__rosidl_generator_pyExport-release.cmake
