[0.051s] Invoking command in '/ros2_ws/build/objectpose_msgs': CMAKE_PREFIX_PATH=/opt/ros/humble /usr/bin/cmake --build /ros2_ws/build/objectpose_msgs -- -j8 -l8
[0.143s] [35m[1mConsolidate compiler generated dependencies of target objectpose_msgs__rosidl_generator_c[0m
[0.181s] [  9%] Built target objectpose_msgs__rosidl_generator_c
[0.209s] [ 12%] Built target objectpose_msgs__cpp
[0.228s] [35m[1mConsolidate compiler generated dependencies of target objectpose_msgs__rosidl_typesupport_c[0m
[0.241s] [ 12%] Built target ament_cmake_python_symlink_objectpose_msgs
[0.260s] [35m[1mConsolidate compiler generated dependencies of target objectpose_msgs__rosidl_typesupport_fastrtps_c[0m
[0.268s] [35m[1mConsolidate compiler generated dependencies of target objectpose_msgs__rosidl_typesupport_introspection_c[0m
[0.304s] [35m[1mConsolidate compiler generated dependencies of target objectpose_msgs__rosidl_typesupport_cpp[0m
[0.320s] [ 22%] Built target objectpose_msgs__rosidl_typesupport_c
[0.335s] [35m[1mConsolidate compiler generated dependencies of target objectpose_msgs__rosidl_typesupport_fastrtps_cpp[0m
[0.346s] [35m[1mConsolidate compiler generated dependencies of target objectpose_msgs__rosidl_typesupport_introspection_cpp[0m
[0.411s] [ 32%] Built target objectpose_msgs__rosidl_typesupport_fastrtps_c
[0.441s] [ 41%] Built target objectpose_msgs__rosidl_typesupport_introspection_c
[0.445s] [ 51%] Built target objectpose_msgs__rosidl_typesupport_cpp
[0.483s] [ 61%] Built target objectpose_msgs__rosidl_typesupport_fastrtps_cpp
[0.498s] [ 70%] Built target objectpose_msgs__rosidl_typesupport_introspection_cpp
[0.690s] [ 70%] Built target objectpose_msgs
[0.842s] [ 74%] Built target objectpose_msgs__py
[0.947s] [35m[1mConsolidate compiler generated dependencies of target objectpose_msgs__rosidl_generator_py[0m
[0.975s] [ 80%] Built target objectpose_msgs__rosidl_generator_py
[1.032s] [35m[1mConsolidate compiler generated dependencies of target objectpose_msgs__rosidl_typesupport_introspection_c__pyext[0m
[1.053s] [35m[1mConsolidate compiler generated dependencies of target objectpose_msgs__rosidl_typesupport_fastrtps_c__pyext[0m
[1.062s] [35m[1mConsolidate compiler generated dependencies of target objectpose_msgs__rosidl_typesupport_c__pyext[0m
[1.102s] [ 87%] Built target objectpose_msgs__rosidl_typesupport_introspection_c__pyext
[1.107s] [ 93%] Built target objectpose_msgs__rosidl_typesupport_fastrtps_c__pyext
[1.136s] [100%] Built target objectpose_msgs__rosidl_typesupport_c__pyext
[1.463s] running egg_info
[1.463s] writing objectpose_msgs.egg-info/PKG-INFO
[1.464s] writing dependency_links to objectpose_msgs.egg-info/dependency_links.txt
[1.464s] writing top-level names to objectpose_msgs.egg-info/top_level.txt
[1.464s] reading manifest file 'objectpose_msgs.egg-info/SOURCES.txt'
[1.464s] writing manifest file 'objectpose_msgs.egg-info/SOURCES.txt'
[1.550s] [100%] Built target ament_cmake_python_build_objectpose_msgs_egg
[1.618s] Invoked command in '/ros2_ws/build/objectpose_msgs' returned '0': CMAKE_PREFIX_PATH=/opt/ros/humble /usr/bin/cmake --build /ros2_ws/build/objectpose_msgs -- -j8 -l8
[1.622s] Invoking command in '/ros2_ws/build/objectpose_msgs': CMAKE_PREFIX_PATH=/opt/ros/humble /usr/bin/cmake --install /ros2_ws/build/objectpose_msgs
[1.658s] -- Install configuration: "Release"
[1.673s] -- Execute custom install script
[1.677s] -- Up-to-date symlink: /ros2_ws/install/objectpose_msgs/share/objectpose_msgs/msg/ObjectPose.msg
[1.679s] -- Up-to-date symlink: /ros2_ws/install/objectpose_msgs/share/ament_index/resource_index/rosidl_interfaces/objectpose_msgs
[1.688s] -- Up-to-date symlink: /ros2_ws/install/objectpose_msgs/include/objectpose_msgs/objectpose_msgs/msg/detail/object_pose__functions.h
[1.692s] -- Up-to-date symlink: /ros2_ws/install/objectpose_msgs/include/objectpose_msgs/objectpose_msgs/msg/detail/object_pose__struct.h
[1.697s] -- Up-to-date symlink: /ros2_ws/install/objectpose_msgs/include/objectpose_msgs/objectpose_msgs/msg/detail/object_pose__type_support.h
[1.702s] -- Up-to-date symlink: /ros2_ws/install/objectpose_msgs/include/objectpose_msgs/objectpose_msgs/msg/object_pose.h
[1.707s] -- Up-to-date symlink: /ros2_ws/install/objectpose_msgs/include/objectpose_msgs/objectpose_msgs/msg/rosidl_generator_c__visibility_control.h
[1.717s] -- Up-to-date symlink: /ros2_ws/install/objectpose_msgs/share/objectpose_msgs/environment/library_path.sh
[1.720s] -- Up-to-date symlink: /ros2_ws/install/objectpose_msgs/share/objectpose_msgs/environment/library_path.dsv
[1.723s] -- Up-to-date symlink: /ros2_ws/install/objectpose_msgs/include/objectpose_msgs/objectpose_msgs/msg/detail/object_pose__rosidl_typesupport_fastrtps_c.h
[1.723s] -- Up-to-date symlink: /ros2_ws/install/objectpose_msgs/include/objectpose_msgs/objectpose_msgs/msg/rosidl_typesupport_fastrtps_c__visibility_control.h
[1.732s] -- Up-to-date symlink: /ros2_ws/install/objectpose_msgs/include/objectpose_msgs/objectpose_msgs/msg/detail/object_pose__rosidl_typesupport_introspection_c.h
[1.734s] -- Up-to-date symlink: /ros2_ws/install/objectpose_msgs/include/objectpose_msgs/objectpose_msgs/msg/rosidl_typesupport_introspection_c__visibility_control.h
[1.745s] -- Up-to-date symlink: /ros2_ws/install/objectpose_msgs/include/objectpose_msgs/objectpose_msgs/msg/detail/object_pose__builder.hpp
[1.746s] -- Up-to-date symlink: /ros2_ws/install/objectpose_msgs/include/objectpose_msgs/objectpose_msgs/msg/detail/object_pose__struct.hpp
[1.750s] -- Up-to-date symlink: /ros2_ws/install/objectpose_msgs/include/objectpose_msgs/objectpose_msgs/msg/detail/object_pose__traits.hpp
[1.751s] -- Up-to-date symlink: /ros2_ws/install/objectpose_msgs/include/objectpose_msgs/objectpose_msgs/msg/detail/object_pose__type_support.hpp
[1.751s] -- Up-to-date symlink: /ros2_ws/install/objectpose_msgs/include/objectpose_msgs/objectpose_msgs/msg/object_pose.hpp
[1.752s] -- Up-to-date symlink: /ros2_ws/install/objectpose_msgs/include/objectpose_msgs/objectpose_msgs/msg/rosidl_generator_cpp__visibility_control.hpp
[1.754s] -- Up-to-date symlink: /ros2_ws/install/objectpose_msgs/include/objectpose_msgs/objectpose_msgs/msg/detail/object_pose__rosidl_typesupport_fastrtps_cpp.hpp
[1.756s] -- Up-to-date symlink: /ros2_ws/install/objectpose_msgs/include/objectpose_msgs/objectpose_msgs/msg/rosidl_typesupport_fastrtps_cpp__visibility_control.h
[1.759s] -- Up-to-date symlink: /ros2_ws/install/objectpose_msgs/include/objectpose_msgs/objectpose_msgs/msg/detail/object_pose__rosidl_typesupport_introspection_cpp.hpp
[1.759s] -- Up-to-date symlink: /ros2_ws/install/objectpose_msgs/share/objectpose_msgs/environment/pythonpath.sh
[1.760s] -- Up-to-date symlink: /ros2_ws/install/objectpose_msgs/share/objectpose_msgs/environment/pythonpath.dsv
[1.764s] -- Up-to-date symlink: /ros2_ws/install/objectpose_msgs/local/lib/python3.10/dist-packages/objectpose_msgs-0.0.0-py3.10.egg-info/PKG-INFO
[1.768s] -- Up-to-date symlink: /ros2_ws/install/objectpose_msgs/local/lib/python3.10/dist-packages/objectpose_msgs-0.0.0-py3.10.egg-info/SOURCES.txt
[1.770s] -- Up-to-date symlink: /ros2_ws/install/objectpose_msgs/local/lib/python3.10/dist-packages/objectpose_msgs-0.0.0-py3.10.egg-info/dependency_links.txt
[1.774s] -- Up-to-date symlink: /ros2_ws/install/objectpose_msgs/local/lib/python3.10/dist-packages/objectpose_msgs-0.0.0-py3.10.egg-info/top_level.txt
[1.782s] -- Up-to-date symlink: /ros2_ws/install/objectpose_msgs/local/lib/python3.10/dist-packages/objectpose_msgs/__init__.py
[1.783s] -- Up-to-date symlink: /ros2_ws/install/objectpose_msgs/local/lib/python3.10/dist-packages/objectpose_msgs/_objectpose_msgs_s.ep.rosidl_typesupport_c.c
[1.784s] -- Up-to-date symlink: /ros2_ws/install/objectpose_msgs/local/lib/python3.10/dist-packages/objectpose_msgs/_objectpose_msgs_s.ep.rosidl_typesupport_fastrtps_c.c
[1.785s] -- Up-to-date symlink: /ros2_ws/install/objectpose_msgs/local/lib/python3.10/dist-packages/objectpose_msgs/_objectpose_msgs_s.ep.rosidl_typesupport_introspection_c.c
[1.786s] -- Up-to-date symlink: /ros2_ws/install/objectpose_msgs/local/lib/python3.10/dist-packages/objectpose_msgs/libobjectpose_msgs__rosidl_generator_py.so
[1.788s] -- Up-to-date symlink: /ros2_ws/install/objectpose_msgs/local/lib/python3.10/dist-packages/objectpose_msgs/msg/__init__.py
[1.788s] -- Up-to-date symlink: /ros2_ws/install/objectpose_msgs/local/lib/python3.10/dist-packages/objectpose_msgs/msg/_object_pose.py
[1.798s] -- Up-to-date symlink: /ros2_ws/install/objectpose_msgs/local/lib/python3.10/dist-packages/objectpose_msgs/msg/_object_pose_s.c
[1.798s] -- Up-to-date symlink: /ros2_ws/install/objectpose_msgs/local/lib/python3.10/dist-packages/objectpose_msgs/objectpose_msgs_s__rosidl_typesupport_c.cpython-310-x86_64-linux-gnu.so
[1.799s] -- Up-to-date symlink: /ros2_ws/install/objectpose_msgs/local/lib/python3.10/dist-packages/objectpose_msgs/objectpose_msgs_s__rosidl_typesupport_fastrtps_c.cpython-310-x86_64-linux-gnu.so
[1.800s] -- Up-to-date symlink: /ros2_ws/install/objectpose_msgs/local/lib/python3.10/dist-packages/objectpose_msgs/objectpose_msgs_s__rosidl_typesupport_introspection_c.cpython-310-x86_64-linux-gnu.so
[1.802s] -- Up-to-date symlink: /ros2_ws/install/objectpose_msgs/local/lib/python3.10/dist-packages/objectpose_msgs/objectpose_msgs_s__rosidl_typesupport_fastrtps_c.cpython-310-x86_64-linux-gnu.so
[1.807s] -- Up-to-date symlink: /ros2_ws/install/objectpose_msgs/local/lib/python3.10/dist-packages/objectpose_msgs/objectpose_msgs_s__rosidl_typesupport_introspection_c.cpython-310-x86_64-linux-gnu.so
[1.813s] -- Up-to-date symlink: /ros2_ws/install/objectpose_msgs/local/lib/python3.10/dist-packages/objectpose_msgs/objectpose_msgs_s__rosidl_typesupport_c.cpython-310-x86_64-linux-gnu.so
[1.814s] -- Up-to-date symlink: /ros2_ws/install/objectpose_msgs/share/objectpose_msgs/msg/ObjectPose.idl
[1.817s] -- Up-to-date symlink: /ros2_ws/install/objectpose_msgs/share/objectpose_msgs/msg/ObjectPose.msg
[1.824s] -- Up-to-date symlink: /ros2_ws/install/objectpose_msgs/share/ament_index/resource_index/package_run_dependencies/objectpose_msgs
[1.825s] -- Up-to-date symlink: /ros2_ws/install/objectpose_msgs/share/ament_index/resource_index/parent_prefix_path/objectpose_msgs
[1.827s] -- Up-to-date symlink: /ros2_ws/install/objectpose_msgs/share/objectpose_msgs/environment/ament_prefix_path.sh
[1.831s] -- Up-to-date symlink: /ros2_ws/install/objectpose_msgs/share/objectpose_msgs/environment/ament_prefix_path.dsv
[1.836s] -- Up-to-date symlink: /ros2_ws/install/objectpose_msgs/share/objectpose_msgs/environment/path.sh
[1.837s] -- Up-to-date symlink: /ros2_ws/install/objectpose_msgs/share/objectpose_msgs/environment/path.dsv
[1.840s] -- Up-to-date symlink: /ros2_ws/install/objectpose_msgs/share/objectpose_msgs/local_setup.bash
[1.841s] -- Up-to-date symlink: /ros2_ws/install/objectpose_msgs/share/objectpose_msgs/local_setup.sh
[1.844s] -- Up-to-date symlink: /ros2_ws/install/objectpose_msgs/share/objectpose_msgs/local_setup.zsh
[1.848s] -- Up-to-date symlink: /ros2_ws/install/objectpose_msgs/share/objectpose_msgs/local_setup.dsv
[1.850s] -- Symlinking: /ros2_ws/install/objectpose_msgs/share/objectpose_msgs/package.dsv
[1.875s] -- Up-to-date symlink: /ros2_ws/install/objectpose_msgs/share/ament_index/resource_index/packages/objectpose_msgs
[1.876s] -- Up-to-date symlink: /ros2_ws/install/objectpose_msgs/share/objectpose_msgs/cmake/rosidl_cmake-extras.cmake
[1.879s] -- Up-to-date symlink: /ros2_ws/install/objectpose_msgs/share/objectpose_msgs/cmake/ament_cmake_export_include_directories-extras.cmake
[1.880s] -- Up-to-date symlink: /ros2_ws/install/objectpose_msgs/share/objectpose_msgs/cmake/ament_cmake_export_libraries-extras.cmake
[1.881s] -- Up-to-date symlink: /ros2_ws/install/objectpose_msgs/share/objectpose_msgs/cmake/ament_cmake_export_targets-extras.cmake
[1.881s] -- Up-to-date symlink: /ros2_ws/install/objectpose_msgs/share/objectpose_msgs/cmake/rosidl_cmake_export_typesupport_targets-extras.cmake
[1.883s] -- Up-to-date symlink: /ros2_ws/install/objectpose_msgs/share/objectpose_msgs/cmake/ament_cmake_export_dependencies-extras.cmake
[1.885s] -- Up-to-date symlink: /ros2_ws/install/objectpose_msgs/share/objectpose_msgs/cmake/rosidl_cmake_export_typesupport_libraries-extras.cmake
[1.886s] -- Up-to-date symlink: /ros2_ws/install/objectpose_msgs/share/objectpose_msgs/cmake/objectpose_msgsConfig.cmake
[1.887s] -- Up-to-date symlink: /ros2_ws/install/objectpose_msgs/share/objectpose_msgs/cmake/objectpose_msgsConfig-version.cmake
[1.888s] -- Up-to-date symlink: /ros2_ws/install/objectpose_msgs/share/objectpose_msgs/package.xml
[1.890s] -- Up-to-date: /ros2_ws/install/objectpose_msgs/lib/libobjectpose_msgs__rosidl_generator_c.so
[1.893s] -- Up-to-date: /ros2_ws/install/objectpose_msgs/lib/libobjectpose_msgs__rosidl_typesupport_fastrtps_c.so
[1.895s] -- Up-to-date: /ros2_ws/install/objectpose_msgs/lib/libobjectpose_msgs__rosidl_typesupport_introspection_c.so
[1.897s] -- Up-to-date: /ros2_ws/install/objectpose_msgs/lib/libobjectpose_msgs__rosidl_typesupport_c.so
[1.898s] -- Up-to-date: /ros2_ws/install/objectpose_msgs/lib/libobjectpose_msgs__rosidl_typesupport_fastrtps_cpp.so
[1.899s] -- Up-to-date: /ros2_ws/install/objectpose_msgs/lib/libobjectpose_msgs__rosidl_typesupport_introspection_cpp.so
[1.900s] -- Up-to-date: /ros2_ws/install/objectpose_msgs/lib/libobjectpose_msgs__rosidl_typesupport_cpp.so
[1.962s] Listing '/ros2_ws/install/objectpose_msgs/local/lib/python3.10/dist-packages/objectpose_msgs'...
[1.962s] Listing '/ros2_ws/install/objectpose_msgs/local/lib/python3.10/dist-packages/objectpose_msgs/msg'...
[1.967s] -- Up-to-date: /ros2_ws/install/objectpose_msgs/lib/libobjectpose_msgs__rosidl_generator_py.so
[1.968s] -- Up-to-date: /ros2_ws/install/objectpose_msgs/share/objectpose_msgs/cmake/export_objectpose_msgs__rosidl_generator_cExport.cmake
[1.968s] -- Up-to-date: /ros2_ws/install/objectpose_msgs/share/objectpose_msgs/cmake/export_objectpose_msgs__rosidl_generator_cExport-release.cmake
[1.969s] -- Up-to-date: /ros2_ws/install/objectpose_msgs/share/objectpose_msgs/cmake/export_objectpose_msgs__rosidl_typesupport_fastrtps_cExport.cmake
[1.969s] -- Up-to-date: /ros2_ws/install/objectpose_msgs/share/objectpose_msgs/cmake/export_objectpose_msgs__rosidl_typesupport_fastrtps_cExport-release.cmake
[1.969s] -- Up-to-date: /ros2_ws/install/objectpose_msgs/share/objectpose_msgs/cmake/objectpose_msgs__rosidl_typesupport_introspection_cExport.cmake
[1.970s] -- Up-to-date: /ros2_ws/install/objectpose_msgs/share/objectpose_msgs/cmake/objectpose_msgs__rosidl_typesupport_introspection_cExport-release.cmake
[1.970s] -- Up-to-date: /ros2_ws/install/objectpose_msgs/share/objectpose_msgs/cmake/objectpose_msgs__rosidl_typesupport_cExport.cmake
[1.970s] -- Up-to-date: /ros2_ws/install/objectpose_msgs/share/objectpose_msgs/cmake/objectpose_msgs__rosidl_typesupport_cExport-release.cmake
[1.971s] -- Up-to-date: /ros2_ws/install/objectpose_msgs/share/objectpose_msgs/cmake/export_objectpose_msgs__rosidl_generator_cppExport.cmake
[1.971s] -- Up-to-date: /ros2_ws/install/objectpose_msgs/share/objectpose_msgs/cmake/export_objectpose_msgs__rosidl_typesupport_fastrtps_cppExport.cmake
[1.972s] -- Up-to-date: /ros2_ws/install/objectpose_msgs/share/objectpose_msgs/cmake/export_objectpose_msgs__rosidl_typesupport_fastrtps_cppExport-release.cmake
[1.973s] -- Up-to-date: /ros2_ws/install/objectpose_msgs/share/objectpose_msgs/cmake/objectpose_msgs__rosidl_typesupport_introspection_cppExport.cmake
[1.974s] -- Up-to-date: /ros2_ws/install/objectpose_msgs/share/objectpose_msgs/cmake/objectpose_msgs__rosidl_typesupport_introspection_cppExport-release.cmake
[1.974s] -- Up-to-date: /ros2_ws/install/objectpose_msgs/share/objectpose_msgs/cmake/objectpose_msgs__rosidl_typesupport_cppExport.cmake
[1.974s] -- Up-to-date: /ros2_ws/install/objectpose_msgs/share/objectpose_msgs/cmake/objectpose_msgs__rosidl_typesupport_cppExport-release.cmake
[1.975s] -- Up-to-date: /ros2_ws/install/objectpose_msgs/share/objectpose_msgs/cmake/export_objectpose_msgs__rosidl_generator_pyExport.cmake
[1.975s] -- Up-to-date: /ros2_ws/install/objectpose_msgs/share/objectpose_msgs/cmake/export_objectpose_msgs__rosidl_generator_pyExport-release.cmake
[2.016s] Invoked command in '/ros2_ws/build/objectpose_msgs' returned '0': CMAKE_PREFIX_PATH=/opt/ros/humble /usr/bin/cmake --install /ros2_ws/build/objectpose_msgs
