[1.556s] Invoking command in '/ros2_ws/build/as2_visualization': AMENT_PREFIX_PATH=/ros2_ws/install/as2_gazebo_assets:/ros2_ws/install/as2_core:/ros2_ws/install/as2_msgs:${AMENT_PREFIX_PATH} CMAKE_PREFIX_PATH=/ros2_ws/install/as2_gazebo_assets:/ros2_ws/install/as2_core:/ros2_ws/install/as2_msgs GZ_SIM_RESOURCE_PATH=/ros2_ws/install/as2_gazebo_assets/share/as2_ign_gazebo_assets/worlds:/ros2_ws/install/as2_gazebo_assets/share/as2_ign_gazebo_assets/models GZ_SIM_SYSTEM_PLUGIN_PATH=/ros2_ws/install/as2_gazebo_assets/lib GZ_VERSION=@GZ_VERSION@ LD_LIBRARY_PATH=/ros2_ws/install/as2_gazebo_assets/lib:/ros2_ws/install/as2_core/lib:/ros2_ws/install/as2_msgs/lib:${LD_LIBRARY_PATH} PYTHONPATH=/ros2_ws/build/as2_visualization/prefix_override:/usr/lib/python3/dist-packages/colcon_core/task/python/colcon_distutils_commands:/ros2_ws/install/as2_visualization/lib/python3.10/site-packages:/ros2_ws/install/as2_gazebo_assets/local/lib/python3.10/dist-packages:/ros2_ws/install/as2_core/local/lib/python3.10/dist-packages:/ros2_ws/install/as2_msgs/local/lib/python3.10/dist-packages:${PYTHONPATH} /usr/bin/python3 -W ignore:setup.py install is deprecated -W ignore:easy_install command is deprecated setup.py develop --editable --build-directory /ros2_ws/build/as2_visualization/build --no-deps symlink_data
[2.003s] running develop
[2.275s] running egg_info
[2.275s] writing as2_visualization.egg-info/PKG-INFO
[2.276s] writing dependency_links to as2_visualization.egg-info/dependency_links.txt
[2.276s] writing entry points to as2_visualization.egg-info/entry_points.txt
[2.277s] writing requirements to as2_visualization.egg-info/requires.txt
[2.277s] writing top-level names to as2_visualization.egg-info/top_level.txt
[2.279s] reading manifest file 'as2_visualization.egg-info/SOURCES.txt'
[2.280s] writing manifest file 'as2_visualization.egg-info/SOURCES.txt'
[2.284s] running build_ext
[2.284s] Creating /ros2_ws/install/as2_visualization/lib/python3.10/site-packages/as2-visualization.egg-link (link to .)
[2.284s] Installing cfg_generator script to /ros2_ws/install/as2_visualization/lib/as2_visualization
[2.284s] Installing gate_publisher script to /ros2_ws/install/as2_visualization/lib/as2_visualization
[2.285s] Installing marker_publisher script to /ros2_ws/install/as2_visualization/lib/as2_visualization
[2.285s] Installing viz_launcher script to /ros2_ws/install/as2_visualization/lib/as2_visualization
[2.285s] 
[2.285s] Installed /ros2_ws/build/as2_visualization
[2.285s] running symlink_data
[2.733s] Invoked command in '/ros2_ws/build/as2_visualization' returned '0': AMENT_PREFIX_PATH=/ros2_ws/install/as2_gazebo_assets:/ros2_ws/install/as2_core:/ros2_ws/install/as2_msgs:${AMENT_PREFIX_PATH} CMAKE_PREFIX_PATH=/ros2_ws/install/as2_gazebo_assets:/ros2_ws/install/as2_core:/ros2_ws/install/as2_msgs GZ_SIM_RESOURCE_PATH=/ros2_ws/install/as2_gazebo_assets/share/as2_ign_gazebo_assets/worlds:/ros2_ws/install/as2_gazebo_assets/share/as2_ign_gazebo_assets/models GZ_SIM_SYSTEM_PLUGIN_PATH=/ros2_ws/install/as2_gazebo_assets/lib GZ_VERSION=@GZ_VERSION@ LD_LIBRARY_PATH=/ros2_ws/install/as2_gazebo_assets/lib:/ros2_ws/install/as2_core/lib:/ros2_ws/install/as2_msgs/lib:${LD_LIBRARY_PATH} PYTHONPATH=/ros2_ws/build/as2_visualization/prefix_override:/usr/lib/python3/dist-packages/colcon_core/task/python/colcon_distutils_commands:/ros2_ws/install/as2_visualization/lib/python3.10/site-packages:/ros2_ws/install/as2_gazebo_assets/local/lib/python3.10/dist-packages:/ros2_ws/install/as2_core/local/lib/python3.10/dist-packages:/ros2_ws/install/as2_msgs/local/lib/python3.10/dist-packages:${PYTHONPATH} /usr/bin/python3 -W ignore:setup.py install is deprecated -W ignore:easy_install command is deprecated setup.py develop --editable --build-directory /ros2_ws/build/as2_visualization/build --no-deps symlink_data
