[0.138s] Invoking command in '/ros2_ws/build/ros2_robotiqgripper': CMAKE_PREFIX_PATH=/opt/ros/humble /usr/bin/cmake --build /ros2_ws/build/ros2_robotiqgripper -- -j8 -l8
[0.275s] [35m[1mConsolidate compiler generated dependencies of target ros2_robotiqgripper__rosidl_generator_c[0m
[0.282s] [  3%] Built target ros2_robotiqgripper__cpp
[0.332s] [ 12%] Built target ros2_robotiqgripper__rosidl_generator_c
[0.368s] [35m[1mConsolidate compiler generated dependencies of target ros2_robotiqgripper__rosidl_typesupport_fastrtps_cpp[0m
[0.375s] [ 12%] Built target ament_cmake_python_symlink_ros2_robotiqgripper
[0.387s] [35m[1mConsolidate compiler generated dependencies of target ros2_robotiqgripper__rosidl_typesupport_introspection_cpp[0m
[0.400s] [35m[1mConsolidate compiler generated dependencies of target ros2_robotiqgripper__rosidl_typesupport_c[0m
[0.406s] [35m[1mConsolidate compiler generated dependencies of target ros2_robotiqgripper__rosidl_typesupport_cpp[0m
[0.415s] [35m[1mConsolidate compiler generated dependencies of target ros2_robotiqgripper__rosidl_typesupport_fastrtps_c[0m
[0.420s] [35m[1mConsolidate compiler generated dependencies of target ros2_robotiqgripper__rosidl_typesupport_introspection_c[0m
[0.436s] [ 22%] Built target ros2_robotiqgripper__rosidl_typesupport_introspection_cpp
[0.438s] [ 32%] Built target ros2_robotiqgripper__rosidl_typesupport_fastrtps_cpp
[0.464s] [ 41%] Built target ros2_robotiqgripper__rosidl_typesupport_cpp
[0.480s] [ 51%] Built target ros2_robotiqgripper__rosidl_typesupport_c
[0.488s] [ 61%] Built target ros2_robotiqgripper__rosidl_typesupport_fastrtps_c
[0.492s] [ 70%] Built target ros2_robotiqgripper__rosidl_typesupport_introspection_c
[0.645s] [ 70%] Built target ros2_robotiqgripper
[0.701s] [ 74%] Built target ros2_robotiqgripper__py
[0.724s] [35m[1mConsolidate compiler generated dependencies of target ros2_robotiqgripper__rosidl_generator_py[0m
[0.766s] [ 80%] Built target ros2_robotiqgripper__rosidl_generator_py
[0.805s] [35m[1mConsolidate compiler generated dependencies of target ros2_robotiqgripper__rosidl_typesupport_fastrtps_c__pyext[0m
[0.823s] [35m[1mConsolidate compiler generated dependencies of target ros2_robotiqgripper__rosidl_typesupport_introspection_c__pyext[0m
[0.829s] [35m[1mConsolidate compiler generated dependencies of target ros2_robotiqgripper__rosidl_typesupport_c__pyext[0m
[0.858s] [ 87%] Built target ros2_robotiqgripper__rosidl_typesupport_fastrtps_c__pyext
[0.911s] [ 93%] Built target ros2_robotiqgripper__rosidl_typesupport_introspection_c__pyext
[0.911s] [100%] Built target ros2_robotiqgripper__rosidl_typesupport_c__pyext
[1.205s] running egg_info
[1.207s] writing ros2_robotiqgripper.egg-info/PKG-INFO
[1.207s] writing dependency_links to ros2_robotiqgripper.egg-info/dependency_links.txt
[1.207s] writing top-level names to ros2_robotiqgripper.egg-info/top_level.txt
[1.211s] reading manifest file 'ros2_robotiqgripper.egg-info/SOURCES.txt'
[1.217s] writing manifest file 'ros2_robotiqgripper.egg-info/SOURCES.txt'
[1.261s] [100%] Built target ament_cmake_python_build_ros2_robotiqgripper_egg
[1.397s] Invoked command in '/ros2_ws/build/ros2_robotiqgripper' returned '0': CMAKE_PREFIX_PATH=/opt/ros/humble /usr/bin/cmake --build /ros2_ws/build/ros2_robotiqgripper -- -j8 -l8
[1.399s] Invoking command in '/ros2_ws/build/ros2_robotiqgripper': CMAKE_PREFIX_PATH=/opt/ros/humble /usr/bin/cmake --install /ros2_ws/build/ros2_robotiqgripper
[1.458s] -- Install configuration: "Release"
[1.458s] -- Execute custom install script
[1.459s] -- Up-to-date symlink: /ros2_ws/install/ros2_robotiqgripper/share/ros2_robotiqgripper/srv/RobotiqGripper.srv
[1.459s] -- Up-to-date symlink: /ros2_ws/install/ros2_robotiqgripper/share/ros2_robotiqgripper/python/server.py
[1.459s] -- Up-to-date symlink: /ros2_ws/install/ros2_robotiqgripper/lib/ros2_robotiqgripper/server.py
[1.459s] -- Up-to-date symlink: /ros2_ws/install/ros2_robotiqgripper/share/ament_index/resource_index/rosidl_interfaces/ros2_robotiqgripper
[1.460s] -- Up-to-date symlink: /ros2_ws/install/ros2_robotiqgripper/include/ros2_robotiqgripper/ros2_robotiqgripper/msg/rosidl_generator_c__visibility_control.h
[1.461s] -- Up-to-date symlink: /ros2_ws/install/ros2_robotiqgripper/include/ros2_robotiqgripper/ros2_robotiqgripper/srv/detail/robotiq_gripper__functions.h
[1.461s] -- Up-to-date symlink: /ros2_ws/install/ros2_robotiqgripper/include/ros2_robotiqgripper/ros2_robotiqgripper/srv/detail/robotiq_gripper__struct.h
[1.461s] -- Up-to-date symlink: /ros2_ws/install/ros2_robotiqgripper/include/ros2_robotiqgripper/ros2_robotiqgripper/srv/detail/robotiq_gripper__type_support.h
[1.462s] -- Up-to-date symlink: /ros2_ws/install/ros2_robotiqgripper/include/ros2_robotiqgripper/ros2_robotiqgripper/srv/robotiq_gripper.h
[1.462s] -- Up-to-date symlink: /ros2_ws/install/ros2_robotiqgripper/share/ros2_robotiqgripper/environment/library_path.sh
[1.462s] -- Up-to-date symlink: /ros2_ws/install/ros2_robotiqgripper/share/ros2_robotiqgripper/environment/library_path.dsv
[1.463s] -- Up-to-date symlink: /ros2_ws/install/ros2_robotiqgripper/include/ros2_robotiqgripper/ros2_robotiqgripper/msg/rosidl_typesupport_fastrtps_c__visibility_control.h
[1.463s] -- Up-to-date symlink: /ros2_ws/install/ros2_robotiqgripper/include/ros2_robotiqgripper/ros2_robotiqgripper/srv/detail/robotiq_gripper__rosidl_typesupport_fastrtps_c.h
[1.463s] -- Up-to-date symlink: /ros2_ws/install/ros2_robotiqgripper/include/ros2_robotiqgripper/ros2_robotiqgripper/msg/rosidl_typesupport_introspection_c__visibility_control.h
[1.463s] -- Up-to-date symlink: /ros2_ws/install/ros2_robotiqgripper/include/ros2_robotiqgripper/ros2_robotiqgripper/srv/detail/robotiq_gripper__rosidl_typesupport_introspection_c.h
[1.464s] -- Up-to-date symlink: /ros2_ws/install/ros2_robotiqgripper/include/ros2_robotiqgripper/ros2_robotiqgripper/msg/rosidl_generator_cpp__visibility_control.hpp
[1.465s] -- Up-to-date symlink: /ros2_ws/install/ros2_robotiqgripper/include/ros2_robotiqgripper/ros2_robotiqgripper/srv/detail/robotiq_gripper__builder.hpp
[1.465s] -- Up-to-date symlink: /ros2_ws/install/ros2_robotiqgripper/include/ros2_robotiqgripper/ros2_robotiqgripper/srv/detail/robotiq_gripper__struct.hpp
[1.466s] -- Up-to-date symlink: /ros2_ws/install/ros2_robotiqgripper/include/ros2_robotiqgripper/ros2_robotiqgripper/srv/detail/robotiq_gripper__traits.hpp
[1.479s] -- Up-to-date symlink: /ros2_ws/install/ros2_robotiqgripper/include/ros2_robotiqgripper/ros2_robotiqgripper/srv/detail/robotiq_gripper__type_support.hpp
[1.479s] -- Up-to-date symlink: /ros2_ws/install/ros2_robotiqgripper/include/ros2_robotiqgripper/ros2_robotiqgripper/srv/robotiq_gripper.hpp
[1.481s] -- Up-to-date symlink: /ros2_ws/install/ros2_robotiqgripper/include/ros2_robotiqgripper/ros2_robotiqgripper/msg/rosidl_typesupport_fastrtps_cpp__visibility_control.h
[1.482s] -- Up-to-date symlink: /ros2_ws/install/ros2_robotiqgripper/include/ros2_robotiqgripper/ros2_robotiqgripper/srv/detail/robotiq_gripper__rosidl_typesupport_fastrtps_cpp.hpp
[1.507s] -- Up-to-date symlink: /ros2_ws/install/ros2_robotiqgripper/include/ros2_robotiqgripper/ros2_robotiqgripper/srv/detail/robotiq_gripper__rosidl_typesupport_introspection_cpp.hpp
[1.511s] -- Up-to-date symlink: /ros2_ws/install/ros2_robotiqgripper/share/ros2_robotiqgripper/environment/pythonpath.sh
[1.515s] -- Up-to-date symlink: /ros2_ws/install/ros2_robotiqgripper/share/ros2_robotiqgripper/environment/pythonpath.dsv
[1.515s] -- Up-to-date symlink: /ros2_ws/install/ros2_robotiqgripper/local/lib/python3.10/dist-packages/ros2_robotiqgripper-1.0.0-py3.10.egg-info/PKG-INFO
[1.519s] -- Up-to-date symlink: /ros2_ws/install/ros2_robotiqgripper/local/lib/python3.10/dist-packages/ros2_robotiqgripper-1.0.0-py3.10.egg-info/SOURCES.txt
[1.519s] -- Up-to-date symlink: /ros2_ws/install/ros2_robotiqgripper/local/lib/python3.10/dist-packages/ros2_robotiqgripper-1.0.0-py3.10.egg-info/dependency_links.txt
[1.521s] -- Up-to-date symlink: /ros2_ws/install/ros2_robotiqgripper/local/lib/python3.10/dist-packages/ros2_robotiqgripper-1.0.0-py3.10.egg-info/top_level.txt
[1.524s] -- Up-to-date symlink: /ros2_ws/install/ros2_robotiqgripper/local/lib/python3.10/dist-packages/ros2_robotiqgripper/__init__.py
[1.525s] -- Up-to-date symlink: /ros2_ws/install/ros2_robotiqgripper/local/lib/python3.10/dist-packages/ros2_robotiqgripper/_ros2_robotiqgripper_s.ep.rosidl_typesupport_c.c
[1.527s] -- Up-to-date symlink: /ros2_ws/install/ros2_robotiqgripper/local/lib/python3.10/dist-packages/ros2_robotiqgripper/_ros2_robotiqgripper_s.ep.rosidl_typesupport_fastrtps_c.c
[1.531s] -- Up-to-date symlink: /ros2_ws/install/ros2_robotiqgripper/local/lib/python3.10/dist-packages/ros2_robotiqgripper/_ros2_robotiqgripper_s.ep.rosidl_typesupport_introspection_c.c
[1.532s] -- Up-to-date symlink: /ros2_ws/install/ros2_robotiqgripper/local/lib/python3.10/dist-packages/ros2_robotiqgripper/libros2_robotiqgripper__rosidl_generator_py.so
[1.535s] -- Up-to-date symlink: /ros2_ws/install/ros2_robotiqgripper/local/lib/python3.10/dist-packages/ros2_robotiqgripper/ros2_robotiqgripper_s__rosidl_typesupport_c.cpython-310-x86_64-linux-gnu.so
[1.536s] -- Up-to-date symlink: /ros2_ws/install/ros2_robotiqgripper/local/lib/python3.10/dist-packages/ros2_robotiqgripper/ros2_robotiqgripper_s__rosidl_typesupport_fastrtps_c.cpython-310-x86_64-linux-gnu.so
[1.537s] -- Up-to-date symlink: /ros2_ws/install/ros2_robotiqgripper/local/lib/python3.10/dist-packages/ros2_robotiqgripper/ros2_robotiqgripper_s__rosidl_typesupport_introspection_c.cpython-310-x86_64-linux-gnu.so
[1.540s] -- Up-to-date symlink: /ros2_ws/install/ros2_robotiqgripper/local/lib/python3.10/dist-packages/ros2_robotiqgripper/srv/__init__.py
[1.540s] -- Up-to-date symlink: /ros2_ws/install/ros2_robotiqgripper/local/lib/python3.10/dist-packages/ros2_robotiqgripper/srv/_robotiq_gripper.py
[1.541s] -- Up-to-date symlink: /ros2_ws/install/ros2_robotiqgripper/local/lib/python3.10/dist-packages/ros2_robotiqgripper/srv/_robotiq_gripper_s.c
[1.544s] -- Up-to-date symlink: /ros2_ws/install/ros2_robotiqgripper/local/lib/python3.10/dist-packages/ros2_robotiqgripper/ros2_robotiqgripper_s__rosidl_typesupport_fastrtps_c.cpython-310-x86_64-linux-gnu.so
[1.548s] -- Up-to-date symlink: /ros2_ws/install/ros2_robotiqgripper/local/lib/python3.10/dist-packages/ros2_robotiqgripper/ros2_robotiqgripper_s__rosidl_typesupport_introspection_c.cpython-310-x86_64-linux-gnu.so
[1.550s] -- Up-to-date symlink: /ros2_ws/install/ros2_robotiqgripper/local/lib/python3.10/dist-packages/ros2_robotiqgripper/ros2_robotiqgripper_s__rosidl_typesupport_c.cpython-310-x86_64-linux-gnu.so
[1.553s] -- Up-to-date symlink: /ros2_ws/install/ros2_robotiqgripper/share/ros2_robotiqgripper/srv/RobotiqGripper.idl
[1.554s] -- Up-to-date symlink: /ros2_ws/install/ros2_robotiqgripper/share/ros2_robotiqgripper/srv/RobotiqGripper.srv
[1.555s] -- Up-to-date symlink: /ros2_ws/install/ros2_robotiqgripper/share/ros2_robotiqgripper/srv/RobotiqGripper_Request.msg
[1.556s] -- Up-to-date symlink: /ros2_ws/install/ros2_robotiqgripper/share/ros2_robotiqgripper/srv/RobotiqGripper_Response.msg
[1.557s] -- Up-to-date symlink: /ros2_ws/install/ros2_robotiqgripper/share/ament_index/resource_index/package_run_dependencies/ros2_robotiqgripper
[1.559s] -- Up-to-date symlink: /ros2_ws/install/ros2_robotiqgripper/share/ament_index/resource_index/parent_prefix_path/ros2_robotiqgripper
[1.561s] -- Up-to-date symlink: /ros2_ws/install/ros2_robotiqgripper/share/ros2_robotiqgripper/environment/ament_prefix_path.sh
[1.562s] -- Up-to-date symlink: /ros2_ws/install/ros2_robotiqgripper/share/ros2_robotiqgripper/environment/ament_prefix_path.dsv
[1.563s] -- Up-to-date symlink: /ros2_ws/install/ros2_robotiqgripper/share/ros2_robotiqgripper/environment/path.sh
[1.566s] -- Up-to-date symlink: /ros2_ws/install/ros2_robotiqgripper/share/ros2_robotiqgripper/environment/path.dsv
[1.566s] -- Up-to-date symlink: /ros2_ws/install/ros2_robotiqgripper/share/ros2_robotiqgripper/local_setup.bash
[1.567s] -- Up-to-date symlink: /ros2_ws/install/ros2_robotiqgripper/share/ros2_robotiqgripper/local_setup.sh
[1.568s] -- Up-to-date symlink: /ros2_ws/install/ros2_robotiqgripper/share/ros2_robotiqgripper/local_setup.zsh
[1.569s] -- Up-to-date symlink: /ros2_ws/install/ros2_robotiqgripper/share/ros2_robotiqgripper/local_setup.dsv
[1.569s] -- Symlinking: /ros2_ws/install/ros2_robotiqgripper/share/ros2_robotiqgripper/package.dsv
[1.590s] -- Up-to-date symlink: /ros2_ws/install/ros2_robotiqgripper/share/ament_index/resource_index/packages/ros2_robotiqgripper
[1.592s] -- Up-to-date symlink: /ros2_ws/install/ros2_robotiqgripper/share/ros2_robotiqgripper/cmake/rosidl_cmake-extras.cmake
[1.594s] -- Up-to-date symlink: /ros2_ws/install/ros2_robotiqgripper/share/ros2_robotiqgripper/cmake/ament_cmake_export_include_directories-extras.cmake
[1.594s] -- Up-to-date symlink: /ros2_ws/install/ros2_robotiqgripper/share/ros2_robotiqgripper/cmake/ament_cmake_export_libraries-extras.cmake
[1.594s] -- Up-to-date symlink: /ros2_ws/install/ros2_robotiqgripper/share/ros2_robotiqgripper/cmake/ament_cmake_export_targets-extras.cmake
[1.596s] -- Up-to-date symlink: /ros2_ws/install/ros2_robotiqgripper/share/ros2_robotiqgripper/cmake/rosidl_cmake_export_typesupport_targets-extras.cmake
[1.598s] -- Up-to-date symlink: /ros2_ws/install/ros2_robotiqgripper/share/ros2_robotiqgripper/cmake/ament_cmake_export_dependencies-extras.cmake
[1.599s] -- Up-to-date symlink: /ros2_ws/install/ros2_robotiqgripper/share/ros2_robotiqgripper/cmake/rosidl_cmake_export_typesupport_libraries-extras.cmake
[1.600s] -- Up-to-date symlink: /ros2_ws/install/ros2_robotiqgripper/share/ros2_robotiqgripper/cmake/ros2_robotiqgripperConfig.cmake
[1.602s] -- Up-to-date symlink: /ros2_ws/install/ros2_robotiqgripper/share/ros2_robotiqgripper/cmake/ros2_robotiqgripperConfig-version.cmake
[1.605s] -- Up-to-date symlink: /ros2_ws/install/ros2_robotiqgripper/share/ros2_robotiqgripper/package.xml
[1.605s] -- Up-to-date: /ros2_ws/install/ros2_robotiqgripper/lib/libros2_robotiqgripper__rosidl_generator_c.so
[1.606s] -- Up-to-date: /ros2_ws/install/ros2_robotiqgripper/lib/libros2_robotiqgripper__rosidl_typesupport_fastrtps_c.so
[1.606s] -- Up-to-date: /ros2_ws/install/ros2_robotiqgripper/lib/libros2_robotiqgripper__rosidl_typesupport_introspection_c.so
[1.606s] -- Up-to-date: /ros2_ws/install/ros2_robotiqgripper/lib/libros2_robotiqgripper__rosidl_typesupport_c.so
[1.606s] -- Up-to-date: /ros2_ws/install/ros2_robotiqgripper/lib/libros2_robotiqgripper__rosidl_typesupport_fastrtps_cpp.so
[1.608s] -- Up-to-date: /ros2_ws/install/ros2_robotiqgripper/lib/libros2_robotiqgripper__rosidl_typesupport_introspection_cpp.so
[1.608s] -- Up-to-date: /ros2_ws/install/ros2_robotiqgripper/lib/libros2_robotiqgripper__rosidl_typesupport_cpp.so
[1.626s] Listing '/ros2_ws/install/ros2_robotiqgripper/local/lib/python3.10/dist-packages/ros2_robotiqgripper'...
[1.627s] Listing '/ros2_ws/install/ros2_robotiqgripper/local/lib/python3.10/dist-packages/ros2_robotiqgripper/srv'...
[1.627s] -- Up-to-date: /ros2_ws/install/ros2_robotiqgripper/lib/libros2_robotiqgripper__rosidl_generator_py.so
[1.627s] -- Up-to-date: /ros2_ws/install/ros2_robotiqgripper/share/ros2_robotiqgripper/cmake/export_ros2_robotiqgripper__rosidl_generator_cExport.cmake
[1.627s] -- Up-to-date: /ros2_ws/install/ros2_robotiqgripper/share/ros2_robotiqgripper/cmake/export_ros2_robotiqgripper__rosidl_generator_cExport-release.cmake
[1.627s] -- Up-to-date: /ros2_ws/install/ros2_robotiqgripper/share/ros2_robotiqgripper/cmake/export_ros2_robotiqgripper__rosidl_typesupport_fastrtps_cExport.cmake
[1.627s] -- Up-to-date: /ros2_ws/install/ros2_robotiqgripper/share/ros2_robotiqgripper/cmake/export_ros2_robotiqgripper__rosidl_typesupport_fastrtps_cExport-release.cmake
[1.627s] -- Up-to-date: /ros2_ws/install/ros2_robotiqgripper/share/ros2_robotiqgripper/cmake/ros2_robotiqgripper__rosidl_typesupport_introspection_cExport.cmake
[1.628s] -- Up-to-date: /ros2_ws/install/ros2_robotiqgripper/share/ros2_robotiqgripper/cmake/ros2_robotiqgripper__rosidl_typesupport_introspection_cExport-release.cmake
[1.628s] -- Up-to-date: /ros2_ws/install/ros2_robotiqgripper/share/ros2_robotiqgripper/cmake/ros2_robotiqgripper__rosidl_typesupport_cExport.cmake
[1.628s] -- Up-to-date: /ros2_ws/install/ros2_robotiqgripper/share/ros2_robotiqgripper/cmake/ros2_robotiqgripper__rosidl_typesupport_cExport-release.cmake
[1.629s] -- Up-to-date: /ros2_ws/install/ros2_robotiqgripper/share/ros2_robotiqgripper/cmake/export_ros2_robotiqgripper__rosidl_generator_cppExport.cmake
[1.629s] -- Up-to-date: /ros2_ws/install/ros2_robotiqgripper/share/ros2_robotiqgripper/cmake/export_ros2_robotiqgripper__rosidl_typesupport_fastrtps_cppExport.cmake
[1.629s] -- Up-to-date: /ros2_ws/install/ros2_robotiqgripper/share/ros2_robotiqgripper/cmake/export_ros2_robotiqgripper__rosidl_typesupport_fastrtps_cppExport-release.cmake
[1.630s] -- Up-to-date: /ros2_ws/install/ros2_robotiqgripper/share/ros2_robotiqgripper/cmake/ros2_robotiqgripper__rosidl_typesupport_introspection_cppExport.cmake
[1.630s] -- Up-to-date: /ros2_ws/install/ros2_robotiqgripper/share/ros2_robotiqgripper/cmake/ros2_robotiqgripper__rosidl_typesupport_introspection_cppExport-release.cmake
[1.630s] -- Up-to-date: /ros2_ws/install/ros2_robotiqgripper/share/ros2_robotiqgripper/cmake/ros2_robotiqgripper__rosidl_typesupport_cppExport.cmake
[1.630s] -- Up-to-date: /ros2_ws/install/ros2_robotiqgripper/share/ros2_robotiqgripper/cmake/ros2_robotiqgripper__rosidl_typesupport_cppExport-release.cmake
[1.631s] -- Up-to-date: /ros2_ws/install/ros2_robotiqgripper/share/ros2_robotiqgripper/cmake/export_ros2_robotiqgripper__rosidl_generator_pyExport.cmake
[1.631s] -- Up-to-date: /ros2_ws/install/ros2_robotiqgripper/share/ros2_robotiqgripper/cmake/export_ros2_robotiqgripper__rosidl_generator_pyExport-release.cmake
[1.732s] Invoked command in '/ros2_ws/build/ros2_robotiqgripper' returned '0': CMAKE_PREFIX_PATH=/opt/ros/humble /usr/bin/cmake --install /ros2_ws/build/ros2_robotiqgripper
