[0.056s] Invoking command in '/ros2_ws/build/as2_external_object_to_tf': AMENT_PREFIX_PATH=/ros2_ws/install/as2_core:/ros2_ws/install/as2_msgs:${AMENT_PREFIX_PATH} CMAKE_PREFIX_PATH=/ros2_ws/install/as2_core:/ros2_ws/install/as2_msgs:/opt/ros/humble LD_LIBRARY_PATH=/ros2_ws/install/as2_core/lib:/ros2_ws/install/as2_msgs/lib:${LD_LIBRARY_PATH} PYTHONPATH=/ros2_ws/install/as2_core/local/lib/python3.10/dist-packages:/ros2_ws/install/as2_msgs/local/lib/python3.10/dist-packages:${PYTHONPATH} /usr/bin/cmake --build /ros2_ws/build/as2_external_object_to_tf -- -j8 -l8
[0.217s] [35m[1mConsolidate compiler generated dependencies of target as2_external_object_to_tf[0m
[0.217s] [35m[1mConsolidate compiler generated dependencies of target as2_external_object_to_tf_node[0m
[0.217s] [35m[1mConsolidate compiler generated dependencies of target gtest[0m
[0.221s] [35m[1mConsolidate compiler generated dependencies of target gtest_main[0m
[0.313s] [ 18%] Built target as2_external_object_to_tf
[0.331s] [ 45%] Built target as2_external_object_to_tf_node
[0.339s] [ 63%] Built target gtest_main
[0.346s] [ 81%] Built target gtest
[0.373s] [35m[1mConsolidate compiler generated dependencies of target as2_external_object_to_tf_as2_external_object_to_tf_gtest[0m
[0.439s] [100%] Built target as2_external_object_to_tf_as2_external_object_to_tf_gtest
[0.480s] Invoked command in '/ros2_ws/build/as2_external_object_to_tf' returned '0': AMENT_PREFIX_PATH=/ros2_ws/install/as2_core:/ros2_ws/install/as2_msgs:${AMENT_PREFIX_PATH} CMAKE_PREFIX_PATH=/ros2_ws/install/as2_core:/ros2_ws/install/as2_msgs:/opt/ros/humble LD_LIBRARY_PATH=/ros2_ws/install/as2_core/lib:/ros2_ws/install/as2_msgs/lib:${LD_LIBRARY_PATH} PYTHONPATH=/ros2_ws/install/as2_core/local/lib/python3.10/dist-packages:/ros2_ws/install/as2_msgs/local/lib/python3.10/dist-packages:${PYTHONPATH} /usr/bin/cmake --build /ros2_ws/build/as2_external_object_to_tf -- -j8 -l8
[0.481s] Invoking command in '/ros2_ws/build/as2_external_object_to_tf': AMENT_PREFIX_PATH=/ros2_ws/install/as2_core:/ros2_ws/install/as2_msgs:${AMENT_PREFIX_PATH} CMAKE_PREFIX_PATH=/ros2_ws/install/as2_core:/ros2_ws/install/as2_msgs:/opt/ros/humble LD_LIBRARY_PATH=/ros2_ws/install/as2_core/lib:/ros2_ws/install/as2_msgs/lib:${LD_LIBRARY_PATH} PYTHONPATH=/ros2_ws/install/as2_core/local/lib/python3.10/dist-packages:/ros2_ws/install/as2_msgs/local/lib/python3.10/dist-packages:${PYTHONPATH} /usr/bin/cmake --install /ros2_ws/build/as2_external_object_to_tf
[0.540s] -- Install configuration: "Release"
[0.540s] -- Execute custom install script
[0.540s] -- Up-to-date symlink: /ros2_ws/install/as2_external_object_to_tf/include/as2_external_object_to_tf/as2_external_object_to_tf.hpp
[0.540s] -- Up-to-date symlink: /ros2_ws/install/as2_external_object_to_tf/share/as2_external_object_to_tf/launch/as2_external_object_to_tf_launch.py
[0.541s] -- Up-to-date symlink: /ros2_ws/install/as2_external_object_to_tf/share/as2_external_object_to_tf/config/external_objects.yaml
[0.541s] -- Up-to-date symlink: /ros2_ws/install/as2_external_object_to_tf/lib/as2_external_object_to_tf/as2_external_object_to_tf_node
[0.541s] -- Up-to-date symlink: /ros2_ws/install/as2_external_object_to_tf/share/ament_index/resource_index/package_run_dependencies/as2_external_object_to_tf
[0.542s] -- Up-to-date symlink: /ros2_ws/install/as2_external_object_to_tf/share/ament_index/resource_index/parent_prefix_path/as2_external_object_to_tf
[0.542s] -- Up-to-date symlink: /ros2_ws/install/as2_external_object_to_tf/share/as2_external_object_to_tf/environment/ament_prefix_path.sh
[0.542s] -- Up-to-date symlink: /ros2_ws/install/as2_external_object_to_tf/share/as2_external_object_to_tf/environment/ament_prefix_path.dsv
[0.542s] -- Up-to-date symlink: /ros2_ws/install/as2_external_object_to_tf/share/as2_external_object_to_tf/environment/path.sh
[0.542s] -- Up-to-date symlink: /ros2_ws/install/as2_external_object_to_tf/share/as2_external_object_to_tf/environment/path.dsv
[0.542s] -- Up-to-date symlink: /ros2_ws/install/as2_external_object_to_tf/share/as2_external_object_to_tf/local_setup.bash
[0.543s] -- Up-to-date symlink: /ros2_ws/install/as2_external_object_to_tf/share/as2_external_object_to_tf/local_setup.sh
[0.543s] -- Up-to-date symlink: /ros2_ws/install/as2_external_object_to_tf/share/as2_external_object_to_tf/local_setup.zsh
[0.543s] -- Up-to-date symlink: /ros2_ws/install/as2_external_object_to_tf/share/as2_external_object_to_tf/local_setup.dsv
[0.543s] -- Symlinking: /ros2_ws/install/as2_external_object_to_tf/share/as2_external_object_to_tf/package.dsv
[0.543s] -- Up-to-date symlink: /ros2_ws/install/as2_external_object_to_tf/share/ament_index/resource_index/packages/as2_external_object_to_tf
[0.544s] -- Up-to-date symlink: /ros2_ws/install/as2_external_object_to_tf/share/as2_external_object_to_tf/cmake/ament_cmake_export_dependencies-extras.cmake
[0.544s] -- Up-to-date symlink: /ros2_ws/install/as2_external_object_to_tf/share/as2_external_object_to_tf/cmake/as2_external_object_to_tfConfig.cmake
[0.544s] -- Up-to-date symlink: /ros2_ws/install/as2_external_object_to_tf/share/as2_external_object_to_tf/cmake/as2_external_object_to_tfConfig-version.cmake
[0.544s] -- Up-to-date symlink: /ros2_ws/install/as2_external_object_to_tf/share/as2_external_object_to_tf/package.xml
[0.544s] -- Up-to-date: /ros2_ws/install/as2_external_object_to_tf/lib/libas2_external_object_to_tf.a
[0.570s] Invoked command in '/ros2_ws/build/as2_external_object_to_tf' returned '0': AMENT_PREFIX_PATH=/ros2_ws/install/as2_core:/ros2_ws/install/as2_msgs:${AMENT_PREFIX_PATH} CMAKE_PREFIX_PATH=/ros2_ws/install/as2_core:/ros2_ws/install/as2_msgs:/opt/ros/humble LD_LIBRARY_PATH=/ros2_ws/install/as2_core/lib:/ros2_ws/install/as2_msgs/lib:${LD_LIBRARY_PATH} PYTHONPATH=/ros2_ws/install/as2_core/local/lib/python3.10/dist-packages:/ros2_ws/install/as2_msgs/local/lib/python3.10/dist-packages:${PYTHONPATH} /usr/bin/cmake --install /ros2_ws/build/as2_external_object_to_tf
