[0.135s] Invoking command in '/ros2_ws/build/nav2_demo': CMAKE_PREFIX_PATH=/opt/ros/humble /usr/bin/cmake --build /ros2_ws/build/nav2_demo -- -j8 -l8
[0.298s] Invoked command in '/ros2_ws/build/nav2_demo' returned '0': CMAKE_PREFIX_PATH=/opt/ros/humble /usr/bin/cmake --build /ros2_ws/build/nav2_demo -- -j8 -l8
[0.311s] Invoking command in '/ros2_ws/build/nav2_demo': CMAKE_PREFIX_PATH=/opt/ros/humble /usr/bin/cmake --install /ros2_ws/build/nav2_demo
[0.360s] -- Install configuration: "Release"
[0.361s] -- Execute custom install script
[0.363s] -- Up-to-date symlink: /ros2_ws/install/nav2_demo/share/nav2_demo/launch/nav2_demo.launch.py
[0.363s] -- Up-to-date symlink: /ros2_ws/install/nav2_demo/share/ament_index/resource_index/package_run_dependencies/nav2_demo
[0.366s] -- Up-to-date symlink: /ros2_ws/install/nav2_demo/share/ament_index/resource_index/parent_prefix_path/nav2_demo
[0.366s] -- Up-to-date symlink: /ros2_ws/install/nav2_demo/share/nav2_demo/environment/ament_prefix_path.sh
[0.366s] -- Up-to-date symlink: /ros2_ws/install/nav2_demo/share/nav2_demo/environment/ament_prefix_path.dsv
[0.366s] -- Up-to-date symlink: /ros2_ws/install/nav2_demo/share/nav2_demo/environment/path.sh
[0.366s] -- Up-to-date symlink: /ros2_ws/install/nav2_demo/share/nav2_demo/environment/path.dsv
[0.366s] -- Up-to-date symlink: /ros2_ws/install/nav2_demo/share/nav2_demo/local_setup.bash
[0.367s] -- Up-to-date symlink: /ros2_ws/install/nav2_demo/share/nav2_demo/local_setup.sh
[0.367s] -- Up-to-date symlink: /ros2_ws/install/nav2_demo/share/nav2_demo/local_setup.zsh
[0.367s] -- Up-to-date symlink: /ros2_ws/install/nav2_demo/share/nav2_demo/local_setup.dsv
[0.367s] -- Symlinking: /ros2_ws/install/nav2_demo/share/nav2_demo/package.dsv
[0.385s] -- Up-to-date symlink: /ros2_ws/install/nav2_demo/share/ament_index/resource_index/packages/nav2_demo
[0.385s] -- Up-to-date symlink: /ros2_ws/install/nav2_demo/share/nav2_demo/cmake/nav2_demoConfig.cmake
[0.386s] -- Up-to-date symlink: /ros2_ws/install/nav2_demo/share/nav2_demo/cmake/nav2_demoConfig-version.cmake
[0.387s] -- Up-to-date symlink: /ros2_ws/install/nav2_demo/share/nav2_demo/package.xml
[0.485s] Invoked command in '/ros2_ws/build/nav2_demo' returned '0': CMAKE_PREFIX_PATH=/opt/ros/humble /usr/bin/cmake --install /ros2_ws/build/nav2_demo
