-- The C compiler identification is GNU 11.4.0
-- The CXX compiler identification is GNU 11.4.0
-- Detecting C compiler ABI info
-- Detecting C compiler ABI info - done
-- Check for working C compiler: /usr/bin/cc - skipped
-- Detecting C compile features
-- Detecting C compile features - done
-- Detecting CXX compiler ABI info
-- Detecting CXX compiler ABI info - done
-- Check for working CXX compiler: /usr/bin/c++ - skipped
-- Detecting CXX compile features
-- Detecting CXX compile features - done
-- Found ament_cmake: 1.3.12 (/opt/ros/humble/share/ament_cmake/cmake)
-- Found Python3: /usr/bin/python3 (found version "3.10.12") found components: Interpreter 
-- Override CMake install command with custom implementation using symlinks instead of copying resources
-- Found rclcpp: 16.0.16 (/opt/ros/humble/share/rclcpp/cmake)
-- Found rosidl_generator_c: 3.1.7 (/opt/ros/humble/share/rosidl_generator_c/cmake)
-- Found rosidl_adapter: 3.1.7 (/opt/ros/humble/share/rosidl_adapter/cmake)
-- Found rosidl_generator_cpp: 3.1.7 (/opt/ros/humble/share/rosidl_generator_cpp/cmake)
-- Using all available rosidl_typesupport_c: rosidl_typesupport_fastrtps_c;rosidl_typesupport_introspection_c
-- Using all available rosidl_typesupport_cpp: rosidl_typesupport_fastrtps_cpp;rosidl_typesupport_introspection_cpp
-- Found rmw_implementation_cmake: 6.1.2 (/opt/ros/humble/share/rmw_implementation_cmake/cmake)
-- Found rmw_cyclonedds_cpp: 1.3.4 (/opt/ros/humble/share/rmw_cyclonedds_cpp/cmake)
-- Using RMW implementation 'rmw_cyclonedds_cpp' as default
-- Looking for pthread.h
-- Looking for pthread.h - found
-- Performing Test CMAKE_HAVE_LIBC_PTHREAD
-- Performing Test CMAKE_HAVE_LIBC_PTHREAD - Success
-- Found Threads: TRUE  
-- Found as2_core: 1.1.3 (/ros2_ws/install/as2_core/share/as2_core/cmake)
-- Created yaml-cpp::yaml-cpp alias from yaml-cpp target
-- Created GeographicLib::GeographicLib target from legacy variables
-- Found eigen3_cmake_module: 0.1.1 (/opt/ros/humble/share/eigen3_cmake_module/cmake)
-- Found Eigen3: TRUE (found version "3.4.0") 
-- Ensuring Eigen3 include directory is part of orocos-kdl CMake target
-- Found OpenCV: /usr (found version "4.5.4") 
-- Found depthimage_to_laserscan: 2.5.1 (/opt/ros/humble/share/depthimage_to_laserscan/cmake)
-- Found pointcloud_to_laserscan: 2.0.1 (/opt/ros/humble/share/pointcloud_to_laserscan/cmake)
-- Found ament_lint_auto: 0.12.14 (/opt/ros/humble/share/ament_lint_auto/cmake)
-- Found gtest sources under '/opt/ros/humble/src/gtest_vendor': C++ tests using 'Google Test' will be built
-- Added test 'copyright' to check source files copyright and LICENSE
-- Added test 'cppcheck' to perform static code analysis on C / C++ code
-- Configured cppcheck include dirs: /ros2_ws/src/aerostack2/as2_map_server/include;/ros2_ws/src/aerostack2/as2_map_server/include/as2_map_server;$<BUILD_INTERFACE:/ros2_ws/src/aerostack2/as2_map_server/include>
-- Configured cppcheck exclude dirs and/or files: 
-- Added test 'cpplint' to check C / C++ code against the Google style
-- Configured cpplint exclude dirs and/or files: 
-- Added test 'flake8' to check Python code syntax and style conventions
-- Added test 'lint_cmake' to check CMake code style
-- Added test 'pep257' to check Python code against some of the docstring style conventions in PEP 257
-- Added test 'uncrustify' to check C / C++ code style
-- Configured uncrustify additional arguments: 
-- Added test 'xmllint' to check XML markup files
-- Configuring done
-- Generating done
-- Build files have been written to: /ros2_ws/build/as2_map_server
[  7%] [32mBuilding CXX object gtest/CMakeFiles/gtest_main.dir/src/gtest_main.cc.o[0m
[ 14%] [32mBuilding CXX object CMakeFiles/as2_map_server.dir/src/map_server_node.cpp.o[0m
[ 21%] [32mBuilding CXX object gtest/CMakeFiles/gtest.dir/src/gtest-all.cc.o[0m
[ 28%] [32mBuilding CXX object CMakeFiles/as2_map_server.dir/src/map_server.cpp.o[0m
[ 35%] [32m[1mLinking CXX shared library libas2_map_server_base.so[0m
[ 35%] Built target as2_map_server_base
[ 42%] [32mBuilding CXX object plugins/scan2occ_grid/CMakeFiles/scan2occ_grid.dir/src/scan2occ_grid.cpp.o[0m
[ 50%] [32m[1mLinking CXX static library libgtest_main.a[0m
[ 50%] Built target gtest_main
[ 57%] [32m[1mLinking CXX static library libgtest.a[0m
[ 57%] Built target gtest
[ 64%] [32m[1mLinking CXX shared library libas2_map_server.so[0m
[ 64%] Built target as2_map_server
[ 71%] [32m[1mLinking CXX shared library libscan2occ_grid.so[0m
[ 71%] Built target scan2occ_grid
[ 78%] [32mBuilding CXX object tests/CMakeFiles/as2_map_server_map_server_gtest.dir/map_server_gtest.cpp.o[0m
[ 85%] [32m[1mLinking CXX executable as2_map_server_map_server_gtest[0m
[ 85%] Built target as2_map_server_map_server_gtest
[ 92%] [32mBuilding CXX object CMakeFiles/as2_map_server_node.dir/src/map_server_node.cpp.o[0m
[100%] [32m[1mLinking CXX executable as2_map_server_node[0m
[100%] Built target as2_map_server_node
-- Install configuration: "Release"
-- Execute custom install script
-- Symlinking: /ros2_ws/install/as2_map_server/include/as2_map_server/map_server.hpp
-- Symlinking: /ros2_ws/install/as2_map_server/include/as2_map_server/plugin_base.hpp
-- Symlinking: /ros2_ws/install/as2_map_server/share/as2_map_server/environment/library_path.sh
-- Symlinking: /ros2_ws/install/as2_map_server/share/as2_map_server/environment/library_path.dsv
-- Up-to-date symlink: /ros2_ws/install/as2_map_server/include/as2_map_server/map_server.hpp
-- Up-to-date symlink: /ros2_ws/install/as2_map_server/include/as2_map_server/plugin_base.hpp
-- Symlinking: /ros2_ws/install/as2_map_server/lib/as2_map_server/as2_map_server_node
-- Symlinking: /ros2_ws/install/as2_map_server/include/scan2occ_grid.hpp
-- Symlinking: /ros2_ws/install/as2_map_server/share/as2_map_server//plugins.xml
-- Symlinking: /ros2_ws/install/as2_map_server/share/as2_map_server/launch/map_server.launch.py
-- Symlinking: /ros2_ws/install/as2_map_server/share/as2_map_server/launch/scan2occ_grid-map_server.launch.py
-- Symlinking: /ros2_ws/install/as2_map_server/share/as2_map_server/plugins/scan2occ_grid/config/plugin_default.yaml
-- Symlinking: /ros2_ws/install/as2_map_server/share/as2_map_server/launch/depth2occ_grid-map_server.launch.py
-- Symlinking: /ros2_ws/install/as2_map_server/share/as2_map_server/plugins/depth2occ_grid/config/plugin_default.yaml
-- Symlinking: /ros2_ws/install/as2_map_server/share/as2_map_server/launch/point_cloud2occ_grid-map_server.launch.py
-- Symlinking: /ros2_ws/install/as2_map_server/share/as2_map_server/plugins/point_cloud2occ_grid/config/plugin_default.yaml
-- Symlinking: /ros2_ws/install/as2_map_server/share/ament_index/resource_index/package_run_dependencies/as2_map_server
-- Symlinking: /ros2_ws/install/as2_map_server/share/ament_index/resource_index/parent_prefix_path/as2_map_server
-- Symlinking: /ros2_ws/install/as2_map_server/share/as2_map_server/environment/ament_prefix_path.sh
-- Symlinking: /ros2_ws/install/as2_map_server/share/as2_map_server/environment/ament_prefix_path.dsv
-- Symlinking: /ros2_ws/install/as2_map_server/share/as2_map_server/environment/path.sh
-- Symlinking: /ros2_ws/install/as2_map_server/share/as2_map_server/environment/path.dsv
-- Symlinking: /ros2_ws/install/as2_map_server/share/as2_map_server/local_setup.bash
-- Symlinking: /ros2_ws/install/as2_map_server/share/as2_map_server/local_setup.sh
-- Symlinking: /ros2_ws/install/as2_map_server/share/as2_map_server/local_setup.zsh
-- Symlinking: /ros2_ws/install/as2_map_server/share/as2_map_server/local_setup.dsv
-- Symlinking: /ros2_ws/install/as2_map_server/share/as2_map_server/package.dsv
-- Symlinking: /ros2_ws/install/as2_map_server/share/ament_index/resource_index/packages/as2_map_server
-- Symlinking: /ros2_ws/install/as2_map_server/share/ament_index/resource_index/as2_map_server__pluginlib__plugin/as2_map_server
-- Symlinking: /ros2_ws/install/as2_map_server/share/as2_map_server/cmake/ament_cmake_export_libraries-extras.cmake
-- Symlinking: /ros2_ws/install/as2_map_server/share/as2_map_server/cmake/ament_cmake_export_targets-extras.cmake
-- Symlinking: /ros2_ws/install/as2_map_server/share/as2_map_server/cmake/ament_cmake_export_include_directories-extras.cmake
-- Symlinking: /ros2_ws/install/as2_map_server/share/as2_map_server/cmake/as2_map_serverConfig.cmake
-- Symlinking: /ros2_ws/install/as2_map_server/share/as2_map_server/cmake/as2_map_serverConfig-version.cmake
-- Symlinking: /ros2_ws/install/as2_map_server/share/as2_map_server/package.xml
-- Installing: /ros2_ws/install/as2_map_server/lib/libas2_map_server_base.so
-- Set runtime path of "/ros2_ws/install/as2_map_server/lib/libas2_map_server_base.so" to ""
-- Installing: /ros2_ws/install/as2_map_server/lib/libas2_map_server.so
-- Set runtime path of "/ros2_ws/install/as2_map_server/lib/libas2_map_server.so" to ""
-- Installing: /ros2_ws/install/as2_map_server/share/as2_map_server/cmake/export_as2_map_server_baseExport.cmake
-- Installing: /ros2_ws/install/as2_map_server/share/as2_map_server/cmake/export_as2_map_server_baseExport-release.cmake
-- Installing: /ros2_ws/install/as2_map_server/share/as2_map_server/cmake/export_as2_map_serverExport.cmake
-- Installing: /ros2_ws/install/as2_map_server/share/as2_map_server/cmake/export_as2_map_serverExport-release.cmake
-- Installing: /ros2_ws/install/as2_map_server/lib/libscan2occ_grid.so
-- Set runtime path of "/ros2_ws/install/as2_map_server/lib/libscan2occ_grid.so" to ""
