[0.078s] Invoking command in '/ros2_ws/build/ros2srrc_ur5e': CMAKE_PREFIX_PATH=/opt/ros/humble /usr/bin/cmake --build /ros2_ws/build/ros2srrc_ur5e -- -j8 -l8
[0.598s] Invoked command in '/ros2_ws/build/ros2srrc_ur5e' returned '0': CMAKE_PREFIX_PATH=/opt/ros/humble /usr/bin/cmake --build /ros2_ws/build/ros2srrc_ur5e -- -j8 -l8
[0.600s] Invoking command in '/ros2_ws/build/ros2srrc_ur5e': CMAKE_PREFIX_PATH=/opt/ros/humble /usr/bin/cmake --install /ros2_ws/build/ros2srrc_ur5e
[0.656s] -- Install configuration: "Release"
[0.657s] -- Execute custom install script
[0.657s] -- Up-to-date symlink: /ros2_ws/install/ros2srrc_ur5e/share/ros2srrc_ur5e/config/configurations.yaml
[0.658s] -- Up-to-date symlink: /ros2_ws/install/ros2srrc_ur5e/share/ros2srrc_ur5e/urdf/ur5e.urdf.xacro
[0.659s] -- Up-to-date symlink: /ros2_ws/install/ros2srrc_ur5e/share/ros2srrc_ur5e/urdf/ur5e_robotiq_2f85.urdf.xacro
[0.659s] -- Up-to-date symlink: /ros2_ws/install/ros2srrc_ur5e/share/ros2srrc_ur5e/urdf/ur5e_robotiq_hande.urdf.xacro
[0.659s] -- Up-to-date symlink: /ros2_ws/install/ros2srrc_ur5e/share/ament_index/resource_index/package_run_dependencies/ros2srrc_ur5e
[0.659s] -- Up-to-date symlink: /ros2_ws/install/ros2srrc_ur5e/share/ament_index/resource_index/parent_prefix_path/ros2srrc_ur5e
[0.659s] -- Up-to-date symlink: /ros2_ws/install/ros2srrc_ur5e/share/ros2srrc_ur5e/environment/ament_prefix_path.sh
[0.659s] -- Up-to-date symlink: /ros2_ws/install/ros2srrc_ur5e/share/ros2srrc_ur5e/environment/ament_prefix_path.dsv
[0.660s] -- Up-to-date symlink: /ros2_ws/install/ros2srrc_ur5e/share/ros2srrc_ur5e/environment/path.sh
[0.660s] -- Up-to-date symlink: /ros2_ws/install/ros2srrc_ur5e/share/ros2srrc_ur5e/environment/path.dsv
[0.660s] -- Up-to-date symlink: /ros2_ws/install/ros2srrc_ur5e/share/ros2srrc_ur5e/local_setup.bash
[0.660s] -- Up-to-date symlink: /ros2_ws/install/ros2srrc_ur5e/share/ros2srrc_ur5e/local_setup.sh
[0.661s] -- Up-to-date symlink: /ros2_ws/install/ros2srrc_ur5e/share/ros2srrc_ur5e/local_setup.zsh
[0.661s] -- Up-to-date symlink: /ros2_ws/install/ros2srrc_ur5e/share/ros2srrc_ur5e/local_setup.dsv
[0.662s] -- Symlinking: /ros2_ws/install/ros2srrc_ur5e/share/ros2srrc_ur5e/package.dsv
[0.662s] -- Up-to-date symlink: /ros2_ws/install/ros2srrc_ur5e/share/ament_index/resource_index/packages/ros2srrc_ur5e
[0.663s] -- Up-to-date symlink: /ros2_ws/install/ros2srrc_ur5e/share/ros2srrc_ur5e/cmake/ros2srrc_ur5eConfig.cmake
[0.663s] -- Up-to-date symlink: /ros2_ws/install/ros2srrc_ur5e/share/ros2srrc_ur5e/cmake/ros2srrc_ur5eConfig-version.cmake
[0.663s] -- Up-to-date symlink: /ros2_ws/install/ros2srrc_ur5e/share/ros2srrc_ur5e/package.xml
[0.696s] Invoked command in '/ros2_ws/build/ros2srrc_ur5e' returned '0': CMAKE_PREFIX_PATH=/opt/ros/humble /usr/bin/cmake --install /ros2_ws/build/ros2srrc_ur5e
