[35m[1mConsolidate compiler generated dependencies of target linkpose_msgs__rosidl_generator_c[0m
[  3%] Built target linkpose_msgs__cpp
[ 12%] Built target linkpose_msgs__rosidl_generator_c
[35m[1mConsolidate compiler generated dependencies of target linkpose_msgs__rosidl_typesupport_cpp[0m
[35m[1mConsolidate compiler generated dependencies of target linkpose_msgs__rosidl_typesupport_fastrtps_cpp[0m
[ 12%] Built target ament_cmake_python_symlink_linkpose_msgs
[35m[1mConsolidate compiler generated dependencies of target linkpose_msgs__rosidl_typesupport_introspection_cpp[0m
[35m[1mConsolidate compiler generated dependencies of target linkpose_msgs__rosidl_typesupport_fastrtps_c[0m
[35m[1mConsolidate compiler generated dependencies of target linkpose_msgs__rosidl_typesupport_introspection_c[0m
[35m[1mConsolidate compiler generated dependencies of target linkpose_msgs__rosidl_typesupport_c[0m
[ 22%] Built target linkpose_msgs__rosidl_typesupport_cpp
[ 32%] Built target linkpose_msgs__rosidl_typesupport_introspection_c
[ 41%] Built target linkpose_msgs__rosidl_typesupport_introspection_cpp
[ 51%] Built target linkpose_msgs__rosidl_typesupport_fastrtps_cpp
[ 61%] Built target linkpose_msgs__rosidl_typesupport_c
[ 70%] Built target linkpose_msgs__rosidl_typesupport_fastrtps_c
[ 70%] Built target linkpose_msgs
[ 74%] Built target linkpose_msgs__py
[35m[1mConsolidate compiler generated dependencies of target linkpose_msgs__rosidl_generator_py[0m
[ 80%] Built target linkpose_msgs__rosidl_generator_py
[35m[1mConsolidate compiler generated dependencies of target linkpose_msgs__rosidl_typesupport_introspection_c__pyext[0m
[35m[1mConsolidate compiler generated dependencies of target linkpose_msgs__rosidl_typesupport_fastrtps_c__pyext[0m
[35m[1mConsolidate compiler generated dependencies of target linkpose_msgs__rosidl_typesupport_c__pyext[0m
[ 87%] Built target linkpose_msgs__rosidl_typesupport_introspection_c__pyext
[ 93%] Built target linkpose_msgs__rosidl_typesupport_fastrtps_c__pyext
[100%] Built target linkpose_msgs__rosidl_typesupport_c__pyext
running egg_info
writing linkpose_msgs.egg-info/PKG-INFO
writing dependency_links to linkpose_msgs.egg-info/dependency_links.txt
writing top-level names to linkpose_msgs.egg-info/top_level.txt
reading manifest file 'linkpose_msgs.egg-info/SOURCES.txt'
writing manifest file 'linkpose_msgs.egg-info/SOURCES.txt'
[100%] Built target ament_cmake_python_build_linkpose_msgs_egg
-- Install configuration: "Release"
-- Execute custom install script
-- Up-to-date symlink: /ros2_ws/install/linkpose_msgs/share/linkpose_msgs/msg/LinkPose.msg
-- Up-to-date symlink: /ros2_ws/install/linkpose_msgs/share/ament_index/resource_index/rosidl_interfaces/linkpose_msgs
-- Up-to-date symlink: /ros2_ws/install/linkpose_msgs/include/linkpose_msgs/linkpose_msgs/msg/detail/link_pose__functions.h
-- Up-to-date symlink: /ros2_ws/install/linkpose_msgs/include/linkpose_msgs/linkpose_msgs/msg/detail/link_pose__struct.h
-- Up-to-date symlink: /ros2_ws/install/linkpose_msgs/include/linkpose_msgs/linkpose_msgs/msg/detail/link_pose__type_support.h
-- Up-to-date symlink: /ros2_ws/install/linkpose_msgs/include/linkpose_msgs/linkpose_msgs/msg/link_pose.h
-- Up-to-date symlink: /ros2_ws/install/linkpose_msgs/include/linkpose_msgs/linkpose_msgs/msg/rosidl_generator_c__visibility_control.h
-- Up-to-date symlink: /ros2_ws/install/linkpose_msgs/share/linkpose_msgs/environment/library_path.sh
-- Up-to-date symlink: /ros2_ws/install/linkpose_msgs/share/linkpose_msgs/environment/library_path.dsv
-- Up-to-date symlink: /ros2_ws/install/linkpose_msgs/include/linkpose_msgs/linkpose_msgs/msg/detail/link_pose__rosidl_typesupport_fastrtps_c.h
-- Up-to-date symlink: /ros2_ws/install/linkpose_msgs/include/linkpose_msgs/linkpose_msgs/msg/rosidl_typesupport_fastrtps_c__visibility_control.h
-- Up-to-date symlink: /ros2_ws/install/linkpose_msgs/include/linkpose_msgs/linkpose_msgs/msg/detail/link_pose__rosidl_typesupport_introspection_c.h
-- Up-to-date symlink: /ros2_ws/install/linkpose_msgs/include/linkpose_msgs/linkpose_msgs/msg/rosidl_typesupport_introspection_c__visibility_control.h
-- Up-to-date symlink: /ros2_ws/install/linkpose_msgs/include/linkpose_msgs/linkpose_msgs/msg/detail/link_pose__builder.hpp
-- Up-to-date symlink: /ros2_ws/install/linkpose_msgs/include/linkpose_msgs/linkpose_msgs/msg/detail/link_pose__struct.hpp
-- Up-to-date symlink: /ros2_ws/install/linkpose_msgs/include/linkpose_msgs/linkpose_msgs/msg/detail/link_pose__traits.hpp
-- Up-to-date symlink: /ros2_ws/install/linkpose_msgs/include/linkpose_msgs/linkpose_msgs/msg/detail/link_pose__type_support.hpp
-- Up-to-date symlink: /ros2_ws/install/linkpose_msgs/include/linkpose_msgs/linkpose_msgs/msg/link_pose.hpp
-- Up-to-date symlink: /ros2_ws/install/linkpose_msgs/include/linkpose_msgs/linkpose_msgs/msg/rosidl_generator_cpp__visibility_control.hpp
-- Up-to-date symlink: /ros2_ws/install/linkpose_msgs/include/linkpose_msgs/linkpose_msgs/msg/detail/link_pose__rosidl_typesupport_fastrtps_cpp.hpp
-- Up-to-date symlink: /ros2_ws/install/linkpose_msgs/include/linkpose_msgs/linkpose_msgs/msg/rosidl_typesupport_fastrtps_cpp__visibility_control.h
-- Up-to-date symlink: /ros2_ws/install/linkpose_msgs/include/linkpose_msgs/linkpose_msgs/msg/detail/link_pose__rosidl_typesupport_introspection_cpp.hpp
-- Up-to-date symlink: /ros2_ws/install/linkpose_msgs/share/linkpose_msgs/environment/pythonpath.sh
-- Up-to-date symlink: /ros2_ws/install/linkpose_msgs/share/linkpose_msgs/environment/pythonpath.dsv
-- Up-to-date symlink: /ros2_ws/install/linkpose_msgs/local/lib/python3.10/dist-packages/linkpose_msgs-0.0.0-py3.10.egg-info/PKG-INFO
-- Up-to-date symlink: /ros2_ws/install/linkpose_msgs/local/lib/python3.10/dist-packages/linkpose_msgs-0.0.0-py3.10.egg-info/SOURCES.txt
-- Up-to-date symlink: /ros2_ws/install/linkpose_msgs/local/lib/python3.10/dist-packages/linkpose_msgs-0.0.0-py3.10.egg-info/dependency_links.txt
-- Up-to-date symlink: /ros2_ws/install/linkpose_msgs/local/lib/python3.10/dist-packages/linkpose_msgs-0.0.0-py3.10.egg-info/top_level.txt
-- Up-to-date symlink: /ros2_ws/install/linkpose_msgs/local/lib/python3.10/dist-packages/linkpose_msgs/__init__.py
-- Up-to-date symlink: /ros2_ws/install/linkpose_msgs/local/lib/python3.10/dist-packages/linkpose_msgs/_linkpose_msgs_s.ep.rosidl_typesupport_c.c
-- Up-to-date symlink: /ros2_ws/install/linkpose_msgs/local/lib/python3.10/dist-packages/linkpose_msgs/_linkpose_msgs_s.ep.rosidl_typesupport_fastrtps_c.c
-- Up-to-date symlink: /ros2_ws/install/linkpose_msgs/local/lib/python3.10/dist-packages/linkpose_msgs/_linkpose_msgs_s.ep.rosidl_typesupport_introspection_c.c
-- Up-to-date symlink: /ros2_ws/install/linkpose_msgs/local/lib/python3.10/dist-packages/linkpose_msgs/liblinkpose_msgs__rosidl_generator_py.so
-- Up-to-date symlink: /ros2_ws/install/linkpose_msgs/local/lib/python3.10/dist-packages/linkpose_msgs/linkpose_msgs_s__rosidl_typesupport_c.cpython-310-x86_64-linux-gnu.so
-- Up-to-date symlink: /ros2_ws/install/linkpose_msgs/local/lib/python3.10/dist-packages/linkpose_msgs/linkpose_msgs_s__rosidl_typesupport_fastrtps_c.cpython-310-x86_64-linux-gnu.so
-- Up-to-date symlink: /ros2_ws/install/linkpose_msgs/local/lib/python3.10/dist-packages/linkpose_msgs/linkpose_msgs_s__rosidl_typesupport_introspection_c.cpython-310-x86_64-linux-gnu.so
-- Up-to-date symlink: /ros2_ws/install/linkpose_msgs/local/lib/python3.10/dist-packages/linkpose_msgs/msg/__init__.py
-- Up-to-date symlink: /ros2_ws/install/linkpose_msgs/local/lib/python3.10/dist-packages/linkpose_msgs/msg/_link_pose.py
-- Up-to-date symlink: /ros2_ws/install/linkpose_msgs/local/lib/python3.10/dist-packages/linkpose_msgs/msg/_link_pose_s.c
-- Up-to-date symlink: /ros2_ws/install/linkpose_msgs/local/lib/python3.10/dist-packages/linkpose_msgs/linkpose_msgs_s__rosidl_typesupport_fastrtps_c.cpython-310-x86_64-linux-gnu.so
-- Up-to-date symlink: /ros2_ws/install/linkpose_msgs/local/lib/python3.10/dist-packages/linkpose_msgs/linkpose_msgs_s__rosidl_typesupport_introspection_c.cpython-310-x86_64-linux-gnu.so
-- Up-to-date symlink: /ros2_ws/install/linkpose_msgs/local/lib/python3.10/dist-packages/linkpose_msgs/linkpose_msgs_s__rosidl_typesupport_c.cpython-310-x86_64-linux-gnu.so
-- Up-to-date symlink: /ros2_ws/install/linkpose_msgs/share/linkpose_msgs/msg/LinkPose.idl
-- Up-to-date symlink: /ros2_ws/install/linkpose_msgs/share/linkpose_msgs/msg/LinkPose.msg
-- Up-to-date symlink: /ros2_ws/install/linkpose_msgs/share/ament_index/resource_index/package_run_dependencies/linkpose_msgs
-- Up-to-date symlink: /ros2_ws/install/linkpose_msgs/share/ament_index/resource_index/parent_prefix_path/linkpose_msgs
-- Up-to-date symlink: /ros2_ws/install/linkpose_msgs/share/linkpose_msgs/environment/ament_prefix_path.sh
-- Up-to-date symlink: /ros2_ws/install/linkpose_msgs/share/linkpose_msgs/environment/ament_prefix_path.dsv
-- Up-to-date symlink: /ros2_ws/install/linkpose_msgs/share/linkpose_msgs/environment/path.sh
-- Up-to-date symlink: /ros2_ws/install/linkpose_msgs/share/linkpose_msgs/environment/path.dsv
-- Up-to-date symlink: /ros2_ws/install/linkpose_msgs/share/linkpose_msgs/local_setup.bash
-- Up-to-date symlink: /ros2_ws/install/linkpose_msgs/share/linkpose_msgs/local_setup.sh
-- Up-to-date symlink: /ros2_ws/install/linkpose_msgs/share/linkpose_msgs/local_setup.zsh
-- Up-to-date symlink: /ros2_ws/install/linkpose_msgs/share/linkpose_msgs/local_setup.dsv
-- Symlinking: /ros2_ws/install/linkpose_msgs/share/linkpose_msgs/package.dsv
-- Up-to-date symlink: /ros2_ws/install/linkpose_msgs/share/ament_index/resource_index/packages/linkpose_msgs
-- Up-to-date symlink: /ros2_ws/install/linkpose_msgs/share/linkpose_msgs/cmake/rosidl_cmake-extras.cmake
-- Up-to-date symlink: /ros2_ws/install/linkpose_msgs/share/linkpose_msgs/cmake/ament_cmake_export_include_directories-extras.cmake
-- Up-to-date symlink: /ros2_ws/install/linkpose_msgs/share/linkpose_msgs/cmake/ament_cmake_export_libraries-extras.cmake
-- Up-to-date symlink: /ros2_ws/install/linkpose_msgs/share/linkpose_msgs/cmake/ament_cmake_export_targets-extras.cmake
-- Up-to-date symlink: /ros2_ws/install/linkpose_msgs/share/linkpose_msgs/cmake/rosidl_cmake_export_typesupport_targets-extras.cmake
-- Up-to-date symlink: /ros2_ws/install/linkpose_msgs/share/linkpose_msgs/cmake/ament_cmake_export_dependencies-extras.cmake
-- Up-to-date symlink: /ros2_ws/install/linkpose_msgs/share/linkpose_msgs/cmake/rosidl_cmake_export_typesupport_libraries-extras.cmake
-- Up-to-date symlink: /ros2_ws/install/linkpose_msgs/share/linkpose_msgs/cmake/linkpose_msgsConfig.cmake
-- Up-to-date symlink: /ros2_ws/install/linkpose_msgs/share/linkpose_msgs/cmake/linkpose_msgsConfig-version.cmake
-- Up-to-date symlink: /ros2_ws/install/linkpose_msgs/share/linkpose_msgs/package.xml
-- Up-to-date: /ros2_ws/install/linkpose_msgs/lib/liblinkpose_msgs__rosidl_generator_c.so
-- Up-to-date: /ros2_ws/install/linkpose_msgs/lib/liblinkpose_msgs__rosidl_typesupport_fastrtps_c.so
-- Up-to-date: /ros2_ws/install/linkpose_msgs/lib/liblinkpose_msgs__rosidl_typesupport_introspection_c.so
-- Up-to-date: /ros2_ws/install/linkpose_msgs/lib/liblinkpose_msgs__rosidl_typesupport_c.so
-- Up-to-date: /ros2_ws/install/linkpose_msgs/lib/liblinkpose_msgs__rosidl_typesupport_fastrtps_cpp.so
-- Up-to-date: /ros2_ws/install/linkpose_msgs/lib/liblinkpose_msgs__rosidl_typesupport_introspection_cpp.so
-- Up-to-date: /ros2_ws/install/linkpose_msgs/lib/liblinkpose_msgs__rosidl_typesupport_cpp.so
Listing '/ros2_ws/install/linkpose_msgs/local/lib/python3.10/dist-packages/linkpose_msgs'...
Listing '/ros2_ws/install/linkpose_msgs/local/lib/python3.10/dist-packages/linkpose_msgs/msg'...
-- Up-to-date: /ros2_ws/install/linkpose_msgs/lib/liblinkpose_msgs__rosidl_generator_py.so
-- Up-to-date: /ros2_ws/install/linkpose_msgs/share/linkpose_msgs/cmake/export_linkpose_msgs__rosidl_generator_cExport.cmake
-- Up-to-date: /ros2_ws/install/linkpose_msgs/share/linkpose_msgs/cmake/export_linkpose_msgs__rosidl_generator_cExport-release.cmake
-- Up-to-date: /ros2_ws/install/linkpose_msgs/share/linkpose_msgs/cmake/export_linkpose_msgs__rosidl_typesupport_fastrtps_cExport.cmake
-- Up-to-date: /ros2_ws/install/linkpose_msgs/share/linkpose_msgs/cmake/export_linkpose_msgs__rosidl_typesupport_fastrtps_cExport-release.cmake
-- Up-to-date: /ros2_ws/install/linkpose_msgs/share/linkpose_msgs/cmake/linkpose_msgs__rosidl_typesupport_introspection_cExport.cmake
-- Up-to-date: /ros2_ws/install/linkpose_msgs/share/linkpose_msgs/cmake/linkpose_msgs__rosidl_typesupport_introspection_cExport-release.cmake
-- Up-to-date: /ros2_ws/install/linkpose_msgs/share/linkpose_msgs/cmake/linkpose_msgs__rosidl_typesupport_cExport.cmake
-- Up-to-date: /ros2_ws/install/linkpose_msgs/share/linkpose_msgs/cmake/linkpose_msgs__rosidl_typesupport_cExport-release.cmake
-- Up-to-date: /ros2_ws/install/linkpose_msgs/share/linkpose_msgs/cmake/export_linkpose_msgs__rosidl_generator_cppExport.cmake
-- Up-to-date: /ros2_ws/install/linkpose_msgs/share/linkpose_msgs/cmake/export_linkpose_msgs__rosidl_typesupport_fastrtps_cppExport.cmake
-- Up-to-date: /ros2_ws/install/linkpose_msgs/share/linkpose_msgs/cmake/export_linkpose_msgs__rosidl_typesupport_fastrtps_cppExport-release.cmake
-- Up-to-date: /ros2_ws/install/linkpose_msgs/share/linkpose_msgs/cmake/linkpose_msgs__rosidl_typesupport_introspection_cppExport.cmake
-- Up-to-date: /ros2_ws/install/linkpose_msgs/share/linkpose_msgs/cmake/linkpose_msgs__rosidl_typesupport_introspection_cppExport-release.cmake
-- Up-to-date: /ros2_ws/install/linkpose_msgs/share/linkpose_msgs/cmake/linkpose_msgs__rosidl_typesupport_cppExport.cmake
-- Up-to-date: /ros2_ws/install/linkpose_msgs/share/linkpose_msgs/cmake/linkpose_msgs__rosidl_typesupport_cppExport-release.cmake
-- Up-to-date: /ros2_ws/install/linkpose_msgs/share/linkpose_msgs/cmake/export_linkpose_msgs__rosidl_generator_pyExport.cmake
-- Up-to-date: /ros2_ws/install/linkpose_msgs/share/linkpose_msgs/cmake/export_linkpose_msgs__rosidl_generator_pyExport-release.cmake
