[0.051s] Invoking command in '/ros2_ws/build/linkpose_msgs': CMAKE_PREFIX_PATH=/opt/ros/humble /usr/bin/cmake --build /ros2_ws/build/linkpose_msgs -- -j8 -l8
[0.158s] [35m[1mConsolidate compiler generated dependencies of target linkpose_msgs__rosidl_generator_c[0m
[0.188s] [  3%] Built target linkpose_msgs__cpp
[0.230s] [ 12%] Built target linkpose_msgs__rosidl_generator_c
[0.276s] [35m[1mConsolidate compiler generated dependencies of target linkpose_msgs__rosidl_typesupport_cpp[0m
[0.308s] [35m[1mConsolidate compiler generated dependencies of target linkpose_msgs__rosidl_typesupport_fastrtps_cpp[0m
[0.318s] [ 12%] Built target ament_cmake_python_symlink_linkpose_msgs
[0.319s] [35m[1mConsolidate compiler generated dependencies of target linkpose_msgs__rosidl_typesupport_introspection_cpp[0m
[0.334s] [35m[1mConsolidate compiler generated dependencies of target linkpose_msgs__rosidl_typesupport_fastrtps_c[0m
[0.336s] [35m[1mConsolidate compiler generated dependencies of target linkpose_msgs__rosidl_typesupport_introspection_c[0m
[0.365s] [35m[1mConsolidate compiler generated dependencies of target linkpose_msgs__rosidl_typesupport_c[0m
[0.393s] [ 22%] Built target linkpose_msgs__rosidl_typesupport_cpp
[0.428s] [ 32%] Built target linkpose_msgs__rosidl_typesupport_introspection_c
[0.430s] [ 41%] Built target linkpose_msgs__rosidl_typesupport_introspection_cpp
[0.454s] [ 51%] Built target linkpose_msgs__rosidl_typesupport_fastrtps_cpp
[0.473s] [ 61%] Built target linkpose_msgs__rosidl_typesupport_c
[0.477s] [ 70%] Built target linkpose_msgs__rosidl_typesupport_fastrtps_c
[0.589s] [ 70%] Built target linkpose_msgs
[0.774s] [ 74%] Built target linkpose_msgs__py
[0.818s] [35m[1mConsolidate compiler generated dependencies of target linkpose_msgs__rosidl_generator_py[0m
[0.876s] [ 80%] Built target linkpose_msgs__rosidl_generator_py
[0.946s] [35m[1mConsolidate compiler generated dependencies of target linkpose_msgs__rosidl_typesupport_introspection_c__pyext[0m
[0.958s] [35m[1mConsolidate compiler generated dependencies of target linkpose_msgs__rosidl_typesupport_fastrtps_c__pyext[0m
[0.993s] [35m[1mConsolidate compiler generated dependencies of target linkpose_msgs__rosidl_typesupport_c__pyext[0m
[0.998s] [ 87%] Built target linkpose_msgs__rosidl_typesupport_introspection_c__pyext
[1.004s] [ 93%] Built target linkpose_msgs__rosidl_typesupport_fastrtps_c__pyext
[1.051s] [100%] Built target linkpose_msgs__rosidl_typesupport_c__pyext
[1.512s] running egg_info
[1.513s] writing linkpose_msgs.egg-info/PKG-INFO
[1.513s] writing dependency_links to linkpose_msgs.egg-info/dependency_links.txt
[1.513s] writing top-level names to linkpose_msgs.egg-info/top_level.txt
[1.517s] reading manifest file 'linkpose_msgs.egg-info/SOURCES.txt'
[1.520s] writing manifest file 'linkpose_msgs.egg-info/SOURCES.txt'
[1.581s] [100%] Built target ament_cmake_python_build_linkpose_msgs_egg
[1.631s] Invoked command in '/ros2_ws/build/linkpose_msgs' returned '0': CMAKE_PREFIX_PATH=/opt/ros/humble /usr/bin/cmake --build /ros2_ws/build/linkpose_msgs -- -j8 -l8
[1.635s] Invoking command in '/ros2_ws/build/linkpose_msgs': CMAKE_PREFIX_PATH=/opt/ros/humble /usr/bin/cmake --install /ros2_ws/build/linkpose_msgs
[1.695s] -- Install configuration: "Release"
[1.708s] -- Execute custom install script
[1.725s] -- Up-to-date symlink: /ros2_ws/install/linkpose_msgs/share/linkpose_msgs/msg/LinkPose.msg
[1.727s] -- Up-to-date symlink: /ros2_ws/install/linkpose_msgs/share/ament_index/resource_index/rosidl_interfaces/linkpose_msgs
[1.741s] -- Up-to-date symlink: /ros2_ws/install/linkpose_msgs/include/linkpose_msgs/linkpose_msgs/msg/detail/link_pose__functions.h
[1.742s] -- Up-to-date symlink: /ros2_ws/install/linkpose_msgs/include/linkpose_msgs/linkpose_msgs/msg/detail/link_pose__struct.h
[1.751s] -- Up-to-date symlink: /ros2_ws/install/linkpose_msgs/include/linkpose_msgs/linkpose_msgs/msg/detail/link_pose__type_support.h
[1.754s] -- Up-to-date symlink: /ros2_ws/install/linkpose_msgs/include/linkpose_msgs/linkpose_msgs/msg/link_pose.h
[1.755s] -- Up-to-date symlink: /ros2_ws/install/linkpose_msgs/include/linkpose_msgs/linkpose_msgs/msg/rosidl_generator_c__visibility_control.h
[1.756s] -- Up-to-date symlink: /ros2_ws/install/linkpose_msgs/share/linkpose_msgs/environment/library_path.sh
[1.757s] -- Up-to-date symlink: /ros2_ws/install/linkpose_msgs/share/linkpose_msgs/environment/library_path.dsv
[1.760s] -- Up-to-date symlink: /ros2_ws/install/linkpose_msgs/include/linkpose_msgs/linkpose_msgs/msg/detail/link_pose__rosidl_typesupport_fastrtps_c.h
[1.761s] -- Up-to-date symlink: /ros2_ws/install/linkpose_msgs/include/linkpose_msgs/linkpose_msgs/msg/rosidl_typesupport_fastrtps_c__visibility_control.h
[1.768s] -- Up-to-date symlink: /ros2_ws/install/linkpose_msgs/include/linkpose_msgs/linkpose_msgs/msg/detail/link_pose__rosidl_typesupport_introspection_c.h
[1.769s] -- Up-to-date symlink: /ros2_ws/install/linkpose_msgs/include/linkpose_msgs/linkpose_msgs/msg/rosidl_typesupport_introspection_c__visibility_control.h
[1.769s] -- Up-to-date symlink: /ros2_ws/install/linkpose_msgs/include/linkpose_msgs/linkpose_msgs/msg/detail/link_pose__builder.hpp
[1.770s] -- Up-to-date symlink: /ros2_ws/install/linkpose_msgs/include/linkpose_msgs/linkpose_msgs/msg/detail/link_pose__struct.hpp
[1.770s] -- Up-to-date symlink: /ros2_ws/install/linkpose_msgs/include/linkpose_msgs/linkpose_msgs/msg/detail/link_pose__traits.hpp
[1.780s] -- Up-to-date symlink: /ros2_ws/install/linkpose_msgs/include/linkpose_msgs/linkpose_msgs/msg/detail/link_pose__type_support.hpp
[1.781s] -- Up-to-date symlink: /ros2_ws/install/linkpose_msgs/include/linkpose_msgs/linkpose_msgs/msg/link_pose.hpp
[1.782s] -- Up-to-date symlink: /ros2_ws/install/linkpose_msgs/include/linkpose_msgs/linkpose_msgs/msg/rosidl_generator_cpp__visibility_control.hpp
[1.787s] -- Up-to-date symlink: /ros2_ws/install/linkpose_msgs/include/linkpose_msgs/linkpose_msgs/msg/detail/link_pose__rosidl_typesupport_fastrtps_cpp.hpp
[1.789s] -- Up-to-date symlink: /ros2_ws/install/linkpose_msgs/include/linkpose_msgs/linkpose_msgs/msg/rosidl_typesupport_fastrtps_cpp__visibility_control.h
[1.801s] -- Up-to-date symlink: /ros2_ws/install/linkpose_msgs/include/linkpose_msgs/linkpose_msgs/msg/detail/link_pose__rosidl_typesupport_introspection_cpp.hpp
[1.801s] -- Up-to-date symlink: /ros2_ws/install/linkpose_msgs/share/linkpose_msgs/environment/pythonpath.sh
[1.801s] -- Up-to-date symlink: /ros2_ws/install/linkpose_msgs/share/linkpose_msgs/environment/pythonpath.dsv
[1.805s] -- Up-to-date symlink: /ros2_ws/install/linkpose_msgs/local/lib/python3.10/dist-packages/linkpose_msgs-0.0.0-py3.10.egg-info/PKG-INFO
[1.807s] -- Up-to-date symlink: /ros2_ws/install/linkpose_msgs/local/lib/python3.10/dist-packages/linkpose_msgs-0.0.0-py3.10.egg-info/SOURCES.txt
[1.810s] -- Up-to-date symlink: /ros2_ws/install/linkpose_msgs/local/lib/python3.10/dist-packages/linkpose_msgs-0.0.0-py3.10.egg-info/dependency_links.txt
[1.811s] -- Up-to-date symlink: /ros2_ws/install/linkpose_msgs/local/lib/python3.10/dist-packages/linkpose_msgs-0.0.0-py3.10.egg-info/top_level.txt
[1.823s] -- Up-to-date symlink: /ros2_ws/install/linkpose_msgs/local/lib/python3.10/dist-packages/linkpose_msgs/__init__.py
[1.827s] -- Up-to-date symlink: /ros2_ws/install/linkpose_msgs/local/lib/python3.10/dist-packages/linkpose_msgs/_linkpose_msgs_s.ep.rosidl_typesupport_c.c
[1.828s] -- Up-to-date symlink: /ros2_ws/install/linkpose_msgs/local/lib/python3.10/dist-packages/linkpose_msgs/_linkpose_msgs_s.ep.rosidl_typesupport_fastrtps_c.c
[1.829s] -- Up-to-date symlink: /ros2_ws/install/linkpose_msgs/local/lib/python3.10/dist-packages/linkpose_msgs/_linkpose_msgs_s.ep.rosidl_typesupport_introspection_c.c
[1.832s] -- Up-to-date symlink: /ros2_ws/install/linkpose_msgs/local/lib/python3.10/dist-packages/linkpose_msgs/liblinkpose_msgs__rosidl_generator_py.so
[1.835s] -- Up-to-date symlink: /ros2_ws/install/linkpose_msgs/local/lib/python3.10/dist-packages/linkpose_msgs/linkpose_msgs_s__rosidl_typesupport_c.cpython-310-x86_64-linux-gnu.so
[1.839s] -- Up-to-date symlink: /ros2_ws/install/linkpose_msgs/local/lib/python3.10/dist-packages/linkpose_msgs/linkpose_msgs_s__rosidl_typesupport_fastrtps_c.cpython-310-x86_64-linux-gnu.so
[1.840s] -- Up-to-date symlink: /ros2_ws/install/linkpose_msgs/local/lib/python3.10/dist-packages/linkpose_msgs/linkpose_msgs_s__rosidl_typesupport_introspection_c.cpython-310-x86_64-linux-gnu.so
[1.841s] -- Up-to-date symlink: /ros2_ws/install/linkpose_msgs/local/lib/python3.10/dist-packages/linkpose_msgs/msg/__init__.py
[1.842s] -- Up-to-date symlink: /ros2_ws/install/linkpose_msgs/local/lib/python3.10/dist-packages/linkpose_msgs/msg/_link_pose.py
[1.844s] -- Up-to-date symlink: /ros2_ws/install/linkpose_msgs/local/lib/python3.10/dist-packages/linkpose_msgs/msg/_link_pose_s.c
[1.846s] -- Up-to-date symlink: /ros2_ws/install/linkpose_msgs/local/lib/python3.10/dist-packages/linkpose_msgs/linkpose_msgs_s__rosidl_typesupport_fastrtps_c.cpython-310-x86_64-linux-gnu.so
[1.849s] -- Up-to-date symlink: /ros2_ws/install/linkpose_msgs/local/lib/python3.10/dist-packages/linkpose_msgs/linkpose_msgs_s__rosidl_typesupport_introspection_c.cpython-310-x86_64-linux-gnu.so
[1.851s] -- Up-to-date symlink: /ros2_ws/install/linkpose_msgs/local/lib/python3.10/dist-packages/linkpose_msgs/linkpose_msgs_s__rosidl_typesupport_c.cpython-310-x86_64-linux-gnu.so
[1.857s] -- Up-to-date symlink: /ros2_ws/install/linkpose_msgs/share/linkpose_msgs/msg/LinkPose.idl
[1.859s] -- Up-to-date symlink: /ros2_ws/install/linkpose_msgs/share/linkpose_msgs/msg/LinkPose.msg
[1.862s] -- Up-to-date symlink: /ros2_ws/install/linkpose_msgs/share/ament_index/resource_index/package_run_dependencies/linkpose_msgs
[1.862s] -- Up-to-date symlink: /ros2_ws/install/linkpose_msgs/share/ament_index/resource_index/parent_prefix_path/linkpose_msgs
[1.863s] -- Up-to-date symlink: /ros2_ws/install/linkpose_msgs/share/linkpose_msgs/environment/ament_prefix_path.sh
[1.864s] -- Up-to-date symlink: /ros2_ws/install/linkpose_msgs/share/linkpose_msgs/environment/ament_prefix_path.dsv
[1.864s] -- Up-to-date symlink: /ros2_ws/install/linkpose_msgs/share/linkpose_msgs/environment/path.sh
[1.865s] -- Up-to-date symlink: /ros2_ws/install/linkpose_msgs/share/linkpose_msgs/environment/path.dsv
[1.865s] -- Up-to-date symlink: /ros2_ws/install/linkpose_msgs/share/linkpose_msgs/local_setup.bash
[1.866s] -- Up-to-date symlink: /ros2_ws/install/linkpose_msgs/share/linkpose_msgs/local_setup.sh
[1.866s] -- Up-to-date symlink: /ros2_ws/install/linkpose_msgs/share/linkpose_msgs/local_setup.zsh
[1.867s] -- Up-to-date symlink: /ros2_ws/install/linkpose_msgs/share/linkpose_msgs/local_setup.dsv
[1.867s] -- Symlinking: /ros2_ws/install/linkpose_msgs/share/linkpose_msgs/package.dsv
[1.896s] -- Up-to-date symlink: /ros2_ws/install/linkpose_msgs/share/ament_index/resource_index/packages/linkpose_msgs
[1.897s] -- Up-to-date symlink: /ros2_ws/install/linkpose_msgs/share/linkpose_msgs/cmake/rosidl_cmake-extras.cmake
[1.897s] -- Up-to-date symlink: /ros2_ws/install/linkpose_msgs/share/linkpose_msgs/cmake/ament_cmake_export_include_directories-extras.cmake
[1.898s] -- Up-to-date symlink: /ros2_ws/install/linkpose_msgs/share/linkpose_msgs/cmake/ament_cmake_export_libraries-extras.cmake
[1.899s] -- Up-to-date symlink: /ros2_ws/install/linkpose_msgs/share/linkpose_msgs/cmake/ament_cmake_export_targets-extras.cmake
[1.899s] -- Up-to-date symlink: /ros2_ws/install/linkpose_msgs/share/linkpose_msgs/cmake/rosidl_cmake_export_typesupport_targets-extras.cmake
[1.900s] -- Up-to-date symlink: /ros2_ws/install/linkpose_msgs/share/linkpose_msgs/cmake/ament_cmake_export_dependencies-extras.cmake
[1.901s] -- Up-to-date symlink: /ros2_ws/install/linkpose_msgs/share/linkpose_msgs/cmake/rosidl_cmake_export_typesupport_libraries-extras.cmake
[1.901s] -- Up-to-date symlink: /ros2_ws/install/linkpose_msgs/share/linkpose_msgs/cmake/linkpose_msgsConfig.cmake
[1.902s] -- Up-to-date symlink: /ros2_ws/install/linkpose_msgs/share/linkpose_msgs/cmake/linkpose_msgsConfig-version.cmake
[1.902s] -- Up-to-date symlink: /ros2_ws/install/linkpose_msgs/share/linkpose_msgs/package.xml
[1.902s] -- Up-to-date: /ros2_ws/install/linkpose_msgs/lib/liblinkpose_msgs__rosidl_generator_c.so
[1.904s] -- Up-to-date: /ros2_ws/install/linkpose_msgs/lib/liblinkpose_msgs__rosidl_typesupport_fastrtps_c.so
[1.905s] -- Up-to-date: /ros2_ws/install/linkpose_msgs/lib/liblinkpose_msgs__rosidl_typesupport_introspection_c.so
[1.906s] -- Up-to-date: /ros2_ws/install/linkpose_msgs/lib/liblinkpose_msgs__rosidl_typesupport_c.so
[1.907s] -- Up-to-date: /ros2_ws/install/linkpose_msgs/lib/liblinkpose_msgs__rosidl_typesupport_fastrtps_cpp.so
[1.907s] -- Up-to-date: /ros2_ws/install/linkpose_msgs/lib/liblinkpose_msgs__rosidl_typesupport_introspection_cpp.so
[1.909s] -- Up-to-date: /ros2_ws/install/linkpose_msgs/lib/liblinkpose_msgs__rosidl_typesupport_cpp.so
[1.977s] Listing '/ros2_ws/install/linkpose_msgs/local/lib/python3.10/dist-packages/linkpose_msgs'...
[1.978s] Listing '/ros2_ws/install/linkpose_msgs/local/lib/python3.10/dist-packages/linkpose_msgs/msg'...
[1.994s] -- Up-to-date: /ros2_ws/install/linkpose_msgs/lib/liblinkpose_msgs__rosidl_generator_py.so
[1.996s] -- Up-to-date: /ros2_ws/install/linkpose_msgs/share/linkpose_msgs/cmake/export_linkpose_msgs__rosidl_generator_cExport.cmake
[1.996s] -- Up-to-date: /ros2_ws/install/linkpose_msgs/share/linkpose_msgs/cmake/export_linkpose_msgs__rosidl_generator_cExport-release.cmake
[1.997s] -- Up-to-date: /ros2_ws/install/linkpose_msgs/share/linkpose_msgs/cmake/export_linkpose_msgs__rosidl_typesupport_fastrtps_cExport.cmake
[1.997s] -- Up-to-date: /ros2_ws/install/linkpose_msgs/share/linkpose_msgs/cmake/export_linkpose_msgs__rosidl_typesupport_fastrtps_cExport-release.cmake
[1.997s] -- Up-to-date: /ros2_ws/install/linkpose_msgs/share/linkpose_msgs/cmake/linkpose_msgs__rosidl_typesupport_introspection_cExport.cmake
[1.997s] -- Up-to-date: /ros2_ws/install/linkpose_msgs/share/linkpose_msgs/cmake/linkpose_msgs__rosidl_typesupport_introspection_cExport-release.cmake
[1.997s] -- Up-to-date: /ros2_ws/install/linkpose_msgs/share/linkpose_msgs/cmake/linkpose_msgs__rosidl_typesupport_cExport.cmake
[1.997s] -- Up-to-date: /ros2_ws/install/linkpose_msgs/share/linkpose_msgs/cmake/linkpose_msgs__rosidl_typesupport_cExport-release.cmake
[1.997s] -- Up-to-date: /ros2_ws/install/linkpose_msgs/share/linkpose_msgs/cmake/export_linkpose_msgs__rosidl_generator_cppExport.cmake
[1.998s] -- Up-to-date: /ros2_ws/install/linkpose_msgs/share/linkpose_msgs/cmake/export_linkpose_msgs__rosidl_typesupport_fastrtps_cppExport.cmake
[1.998s] -- Up-to-date: /ros2_ws/install/linkpose_msgs/share/linkpose_msgs/cmake/export_linkpose_msgs__rosidl_typesupport_fastrtps_cppExport-release.cmake
[1.999s] -- Up-to-date: /ros2_ws/install/linkpose_msgs/share/linkpose_msgs/cmake/linkpose_msgs__rosidl_typesupport_introspection_cppExport.cmake
[2.000s] -- Up-to-date: /ros2_ws/install/linkpose_msgs/share/linkpose_msgs/cmake/linkpose_msgs__rosidl_typesupport_introspection_cppExport-release.cmake
[2.000s] -- Up-to-date: /ros2_ws/install/linkpose_msgs/share/linkpose_msgs/cmake/linkpose_msgs__rosidl_typesupport_cppExport.cmake
[2.000s] -- Up-to-date: /ros2_ws/install/linkpose_msgs/share/linkpose_msgs/cmake/linkpose_msgs__rosidl_typesupport_cppExport-release.cmake
[2.000s] -- Up-to-date: /ros2_ws/install/linkpose_msgs/share/linkpose_msgs/cmake/export_linkpose_msgs__rosidl_generator_pyExport.cmake
[2.000s] -- Up-to-date: /ros2_ws/install/linkpose_msgs/share/linkpose_msgs/cmake/export_linkpose_msgs__rosidl_generator_pyExport-release.cmake
[2.191s] Invoked command in '/ros2_ws/build/linkpose_msgs' returned '0': CMAKE_PREFIX_PATH=/opt/ros/humble /usr/bin/cmake --install /ros2_ws/build/linkpose_msgs
