[0.122s] Invoking command in '/ros2_ws/build/ros2_objectpose': AMENT_PREFIX_PATH=/ros2_ws/install/objectpose_msgs:${AMENT_PREFIX_PATH} CMAKE_PREFIX_PATH=/ros2_ws/install/objectpose_msgs:/opt/ros/humble LD_LIBRARY_PATH=/ros2_ws/install/objectpose_msgs/lib:${LD_LIBRARY_PATH} PYTHONPATH=/ros2_ws/install/objectpose_msgs/local/lib/python3.10/dist-packages:${PYTHONPATH} /usr/bin/cmake --build /ros2_ws/build/ros2_objectpose -- -j8 -l8
[0.229s] [35m[1mConsolidate compiler generated dependencies of target ros2_objectpose_plugin[0m
[0.376s] [100%] Built target ros2_objectpose_plugin
[0.501s] Invoked command in '/ros2_ws/build/ros2_objectpose' returned '0': AMENT_PREFIX_PATH=/ros2_ws/install/objectpose_msgs:${AMENT_PREFIX_PATH} CMAKE_PREFIX_PATH=/ros2_ws/install/objectpose_msgs:/opt/ros/humble LD_LIBRARY_PATH=/ros2_ws/install/objectpose_msgs/lib:${LD_LIBRARY_PATH} PYTHONPATH=/ros2_ws/install/objectpose_msgs/local/lib/python3.10/dist-packages:${PYTHONPATH} /usr/bin/cmake --build /ros2_ws/build/ros2_objectpose -- -j8 -l8
[0.511s] Invoking command in '/ros2_ws/build/ros2_objectpose': AMENT_PREFIX_PATH=/ros2_ws/install/objectpose_msgs:${AMENT_PREFIX_PATH} CMAKE_PREFIX_PATH=/ros2_ws/install/objectpose_msgs:/opt/ros/humble LD_LIBRARY_PATH=/ros2_ws/install/objectpose_msgs/lib:${LD_LIBRARY_PATH} PYTHONPATH=/ros2_ws/install/objectpose_msgs/local/lib/python3.10/dist-packages:${PYTHONPATH} /usr/bin/cmake --install /ros2_ws/build/ros2_objectpose
[0.615s] -- Install configuration: "Release"
[0.616s] -- Execute custom install script
[0.616s] -- Up-to-date symlink: /ros2_ws/install/ros2_objectpose/share/ros2_objectpose/environment/library_path.sh
[0.616s] -- Up-to-date symlink: /ros2_ws/install/ros2_objectpose/share/ros2_objectpose/environment/library_path.dsv
[0.616s] -- Up-to-date symlink: /ros2_ws/install/ros2_objectpose/lib/libros2_objectpose_plugin.so
[0.617s] -- Up-to-date symlink: /ros2_ws/install/ros2_objectpose/share/ros2_objectpose/python/SpawnObject.py
[0.617s] -- Up-to-date symlink: /ros2_ws/install/ros2_objectpose/lib/ros2_objectpose/SpawnObject.py
[0.617s] -- Up-to-date symlink: /ros2_ws/install/ros2_objectpose/share/ament_index/resource_index/package_run_dependencies/ros2_objectpose
[0.617s] -- Up-to-date symlink: /ros2_ws/install/ros2_objectpose/share/ament_index/resource_index/parent_prefix_path/ros2_objectpose
[0.617s] -- Up-to-date symlink: /ros2_ws/install/ros2_objectpose/share/ros2_objectpose/environment/ament_prefix_path.sh
[0.617s] -- Up-to-date symlink: /ros2_ws/install/ros2_objectpose/share/ros2_objectpose/environment/ament_prefix_path.dsv
[0.618s] -- Up-to-date symlink: /ros2_ws/install/ros2_objectpose/share/ros2_objectpose/environment/path.sh
[0.618s] -- Up-to-date symlink: /ros2_ws/install/ros2_objectpose/share/ros2_objectpose/environment/path.dsv
[0.618s] -- Up-to-date symlink: /ros2_ws/install/ros2_objectpose/share/ros2_objectpose/local_setup.bash
[0.618s] -- Up-to-date symlink: /ros2_ws/install/ros2_objectpose/share/ros2_objectpose/local_setup.sh
[0.618s] -- Up-to-date symlink: /ros2_ws/install/ros2_objectpose/share/ros2_objectpose/local_setup.zsh
[0.618s] -- Up-to-date symlink: /ros2_ws/install/ros2_objectpose/share/ros2_objectpose/local_setup.dsv
[0.618s] -- Symlinking: /ros2_ws/install/ros2_objectpose/share/ros2_objectpose/package.dsv
[0.625s] -- Up-to-date symlink: /ros2_ws/install/ros2_objectpose/share/ament_index/resource_index/packages/ros2_objectpose
[0.625s] -- Up-to-date symlink: /ros2_ws/install/ros2_objectpose/share/ros2_objectpose/cmake/ament_cmake_export_libraries-extras.cmake
[0.626s] -- Up-to-date symlink: /ros2_ws/install/ros2_objectpose/share/ros2_objectpose/cmake/ros2_objectposeConfig.cmake
[0.626s] -- Up-to-date symlink: /ros2_ws/install/ros2_objectpose/share/ros2_objectpose/cmake/ros2_objectposeConfig-version.cmake
[0.627s] -- Up-to-date symlink: /ros2_ws/install/ros2_objectpose/share/ros2_objectpose/package.xml
[0.707s] Invoked command in '/ros2_ws/build/ros2_objectpose' returned '0': AMENT_PREFIX_PATH=/ros2_ws/install/objectpose_msgs:${AMENT_PREFIX_PATH} CMAKE_PREFIX_PATH=/ros2_ws/install/objectpose_msgs:/opt/ros/humble LD_LIBRARY_PATH=/ros2_ws/install/objectpose_msgs/lib:${LD_LIBRARY_PATH} PYTHONPATH=/ros2_ws/install/objectpose_msgs/local/lib/python3.10/dist-packages:${PYTHONPATH} /usr/bin/cmake --install /ros2_ws/build/ros2_objectpose
