[0.038s] Invoking command in '/ros2_ws/build/as2_behaviors_path_planning': AMENT_PREFIX_PATH=/ros2_ws/install/as2_behavior:/ros2_ws/install/as2_core:/ros2_ws/install/as2_msgs:${AMENT_PREFIX_PATH} CMAKE_PREFIX_PATH=/ros2_ws/install/as2_behavior:/ros2_ws/install/as2_core:/ros2_ws/install/as2_msgs:/opt/ros/humble LD_LIBRARY_PATH=/ros2_ws/install/as2_behavior/lib:/ros2_ws/install/as2_core/lib:/ros2_ws/install/as2_msgs/lib:${LD_LIBRARY_PATH} PYTHONPATH=/ros2_ws/install/as2_core/local/lib/python3.10/dist-packages:/ros2_ws/install/as2_msgs/local/lib/python3.10/dist-packages:${PYTHONPATH} /usr/bin/cmake /ros2_ws/src/aerostack2/as2_behaviors/as2_behaviors_path_planning -DCMAKE_BUILD_TYPE=Release -DAMENT_CMAKE_SYMLINK_INSTALL=1 -DCMAKE_INSTALL_PREFIX=/ros2_ws/install/as2_behaviors_path_planning
[5.179s] -- The C compiler identification is GNU 11.4.0
[5.180s] -- The CXX compiler identification is GNU 11.4.0
[5.181s] -- Detecting C compiler ABI info
[5.182s] -- Detecting C compiler ABI info - done
[5.183s] -- Check for working C compiler: /usr/bin/cc - skipped
[5.183s] -- Detecting C compile features
[5.185s] -- Detecting C compile features - done
[5.186s] -- Detecting CXX compiler ABI info
[5.186s] -- Detecting CXX compiler ABI info - done
[5.186s] -- Check for working CXX compiler: /usr/bin/c++ - skipped
[5.186s] -- Detecting CXX compile features
[5.186s] -- Detecting CXX compile features - done
[5.186s] -- Found ament_cmake: 1.3.12 (/opt/ros/humble/share/ament_cmake/cmake)
[5.187s] -- Found Python3: /usr/bin/python3 (found version "3.10.12") found components: Interpreter 
[5.187s] -- Override CMake install command with custom implementation using symlinks instead of copying resources
[5.187s] -- Found ament_cmake_ros: 0.10.0 (/opt/ros/humble/share/ament_cmake_ros/cmake)
[5.187s] -- Found rclcpp: 16.0.16 (/opt/ros/humble/share/rclcpp/cmake)
[5.187s] -- Found rosidl_generator_c: 3.1.7 (/opt/ros/humble/share/rosidl_generator_c/cmake)
[5.187s] -- Found rosidl_adapter: 3.1.7 (/opt/ros/humble/share/rosidl_adapter/cmake)
[5.188s] -- Found rosidl_generator_cpp: 3.1.7 (/opt/ros/humble/share/rosidl_generator_cpp/cmake)
[5.188s] -- Using all available rosidl_typesupport_c: rosidl_typesupport_fastrtps_c;rosidl_typesupport_introspection_c
[5.188s] -- Using all available rosidl_typesupport_cpp: rosidl_typesupport_fastrtps_cpp;rosidl_typesupport_introspection_cpp
[5.188s] -- Found rmw_implementation_cmake: 6.1.2 (/opt/ros/humble/share/rmw_implementation_cmake/cmake)
[5.188s] -- Found rmw_cyclonedds_cpp: 1.3.4 (/opt/ros/humble/share/rmw_cyclonedds_cpp/cmake)
[5.188s] -- Using RMW implementation 'rmw_cyclonedds_cpp' as default
[5.189s] -- Looking for pthread.h
[5.189s] -- Looking for pthread.h - found
[5.189s] -- Performing Test CMAKE_HAVE_LIBC_PTHREAD
[5.189s] -- Performing Test CMAKE_HAVE_LIBC_PTHREAD - Success
[5.189s] -- Found Threads: TRUE  
[5.190s] -- Found rclcpp_components: 16.0.16 (/opt/ros/humble/share/rclcpp_components/cmake)
[5.190s] -- Found pluginlib: 5.1.2 (/opt/ros/humble/share/pluginlib/cmake)
[5.190s] -- Found as2_core: 1.1.3 (/ros2_ws/install/as2_core/share/as2_core/cmake)
[5.190s] -- Created yaml-cpp::yaml-cpp alias from yaml-cpp target
[5.190s] -- Created GeographicLib::GeographicLib target from legacy variables
[5.190s] -- Found eigen3_cmake_module: 0.1.1 (/opt/ros/humble/share/eigen3_cmake_module/cmake)
[5.190s] -- Found Eigen3: TRUE (found version "3.4.0") 
[5.191s] -- Ensuring Eigen3 include directory is part of orocos-kdl CMake target
[5.191s] -- Found as2_behavior: 1.1.3 (/ros2_ws/install/as2_behavior/share/as2_behavior/cmake)
[5.191s] -- Found visualization_msgs: 4.9.0 (/opt/ros/humble/share/visualization_msgs/cmake)
[5.191s] -- Found OpenCV: /usr (found version "4.5.4") 
[5.191s] -- Found ament_lint_auto: 0.12.14 (/opt/ros/humble/share/ament_lint_auto/cmake)
[5.191s] -- Added test 'copyright' to check source files copyright and LICENSE
[5.192s] -- Added test 'cppcheck' to perform static code analysis on C / C++ code
[5.192s] -- Configured cppcheck include dirs: /ros2_ws/src/aerostack2/as2_behaviors/as2_behaviors_path_planning/include;/ros2_ws/src/aerostack2/as2_behaviors/as2_behaviors_path_planning/include/as2_behaviors_path_planning;/ros2_ws/src/aerostack2/as2_behaviors/as2_behaviors_path_planning/common/include;$<BUILD_INTERFACE:/ros2_ws/src/aerostack2/as2_behaviors/as2_behaviors_path_planning/include>
[5.192s] -- Configured cppcheck exclude dirs and/or files: /ros2_ws/src/aerostack2/as2_behaviors/as2_behaviors_path_planning/./plugins/voronoi/thirdparty/dynamicvoronoi/README.md;/ros2_ws/src/aerostack2/as2_behaviors/as2_behaviors_path_planning/./plugins/voronoi/thirdparty/dynamicvoronoi/bucketedqueue.h;/ros2_ws/src/aerostack2/as2_behaviors/as2_behaviors_path_planning/./plugins/voronoi/thirdparty/dynamicvoronoi/bucketedqueue.hxx;/ros2_ws/src/aerostack2/as2_behaviors/as2_behaviors_path_planning/./plugins/voronoi/thirdparty/dynamicvoronoi/dynamicvoronoi.cpp;/ros2_ws/src/aerostack2/as2_behaviors/as2_behaviors_path_planning/./plugins/voronoi/thirdparty/dynamicvoronoi/dynamicvoronoi.h;/ros2_ws/src/aerostack2/as2_behaviors/as2_behaviors_path_planning/./plugins/voronoi/thirdparty/dynamicvoronoi/point.h
[5.192s] -- Added test 'cpplint' to check C / C++ code against the Google style
[5.192s] -- Configured cpplint exclude dirs and/or files: /ros2_ws/src/aerostack2/as2_behaviors/as2_behaviors_path_planning/./plugins/voronoi/thirdparty/dynamicvoronoi/README.md;/ros2_ws/src/aerostack2/as2_behaviors/as2_behaviors_path_planning/./plugins/voronoi/thirdparty/dynamicvoronoi/bucketedqueue.h;/ros2_ws/src/aerostack2/as2_behaviors/as2_behaviors_path_planning/./plugins/voronoi/thirdparty/dynamicvoronoi/bucketedqueue.hxx;/ros2_ws/src/aerostack2/as2_behaviors/as2_behaviors_path_planning/./plugins/voronoi/thirdparty/dynamicvoronoi/dynamicvoronoi.cpp;/ros2_ws/src/aerostack2/as2_behaviors/as2_behaviors_path_planning/./plugins/voronoi/thirdparty/dynamicvoronoi/dynamicvoronoi.h;/ros2_ws/src/aerostack2/as2_behaviors/as2_behaviors_path_planning/./plugins/voronoi/thirdparty/dynamicvoronoi/point.h
[5.193s] -- Added test 'flake8' to check Python code syntax and style conventions
[5.193s] -- Added test 'lint_cmake' to check CMake code style
[5.193s] -- Added test 'pep257' to check Python code against some of the docstring style conventions in PEP 257
[5.193s] -- Added test 'uncrustify' to check C / C++ code style
[5.193s] -- Configured uncrustify additional arguments: 
[5.193s] -- Added test 'xmllint' to check XML markup files
[5.194s] -- Configuring done
[5.194s] -- Generating done
[5.194s] -- Build files have been written to: /ros2_ws/build/as2_behaviors_path_planning
[5.204s] Invoked command in '/ros2_ws/build/as2_behaviors_path_planning' returned '0': AMENT_PREFIX_PATH=/ros2_ws/install/as2_behavior:/ros2_ws/install/as2_core:/ros2_ws/install/as2_msgs:${AMENT_PREFIX_PATH} CMAKE_PREFIX_PATH=/ros2_ws/install/as2_behavior:/ros2_ws/install/as2_core:/ros2_ws/install/as2_msgs:/opt/ros/humble LD_LIBRARY_PATH=/ros2_ws/install/as2_behavior/lib:/ros2_ws/install/as2_core/lib:/ros2_ws/install/as2_msgs/lib:${LD_LIBRARY_PATH} PYTHONPATH=/ros2_ws/install/as2_core/local/lib/python3.10/dist-packages:/ros2_ws/install/as2_msgs/local/lib/python3.10/dist-packages:${PYTHONPATH} /usr/bin/cmake /ros2_ws/src/aerostack2/as2_behaviors/as2_behaviors_path_planning -DCMAKE_BUILD_TYPE=Release -DAMENT_CMAKE_SYMLINK_INSTALL=1 -DCMAKE_INSTALL_PREFIX=/ros2_ws/install/as2_behaviors_path_planning
[5.205s] Invoking command in '/ros2_ws/build/as2_behaviors_path_planning': AMENT_PREFIX_PATH=/ros2_ws/install/as2_behavior:/ros2_ws/install/as2_core:/ros2_ws/install/as2_msgs:${AMENT_PREFIX_PATH} CMAKE_PREFIX_PATH=/ros2_ws/install/as2_behavior:/ros2_ws/install/as2_core:/ros2_ws/install/as2_msgs:/opt/ros/humble LD_LIBRARY_PATH=/ros2_ws/install/as2_behavior/lib:/ros2_ws/install/as2_core/lib:/ros2_ws/install/as2_msgs/lib:${LD_LIBRARY_PATH} PYTHONPATH=/ros2_ws/install/as2_core/local/lib/python3.10/dist-packages:/ros2_ws/install/as2_msgs/local/lib/python3.10/dist-packages:${PYTHONPATH} /usr/bin/cmake --build /ros2_ws/build/as2_behaviors_path_planning -- -j8 -l8
[23.536s] [  7%] [32m[1mLinking CXX shared library libas2_behaviors_path_planning_plugin_base.so[0m
[23.536s] [  7%] Built target as2_behaviors_path_planning_plugin_base
[23.537s] [ 14%] [32m[1mLinking CXX shared library libpath_planner_common.so[0m
[23.537s] [ 14%] Built target path_planner_common
[23.537s] [ 21%] [32mBuilding CXX object plugins/a_star/CMakeFiles/a_star.dir/src/a_star.cpp.o[0m
[40.490s] [ 28%] [32mBuilding CXX object plugins/a_star/CMakeFiles/a_star.dir/src/a_star_searcher.cpp.o[0m
[46.376s] [ 35%] [32m[1mLinking CXX shared library liba_star.so[0m
[47.127s] [ 35%] Built target a_star
[47.180s] [ 42%] [32mBuilding CXX object plugins/voronoi/CMakeFiles/voronoi.dir/src/voronoi.cpp.o[0m
[80.993s] [ 50%] [32mBuilding CXX object plugins/voronoi/CMakeFiles/voronoi.dir/thirdparty/dynamicvoronoi/dynamicvoronoi.cpp.o[0m
[84.157s] [ 57%] [32mBuilding CXX object plugins/voronoi/CMakeFiles/voronoi.dir/src/voronoi_searcher.cpp.o[0m
[87.268s] [ 64%] [32m[1mLinking CXX shared library libvoronoi.so[0m
[87.955s] [ 64%] Built target voronoi
[88.013s] [ 71%] [32mBuilding CXX object CMakeFiles/as2_behaviors_path_planning_node.dir/src/path_planner_behavior.cpp.o[0m
[155.943s] [ 78%] [32mBuilding CXX object CMakeFiles/as2_behaviors_path_planning_node.dir/src/path_planner_behavior_node.cpp.o[0m
[167.470s] [ 85%] [32m[1mLinking CXX executable as2_behaviors_path_planning_node[0m
[168.212s] [ 85%] Built target as2_behaviors_path_planning_node
[168.255s] [ 92%] [32mBuilding CXX object CMakeFiles/path_planner_component.dir/src/path_planner_behavior.cpp.o[0m
[242.766s] [100%] [32m[1mLinking CXX shared library libpath_planner_component.so[0m
[243.999s] [100%] Built target path_planner_component
[244.095s] Invoked command in '/ros2_ws/build/as2_behaviors_path_planning' returned '0': AMENT_PREFIX_PATH=/ros2_ws/install/as2_behavior:/ros2_ws/install/as2_core:/ros2_ws/install/as2_msgs:${AMENT_PREFIX_PATH} CMAKE_PREFIX_PATH=/ros2_ws/install/as2_behavior:/ros2_ws/install/as2_core:/ros2_ws/install/as2_msgs:/opt/ros/humble LD_LIBRARY_PATH=/ros2_ws/install/as2_behavior/lib:/ros2_ws/install/as2_core/lib:/ros2_ws/install/as2_msgs/lib:${LD_LIBRARY_PATH} PYTHONPATH=/ros2_ws/install/as2_core/local/lib/python3.10/dist-packages:/ros2_ws/install/as2_msgs/local/lib/python3.10/dist-packages:${PYTHONPATH} /usr/bin/cmake --build /ros2_ws/build/as2_behaviors_path_planning -- -j8 -l8
[244.096s] Invoking command in '/ros2_ws/build/as2_behaviors_path_planning': AMENT_PREFIX_PATH=/ros2_ws/install/as2_behavior:/ros2_ws/install/as2_core:/ros2_ws/install/as2_msgs:${AMENT_PREFIX_PATH} CMAKE_PREFIX_PATH=/ros2_ws/install/as2_behavior:/ros2_ws/install/as2_core:/ros2_ws/install/as2_msgs:/opt/ros/humble LD_LIBRARY_PATH=/ros2_ws/install/as2_behavior/lib:/ros2_ws/install/as2_core/lib:/ros2_ws/install/as2_msgs/lib:${LD_LIBRARY_PATH} PYTHONPATH=/ros2_ws/install/as2_core/local/lib/python3.10/dist-packages:/ros2_ws/install/as2_msgs/local/lib/python3.10/dist-packages:${PYTHONPATH} /usr/bin/cmake --install /ros2_ws/build/as2_behaviors_path_planning
[248.570s] -- Install configuration: "Release"
[248.571s] -- Execute custom install script
[248.571s] -- Symlinking: /ros2_ws/install/as2_behaviors_path_planning/include/as2_behaviors_path_planning/path_planner_behavior.hpp
[248.571s] -- Symlinking: /ros2_ws/install/as2_behaviors_path_planning/include/as2_behaviors_path_planning/path_planner_plugin_base.hpp
[248.571s] -- Symlinking: /ros2_ws/install/as2_behaviors_path_planning/share/as2_behaviors_path_planning/environment/library_path.sh
[248.571s] -- Symlinking: /ros2_ws/install/as2_behaviors_path_planning/share/as2_behaviors_path_planning/environment/library_path.dsv
[248.571s] -- Symlinking: /ros2_ws/install/as2_behaviors_path_planning/include/include/cell_node.hpp
[248.571s] -- Symlinking: /ros2_ws/install/as2_behaviors_path_planning/include/include/graph_searcher.hpp
[248.572s] -- Symlinking: /ros2_ws/install/as2_behaviors_path_planning/include/include/utils.hpp
[248.572s] -- Symlinking: /ros2_ws/install/as2_behaviors_path_planning/include/a_star.hpp
[248.572s] -- Symlinking: /ros2_ws/install/as2_behaviors_path_planning/include/a_star_algorithm.hpp
[248.572s] -- Symlinking: /ros2_ws/install/as2_behaviors_path_planning/include/a_star_searcher.hpp
[248.572s] -- Symlinking: /ros2_ws/install/as2_behaviors_path_planning/include/voronoi.hpp
[248.572s] -- Symlinking: /ros2_ws/install/as2_behaviors_path_planning/include/voronoi_searcher.hpp
[248.573s] -- Symlinking: /ros2_ws/install/as2_behaviors_path_planning/share/as2_behaviors_path_planning//plugins.xml
[248.573s] -- Symlinking: /ros2_ws/install/as2_behaviors_path_planning/share/as2_behaviors_path_planning/launch/a_star-path_planner_behavior.launch.py
[248.573s] -- Symlinking: /ros2_ws/install/as2_behaviors_path_planning/share/as2_behaviors_path_planning/launch/voronoi-path_planner_behavior.launch.py
[248.573s] -- Symlinking: /ros2_ws/install/as2_behaviors_path_planning/lib/as2_behaviors_path_planning/as2_behaviors_path_planning_node
[248.573s] -- Symlinking: /ros2_ws/install/as2_behaviors_path_planning/share/as2_behaviors_path_planning/launch/composable_path_planner_behavior.launch.py
[248.573s] -- Symlinking: /ros2_ws/install/as2_behaviors_path_planning/share/as2_behaviors_path_planning/launch/path_planner_behavior_launch.py
[248.574s] -- Symlinking: /ros2_ws/install/as2_behaviors_path_planning/share/as2_behaviors_path_planning/config/behavior_default.yaml
[248.574s] -- Symlinking: /ros2_ws/install/as2_behaviors_path_planning/share/ament_index/resource_index/package_run_dependencies/as2_behaviors_path_planning
[248.574s] -- Symlinking: /ros2_ws/install/as2_behaviors_path_planning/share/ament_index/resource_index/parent_prefix_path/as2_behaviors_path_planning
[248.574s] -- Symlinking: /ros2_ws/install/as2_behaviors_path_planning/share/as2_behaviors_path_planning/environment/ament_prefix_path.sh
[248.574s] -- Symlinking: /ros2_ws/install/as2_behaviors_path_planning/share/as2_behaviors_path_planning/environment/ament_prefix_path.dsv
[248.574s] -- Symlinking: /ros2_ws/install/as2_behaviors_path_planning/share/as2_behaviors_path_planning/environment/path.sh
[248.575s] -- Symlinking: /ros2_ws/install/as2_behaviors_path_planning/share/as2_behaviors_path_planning/environment/path.dsv
[248.575s] -- Symlinking: /ros2_ws/install/as2_behaviors_path_planning/share/as2_behaviors_path_planning/local_setup.bash
[248.575s] -- Symlinking: /ros2_ws/install/as2_behaviors_path_planning/share/as2_behaviors_path_planning/local_setup.sh
[248.575s] -- Symlinking: /ros2_ws/install/as2_behaviors_path_planning/share/as2_behaviors_path_planning/local_setup.zsh
[248.575s] -- Symlinking: /ros2_ws/install/as2_behaviors_path_planning/share/as2_behaviors_path_planning/local_setup.dsv
[248.575s] -- Symlinking: /ros2_ws/install/as2_behaviors_path_planning/share/as2_behaviors_path_planning/package.dsv
[248.576s] -- Symlinking: /ros2_ws/install/as2_behaviors_path_planning/share/ament_index/resource_index/packages/as2_behaviors_path_planning
[248.576s] -- Symlinking: /ros2_ws/install/as2_behaviors_path_planning/share/ament_index/resource_index/as2_behaviors_path_planning__pluginlib__plugin/as2_behaviors_path_planning
[248.576s] -- Symlinking: /ros2_ws/install/as2_behaviors_path_planning/share/ament_index/resource_index/rclcpp_components/as2_behaviors_path_planning
[248.576s] -- Symlinking: /ros2_ws/install/as2_behaviors_path_planning/share/as2_behaviors_path_planning/cmake/ament_cmake_export_include_directories-extras.cmake
[248.576s] -- Symlinking: /ros2_ws/install/as2_behaviors_path_planning/share/as2_behaviors_path_planning/cmake/ament_cmake_export_libraries-extras.cmake
[248.576s] -- Symlinking: /ros2_ws/install/as2_behaviors_path_planning/share/as2_behaviors_path_planning/cmake/ament_cmake_export_targets-extras.cmake
[248.576s] -- Symlinking: /ros2_ws/install/as2_behaviors_path_planning/share/as2_behaviors_path_planning/cmake/as2_behaviors_path_planningConfig.cmake
[248.577s] -- Symlinking: /ros2_ws/install/as2_behaviors_path_planning/share/as2_behaviors_path_planning/cmake/as2_behaviors_path_planningConfig-version.cmake
[248.577s] -- Symlinking: /ros2_ws/install/as2_behaviors_path_planning/share/as2_behaviors_path_planning/package.xml
[248.577s] -- Installing: /ros2_ws/install/as2_behaviors_path_planning/lib/libas2_behaviors_path_planning_plugin_base.so
[248.577s] -- Set runtime path of "/ros2_ws/install/as2_behaviors_path_planning/lib/libas2_behaviors_path_planning_plugin_base.so" to ""
[248.577s] -- Installing: /ros2_ws/install/as2_behaviors_path_planning/lib/libpath_planner_component.so
[248.577s] -- Set runtime path of "/ros2_ws/install/as2_behaviors_path_planning/lib/libpath_planner_component.so" to ""
[248.578s] -- Installing: /ros2_ws/install/as2_behaviors_path_planning/share/as2_behaviors_path_planning/cmake/as2_behaviors_path_planning_plugin_baseExport.cmake
[248.578s] -- Installing: /ros2_ws/install/as2_behaviors_path_planning/share/as2_behaviors_path_planning/cmake/as2_behaviors_path_planning_plugin_baseExport-release.cmake
[248.578s] -- Installing: /ros2_ws/install/as2_behaviors_path_planning/lib/liba_star.so
[248.578s] -- Set runtime path of "/ros2_ws/install/as2_behaviors_path_planning/lib/liba_star.so" to ""
[248.578s] -- Installing: /ros2_ws/install/as2_behaviors_path_planning/lib/libvoronoi.so
[248.578s] -- Set runtime path of "/ros2_ws/install/as2_behaviors_path_planning/lib/libvoronoi.so" to ""
[248.601s] Invoked command in '/ros2_ws/build/as2_behaviors_path_planning' returned '0': AMENT_PREFIX_PATH=/ros2_ws/install/as2_behavior:/ros2_ws/install/as2_core:/ros2_ws/install/as2_msgs:${AMENT_PREFIX_PATH} CMAKE_PREFIX_PATH=/ros2_ws/install/as2_behavior:/ros2_ws/install/as2_core:/ros2_ws/install/as2_msgs:/opt/ros/humble LD_LIBRARY_PATH=/ros2_ws/install/as2_behavior/lib:/ros2_ws/install/as2_core/lib:/ros2_ws/install/as2_msgs/lib:${LD_LIBRARY_PATH} PYTHONPATH=/ros2_ws/install/as2_core/local/lib/python3.10/dist-packages:/ros2_ws/install/as2_msgs/local/lib/python3.10/dist-packages:${PYTHONPATH} /usr/bin/cmake --install /ros2_ws/build/as2_behaviors_path_planning
