[0.046s] Invoking command in '/ros2_ws/build/champ_config': AMENT_PREFIX_PATH=/ros2_ws/install/champ_base:/ros2_ws/install/champ_msgs:/ros2_ws/install/champ:${AMENT_PREFIX_PATH} CMAKE_PREFIX_PATH=/ros2_ws/install/champ_base:/ros2_ws/install/champ_msgs:/ros2_ws/install/champ:/opt/ros/humble LD_LIBRARY_PATH=/ros2_ws/install/champ_base/lib:/ros2_ws/install/champ_msgs/lib:${LD_LIBRARY_PATH} PATH=/ros2_ws/install/champ_base/bin:${PATH} PYTHONPATH=/ros2_ws/install/champ_msgs/local/lib/python3.10/dist-packages:${PYTHONPATH} /usr/bin/cmake /ros2_ws/src/spot_gazebo_ros2/champ_config -DCMAKE_BUILD_TYPE=Release -DAMENT_CMAKE_SYMLINK_INSTALL=1 -DCMAKE_INSTALL_PREFIX=/ros2_ws/install/champ_config
[0.184s] -- The C compiler identification is GNU 11.4.0
[0.324s] -- The CXX compiler identification is GNU 11.4.0
[0.349s] -- Detecting C compiler ABI info
[0.680s] -- Detecting C compiler ABI info - done
[0.698s] -- Check for working C compiler: /usr/bin/cc - skipped
[0.698s] -- Detecting C compile features
[0.699s] -- Detecting C compile features - done
[0.719s] -- Detecting CXX compiler ABI info
[1.182s] -- Detecting CXX compiler ABI info - done
[1.225s] -- Check for working CXX compiler: /usr/bin/c++ - skipped
[1.225s] -- Detecting CXX compile features
[1.227s] -- Detecting CXX compile features - done
[1.238s] -- Found ament_cmake: 1.3.12 (/opt/ros/humble/share/ament_cmake/cmake)
[1.738s] -- Found Python3: /usr/bin/python3 (found version "3.10.12") found components: Interpreter 
[1.963s] -- Override CMake install command with custom implementation using symlinks instead of copying resources
[2.520s] -- Configuring done
[2.539s] -- Generating done
[2.542s] -- Build files have been written to: /ros2_ws/build/champ_config
[2.551s] Invoked command in '/ros2_ws/build/champ_config' returned '0': AMENT_PREFIX_PATH=/ros2_ws/install/champ_base:/ros2_ws/install/champ_msgs:/ros2_ws/install/champ:${AMENT_PREFIX_PATH} CMAKE_PREFIX_PATH=/ros2_ws/install/champ_base:/ros2_ws/install/champ_msgs:/ros2_ws/install/champ:/opt/ros/humble LD_LIBRARY_PATH=/ros2_ws/install/champ_base/lib:/ros2_ws/install/champ_msgs/lib:${LD_LIBRARY_PATH} PATH=/ros2_ws/install/champ_base/bin:${PATH} PYTHONPATH=/ros2_ws/install/champ_msgs/local/lib/python3.10/dist-packages:${PYTHONPATH} /usr/bin/cmake /ros2_ws/src/spot_gazebo_ros2/champ_config -DCMAKE_BUILD_TYPE=Release -DAMENT_CMAKE_SYMLINK_INSTALL=1 -DCMAKE_INSTALL_PREFIX=/ros2_ws/install/champ_config
[2.577s] Invoking command in '/ros2_ws/build/champ_config': AMENT_PREFIX_PATH=/ros2_ws/install/champ_base:/ros2_ws/install/champ_msgs:/ros2_ws/install/champ:${AMENT_PREFIX_PATH} CMAKE_PREFIX_PATH=/ros2_ws/install/champ_base:/ros2_ws/install/champ_msgs:/ros2_ws/install/champ:/opt/ros/humble LD_LIBRARY_PATH=/ros2_ws/install/champ_base/lib:/ros2_ws/install/champ_msgs/lib:${LD_LIBRARY_PATH} PATH=/ros2_ws/install/champ_base/bin:${PATH} PYTHONPATH=/ros2_ws/install/champ_msgs/local/lib/python3.10/dist-packages:${PYTHONPATH} /usr/bin/cmake --build /ros2_ws/build/champ_config -- -j8 -l8
[2.700s] Invoked command in '/ros2_ws/build/champ_config' returned '0': AMENT_PREFIX_PATH=/ros2_ws/install/champ_base:/ros2_ws/install/champ_msgs:/ros2_ws/install/champ:${AMENT_PREFIX_PATH} CMAKE_PREFIX_PATH=/ros2_ws/install/champ_base:/ros2_ws/install/champ_msgs:/ros2_ws/install/champ:/opt/ros/humble LD_LIBRARY_PATH=/ros2_ws/install/champ_base/lib:/ros2_ws/install/champ_msgs/lib:${LD_LIBRARY_PATH} PATH=/ros2_ws/install/champ_base/bin:${PATH} PYTHONPATH=/ros2_ws/install/champ_msgs/local/lib/python3.10/dist-packages:${PYTHONPATH} /usr/bin/cmake --build /ros2_ws/build/champ_config -- -j8 -l8
[2.718s] Invoking command in '/ros2_ws/build/champ_config': AMENT_PREFIX_PATH=/ros2_ws/install/champ_base:/ros2_ws/install/champ_msgs:/ros2_ws/install/champ:${AMENT_PREFIX_PATH} CMAKE_PREFIX_PATH=/ros2_ws/install/champ_base:/ros2_ws/install/champ_msgs:/ros2_ws/install/champ:/opt/ros/humble LD_LIBRARY_PATH=/ros2_ws/install/champ_base/lib:/ros2_ws/install/champ_msgs/lib:${LD_LIBRARY_PATH} PATH=/ros2_ws/install/champ_base/bin:${PATH} PYTHONPATH=/ros2_ws/install/champ_msgs/local/lib/python3.10/dist-packages:${PYTHONPATH} /usr/bin/cmake --install /ros2_ws/build/champ_config
[2.733s] -- Install configuration: "Release"
[2.758s] -- Execute custom install script
[2.759s] -- Symlinking: /ros2_ws/install/champ_config/share/champ_config/config/gait/gait.yaml
[2.786s] -- Symlinking: /ros2_ws/install/champ_config/share/champ_config/config/joints/joints.yaml
[2.826s] -- Symlinking: /ros2_ws/install/champ_config/share/champ_config/config/links/links.yaml
[2.866s] -- Symlinking: /ros2_ws/install/champ_config/share/ament_index/resource_index/package_run_dependencies/champ_config
[2.884s] -- Symlinking: /ros2_ws/install/champ_config/share/ament_index/resource_index/parent_prefix_path/champ_config
[2.902s] -- Symlinking: /ros2_ws/install/champ_config/share/champ_config/environment/ament_prefix_path.sh
[2.919s] -- Symlinking: /ros2_ws/install/champ_config/share/champ_config/environment/ament_prefix_path.dsv
[2.939s] -- Symlinking: /ros2_ws/install/champ_config/share/champ_config/environment/path.sh
[2.966s] -- Symlinking: /ros2_ws/install/champ_config/share/champ_config/environment/path.dsv
[2.985s] -- Symlinking: /ros2_ws/install/champ_config/share/champ_config/local_setup.bash
[3.019s] -- Symlinking: /ros2_ws/install/champ_config/share/champ_config/local_setup.sh
[3.039s] -- Symlinking: /ros2_ws/install/champ_config/share/champ_config/local_setup.zsh
[3.058s] -- Symlinking: /ros2_ws/install/champ_config/share/champ_config/local_setup.dsv
[3.075s] -- Symlinking: /ros2_ws/install/champ_config/share/champ_config/package.dsv
[3.092s] -- Symlinking: /ros2_ws/install/champ_config/share/ament_index/resource_index/packages/champ_config
[3.110s] -- Symlinking: /ros2_ws/install/champ_config/share/champ_config/cmake/champ_configConfig.cmake
[3.128s] -- Symlinking: /ros2_ws/install/champ_config/share/champ_config/cmake/champ_configConfig-version.cmake
[3.146s] -- Symlinking: /ros2_ws/install/champ_config/share/champ_config/package.xml
[3.181s] Invoked command in '/ros2_ws/build/champ_config' returned '0': AMENT_PREFIX_PATH=/ros2_ws/install/champ_base:/ros2_ws/install/champ_msgs:/ros2_ws/install/champ:${AMENT_PREFIX_PATH} CMAKE_PREFIX_PATH=/ros2_ws/install/champ_base:/ros2_ws/install/champ_msgs:/ros2_ws/install/champ:/opt/ros/humble LD_LIBRARY_PATH=/ros2_ws/install/champ_base/lib:/ros2_ws/install/champ_msgs/lib:${LD_LIBRARY_PATH} PATH=/ros2_ws/install/champ_base/bin:${PATH} PYTHONPATH=/ros2_ws/install/champ_msgs/local/lib/python3.10/dist-packages:${PYTHONPATH} /usr/bin/cmake --install /ros2_ws/build/champ_config
