[0.028s] Invoking command in '/ros2_ws/build/ros2srrc_irb6640': CMAKE_PREFIX_PATH=/opt/ros/humble /usr/bin/cmake /ros2_ws/src/ros2_SimRealRobotControl/packages/ros2srrc_irb6640 -DCMAKE_BUILD_TYPE=Release -DAMENT_CMAKE_SYMLINK_INSTALL=1 -DCMAKE_INSTALL_PREFIX=/ros2_ws/install/ros2srrc_irb6640
[1.780s] -- The C compiler identification is GNU 11.4.0
[1.781s] -- The CXX compiler identification is GNU 11.4.0
[1.797s] -- Detecting C compiler ABI info
[1.797s] -- Detecting C compiler ABI info - done
[1.797s] -- Check for working C compiler: /usr/bin/cc - skipped
[1.798s] -- Detecting C compile features
[1.798s] -- Detecting C compile features - done
[1.798s] -- Detecting CXX compiler ABI info
[1.798s] -- Detecting CXX compiler ABI info - done
[1.798s] -- Check for working CXX compiler: /usr/bin/c++ - skipped
[1.798s] -- Detecting CXX compile features
[1.799s] -- Detecting CXX compile features - done
[1.799s] -- Found ament_cmake: 1.3.12 (/opt/ros/humble/share/ament_cmake/cmake)
[1.799s] -- Found Python3: /usr/bin/python3 (found version "3.10.12") found components: Interpreter 
[1.882s] -- Override CMake install command with custom implementation using symlinks instead of copying resources
[2.008s] -- Found ament_lint_auto: 0.12.14 (/opt/ros/humble/share/ament_lint_auto/cmake)
[2.247s] -- Added test 'copyright' to check source files copyright and LICENSE
[2.252s] -- Added test 'lint_cmake' to check CMake code style
[2.256s] -- Added test 'xmllint' to check XML markup files
[2.261s] -- Configuring done
[2.270s] -- Generating done
[2.275s] -- Build files have been written to: /ros2_ws/build/ros2srrc_irb6640
[2.288s] Invoked command in '/ros2_ws/build/ros2srrc_irb6640' returned '0': CMAKE_PREFIX_PATH=/opt/ros/humble /usr/bin/cmake /ros2_ws/src/ros2_SimRealRobotControl/packages/ros2srrc_irb6640 -DCMAKE_BUILD_TYPE=Release -DAMENT_CMAKE_SYMLINK_INSTALL=1 -DCMAKE_INSTALL_PREFIX=/ros2_ws/install/ros2srrc_irb6640
[2.294s] Invoking command in '/ros2_ws/build/ros2srrc_irb6640': CMAKE_PREFIX_PATH=/opt/ros/humble /usr/bin/cmake --build /ros2_ws/build/ros2srrc_irb6640 -- -j8 -l8
[2.382s] Invoked command in '/ros2_ws/build/ros2srrc_irb6640' returned '0': CMAKE_PREFIX_PATH=/opt/ros/humble /usr/bin/cmake --build /ros2_ws/build/ros2srrc_irb6640 -- -j8 -l8
[2.383s] Invoking command in '/ros2_ws/build/ros2srrc_irb6640': CMAKE_PREFIX_PATH=/opt/ros/humble /usr/bin/cmake --install /ros2_ws/build/ros2srrc_irb6640
[2.417s] -- Install configuration: "Release"
[2.418s] -- Execute custom install script
[2.418s] -- Symlinking: /ros2_ws/install/ros2srrc_irb6640/share/ros2srrc_irb6640/config/configurations.yaml
[2.433s] -- Symlinking: /ros2_ws/install/ros2srrc_irb6640/share/ros2srrc_irb6640/urdf/irb6640.urdf.xacro
[2.450s] -- Symlinking: /ros2_ws/install/ros2srrc_irb6640/share/ros2srrc_irb6640/urdf/irb6640_gpp5010nc.urdf.xacro
[2.486s] -- Symlinking: /ros2_ws/install/ros2srrc_irb6640/share/ament_index/resource_index/package_run_dependencies/ros2srrc_irb6640
[2.516s] -- Symlinking: /ros2_ws/install/ros2srrc_irb6640/share/ament_index/resource_index/parent_prefix_path/ros2srrc_irb6640
[2.533s] -- Symlinking: /ros2_ws/install/ros2srrc_irb6640/share/ros2srrc_irb6640/environment/ament_prefix_path.sh
[2.550s] -- Symlinking: /ros2_ws/install/ros2srrc_irb6640/share/ros2srrc_irb6640/environment/ament_prefix_path.dsv
[2.568s] -- Symlinking: /ros2_ws/install/ros2srrc_irb6640/share/ros2srrc_irb6640/environment/path.sh
[2.586s] -- Symlinking: /ros2_ws/install/ros2srrc_irb6640/share/ros2srrc_irb6640/environment/path.dsv
[2.603s] -- Symlinking: /ros2_ws/install/ros2srrc_irb6640/share/ros2srrc_irb6640/local_setup.bash
[2.621s] -- Symlinking: /ros2_ws/install/ros2srrc_irb6640/share/ros2srrc_irb6640/local_setup.sh
[2.645s] -- Symlinking: /ros2_ws/install/ros2srrc_irb6640/share/ros2srrc_irb6640/local_setup.zsh
[2.674s] -- Symlinking: /ros2_ws/install/ros2srrc_irb6640/share/ros2srrc_irb6640/local_setup.dsv
[2.691s] -- Symlinking: /ros2_ws/install/ros2srrc_irb6640/share/ros2srrc_irb6640/package.dsv
[2.711s] -- Symlinking: /ros2_ws/install/ros2srrc_irb6640/share/ament_index/resource_index/packages/ros2srrc_irb6640
[2.732s] -- Symlinking: /ros2_ws/install/ros2srrc_irb6640/share/ros2srrc_irb6640/cmake/ros2srrc_irb6640Config.cmake
[2.761s] -- Symlinking: /ros2_ws/install/ros2srrc_irb6640/share/ros2srrc_irb6640/cmake/ros2srrc_irb6640Config-version.cmake
[2.780s] -- Symlinking: /ros2_ws/install/ros2srrc_irb6640/share/ros2srrc_irb6640/package.xml
[2.825s] Invoked command in '/ros2_ws/build/ros2srrc_irb6640' returned '0': CMAKE_PREFIX_PATH=/opt/ros/humble /usr/bin/cmake --install /ros2_ws/build/ros2srrc_irb6640
