[0.067s] Invoking command in '/ros2_ws/build/as2_behaviors_perception': AMENT_PREFIX_PATH=/ros2_ws/install/as2_behavior:/ros2_ws/install/as2_core:/ros2_ws/install/as2_msgs:${AMENT_PREFIX_PATH} CMAKE_PREFIX_PATH=/ros2_ws/install/as2_behavior:/ros2_ws/install/as2_core:/ros2_ws/install/as2_msgs:/opt/ros/humble LD_LIBRARY_PATH=/ros2_ws/install/as2_behavior/lib:/ros2_ws/install/as2_core/lib:/ros2_ws/install/as2_msgs/lib:${LD_LIBRARY_PATH} PYTHONPATH=/ros2_ws/install/as2_core/local/lib/python3.10/dist-packages:/ros2_ws/install/as2_msgs/local/lib/python3.10/dist-packages:${PYTHONPATH} /usr/bin/cmake /ros2_ws/src/aerostack2/as2_behaviors/as2_behaviors_perception -DCMAKE_BUILD_TYPE=Release -DAMENT_CMAKE_SYMLINK_INSTALL=1 -DCMAKE_INSTALL_PREFIX=/ros2_ws/install/as2_behaviors_perception
[4.708s] -- The C compiler identification is GNU 11.4.0
[4.708s] -- The CXX compiler identification is GNU 11.4.0
[4.708s] -- Detecting C compiler ABI info
[4.708s] -- Detecting C compiler ABI info - done
[4.708s] -- Check for working C compiler: /usr/bin/cc - skipped
[4.709s] -- Detecting C compile features
[4.709s] -- Detecting C compile features - done
[4.709s] -- Detecting CXX compiler ABI info
[4.709s] -- Detecting CXX compiler ABI info - done
[4.709s] -- Check for working CXX compiler: /usr/bin/c++ - skipped
[4.709s] -- Detecting CXX compile features
[4.709s] -- Detecting CXX compile features - done
[4.710s] -- Found ament_cmake: 1.3.12 (/opt/ros/humble/share/ament_cmake/cmake)
[4.710s] -- Found Python3: /usr/bin/python3 (found version "3.10.12") found components: Interpreter 
[4.710s] -- Override CMake install command with custom implementation using symlinks instead of copying resources
[4.710s] -- Found rclcpp: 16.0.16 (/opt/ros/humble/share/rclcpp/cmake)
[4.710s] -- Found rosidl_generator_c: 3.1.7 (/opt/ros/humble/share/rosidl_generator_c/cmake)
[4.710s] -- Found rosidl_adapter: 3.1.7 (/opt/ros/humble/share/rosidl_adapter/cmake)
[4.711s] -- Found rosidl_generator_cpp: 3.1.7 (/opt/ros/humble/share/rosidl_generator_cpp/cmake)
[4.711s] -- Using all available rosidl_typesupport_c: rosidl_typesupport_fastrtps_c;rosidl_typesupport_introspection_c
[4.711s] -- Using all available rosidl_typesupport_cpp: rosidl_typesupport_fastrtps_cpp;rosidl_typesupport_introspection_cpp
[4.711s] -- Found rmw_implementation_cmake: 6.1.2 (/opt/ros/humble/share/rmw_implementation_cmake/cmake)
[4.711s] -- Found rmw_cyclonedds_cpp: 1.3.4 (/opt/ros/humble/share/rmw_cyclonedds_cpp/cmake)
[4.712s] -- Using RMW implementation 'rmw_cyclonedds_cpp' as default
[4.712s] -- Looking for pthread.h
[4.712s] -- Looking for pthread.h - found
[4.712s] -- Performing Test CMAKE_HAVE_LIBC_PTHREAD
[4.712s] -- Performing Test CMAKE_HAVE_LIBC_PTHREAD - Success
[4.712s] -- Found Threads: TRUE  
[4.713s] -- Found std_srvs: 4.9.0 (/opt/ros/humble/share/std_srvs/cmake)
[4.713s] -- Found as2_core: 1.1.3 (/ros2_ws/install/as2_core/share/as2_core/cmake)
[4.713s] -- Created yaml-cpp::yaml-cpp alias from yaml-cpp target
[4.713s] -- Created GeographicLib::GeographicLib target from legacy variables
[4.713s] -- Found eigen3_cmake_module: 0.1.1 (/opt/ros/humble/share/eigen3_cmake_module/cmake)
[4.713s] -- Found Eigen3: TRUE (found version "3.4.0") 
[4.714s] -- Ensuring Eigen3 include directory is part of orocos-kdl CMake target
[4.714s] -- Found as2_behavior: 1.1.3 (/ros2_ws/install/as2_behavior/share/as2_behavior/cmake)
[4.714s] -- Found OpenCV: /usr (found version "4.5.4") 
[4.714s] -- Found ament_cmake_gtest: 1.3.12 (/opt/ros/humble/share/ament_cmake_gtest/cmake)
[4.714s] -- Found gtest sources under '/opt/ros/humble/src/gtest_vendor': C++ tests using 'Google Test' will be built
[4.714s] -- Found ament_lint_auto: 0.12.14 (/opt/ros/humble/share/ament_lint_auto/cmake)
[4.714s] -- Added test 'copyright' to check source files copyright and LICENSE
[4.715s] -- Added test 'cppcheck' to perform static code analysis on C / C++ code
[4.715s] -- Configured cppcheck include dirs: 
[4.715s] -- Configured cppcheck exclude dirs and/or files: 
[4.715s] -- Added test 'cpplint' to check C / C++ code against the Google style
[4.715s] -- Configured cpplint exclude dirs and/or files: 
[4.715s] -- Added test 'flake8' to check Python code syntax and style conventions
[4.716s] -- Added test 'lint_cmake' to check CMake code style
[4.716s] -- Added test 'pep257' to check Python code against some of the docstring style conventions in PEP 257
[4.716s] -- Added test 'uncrustify' to check C / C++ code style
[4.716s] -- Configured uncrustify additional arguments: 
[4.716s] -- Added test 'xmllint' to check XML markup files
[4.716s] -- Configuring done
[4.717s] -- Generating done
[4.717s] -- Build files have been written to: /ros2_ws/build/as2_behaviors_perception
[4.721s] Invoked command in '/ros2_ws/build/as2_behaviors_perception' returned '0': AMENT_PREFIX_PATH=/ros2_ws/install/as2_behavior:/ros2_ws/install/as2_core:/ros2_ws/install/as2_msgs:${AMENT_PREFIX_PATH} CMAKE_PREFIX_PATH=/ros2_ws/install/as2_behavior:/ros2_ws/install/as2_core:/ros2_ws/install/as2_msgs:/opt/ros/humble LD_LIBRARY_PATH=/ros2_ws/install/as2_behavior/lib:/ros2_ws/install/as2_core/lib:/ros2_ws/install/as2_msgs/lib:${LD_LIBRARY_PATH} PYTHONPATH=/ros2_ws/install/as2_core/local/lib/python3.10/dist-packages:/ros2_ws/install/as2_msgs/local/lib/python3.10/dist-packages:${PYTHONPATH} /usr/bin/cmake /ros2_ws/src/aerostack2/as2_behaviors/as2_behaviors_perception -DCMAKE_BUILD_TYPE=Release -DAMENT_CMAKE_SYMLINK_INSTALL=1 -DCMAKE_INSTALL_PREFIX=/ros2_ws/install/as2_behaviors_perception
[4.722s] Invoking command in '/ros2_ws/build/as2_behaviors_perception': AMENT_PREFIX_PATH=/ros2_ws/install/as2_behavior:/ros2_ws/install/as2_core:/ros2_ws/install/as2_msgs:${AMENT_PREFIX_PATH} CMAKE_PREFIX_PATH=/ros2_ws/install/as2_behavior:/ros2_ws/install/as2_core:/ros2_ws/install/as2_msgs:/opt/ros/humble LD_LIBRARY_PATH=/ros2_ws/install/as2_behavior/lib:/ros2_ws/install/as2_core/lib:/ros2_ws/install/as2_msgs/lib:${LD_LIBRARY_PATH} PYTHONPATH=/ros2_ws/install/as2_core/local/lib/python3.10/dist-packages:/ros2_ws/install/as2_msgs/local/lib/python3.10/dist-packages:${PYTHONPATH} /usr/bin/cmake --build /ros2_ws/build/as2_behaviors_perception -- -j8 -l8
[169.901s] [  6%] [32mBuilding CXX object detect_aruco_markers_behavior/CMakeFiles/detect_aruco_markers_behavior_node.dir/src/detect_aruco_markers_behavior.cpp.o[0m
[169.902s] [ 13%] [32mBuilding CXX object detect_aruco_markers_behavior/CMakeFiles/detect_aruco_markers_behavior_node.dir/src/detect_aruco_markers_behavior_node.cpp.o[0m
[169.902s] [ 20%] [32m[1mLinking CXX executable detect_aruco_markers_behavior_node[0m
[169.902s] [ 20%] Built target detect_aruco_markers_behavior_node
[169.902s] [ 26%] [32mBuilding CXX object gtest/CMakeFiles/gtest.dir/src/gtest-all.cc.o[0m
[169.903s] [ 33%] [32m[1mLinking CXX static library libgtest.a[0m
[169.903s] [ 33%] Built target gtest
[169.905s] [ 40%] [32mBuilding CXX object gtest/CMakeFiles/gtest_main.dir/src/gtest_main.cc.o[0m
[169.906s] [ 46%] [32m[1mLinking CXX static library libgtest_main.a[0m
[169.906s] [ 46%] Built target gtest_main
[169.906s] [ 53%] [32mBuilding CXX object point_gimbal_behavior/CMakeFiles/point_gimbal_behavior.dir/src/point_gimbal_behavior.cpp.o[0m
[169.907s] [ 60%] [32mBuilding CXX object point_gimbal_behavior/CMakeFiles/point_gimbal_behavior.dir/src/point_gimbal_behavior_node.cpp.o[0m
[169.907s] [ 66%] [32m[1mLinking CXX shared library libpoint_gimbal_behavior.so[0m
[169.907s] [ 66%] Built target point_gimbal_behavior
[169.907s] [ 73%] [32mBuilding CXX object point_gimbal_behavior/CMakeFiles/point_gimbal_behavior_node.dir/src/point_gimbal_behavior.cpp.o[0m
[179.369s] [ 80%] [32mBuilding CXX object point_gimbal_behavior/CMakeFiles/point_gimbal_behavior_node.dir/src/point_gimbal_behavior_node.cpp.o[0m
[190.683s] [ 86%] [32m[1mLinking CXX executable point_gimbal_behavior_node[0m
[191.301s] [ 86%] Built target point_gimbal_behavior_node
[191.348s] [ 93%] [32mBuilding CXX object point_gimbal_behavior/tests/CMakeFiles/point_gimbal_behavior_point_gimbal_gtest.dir/point_gimbal_gtest.cpp.o[0m
[212.513s] [100%] [32m[1mLinking CXX executable point_gimbal_behavior_point_gimbal_gtest[0m
[213.540s] [100%] Built target point_gimbal_behavior_point_gimbal_gtest
[213.633s] Invoked command in '/ros2_ws/build/as2_behaviors_perception' returned '0': AMENT_PREFIX_PATH=/ros2_ws/install/as2_behavior:/ros2_ws/install/as2_core:/ros2_ws/install/as2_msgs:${AMENT_PREFIX_PATH} CMAKE_PREFIX_PATH=/ros2_ws/install/as2_behavior:/ros2_ws/install/as2_core:/ros2_ws/install/as2_msgs:/opt/ros/humble LD_LIBRARY_PATH=/ros2_ws/install/as2_behavior/lib:/ros2_ws/install/as2_core/lib:/ros2_ws/install/as2_msgs/lib:${LD_LIBRARY_PATH} PYTHONPATH=/ros2_ws/install/as2_core/local/lib/python3.10/dist-packages:/ros2_ws/install/as2_msgs/local/lib/python3.10/dist-packages:${PYTHONPATH} /usr/bin/cmake --build /ros2_ws/build/as2_behaviors_perception -- -j8 -l8
[213.634s] Invoking command in '/ros2_ws/build/as2_behaviors_perception': AMENT_PREFIX_PATH=/ros2_ws/install/as2_behavior:/ros2_ws/install/as2_core:/ros2_ws/install/as2_msgs:${AMENT_PREFIX_PATH} CMAKE_PREFIX_PATH=/ros2_ws/install/as2_behavior:/ros2_ws/install/as2_core:/ros2_ws/install/as2_msgs:/opt/ros/humble LD_LIBRARY_PATH=/ros2_ws/install/as2_behavior/lib:/ros2_ws/install/as2_core/lib:/ros2_ws/install/as2_msgs/lib:${LD_LIBRARY_PATH} PYTHONPATH=/ros2_ws/install/as2_core/local/lib/python3.10/dist-packages:/ros2_ws/install/as2_msgs/local/lib/python3.10/dist-packages:${PYTHONPATH} /usr/bin/cmake --install /ros2_ws/build/as2_behaviors_perception
[213.664s] -- Install configuration: "Release"
[213.664s] -- Execute custom install script
[213.664s] -- Symlinking: /ros2_ws/install/as2_behaviors_perception/share/as2_behaviors_perception/detect_aruco_markers_behavior/config/real_params.yaml
[213.710s] -- Symlinking: /ros2_ws/install/as2_behaviors_perception/share/as2_behaviors_perception/detect_aruco_markers_behavior/config/sim_params.yaml
[213.752s] -- Symlinking: /ros2_ws/install/as2_behaviors_perception/share/as2_behaviors_perception/launch/detect_aruco_markers_behavior_real_launch.py
[213.805s] -- Symlinking: /ros2_ws/install/as2_behaviors_perception/share/as2_behaviors_perception/launch/detect_aruco_markers_behavior_sim_launch.py
[213.857s] -- Symlinking: /ros2_ws/install/as2_behaviors_perception/lib/as2_behaviors_perception/detect_aruco_markers_behavior_node
[213.912s] -- Symlinking: /ros2_ws/install/as2_behaviors_perception/include/point_gimbal_behavior/point_gimbal_behavior.hpp
[213.954s] -- Symlinking: /ros2_ws/install/as2_behaviors_perception/share/as2_behaviors_perception/launch/point_gimbal_behavior.launch.py
[214.008s] -- Symlinking: /ros2_ws/install/as2_behaviors_perception/share/as2_behaviors_perception/point_gimbal_behavior/config/config_default.yaml
[214.041s] -- Symlinking: /ros2_ws/install/as2_behaviors_perception/lib/as2_behaviors_perception/point_gimbal_behavior_node
[214.092s] -- Symlinking: /ros2_ws/install/as2_behaviors_perception/share/as2_behaviors_perception/environment/library_path.sh
[214.151s] -- Symlinking: /ros2_ws/install/as2_behaviors_perception/share/as2_behaviors_perception/environment/library_path.dsv
[214.215s] -- Symlinking: /ros2_ws/install/as2_behaviors_perception/share/ament_index/resource_index/package_run_dependencies/as2_behaviors_perception
[214.263s] -- Symlinking: /ros2_ws/install/as2_behaviors_perception/share/ament_index/resource_index/parent_prefix_path/as2_behaviors_perception
[214.319s] -- Symlinking: /ros2_ws/install/as2_behaviors_perception/share/as2_behaviors_perception/environment/ament_prefix_path.sh
[214.380s] -- Symlinking: /ros2_ws/install/as2_behaviors_perception/share/as2_behaviors_perception/environment/ament_prefix_path.dsv
[214.431s] -- Symlinking: /ros2_ws/install/as2_behaviors_perception/share/as2_behaviors_perception/environment/path.sh
[214.485s] -- Symlinking: /ros2_ws/install/as2_behaviors_perception/share/as2_behaviors_perception/environment/path.dsv
[214.536s] -- Symlinking: /ros2_ws/install/as2_behaviors_perception/share/as2_behaviors_perception/local_setup.bash
[214.583s] -- Symlinking: /ros2_ws/install/as2_behaviors_perception/share/as2_behaviors_perception/local_setup.sh
[214.636s] -- Symlinking: /ros2_ws/install/as2_behaviors_perception/share/as2_behaviors_perception/local_setup.zsh
[214.685s] -- Symlinking: /ros2_ws/install/as2_behaviors_perception/share/as2_behaviors_perception/local_setup.dsv
[214.735s] -- Symlinking: /ros2_ws/install/as2_behaviors_perception/share/as2_behaviors_perception/package.dsv
[214.783s] -- Symlinking: /ros2_ws/install/as2_behaviors_perception/share/ament_index/resource_index/packages/as2_behaviors_perception
[214.830s] -- Symlinking: /ros2_ws/install/as2_behaviors_perception/share/as2_behaviors_perception/cmake/ament_cmake_export_dependencies-extras.cmake
[214.901s] -- Symlinking: /ros2_ws/install/as2_behaviors_perception/share/as2_behaviors_perception/cmake/as2_behaviors_perceptionConfig.cmake
[214.951s] -- Symlinking: /ros2_ws/install/as2_behaviors_perception/share/as2_behaviors_perception/cmake/as2_behaviors_perceptionConfig-version.cmake
[214.999s] -- Symlinking: /ros2_ws/install/as2_behaviors_perception/share/as2_behaviors_perception/package.xml
[215.044s] -- Installing: /ros2_ws/install/as2_behaviors_perception/lib/libpoint_gimbal_behavior.so
[215.046s] -- Set runtime path of "/ros2_ws/install/as2_behaviors_perception/lib/libpoint_gimbal_behavior.so" to ""
[215.057s] Invoked command in '/ros2_ws/build/as2_behaviors_perception' returned '0': AMENT_PREFIX_PATH=/ros2_ws/install/as2_behavior:/ros2_ws/install/as2_core:/ros2_ws/install/as2_msgs:${AMENT_PREFIX_PATH} CMAKE_PREFIX_PATH=/ros2_ws/install/as2_behavior:/ros2_ws/install/as2_core:/ros2_ws/install/as2_msgs:/opt/ros/humble LD_LIBRARY_PATH=/ros2_ws/install/as2_behavior/lib:/ros2_ws/install/as2_core/lib:/ros2_ws/install/as2_msgs/lib:${LD_LIBRARY_PATH} PYTHONPATH=/ros2_ws/install/as2_core/local/lib/python3.10/dist-packages:/ros2_ws/install/as2_msgs/local/lib/python3.10/dist-packages:${PYTHONPATH} /usr/bin/cmake --install /ros2_ws/build/as2_behaviors_perception
