[0.103s] Invoking command in '/ros2_ws/build/ros2srrc_moveit': CMAKE_PREFIX_PATH=/opt/ros/humble /usr/bin/cmake --build /ros2_ws/build/ros2srrc_moveit -- -j8 -l8
[0.228s] Invoked command in '/ros2_ws/build/ros2srrc_moveit' returned '0': CMAKE_PREFIX_PATH=/opt/ros/humble /usr/bin/cmake --build /ros2_ws/build/ros2srrc_moveit -- -j8 -l8
[0.231s] Invoking command in '/ros2_ws/build/ros2srrc_moveit': CMAKE_PREFIX_PATH=/opt/ros/humble /usr/bin/cmake --install /ros2_ws/build/ros2srrc_moveit
[0.245s] -- Install configuration: "Release"
[0.247s] -- Execute custom install script
[0.249s] -- Up-to-date symlink: /ros2_ws/install/ros2srrc_moveit/share/ros2srrc_moveit/config/ar4.rviz
[0.249s] -- Up-to-date symlink: /ros2_ws/install/ros2srrc_moveit/share/ros2srrc_moveit/config/ar4.srdf
[0.250s] -- Up-to-date symlink: /ros2_ws/install/ros2srrc_moveit/share/ros2srrc_moveit/config/ar4_ar4gripper.rviz
[0.250s] -- Up-to-date symlink: /ros2_ws/install/ros2srrc_moveit/share/ros2srrc_moveit/config/ar4_ar4gripper.srdf
[0.250s] -- Up-to-date symlink: /ros2_ws/install/ros2srrc_moveit/share/ros2srrc_moveit/config/iiwa.rviz
[0.251s] -- Up-to-date symlink: /ros2_ws/install/ros2srrc_moveit/share/ros2srrc_moveit/config/iiwa.srdf
[0.251s] -- Up-to-date symlink: /ros2_ws/install/ros2srrc_moveit/share/ros2srrc_moveit/config/iiwa_robotiq_2f85.rviz
[0.251s] -- Up-to-date symlink: /ros2_ws/install/ros2srrc_moveit/share/ros2srrc_moveit/config/iiwa_robotiq_2f85.srdf
[0.251s] -- Up-to-date symlink: /ros2_ws/install/ros2srrc_moveit/share/ros2srrc_moveit/config/irb120.rviz
[0.252s] -- Up-to-date symlink: /ros2_ws/install/ros2srrc_moveit/share/ros2srrc_moveit/config/irb120.srdf
[0.252s] -- Up-to-date symlink: /ros2_ws/install/ros2srrc_moveit/share/ros2srrc_moveit/config/irb1200.rviz
[0.252s] -- Up-to-date symlink: /ros2_ws/install/ros2srrc_moveit/share/ros2srrc_moveit/config/irb1200.srdf
[0.252s] -- Up-to-date symlink: /ros2_ws/install/ros2srrc_moveit/share/ros2srrc_moveit/config/irb1200_egp64.rviz
[0.253s] -- Up-to-date symlink: /ros2_ws/install/ros2srrc_moveit/share/ros2srrc_moveit/config/irb1200_egp64.srdf
[0.253s] -- Up-to-date symlink: /ros2_ws/install/ros2srrc_moveit/share/ros2srrc_moveit/config/irb120_egp64.rviz
[0.257s] -- Up-to-date symlink: /ros2_ws/install/ros2srrc_moveit/share/ros2srrc_moveit/config/irb120_egp64.srdf
[0.257s] -- Up-to-date symlink: /ros2_ws/install/ros2srrc_moveit/share/ros2srrc_moveit/config/irb120_ls_vgr.rviz
[0.257s] -- Up-to-date symlink: /ros2_ws/install/ros2srrc_moveit/share/ros2srrc_moveit/config/irb120_ls_vgr.srdf
[0.257s] -- Up-to-date symlink: /ros2_ws/install/ros2srrc_moveit/share/ros2srrc_moveit/config/irb1600.rviz
[0.257s] -- Up-to-date symlink: /ros2_ws/install/ros2srrc_moveit/share/ros2srrc_moveit/config/irb1600.srdf
[0.258s] -- Up-to-date symlink: /ros2_ws/install/ros2srrc_moveit/share/ros2srrc_moveit/config/irb6640.rviz
[0.258s] -- Up-to-date symlink: /ros2_ws/install/ros2srrc_moveit/share/ros2srrc_moveit/config/irb6640.srdf
[0.258s] -- Up-to-date symlink: /ros2_ws/install/ros2srrc_moveit/share/ros2srrc_moveit/config/irb6640_gpp5010nc.rviz
[0.258s] -- Up-to-date symlink: /ros2_ws/install/ros2srrc_moveit/share/ros2srrc_moveit/config/irb6640_gpp5010nc.srdf
[0.258s] -- Up-to-date symlink: /ros2_ws/install/ros2srrc_moveit/share/ros2srrc_moveit/config/ompl_planning.yaml
[0.258s] -- Up-to-date symlink: /ros2_ws/install/ros2srrc_moveit/share/ros2srrc_moveit/config/rx160.rviz
[0.259s] -- Up-to-date symlink: /ros2_ws/install/ros2srrc_moveit/share/ros2srrc_moveit/config/rx160.srdf
[0.259s] -- Up-to-date symlink: /ros2_ws/install/ros2srrc_moveit/share/ros2srrc_moveit/config/ur10.rviz
[0.260s] -- Up-to-date symlink: /ros2_ws/install/ros2srrc_moveit/share/ros2srrc_moveit/config/ur10.srdf
[0.260s] -- Up-to-date symlink: /ros2_ws/install/ros2srrc_moveit/share/ros2srrc_moveit/config/ur10_robotiq_2f85.rviz
[0.260s] -- Up-to-date symlink: /ros2_ws/install/ros2srrc_moveit/share/ros2srrc_moveit/config/ur10_robotiq_2f85.srdf
[0.261s] -- Up-to-date symlink: /ros2_ws/install/ros2srrc_moveit/share/ros2srrc_moveit/config/ur10_robotiq_hande.rviz
[0.261s] -- Up-to-date symlink: /ros2_ws/install/ros2srrc_moveit/share/ros2srrc_moveit/config/ur10_robotiq_hande.srdf
[0.262s] -- Up-to-date symlink: /ros2_ws/install/ros2srrc_moveit/share/ros2srrc_moveit/config/ur10e.rviz
[0.262s] -- Up-to-date symlink: /ros2_ws/install/ros2srrc_moveit/share/ros2srrc_moveit/config/ur10e.srdf
[0.262s] -- Up-to-date symlink: /ros2_ws/install/ros2srrc_moveit/share/ros2srrc_moveit/config/ur10e_robotiq_2f85.rviz
[0.262s] -- Up-to-date symlink: /ros2_ws/install/ros2srrc_moveit/share/ros2srrc_moveit/config/ur10e_robotiq_2f85.srdf
[0.263s] -- Up-to-date symlink: /ros2_ws/install/ros2srrc_moveit/share/ros2srrc_moveit/config/ur10e_robotiq_hande.rviz
[0.263s] -- Up-to-date symlink: /ros2_ws/install/ros2srrc_moveit/share/ros2srrc_moveit/config/ur10e_robotiq_hande.srdf
[0.263s] -- Up-to-date symlink: /ros2_ws/install/ros2srrc_moveit/share/ros2srrc_moveit/config/ur16e.rviz
[0.264s] -- Up-to-date symlink: /ros2_ws/install/ros2srrc_moveit/share/ros2srrc_moveit/config/ur16e.srdf
[0.264s] -- Up-to-date symlink: /ros2_ws/install/ros2srrc_moveit/share/ros2srrc_moveit/config/ur16e_robotiq_2f85.rviz
[0.264s] -- Up-to-date symlink: /ros2_ws/install/ros2srrc_moveit/share/ros2srrc_moveit/config/ur16e_robotiq_2f85.srdf
[0.264s] -- Up-to-date symlink: /ros2_ws/install/ros2srrc_moveit/share/ros2srrc_moveit/config/ur16e_robotiq_hande.rviz
[0.264s] -- Up-to-date symlink: /ros2_ws/install/ros2srrc_moveit/share/ros2srrc_moveit/config/ur16e_robotiq_hande.srdf
[0.265s] -- Up-to-date symlink: /ros2_ws/install/ros2srrc_moveit/share/ros2srrc_moveit/config/ur20.rviz
[0.265s] -- Up-to-date symlink: /ros2_ws/install/ros2srrc_moveit/share/ros2srrc_moveit/config/ur20.srdf
[0.266s] -- Up-to-date symlink: /ros2_ws/install/ros2srrc_moveit/share/ros2srrc_moveit/config/ur20_robotiq_2f85.rviz
[0.266s] -- Up-to-date symlink: /ros2_ws/install/ros2srrc_moveit/share/ros2srrc_moveit/config/ur20_robotiq_2f85.srdf
[0.267s] -- Up-to-date symlink: /ros2_ws/install/ros2srrc_moveit/share/ros2srrc_moveit/config/ur20_robotiq_hande.rviz
[0.267s] -- Up-to-date symlink: /ros2_ws/install/ros2srrc_moveit/share/ros2srrc_moveit/config/ur20_robotiq_hande.srdf
[0.268s] -- Up-to-date symlink: /ros2_ws/install/ros2srrc_moveit/share/ros2srrc_moveit/config/ur3.rviz
[0.269s] -- Up-to-date symlink: /ros2_ws/install/ros2srrc_moveit/share/ros2srrc_moveit/config/ur3.srdf
[0.270s] -- Up-to-date symlink: /ros2_ws/install/ros2srrc_moveit/share/ros2srrc_moveit/config/ur3_robotiq_2f85.rviz
[0.270s] -- Up-to-date symlink: /ros2_ws/install/ros2srrc_moveit/share/ros2srrc_moveit/config/ur3_robotiq_2f85.srdf
[0.271s] -- Up-to-date symlink: /ros2_ws/install/ros2srrc_moveit/share/ros2srrc_moveit/config/ur3_robotiq_hande.rviz
[0.271s] -- Up-to-date symlink: /ros2_ws/install/ros2srrc_moveit/share/ros2srrc_moveit/config/ur3_robotiq_hande.srdf
[0.271s] -- Up-to-date symlink: /ros2_ws/install/ros2srrc_moveit/share/ros2srrc_moveit/config/ur3e.rviz
[0.272s] -- Up-to-date symlink: /ros2_ws/install/ros2srrc_moveit/share/ros2srrc_moveit/config/ur3e.srdf
[0.272s] -- Up-to-date symlink: /ros2_ws/install/ros2srrc_moveit/share/ros2srrc_moveit/config/ur3e_robotiq_2f85.rviz
[0.272s] -- Up-to-date symlink: /ros2_ws/install/ros2srrc_moveit/share/ros2srrc_moveit/config/ur3e_robotiq_2f85.srdf
[0.273s] -- Up-to-date symlink: /ros2_ws/install/ros2srrc_moveit/share/ros2srrc_moveit/config/ur3e_robotiq_hande.rviz
[0.273s] -- Up-to-date symlink: /ros2_ws/install/ros2srrc_moveit/share/ros2srrc_moveit/config/ur3e_robotiq_hande.srdf
[0.273s] -- Up-to-date symlink: /ros2_ws/install/ros2srrc_moveit/share/ros2srrc_moveit/config/ur5.rviz
[0.273s] -- Up-to-date symlink: /ros2_ws/install/ros2srrc_moveit/share/ros2srrc_moveit/config/ur5.srdf
[0.274s] -- Up-to-date symlink: /ros2_ws/install/ros2srrc_moveit/share/ros2srrc_moveit/config/ur5_robotiq_2f85.rviz
[0.274s] -- Up-to-date symlink: /ros2_ws/install/ros2srrc_moveit/share/ros2srrc_moveit/config/ur5_robotiq_2f85.srdf
[0.274s] -- Up-to-date symlink: /ros2_ws/install/ros2srrc_moveit/share/ros2srrc_moveit/config/ur5_robotiq_hande.rviz
[0.274s] -- Up-to-date symlink: /ros2_ws/install/ros2srrc_moveit/share/ros2srrc_moveit/config/ur5_robotiq_hande.srdf
[0.275s] -- Up-to-date symlink: /ros2_ws/install/ros2srrc_moveit/share/ros2srrc_moveit/config/ur5e.rviz
[0.275s] -- Up-to-date symlink: /ros2_ws/install/ros2srrc_moveit/share/ros2srrc_moveit/config/ur5e.srdf
[0.276s] -- Up-to-date symlink: /ros2_ws/install/ros2srrc_moveit/share/ros2srrc_moveit/config/ur5e_robotiq_2f85.rviz
[0.277s] -- Up-to-date symlink: /ros2_ws/install/ros2srrc_moveit/share/ros2srrc_moveit/config/ur5e_robotiq_2f85.srdf
[0.277s] -- Up-to-date symlink: /ros2_ws/install/ros2srrc_moveit/share/ros2srrc_moveit/config/ur5e_robotiq_hande.rviz
[0.277s] -- Up-to-date symlink: /ros2_ws/install/ros2srrc_moveit/share/ros2srrc_moveit/config/ur5e_robotiq_hande.srdf
[0.278s] -- Up-to-date symlink: /ros2_ws/install/ros2srrc_moveit/share/ament_index/resource_index/package_run_dependencies/ros2srrc_moveit
[0.278s] -- Up-to-date symlink: /ros2_ws/install/ros2srrc_moveit/share/ament_index/resource_index/parent_prefix_path/ros2srrc_moveit
[0.279s] -- Up-to-date symlink: /ros2_ws/install/ros2srrc_moveit/share/ros2srrc_moveit/environment/ament_prefix_path.sh
[0.279s] -- Up-to-date symlink: /ros2_ws/install/ros2srrc_moveit/share/ros2srrc_moveit/environment/ament_prefix_path.dsv
[0.280s] -- Up-to-date symlink: /ros2_ws/install/ros2srrc_moveit/share/ros2srrc_moveit/environment/path.sh
[0.282s] -- Up-to-date symlink: /ros2_ws/install/ros2srrc_moveit/share/ros2srrc_moveit/environment/path.dsv
[0.282s] -- Up-to-date symlink: /ros2_ws/install/ros2srrc_moveit/share/ros2srrc_moveit/local_setup.bash
[0.283s] -- Up-to-date symlink: /ros2_ws/install/ros2srrc_moveit/share/ros2srrc_moveit/local_setup.sh
[0.283s] -- Up-to-date symlink: /ros2_ws/install/ros2srrc_moveit/share/ros2srrc_moveit/local_setup.zsh
[0.284s] -- Up-to-date symlink: /ros2_ws/install/ros2srrc_moveit/share/ros2srrc_moveit/local_setup.dsv
[0.285s] -- Symlinking: /ros2_ws/install/ros2srrc_moveit/share/ros2srrc_moveit/package.dsv
[0.290s] -- Up-to-date symlink: /ros2_ws/install/ros2srrc_moveit/share/ament_index/resource_index/packages/ros2srrc_moveit
[0.293s] -- Up-to-date symlink: /ros2_ws/install/ros2srrc_moveit/share/ros2srrc_moveit/cmake/ros2srrc_moveitConfig.cmake
[0.294s] -- Up-to-date symlink: /ros2_ws/install/ros2srrc_moveit/share/ros2srrc_moveit/cmake/ros2srrc_moveitConfig-version.cmake
[0.294s] -- Up-to-date symlink: /ros2_ws/install/ros2srrc_moveit/share/ros2srrc_moveit/package.xml
[0.318s] Invoked command in '/ros2_ws/build/ros2srrc_moveit' returned '0': CMAKE_PREFIX_PATH=/opt/ros/humble /usr/bin/cmake --install /ros2_ws/build/ros2srrc_moveit
