[0.117s] Invoking command in '/ros2_ws/build/as2_behaviors_path_planning': AMENT_PREFIX_PATH=/ros2_ws/install/as2_behavior:/ros2_ws/install/as2_core:/ros2_ws/install/as2_msgs:${AMENT_PREFIX_PATH} CMAKE_PREFIX_PATH=/ros2_ws/install/as2_behavior:/ros2_ws/install/as2_core:/ros2_ws/install/as2_msgs:/opt/ros/humble LD_LIBRARY_PATH=/ros2_ws/install/as2_behavior/lib:/ros2_ws/install/as2_core/lib:/ros2_ws/install/as2_msgs/lib:${LD_LIBRARY_PATH} PYTHONPATH=/ros2_ws/install/as2_core/local/lib/python3.10/dist-packages:/ros2_ws/install/as2_msgs/local/lib/python3.10/dist-packages:${PYTHONPATH} /usr/bin/cmake --build /ros2_ws/build/as2_behaviors_path_planning -- -j8 -l8
[0.341s] [35m[1mConsolidate compiler generated dependencies of target path_planner_component[0m
[0.341s] [  7%] Built target path_planner_common
[0.377s] [ 14%] Built target as2_behaviors_path_planning_plugin_base
[0.398s] [ 28%] Built target path_planner_component
[0.414s] [35m[1mConsolidate compiler generated dependencies of target as2_behaviors_path_planning_node[0m
[0.443s] [35m[1mConsolidate compiler generated dependencies of target a_star[0m
[0.458s] [35m[1mConsolidate compiler generated dependencies of target voronoi[0m
[0.507s] [ 50%] Built target as2_behaviors_path_planning_node
[0.550s] [ 78%] Built target voronoi
[0.604s] [100%] Built target a_star
[0.948s] Invoked command in '/ros2_ws/build/as2_behaviors_path_planning' returned '0': AMENT_PREFIX_PATH=/ros2_ws/install/as2_behavior:/ros2_ws/install/as2_core:/ros2_ws/install/as2_msgs:${AMENT_PREFIX_PATH} CMAKE_PREFIX_PATH=/ros2_ws/install/as2_behavior:/ros2_ws/install/as2_core:/ros2_ws/install/as2_msgs:/opt/ros/humble LD_LIBRARY_PATH=/ros2_ws/install/as2_behavior/lib:/ros2_ws/install/as2_core/lib:/ros2_ws/install/as2_msgs/lib:${LD_LIBRARY_PATH} PYTHONPATH=/ros2_ws/install/as2_core/local/lib/python3.10/dist-packages:/ros2_ws/install/as2_msgs/local/lib/python3.10/dist-packages:${PYTHONPATH} /usr/bin/cmake --build /ros2_ws/build/as2_behaviors_path_planning -- -j8 -l8
[0.949s] Invoking command in '/ros2_ws/build/as2_behaviors_path_planning': AMENT_PREFIX_PATH=/ros2_ws/install/as2_behavior:/ros2_ws/install/as2_core:/ros2_ws/install/as2_msgs:${AMENT_PREFIX_PATH} CMAKE_PREFIX_PATH=/ros2_ws/install/as2_behavior:/ros2_ws/install/as2_core:/ros2_ws/install/as2_msgs:/opt/ros/humble LD_LIBRARY_PATH=/ros2_ws/install/as2_behavior/lib:/ros2_ws/install/as2_core/lib:/ros2_ws/install/as2_msgs/lib:${LD_LIBRARY_PATH} PYTHONPATH=/ros2_ws/install/as2_core/local/lib/python3.10/dist-packages:/ros2_ws/install/as2_msgs/local/lib/python3.10/dist-packages:${PYTHONPATH} /usr/bin/cmake --install /ros2_ws/build/as2_behaviors_path_planning
[1.052s] -- Install configuration: "Release"
[1.052s] -- Execute custom install script
[1.052s] -- Up-to-date symlink: /ros2_ws/install/as2_behaviors_path_planning/include/as2_behaviors_path_planning/path_planner_behavior.hpp
[1.052s] -- Up-to-date symlink: /ros2_ws/install/as2_behaviors_path_planning/include/as2_behaviors_path_planning/path_planner_plugin_base.hpp
[1.053s] -- Up-to-date symlink: /ros2_ws/install/as2_behaviors_path_planning/share/as2_behaviors_path_planning/environment/library_path.sh
[1.053s] -- Up-to-date symlink: /ros2_ws/install/as2_behaviors_path_planning/share/as2_behaviors_path_planning/environment/library_path.dsv
[1.053s] -- Up-to-date symlink: /ros2_ws/install/as2_behaviors_path_planning/include/include/cell_node.hpp
[1.053s] -- Up-to-date symlink: /ros2_ws/install/as2_behaviors_path_planning/include/include/graph_searcher.hpp
[1.054s] -- Up-to-date symlink: /ros2_ws/install/as2_behaviors_path_planning/include/include/utils.hpp
[1.054s] -- Up-to-date symlink: /ros2_ws/install/as2_behaviors_path_planning/include/a_star.hpp
[1.054s] -- Up-to-date symlink: /ros2_ws/install/as2_behaviors_path_planning/include/a_star_algorithm.hpp
[1.054s] -- Up-to-date symlink: /ros2_ws/install/as2_behaviors_path_planning/include/a_star_searcher.hpp
[1.054s] -- Up-to-date symlink: /ros2_ws/install/as2_behaviors_path_planning/include/voronoi.hpp
[1.055s] -- Up-to-date symlink: /ros2_ws/install/as2_behaviors_path_planning/include/voronoi_searcher.hpp
[1.055s] -- Up-to-date symlink: /ros2_ws/install/as2_behaviors_path_planning/share/as2_behaviors_path_planning//plugins.xml
[1.055s] -- Up-to-date symlink: /ros2_ws/install/as2_behaviors_path_planning/share/as2_behaviors_path_planning/launch/a_star-path_planner_behavior.launch.py
[1.055s] -- Up-to-date symlink: /ros2_ws/install/as2_behaviors_path_planning/share/as2_behaviors_path_planning/launch/voronoi-path_planner_behavior.launch.py
[1.055s] -- Up-to-date symlink: /ros2_ws/install/as2_behaviors_path_planning/lib/as2_behaviors_path_planning/as2_behaviors_path_planning_node
[1.055s] -- Up-to-date symlink: /ros2_ws/install/as2_behaviors_path_planning/share/as2_behaviors_path_planning/launch/composable_path_planner_behavior.launch.py
[1.055s] -- Up-to-date symlink: /ros2_ws/install/as2_behaviors_path_planning/share/as2_behaviors_path_planning/launch/path_planner_behavior_launch.py
[1.056s] -- Up-to-date symlink: /ros2_ws/install/as2_behaviors_path_planning/share/as2_behaviors_path_planning/config/behavior_default.yaml
[1.056s] -- Up-to-date symlink: /ros2_ws/install/as2_behaviors_path_planning/share/ament_index/resource_index/package_run_dependencies/as2_behaviors_path_planning
[1.056s] -- Up-to-date symlink: /ros2_ws/install/as2_behaviors_path_planning/share/ament_index/resource_index/parent_prefix_path/as2_behaviors_path_planning
[1.056s] -- Up-to-date symlink: /ros2_ws/install/as2_behaviors_path_planning/share/as2_behaviors_path_planning/environment/ament_prefix_path.sh
[1.056s] -- Up-to-date symlink: /ros2_ws/install/as2_behaviors_path_planning/share/as2_behaviors_path_planning/environment/ament_prefix_path.dsv
[1.057s] -- Up-to-date symlink: /ros2_ws/install/as2_behaviors_path_planning/share/as2_behaviors_path_planning/environment/path.sh
[1.057s] -- Up-to-date symlink: /ros2_ws/install/as2_behaviors_path_planning/share/as2_behaviors_path_planning/environment/path.dsv
[1.057s] -- Up-to-date symlink: /ros2_ws/install/as2_behaviors_path_planning/share/as2_behaviors_path_planning/local_setup.bash
[1.057s] -- Up-to-date symlink: /ros2_ws/install/as2_behaviors_path_planning/share/as2_behaviors_path_planning/local_setup.sh
[1.057s] -- Up-to-date symlink: /ros2_ws/install/as2_behaviors_path_planning/share/as2_behaviors_path_planning/local_setup.zsh
[1.057s] -- Up-to-date symlink: /ros2_ws/install/as2_behaviors_path_planning/share/as2_behaviors_path_planning/local_setup.dsv
[1.057s] -- Symlinking: /ros2_ws/install/as2_behaviors_path_planning/share/as2_behaviors_path_planning/package.dsv
[1.058s] -- Up-to-date symlink: /ros2_ws/install/as2_behaviors_path_planning/share/ament_index/resource_index/packages/as2_behaviors_path_planning
[1.058s] -- Up-to-date symlink: /ros2_ws/install/as2_behaviors_path_planning/share/ament_index/resource_index/as2_behaviors_path_planning__pluginlib__plugin/as2_behaviors_path_planning
[1.058s] -- Up-to-date symlink: /ros2_ws/install/as2_behaviors_path_planning/share/ament_index/resource_index/rclcpp_components/as2_behaviors_path_planning
[1.058s] -- Up-to-date symlink: /ros2_ws/install/as2_behaviors_path_planning/share/as2_behaviors_path_planning/cmake/ament_cmake_export_include_directories-extras.cmake
[1.058s] -- Up-to-date symlink: /ros2_ws/install/as2_behaviors_path_planning/share/as2_behaviors_path_planning/cmake/ament_cmake_export_libraries-extras.cmake
[1.058s] -- Up-to-date symlink: /ros2_ws/install/as2_behaviors_path_planning/share/as2_behaviors_path_planning/cmake/ament_cmake_export_targets-extras.cmake
[1.059s] -- Up-to-date symlink: /ros2_ws/install/as2_behaviors_path_planning/share/as2_behaviors_path_planning/cmake/as2_behaviors_path_planningConfig.cmake
[1.059s] -- Up-to-date symlink: /ros2_ws/install/as2_behaviors_path_planning/share/as2_behaviors_path_planning/cmake/as2_behaviors_path_planningConfig-version.cmake
[1.059s] -- Up-to-date symlink: /ros2_ws/install/as2_behaviors_path_planning/share/as2_behaviors_path_planning/package.xml
[1.059s] -- Up-to-date: /ros2_ws/install/as2_behaviors_path_planning/lib/libas2_behaviors_path_planning_plugin_base.so
[1.059s] -- Up-to-date: /ros2_ws/install/as2_behaviors_path_planning/lib/libpath_planner_component.so
[1.059s] -- Up-to-date: /ros2_ws/install/as2_behaviors_path_planning/share/as2_behaviors_path_planning/cmake/as2_behaviors_path_planning_plugin_baseExport.cmake
[1.060s] -- Up-to-date: /ros2_ws/install/as2_behaviors_path_planning/share/as2_behaviors_path_planning/cmake/as2_behaviors_path_planning_plugin_baseExport-release.cmake
[1.060s] -- Up-to-date: /ros2_ws/install/as2_behaviors_path_planning/lib/liba_star.so
[1.060s] -- Up-to-date: /ros2_ws/install/as2_behaviors_path_planning/lib/libvoronoi.so
[1.130s] Invoked command in '/ros2_ws/build/as2_behaviors_path_planning' returned '0': AMENT_PREFIX_PATH=/ros2_ws/install/as2_behavior:/ros2_ws/install/as2_core:/ros2_ws/install/as2_msgs:${AMENT_PREFIX_PATH} CMAKE_PREFIX_PATH=/ros2_ws/install/as2_behavior:/ros2_ws/install/as2_core:/ros2_ws/install/as2_msgs:/opt/ros/humble LD_LIBRARY_PATH=/ros2_ws/install/as2_behavior/lib:/ros2_ws/install/as2_core/lib:/ros2_ws/install/as2_msgs/lib:${LD_LIBRARY_PATH} PYTHONPATH=/ros2_ws/install/as2_core/local/lib/python3.10/dist-packages:/ros2_ws/install/as2_msgs/local/lib/python3.10/dist-packages:${PYTHONPATH} /usr/bin/cmake --install /ros2_ws/build/as2_behaviors_path_planning
