[0.036s] Invoking command in '/ros2_ws/build/pendulum': AMENT_PREFIX_PATH=/ros2_ws/install/pendulum_bringup:/ros2_ws/install/pendulum_demo:/ros2_ws/install/pendulum_state_publisher:/ros2_ws/install/pendulum_driver:/ros2_ws/install/pendulum_controller:/ros2_ws/install/pendulum_utils:/ros2_ws/install/pendulum2_msgs:${AMENT_PREFIX_PATH} CMAKE_PREFIX_PATH=/ros2_ws/install/pendulum_bringup:/ros2_ws/install/pendulum_demo:/ros2_ws/install/pendulum_state_publisher:/ros2_ws/install/pendulum_driver:/ros2_ws/install/pendulum_controller:/ros2_ws/install/pendulum_utils:/ros2_ws/install/pendulum2_msgs:/opt/ros/humble LD_LIBRARY_PATH=/ros2_ws/install/pendulum_driver/lib:/ros2_ws/install/pendulum_controller/lib:/ros2_ws/install/pendulum_utils/lib:/ros2_ws/install/pendulum2_msgs/lib:${LD_LIBRARY_PATH} PYTHONPATH=/ros2_ws/install/pendulum2_msgs/local/lib/python3.10/dist-packages:${PYTHONPATH} /usr/bin/cmake /ros2_ws/src/pendulum/pendulum -DCMAKE_BUILD_TYPE=Release -DAMENT_CMAKE_SYMLINK_INSTALL=1 -DCMAKE_INSTALL_PREFIX=/ros2_ws/install/pendulum
[0.207s] -- The C compiler identification is GNU 11.4.0
[0.339s] -- The CXX compiler identification is GNU 11.4.0
[0.355s] -- Detecting C compiler ABI info
[0.463s] -- Detecting C compiler ABI info - done
[0.476s] -- Check for working C compiler: /usr/bin/cc - skipped
[0.476s] -- Detecting C compile features
[0.477s] -- Detecting C compile features - done
[0.482s] -- Detecting CXX compiler ABI info
[0.606s] -- Detecting CXX compiler ABI info - done
[0.618s] -- Check for working CXX compiler: /usr/bin/c++ - skipped
[0.619s] -- Detecting CXX compile features
[0.620s] -- Detecting CXX compile features - done
[0.628s] -- Found ament_cmake: 1.3.12 (/opt/ros/humble/share/ament_cmake/cmake)
[0.876s] -- Found Python3: /usr/bin/python3 (found version "3.10.12") found components: Interpreter 
[0.980s] -- Override CMake install command with custom implementation using symlinks instead of copying resources
[1.176s] -- Configuring done
[1.180s] -- Generating done
[1.182s] -- Build files have been written to: /ros2_ws/build/pendulum
[1.189s] Invoked command in '/ros2_ws/build/pendulum' returned '0': AMENT_PREFIX_PATH=/ros2_ws/install/pendulum_bringup:/ros2_ws/install/pendulum_demo:/ros2_ws/install/pendulum_state_publisher:/ros2_ws/install/pendulum_driver:/ros2_ws/install/pendulum_controller:/ros2_ws/install/pendulum_utils:/ros2_ws/install/pendulum2_msgs:${AMENT_PREFIX_PATH} CMAKE_PREFIX_PATH=/ros2_ws/install/pendulum_bringup:/ros2_ws/install/pendulum_demo:/ros2_ws/install/pendulum_state_publisher:/ros2_ws/install/pendulum_driver:/ros2_ws/install/pendulum_controller:/ros2_ws/install/pendulum_utils:/ros2_ws/install/pendulum2_msgs:/opt/ros/humble LD_LIBRARY_PATH=/ros2_ws/install/pendulum_driver/lib:/ros2_ws/install/pendulum_controller/lib:/ros2_ws/install/pendulum_utils/lib:/ros2_ws/install/pendulum2_msgs/lib:${LD_LIBRARY_PATH} PYTHONPATH=/ros2_ws/install/pendulum2_msgs/local/lib/python3.10/dist-packages:${PYTHONPATH} /usr/bin/cmake /ros2_ws/src/pendulum/pendulum -DCMAKE_BUILD_TYPE=Release -DAMENT_CMAKE_SYMLINK_INSTALL=1 -DCMAKE_INSTALL_PREFIX=/ros2_ws/install/pendulum
[1.191s] Invoking command in '/ros2_ws/build/pendulum': AMENT_PREFIX_PATH=/ros2_ws/install/pendulum_bringup:/ros2_ws/install/pendulum_demo:/ros2_ws/install/pendulum_state_publisher:/ros2_ws/install/pendulum_driver:/ros2_ws/install/pendulum_controller:/ros2_ws/install/pendulum_utils:/ros2_ws/install/pendulum2_msgs:${AMENT_PREFIX_PATH} CMAKE_PREFIX_PATH=/ros2_ws/install/pendulum_bringup:/ros2_ws/install/pendulum_demo:/ros2_ws/install/pendulum_state_publisher:/ros2_ws/install/pendulum_driver:/ros2_ws/install/pendulum_controller:/ros2_ws/install/pendulum_utils:/ros2_ws/install/pendulum2_msgs:/opt/ros/humble LD_LIBRARY_PATH=/ros2_ws/install/pendulum_driver/lib:/ros2_ws/install/pendulum_controller/lib:/ros2_ws/install/pendulum_utils/lib:/ros2_ws/install/pendulum2_msgs/lib:${LD_LIBRARY_PATH} PYTHONPATH=/ros2_ws/install/pendulum2_msgs/local/lib/python3.10/dist-packages:${PYTHONPATH} /usr/bin/cmake --build /ros2_ws/build/pendulum -- -j8 -l8
[1.245s] Invoked command in '/ros2_ws/build/pendulum' returned '0': AMENT_PREFIX_PATH=/ros2_ws/install/pendulum_bringup:/ros2_ws/install/pendulum_demo:/ros2_ws/install/pendulum_state_publisher:/ros2_ws/install/pendulum_driver:/ros2_ws/install/pendulum_controller:/ros2_ws/install/pendulum_utils:/ros2_ws/install/pendulum2_msgs:${AMENT_PREFIX_PATH} CMAKE_PREFIX_PATH=/ros2_ws/install/pendulum_bringup:/ros2_ws/install/pendulum_demo:/ros2_ws/install/pendulum_state_publisher:/ros2_ws/install/pendulum_driver:/ros2_ws/install/pendulum_controller:/ros2_ws/install/pendulum_utils:/ros2_ws/install/pendulum2_msgs:/opt/ros/humble LD_LIBRARY_PATH=/ros2_ws/install/pendulum_driver/lib:/ros2_ws/install/pendulum_controller/lib:/ros2_ws/install/pendulum_utils/lib:/ros2_ws/install/pendulum2_msgs/lib:${LD_LIBRARY_PATH} PYTHONPATH=/ros2_ws/install/pendulum2_msgs/local/lib/python3.10/dist-packages:${PYTHONPATH} /usr/bin/cmake --build /ros2_ws/build/pendulum -- -j8 -l8
[1.248s] Invoking command in '/ros2_ws/build/pendulum': AMENT_PREFIX_PATH=/ros2_ws/install/pendulum_bringup:/ros2_ws/install/pendulum_demo:/ros2_ws/install/pendulum_state_publisher:/ros2_ws/install/pendulum_driver:/ros2_ws/install/pendulum_controller:/ros2_ws/install/pendulum_utils:/ros2_ws/install/pendulum2_msgs:${AMENT_PREFIX_PATH} CMAKE_PREFIX_PATH=/ros2_ws/install/pendulum_bringup:/ros2_ws/install/pendulum_demo:/ros2_ws/install/pendulum_state_publisher:/ros2_ws/install/pendulum_driver:/ros2_ws/install/pendulum_controller:/ros2_ws/install/pendulum_utils:/ros2_ws/install/pendulum2_msgs:/opt/ros/humble LD_LIBRARY_PATH=/ros2_ws/install/pendulum_driver/lib:/ros2_ws/install/pendulum_controller/lib:/ros2_ws/install/pendulum_utils/lib:/ros2_ws/install/pendulum2_msgs/lib:${LD_LIBRARY_PATH} PYTHONPATH=/ros2_ws/install/pendulum2_msgs/local/lib/python3.10/dist-packages:${PYTHONPATH} /usr/bin/cmake --install /ros2_ws/build/pendulum
[1.259s] -- Install configuration: "Release"
[1.260s] -- Execute custom install script
[1.260s] -- Symlinking: /ros2_ws/install/pendulum/share/ament_index/resource_index/package_run_dependencies/pendulum
[1.274s] -- Symlinking: /ros2_ws/install/pendulum/share/ament_index/resource_index/parent_prefix_path/pendulum
[1.286s] -- Symlinking: /ros2_ws/install/pendulum/share/pendulum/environment/ament_prefix_path.sh
[1.299s] -- Symlinking: /ros2_ws/install/pendulum/share/pendulum/environment/ament_prefix_path.dsv
[1.313s] -- Symlinking: /ros2_ws/install/pendulum/share/pendulum/environment/path.sh
[1.325s] -- Symlinking: /ros2_ws/install/pendulum/share/pendulum/environment/path.dsv
[1.338s] -- Symlinking: /ros2_ws/install/pendulum/share/pendulum/local_setup.bash
[1.351s] -- Symlinking: /ros2_ws/install/pendulum/share/pendulum/local_setup.sh
[1.364s] -- Symlinking: /ros2_ws/install/pendulum/share/pendulum/local_setup.zsh
[1.377s] -- Symlinking: /ros2_ws/install/pendulum/share/pendulum/local_setup.dsv
[1.389s] -- Symlinking: /ros2_ws/install/pendulum/share/pendulum/package.dsv
[1.402s] -- Symlinking: /ros2_ws/install/pendulum/share/ament_index/resource_index/packages/pendulum
[1.414s] -- Symlinking: /ros2_ws/install/pendulum/share/pendulum/cmake/pendulumConfig.cmake
[1.427s] -- Symlinking: /ros2_ws/install/pendulum/share/pendulum/cmake/pendulumConfig-version.cmake
[1.440s] -- Symlinking: /ros2_ws/install/pendulum/share/pendulum/package.xml
[1.456s] Invoked command in '/ros2_ws/build/pendulum' returned '0': AMENT_PREFIX_PATH=/ros2_ws/install/pendulum_bringup:/ros2_ws/install/pendulum_demo:/ros2_ws/install/pendulum_state_publisher:/ros2_ws/install/pendulum_driver:/ros2_ws/install/pendulum_controller:/ros2_ws/install/pendulum_utils:/ros2_ws/install/pendulum2_msgs:${AMENT_PREFIX_PATH} CMAKE_PREFIX_PATH=/ros2_ws/install/pendulum_bringup:/ros2_ws/install/pendulum_demo:/ros2_ws/install/pendulum_state_publisher:/ros2_ws/install/pendulum_driver:/ros2_ws/install/pendulum_controller:/ros2_ws/install/pendulum_utils:/ros2_ws/install/pendulum2_msgs:/opt/ros/humble LD_LIBRARY_PATH=/ros2_ws/install/pendulum_driver/lib:/ros2_ws/install/pendulum_controller/lib:/ros2_ws/install/pendulum_utils/lib:/ros2_ws/install/pendulum2_msgs/lib:${LD_LIBRARY_PATH} PYTHONPATH=/ros2_ws/install/pendulum2_msgs/local/lib/python3.10/dist-packages:${PYTHONPATH} /usr/bin/cmake --install /ros2_ws/build/pendulum
