[0.068s] Invoking command in '/ros2_ws/build/linkattacher_msgs': CMAKE_PREFIX_PATH=/opt/ros/humble /usr/bin/cmake --build /ros2_ws/build/linkattacher_msgs -- -j8 -l8
[0.269s] [35m[1mConsolidate compiler generated dependencies of target linkattacher_msgs__rosidl_generator_c[0m
[0.299s] [  2%] Built target linkattacher_msgs__cpp
[0.339s] [35m[1mConsolidate compiler generated dependencies of target linkattacher_msgs__rosidl_typesupport_cpp[0m
[0.367s] [  2%] Built target ament_cmake_python_symlink_linkattacher_msgs
[0.370s] [ 12%] Built target linkattacher_msgs__rosidl_generator_c
[0.424s] [35m[1mConsolidate compiler generated dependencies of target linkattacher_msgs__rosidl_typesupport_fastrtps_cpp[0m
[0.436s] [ 23%] Built target linkattacher_msgs__rosidl_typesupport_cpp
[0.441s] [35m[1mConsolidate compiler generated dependencies of target linkattacher_msgs__rosidl_typesupport_fastrtps_c[0m
[0.445s] [35m[1mConsolidate compiler generated dependencies of target linkattacher_msgs__rosidl_typesupport_introspection_cpp[0m
[0.453s] [35m[1mConsolidate compiler generated dependencies of target linkattacher_msgs__rosidl_typesupport_introspection_c[0m
[0.460s] [35m[1mConsolidate compiler generated dependencies of target linkattacher_msgs__rosidl_typesupport_c[0m
[0.539s] [ 33%] Built target linkattacher_msgs__rosidl_typesupport_fastrtps_cpp
[0.544s] [ 43%] Built target linkattacher_msgs__rosidl_typesupport_fastrtps_c
[0.563s] [ 53%] Built target linkattacher_msgs__rosidl_typesupport_introspection_cpp
[0.585s] [ 64%] Built target linkattacher_msgs__rosidl_typesupport_c
[0.589s] [ 74%] Built target linkattacher_msgs__rosidl_typesupport_introspection_c
[0.713s] [ 74%] Built target linkattacher_msgs
[0.854s] [ 76%] Built target linkattacher_msgs__py
[0.968s] [35m[1mConsolidate compiler generated dependencies of target linkattacher_msgs__rosidl_generator_py[0m
[1.039s] [ 84%] Built target linkattacher_msgs__rosidl_generator_py
[1.081s] [35m[1mConsolidate compiler generated dependencies of target linkattacher_msgs__rosidl_typesupport_introspection_c__pyext[0m
[1.106s] [35m[1mConsolidate compiler generated dependencies of target linkattacher_msgs__rosidl_typesupport_fastrtps_c__pyext[0m
[1.108s] [35m[1mConsolidate compiler generated dependencies of target linkattacher_msgs__rosidl_typesupport_c__pyext[0m
[1.134s] [ 89%] Built target linkattacher_msgs__rosidl_typesupport_introspection_c__pyext
[1.144s] [ 94%] Built target linkattacher_msgs__rosidl_typesupport_c__pyext
[1.150s] [100%] Built target linkattacher_msgs__rosidl_typesupport_fastrtps_c__pyext
[1.404s] running egg_info
[1.406s] writing linkattacher_msgs.egg-info/PKG-INFO
[1.406s] writing dependency_links to linkattacher_msgs.egg-info/dependency_links.txt
[1.406s] writing top-level names to linkattacher_msgs.egg-info/top_level.txt
[1.412s] reading manifest file 'linkattacher_msgs.egg-info/SOURCES.txt'
[1.417s] writing manifest file 'linkattacher_msgs.egg-info/SOURCES.txt'
[1.503s] [100%] Built target ament_cmake_python_build_linkattacher_msgs_egg
[1.592s] Invoked command in '/ros2_ws/build/linkattacher_msgs' returned '0': CMAKE_PREFIX_PATH=/opt/ros/humble /usr/bin/cmake --build /ros2_ws/build/linkattacher_msgs -- -j8 -l8
[1.593s] Invoking command in '/ros2_ws/build/linkattacher_msgs': CMAKE_PREFIX_PATH=/opt/ros/humble /usr/bin/cmake --install /ros2_ws/build/linkattacher_msgs
[1.614s] -- Install configuration: "Release"
[1.614s] -- Execute custom install script
[1.615s] -- Up-to-date symlink: /ros2_ws/install/linkattacher_msgs/share/linkattacher_msgs/srv/AttachLink.srv
[1.615s] -- Up-to-date symlink: /ros2_ws/install/linkattacher_msgs/share/linkattacher_msgs/srv/DetachLink.srv
[1.615s] -- Up-to-date symlink: /ros2_ws/install/linkattacher_msgs/share/ament_index/resource_index/rosidl_interfaces/linkattacher_msgs
[1.616s] -- Up-to-date symlink: /ros2_ws/install/linkattacher_msgs/include/linkattacher_msgs/linkattacher_msgs/msg/rosidl_generator_c__visibility_control.h
[1.616s] -- Up-to-date symlink: /ros2_ws/install/linkattacher_msgs/include/linkattacher_msgs/linkattacher_msgs/srv/attach_link.h
[1.616s] -- Up-to-date symlink: /ros2_ws/install/linkattacher_msgs/include/linkattacher_msgs/linkattacher_msgs/srv/detach_link.h
[1.616s] -- Up-to-date symlink: /ros2_ws/install/linkattacher_msgs/include/linkattacher_msgs/linkattacher_msgs/srv/detail/attach_link__functions.h
[1.621s] -- Up-to-date symlink: /ros2_ws/install/linkattacher_msgs/include/linkattacher_msgs/linkattacher_msgs/srv/detail/attach_link__struct.h
[1.622s] -- Up-to-date symlink: /ros2_ws/install/linkattacher_msgs/include/linkattacher_msgs/linkattacher_msgs/srv/detail/attach_link__type_support.h
[1.623s] -- Up-to-date symlink: /ros2_ws/install/linkattacher_msgs/include/linkattacher_msgs/linkattacher_msgs/srv/detail/detach_link__functions.h
[1.623s] -- Up-to-date symlink: /ros2_ws/install/linkattacher_msgs/include/linkattacher_msgs/linkattacher_msgs/srv/detail/detach_link__struct.h
[1.624s] -- Up-to-date symlink: /ros2_ws/install/linkattacher_msgs/include/linkattacher_msgs/linkattacher_msgs/srv/detail/detach_link__type_support.h
[1.629s] -- Up-to-date symlink: /ros2_ws/install/linkattacher_msgs/share/linkattacher_msgs/environment/library_path.sh
[1.630s] -- Up-to-date symlink: /ros2_ws/install/linkattacher_msgs/share/linkattacher_msgs/environment/library_path.dsv
[1.635s] -- Up-to-date symlink: /ros2_ws/install/linkattacher_msgs/include/linkattacher_msgs/linkattacher_msgs/msg/rosidl_typesupport_fastrtps_c__visibility_control.h
[1.651s] -- Up-to-date symlink: /ros2_ws/install/linkattacher_msgs/include/linkattacher_msgs/linkattacher_msgs/srv/detail/attach_link__rosidl_typesupport_fastrtps_c.h
[1.655s] -- Up-to-date symlink: /ros2_ws/install/linkattacher_msgs/include/linkattacher_msgs/linkattacher_msgs/srv/detail/detach_link__rosidl_typesupport_fastrtps_c.h
[1.656s] -- Up-to-date symlink: /ros2_ws/install/linkattacher_msgs/include/linkattacher_msgs/linkattacher_msgs/msg/rosidl_typesupport_introspection_c__visibility_control.h
[1.656s] -- Up-to-date symlink: /ros2_ws/install/linkattacher_msgs/include/linkattacher_msgs/linkattacher_msgs/srv/detail/attach_link__rosidl_typesupport_introspection_c.h
[1.657s] -- Up-to-date symlink: /ros2_ws/install/linkattacher_msgs/include/linkattacher_msgs/linkattacher_msgs/srv/detail/detach_link__rosidl_typesupport_introspection_c.h
[1.660s] -- Up-to-date symlink: /ros2_ws/install/linkattacher_msgs/include/linkattacher_msgs/linkattacher_msgs/msg/rosidl_generator_cpp__visibility_control.hpp
[1.661s] -- Up-to-date symlink: /ros2_ws/install/linkattacher_msgs/include/linkattacher_msgs/linkattacher_msgs/srv/attach_link.hpp
[1.666s] -- Up-to-date symlink: /ros2_ws/install/linkattacher_msgs/include/linkattacher_msgs/linkattacher_msgs/srv/detach_link.hpp
[1.667s] -- Up-to-date symlink: /ros2_ws/install/linkattacher_msgs/include/linkattacher_msgs/linkattacher_msgs/srv/detail/attach_link__builder.hpp
[1.672s] -- Up-to-date symlink: /ros2_ws/install/linkattacher_msgs/include/linkattacher_msgs/linkattacher_msgs/srv/detail/attach_link__struct.hpp
[1.678s] -- Up-to-date symlink: /ros2_ws/install/linkattacher_msgs/include/linkattacher_msgs/linkattacher_msgs/srv/detail/attach_link__traits.hpp
[1.680s] -- Up-to-date symlink: /ros2_ws/install/linkattacher_msgs/include/linkattacher_msgs/linkattacher_msgs/srv/detail/attach_link__type_support.hpp
[1.684s] -- Up-to-date symlink: /ros2_ws/install/linkattacher_msgs/include/linkattacher_msgs/linkattacher_msgs/srv/detail/detach_link__builder.hpp
[1.694s] -- Up-to-date symlink: /ros2_ws/install/linkattacher_msgs/include/linkattacher_msgs/linkattacher_msgs/srv/detail/detach_link__struct.hpp
[1.697s] -- Up-to-date symlink: /ros2_ws/install/linkattacher_msgs/include/linkattacher_msgs/linkattacher_msgs/srv/detail/detach_link__traits.hpp
[1.700s] -- Up-to-date symlink: /ros2_ws/install/linkattacher_msgs/include/linkattacher_msgs/linkattacher_msgs/srv/detail/detach_link__type_support.hpp
[1.703s] -- Up-to-date symlink: /ros2_ws/install/linkattacher_msgs/include/linkattacher_msgs/linkattacher_msgs/msg/rosidl_typesupport_fastrtps_cpp__visibility_control.h
[1.704s] -- Up-to-date symlink: /ros2_ws/install/linkattacher_msgs/include/linkattacher_msgs/linkattacher_msgs/srv/detail/attach_link__rosidl_typesupport_fastrtps_cpp.hpp
[1.712s] -- Up-to-date symlink: /ros2_ws/install/linkattacher_msgs/include/linkattacher_msgs/linkattacher_msgs/srv/detail/detach_link__rosidl_typesupport_fastrtps_cpp.hpp
[1.714s] -- Up-to-date symlink: /ros2_ws/install/linkattacher_msgs/include/linkattacher_msgs/linkattacher_msgs/srv/detail/attach_link__rosidl_typesupport_introspection_cpp.hpp
[1.724s] -- Up-to-date symlink: /ros2_ws/install/linkattacher_msgs/include/linkattacher_msgs/linkattacher_msgs/srv/detail/detach_link__rosidl_typesupport_introspection_cpp.hpp
[1.728s] -- Up-to-date symlink: /ros2_ws/install/linkattacher_msgs/share/linkattacher_msgs/environment/pythonpath.sh
[1.729s] -- Up-to-date symlink: /ros2_ws/install/linkattacher_msgs/share/linkattacher_msgs/environment/pythonpath.dsv
[1.732s] -- Up-to-date symlink: /ros2_ws/install/linkattacher_msgs/local/lib/python3.10/dist-packages/linkattacher_msgs-0.0.0-py3.10.egg-info/PKG-INFO
[1.733s] -- Up-to-date symlink: /ros2_ws/install/linkattacher_msgs/local/lib/python3.10/dist-packages/linkattacher_msgs-0.0.0-py3.10.egg-info/SOURCES.txt
[1.734s] -- Up-to-date symlink: /ros2_ws/install/linkattacher_msgs/local/lib/python3.10/dist-packages/linkattacher_msgs-0.0.0-py3.10.egg-info/dependency_links.txt
[1.735s] -- Up-to-date symlink: /ros2_ws/install/linkattacher_msgs/local/lib/python3.10/dist-packages/linkattacher_msgs-0.0.0-py3.10.egg-info/top_level.txt
[1.739s] -- Up-to-date symlink: /ros2_ws/install/linkattacher_msgs/local/lib/python3.10/dist-packages/linkattacher_msgs/__init__.py
[1.740s] -- Up-to-date symlink: /ros2_ws/install/linkattacher_msgs/local/lib/python3.10/dist-packages/linkattacher_msgs/_linkattacher_msgs_s.ep.rosidl_typesupport_c.c
[1.741s] -- Up-to-date symlink: /ros2_ws/install/linkattacher_msgs/local/lib/python3.10/dist-packages/linkattacher_msgs/_linkattacher_msgs_s.ep.rosidl_typesupport_fastrtps_c.c
[1.742s] -- Up-to-date symlink: /ros2_ws/install/linkattacher_msgs/local/lib/python3.10/dist-packages/linkattacher_msgs/_linkattacher_msgs_s.ep.rosidl_typesupport_introspection_c.c
[1.742s] -- Up-to-date symlink: /ros2_ws/install/linkattacher_msgs/local/lib/python3.10/dist-packages/linkattacher_msgs/liblinkattacher_msgs__rosidl_generator_py.so
[1.748s] -- Up-to-date symlink: /ros2_ws/install/linkattacher_msgs/local/lib/python3.10/dist-packages/linkattacher_msgs/linkattacher_msgs_s__rosidl_typesupport_c.cpython-310-x86_64-linux-gnu.so
[1.752s] -- Up-to-date symlink: /ros2_ws/install/linkattacher_msgs/local/lib/python3.10/dist-packages/linkattacher_msgs/linkattacher_msgs_s__rosidl_typesupport_fastrtps_c.cpython-310-x86_64-linux-gnu.so
[1.754s] -- Up-to-date symlink: /ros2_ws/install/linkattacher_msgs/local/lib/python3.10/dist-packages/linkattacher_msgs/linkattacher_msgs_s__rosidl_typesupport_introspection_c.cpython-310-x86_64-linux-gnu.so
[1.769s] -- Up-to-date symlink: /ros2_ws/install/linkattacher_msgs/local/lib/python3.10/dist-packages/linkattacher_msgs/srv/__init__.py
[1.770s] -- Up-to-date symlink: /ros2_ws/install/linkattacher_msgs/local/lib/python3.10/dist-packages/linkattacher_msgs/srv/_attach_link.py
[1.770s] -- Up-to-date symlink: /ros2_ws/install/linkattacher_msgs/local/lib/python3.10/dist-packages/linkattacher_msgs/srv/_attach_link_s.c
[1.772s] -- Up-to-date symlink: /ros2_ws/install/linkattacher_msgs/local/lib/python3.10/dist-packages/linkattacher_msgs/srv/_detach_link.py
[1.774s] -- Up-to-date symlink: /ros2_ws/install/linkattacher_msgs/local/lib/python3.10/dist-packages/linkattacher_msgs/srv/_detach_link_s.c
[1.775s] -- Up-to-date symlink: /ros2_ws/install/linkattacher_msgs/local/lib/python3.10/dist-packages/linkattacher_msgs/linkattacher_msgs_s__rosidl_typesupport_fastrtps_c.cpython-310-x86_64-linux-gnu.so
[1.778s] -- Up-to-date symlink: /ros2_ws/install/linkattacher_msgs/local/lib/python3.10/dist-packages/linkattacher_msgs/linkattacher_msgs_s__rosidl_typesupport_introspection_c.cpython-310-x86_64-linux-gnu.so
[1.778s] -- Up-to-date symlink: /ros2_ws/install/linkattacher_msgs/local/lib/python3.10/dist-packages/linkattacher_msgs/linkattacher_msgs_s__rosidl_typesupport_c.cpython-310-x86_64-linux-gnu.so
[1.781s] -- Up-to-date symlink: /ros2_ws/install/linkattacher_msgs/share/linkattacher_msgs/srv/AttachLink.idl
[1.785s] -- Up-to-date symlink: /ros2_ws/install/linkattacher_msgs/share/linkattacher_msgs/srv/DetachLink.idl
[1.788s] -- Up-to-date symlink: /ros2_ws/install/linkattacher_msgs/share/linkattacher_msgs/srv/AttachLink.srv
[1.793s] -- Up-to-date symlink: /ros2_ws/install/linkattacher_msgs/share/linkattacher_msgs/srv/AttachLink_Request.msg
[1.796s] -- Up-to-date symlink: /ros2_ws/install/linkattacher_msgs/share/linkattacher_msgs/srv/AttachLink_Response.msg
[1.799s] -- Up-to-date symlink: /ros2_ws/install/linkattacher_msgs/share/linkattacher_msgs/srv/DetachLink.srv
[1.804s] -- Up-to-date symlink: /ros2_ws/install/linkattacher_msgs/share/linkattacher_msgs/srv/DetachLink_Request.msg
[1.805s] -- Up-to-date symlink: /ros2_ws/install/linkattacher_msgs/share/linkattacher_msgs/srv/DetachLink_Response.msg
[1.812s] -- Up-to-date symlink: /ros2_ws/install/linkattacher_msgs/share/ament_index/resource_index/package_run_dependencies/linkattacher_msgs
[1.815s] -- Up-to-date symlink: /ros2_ws/install/linkattacher_msgs/share/ament_index/resource_index/parent_prefix_path/linkattacher_msgs
[1.816s] -- Up-to-date symlink: /ros2_ws/install/linkattacher_msgs/share/linkattacher_msgs/environment/ament_prefix_path.sh
[1.818s] -- Up-to-date symlink: /ros2_ws/install/linkattacher_msgs/share/linkattacher_msgs/environment/ament_prefix_path.dsv
[1.820s] -- Up-to-date symlink: /ros2_ws/install/linkattacher_msgs/share/linkattacher_msgs/environment/path.sh
[1.820s] -- Up-to-date symlink: /ros2_ws/install/linkattacher_msgs/share/linkattacher_msgs/environment/path.dsv
[1.822s] -- Up-to-date symlink: /ros2_ws/install/linkattacher_msgs/share/linkattacher_msgs/local_setup.bash
[1.823s] -- Up-to-date symlink: /ros2_ws/install/linkattacher_msgs/share/linkattacher_msgs/local_setup.sh
[1.824s] -- Up-to-date symlink: /ros2_ws/install/linkattacher_msgs/share/linkattacher_msgs/local_setup.zsh
[1.827s] -- Up-to-date symlink: /ros2_ws/install/linkattacher_msgs/share/linkattacher_msgs/local_setup.dsv
[1.829s] -- Symlinking: /ros2_ws/install/linkattacher_msgs/share/linkattacher_msgs/package.dsv
[1.854s] -- Up-to-date symlink: /ros2_ws/install/linkattacher_msgs/share/ament_index/resource_index/packages/linkattacher_msgs
[1.855s] -- Up-to-date symlink: /ros2_ws/install/linkattacher_msgs/share/linkattacher_msgs/cmake/rosidl_cmake-extras.cmake
[1.855s] -- Up-to-date symlink: /ros2_ws/install/linkattacher_msgs/share/linkattacher_msgs/cmake/ament_cmake_export_include_directories-extras.cmake
[1.858s] -- Up-to-date symlink: /ros2_ws/install/linkattacher_msgs/share/linkattacher_msgs/cmake/ament_cmake_export_libraries-extras.cmake
[1.859s] -- Up-to-date symlink: /ros2_ws/install/linkattacher_msgs/share/linkattacher_msgs/cmake/ament_cmake_export_targets-extras.cmake
[1.859s] -- Up-to-date symlink: /ros2_ws/install/linkattacher_msgs/share/linkattacher_msgs/cmake/rosidl_cmake_export_typesupport_targets-extras.cmake
[1.860s] -- Up-to-date symlink: /ros2_ws/install/linkattacher_msgs/share/linkattacher_msgs/cmake/ament_cmake_export_dependencies-extras.cmake
[1.861s] -- Up-to-date symlink: /ros2_ws/install/linkattacher_msgs/share/linkattacher_msgs/cmake/rosidl_cmake_export_typesupport_libraries-extras.cmake
[1.862s] -- Up-to-date symlink: /ros2_ws/install/linkattacher_msgs/share/linkattacher_msgs/cmake/linkattacher_msgsConfig.cmake
[1.862s] -- Up-to-date symlink: /ros2_ws/install/linkattacher_msgs/share/linkattacher_msgs/cmake/linkattacher_msgsConfig-version.cmake
[1.864s] -- Up-to-date symlink: /ros2_ws/install/linkattacher_msgs/share/linkattacher_msgs/package.xml
[1.865s] -- Up-to-date: /ros2_ws/install/linkattacher_msgs/lib/liblinkattacher_msgs__rosidl_generator_c.so
[1.867s] -- Up-to-date: /ros2_ws/install/linkattacher_msgs/lib/liblinkattacher_msgs__rosidl_typesupport_fastrtps_c.so
[1.868s] -- Up-to-date: /ros2_ws/install/linkattacher_msgs/lib/liblinkattacher_msgs__rosidl_typesupport_introspection_c.so
[1.870s] -- Up-to-date: /ros2_ws/install/linkattacher_msgs/lib/liblinkattacher_msgs__rosidl_typesupport_c.so
[1.873s] -- Up-to-date: /ros2_ws/install/linkattacher_msgs/lib/liblinkattacher_msgs__rosidl_typesupport_fastrtps_cpp.so
[1.875s] -- Up-to-date: /ros2_ws/install/linkattacher_msgs/lib/liblinkattacher_msgs__rosidl_typesupport_introspection_cpp.so
[1.878s] -- Up-to-date: /ros2_ws/install/linkattacher_msgs/lib/liblinkattacher_msgs__rosidl_typesupport_cpp.so
[1.945s] Listing '/ros2_ws/install/linkattacher_msgs/local/lib/python3.10/dist-packages/linkattacher_msgs'...
[1.945s] Listing '/ros2_ws/install/linkattacher_msgs/local/lib/python3.10/dist-packages/linkattacher_msgs/srv'...
[1.955s] -- Up-to-date: /ros2_ws/install/linkattacher_msgs/lib/liblinkattacher_msgs__rosidl_generator_py.so
[1.957s] -- Up-to-date: /ros2_ws/install/linkattacher_msgs/share/linkattacher_msgs/cmake/export_linkattacher_msgs__rosidl_generator_cExport.cmake
[1.957s] -- Up-to-date: /ros2_ws/install/linkattacher_msgs/share/linkattacher_msgs/cmake/export_linkattacher_msgs__rosidl_generator_cExport-release.cmake
[1.958s] -- Up-to-date: /ros2_ws/install/linkattacher_msgs/share/linkattacher_msgs/cmake/export_linkattacher_msgs__rosidl_typesupport_fastrtps_cExport.cmake
[1.958s] -- Up-to-date: /ros2_ws/install/linkattacher_msgs/share/linkattacher_msgs/cmake/export_linkattacher_msgs__rosidl_typesupport_fastrtps_cExport-release.cmake
[1.959s] -- Up-to-date: /ros2_ws/install/linkattacher_msgs/share/linkattacher_msgs/cmake/linkattacher_msgs__rosidl_typesupport_introspection_cExport.cmake
[1.960s] -- Up-to-date: /ros2_ws/install/linkattacher_msgs/share/linkattacher_msgs/cmake/linkattacher_msgs__rosidl_typesupport_introspection_cExport-release.cmake
[1.960s] -- Up-to-date: /ros2_ws/install/linkattacher_msgs/share/linkattacher_msgs/cmake/linkattacher_msgs__rosidl_typesupport_cExport.cmake
[1.961s] -- Up-to-date: /ros2_ws/install/linkattacher_msgs/share/linkattacher_msgs/cmake/linkattacher_msgs__rosidl_typesupport_cExport-release.cmake
[1.962s] -- Up-to-date: /ros2_ws/install/linkattacher_msgs/share/linkattacher_msgs/cmake/export_linkattacher_msgs__rosidl_generator_cppExport.cmake
[1.964s] -- Up-to-date: /ros2_ws/install/linkattacher_msgs/share/linkattacher_msgs/cmake/export_linkattacher_msgs__rosidl_typesupport_fastrtps_cppExport.cmake
[1.965s] -- Up-to-date: /ros2_ws/install/linkattacher_msgs/share/linkattacher_msgs/cmake/export_linkattacher_msgs__rosidl_typesupport_fastrtps_cppExport-release.cmake
[1.965s] -- Up-to-date: /ros2_ws/install/linkattacher_msgs/share/linkattacher_msgs/cmake/linkattacher_msgs__rosidl_typesupport_introspection_cppExport.cmake
[1.965s] -- Up-to-date: /ros2_ws/install/linkattacher_msgs/share/linkattacher_msgs/cmake/linkattacher_msgs__rosidl_typesupport_introspection_cppExport-release.cmake
[1.966s] -- Up-to-date: /ros2_ws/install/linkattacher_msgs/share/linkattacher_msgs/cmake/linkattacher_msgs__rosidl_typesupport_cppExport.cmake
[1.966s] -- Up-to-date: /ros2_ws/install/linkattacher_msgs/share/linkattacher_msgs/cmake/linkattacher_msgs__rosidl_typesupport_cppExport-release.cmake
[1.966s] -- Up-to-date: /ros2_ws/install/linkattacher_msgs/share/linkattacher_msgs/cmake/export_linkattacher_msgs__rosidl_generator_pyExport.cmake
[1.967s] -- Up-to-date: /ros2_ws/install/linkattacher_msgs/share/linkattacher_msgs/cmake/export_linkattacher_msgs__rosidl_generator_pyExport-release.cmake
[2.104s] Invoked command in '/ros2_ws/build/linkattacher_msgs' returned '0': CMAKE_PREFIX_PATH=/opt/ros/humble /usr/bin/cmake --install /ros2_ws/build/linkattacher_msgs
