[3.405s] Invoking command in '/ros2_ws/build/launch_param_builder': PYTHONPATH=/ros2_ws/build/launch_param_builder/prefix_override:/usr/lib/python3/dist-packages/colcon_core/task/python/colcon_distutils_commands:/ros2_ws/install/launch_param_builder/lib/python3.10/site-packages:${PYTHONPATH} /usr/bin/python3 -W ignore:setup.py install is deprecated -W ignore:easy_install command is deprecated setup.py develop --editable --build-directory /ros2_ws/build/launch_param_builder/build --no-deps symlink_data
[4.493s] running develop
[5.159s] running egg_info
[5.160s] creating launch_param_builder.egg-info
[5.160s] writing launch_param_builder.egg-info/PKG-INFO
[5.160s] writing dependency_links to launch_param_builder.egg-info/dependency_links.txt
[5.161s] writing entry points to launch_param_builder.egg-info/entry_points.txt
[5.161s] writing requirements to launch_param_builder.egg-info/requires.txt
[5.161s] writing top-level names to launch_param_builder.egg-info/top_level.txt
[5.162s] writing manifest file 'launch_param_builder.egg-info/SOURCES.txt'
[5.166s] reading manifest file 'launch_param_builder.egg-info/SOURCES.txt'
[5.169s] writing manifest file 'launch_param_builder.egg-info/SOURCES.txt'
[5.172s] running build_ext
[5.173s] Creating /ros2_ws/install/launch_param_builder/lib/python3.10/site-packages/launch-param-builder.egg-link (link to .)
[5.175s] 
[5.175s] Installed /ros2_ws/build/launch_param_builder
[5.176s] running symlink_data
[5.176s] creating /ros2_ws/install/launch_param_builder/share/ament_index
[5.176s] creating /ros2_ws/install/launch_param_builder/share/ament_index/resource_index
[5.176s] creating /ros2_ws/install/launch_param_builder/share/ament_index/resource_index/packages
[5.177s] symbolically linking /ros2_ws/build/launch_param_builder/resource/launch_param_builder -> /ros2_ws/install/launch_param_builder/share/ament_index/resource_index/packages
[5.177s] creating /ros2_ws/install/launch_param_builder/share/launch_param_builder/launch
[5.177s] symbolically linking /ros2_ws/build/launch_param_builder/example/launch_param_builder_example.launch.py -> /ros2_ws/install/launch_param_builder/share/launch_param_builder/launch
[5.177s] creating /ros2_ws/install/launch_param_builder/share/launch_param_builder/config
[5.178s] symbolically linking /ros2_ws/build/launch_param_builder/test/data/param_file_to_inject.yaml -> /ros2_ws/install/launch_param_builder/share/launch_param_builder/config
[5.178s] symbolically linking /ros2_ws/build/launch_param_builder/test/data/parameter_file -> /ros2_ws/install/launch_param_builder/share/launch_param_builder/config
[5.178s] symbolically linking /ros2_ws/build/launch_param_builder/test/data/parameters.yaml -> /ros2_ws/install/launch_param_builder/share/launch_param_builder/config
[5.178s] symbolically linking /ros2_ws/build/launch_param_builder/test/data/parameters_injection.yaml -> /ros2_ws/install/launch_param_builder/share/launch_param_builder/config
[5.178s] symbolically linking /ros2_ws/build/launch_param_builder/test/data/parameter.xacro -> /ros2_ws/install/launch_param_builder/share/launch_param_builder/config
[5.178s] symbolically linking /ros2_ws/build/launch_param_builder/package.xml -> /ros2_ws/install/launch_param_builder/share/launch_param_builder
[5.179s] creating /ros2_ws/install/launch_param_builder/lib/launch_param_builder
[5.179s] symbolically linking /ros2_ws/build/launch_param_builder/example/example_node.py -> /ros2_ws/install/launch_param_builder/lib/launch_param_builder
[5.271s] Invoked command in '/ros2_ws/build/launch_param_builder' returned '0': PYTHONPATH=/ros2_ws/build/launch_param_builder/prefix_override:/usr/lib/python3/dist-packages/colcon_core/task/python/colcon_distutils_commands:/ros2_ws/install/launch_param_builder/lib/python3.10/site-packages:${PYTHONPATH} /usr/bin/python3 -W ignore:setup.py install is deprecated -W ignore:easy_install command is deprecated setup.py develop --editable --build-directory /ros2_ws/build/launch_param_builder/build --no-deps symlink_data
