[0.074s] Invoking command in '/ros2_ws/build/ros2srrc_ur3e': CMAKE_PREFIX_PATH=/opt/ros/humble /usr/bin/cmake /ros2_ws/src/ros2_SimRealRobotControl/packages/ros2srrc_ur3e -DCMAKE_BUILD_TYPE=Release -DAMENT_CMAKE_SYMLINK_INSTALL=1 -DCMAKE_INSTALL_PREFIX=/ros2_ws/install/ros2srrc_ur3e
[1.681s] -- The C compiler identification is GNU 11.4.0
[1.681s] -- The CXX compiler identification is GNU 11.4.0
[1.681s] -- Detecting C compiler ABI info
[1.681s] -- Detecting C compiler ABI info - done
[1.681s] -- Check for working C compiler: /usr/bin/cc - skipped
[1.682s] -- Detecting C compile features
[1.682s] -- Detecting C compile features - done
[1.682s] -- Detecting CXX compiler ABI info
[1.682s] -- Detecting CXX compiler ABI info - done
[1.682s] -- Check for working CXX compiler: /usr/bin/c++ - skipped
[1.682s] -- Detecting CXX compile features
[1.682s] -- Detecting CXX compile features - done
[1.683s] -- Found ament_cmake: 1.3.12 (/opt/ros/humble/share/ament_cmake/cmake)
[1.683s] -- Found Python3: /usr/bin/python3 (found version "3.10.12") found components: Interpreter 
[1.683s] -- Override CMake install command with custom implementation using symlinks instead of copying resources
[1.683s] -- Found ament_lint_auto: 0.12.14 (/opt/ros/humble/share/ament_lint_auto/cmake)
[1.758s] -- Added test 'copyright' to check source files copyright and LICENSE
[1.762s] -- Added test 'lint_cmake' to check CMake code style
[1.764s] -- Added test 'xmllint' to check XML markup files
[1.767s] -- Configuring done
[1.775s] -- Generating done
[1.778s] -- Build files have been written to: /ros2_ws/build/ros2srrc_ur3e
[1.787s] Invoked command in '/ros2_ws/build/ros2srrc_ur3e' returned '0': CMAKE_PREFIX_PATH=/opt/ros/humble /usr/bin/cmake /ros2_ws/src/ros2_SimRealRobotControl/packages/ros2srrc_ur3e -DCMAKE_BUILD_TYPE=Release -DAMENT_CMAKE_SYMLINK_INSTALL=1 -DCMAKE_INSTALL_PREFIX=/ros2_ws/install/ros2srrc_ur3e
[1.799s] Invoking command in '/ros2_ws/build/ros2srrc_ur3e': CMAKE_PREFIX_PATH=/opt/ros/humble /usr/bin/cmake --build /ros2_ws/build/ros2srrc_ur3e -- -j8 -l8
[1.866s] Invoked command in '/ros2_ws/build/ros2srrc_ur3e' returned '0': CMAKE_PREFIX_PATH=/opt/ros/humble /usr/bin/cmake --build /ros2_ws/build/ros2srrc_ur3e -- -j8 -l8
[1.867s] Invoking command in '/ros2_ws/build/ros2srrc_ur3e': CMAKE_PREFIX_PATH=/opt/ros/humble /usr/bin/cmake --install /ros2_ws/build/ros2srrc_ur3e
[2.159s] -- Install configuration: "Release"
[2.160s] -- Execute custom install script
[2.160s] -- Symlinking: /ros2_ws/install/ros2srrc_ur3e/share/ros2srrc_ur3e/config/configurations.yaml
[2.160s] -- Symlinking: /ros2_ws/install/ros2srrc_ur3e/share/ros2srrc_ur3e/urdf/ur3e.urdf.xacro
[2.160s] -- Symlinking: /ros2_ws/install/ros2srrc_ur3e/share/ros2srrc_ur3e/urdf/ur3e_robotiq_2f85.urdf.xacro
[2.160s] -- Symlinking: /ros2_ws/install/ros2srrc_ur3e/share/ros2srrc_ur3e/urdf/ur3e_robotiq_hande.urdf.xacro
[2.160s] -- Symlinking: /ros2_ws/install/ros2srrc_ur3e/share/ament_index/resource_index/package_run_dependencies/ros2srrc_ur3e
[2.161s] -- Symlinking: /ros2_ws/install/ros2srrc_ur3e/share/ament_index/resource_index/parent_prefix_path/ros2srrc_ur3e
[2.161s] -- Symlinking: /ros2_ws/install/ros2srrc_ur3e/share/ros2srrc_ur3e/environment/ament_prefix_path.sh
[2.161s] -- Symlinking: /ros2_ws/install/ros2srrc_ur3e/share/ros2srrc_ur3e/environment/ament_prefix_path.dsv
[2.161s] -- Symlinking: /ros2_ws/install/ros2srrc_ur3e/share/ros2srrc_ur3e/environment/path.sh
[2.161s] -- Symlinking: /ros2_ws/install/ros2srrc_ur3e/share/ros2srrc_ur3e/environment/path.dsv
[2.161s] -- Symlinking: /ros2_ws/install/ros2srrc_ur3e/share/ros2srrc_ur3e/local_setup.bash
[2.162s] -- Symlinking: /ros2_ws/install/ros2srrc_ur3e/share/ros2srrc_ur3e/local_setup.sh
[2.162s] -- Symlinking: /ros2_ws/install/ros2srrc_ur3e/share/ros2srrc_ur3e/local_setup.zsh
[2.162s] -- Symlinking: /ros2_ws/install/ros2srrc_ur3e/share/ros2srrc_ur3e/local_setup.dsv
[2.162s] -- Symlinking: /ros2_ws/install/ros2srrc_ur3e/share/ros2srrc_ur3e/package.dsv
[2.162s] -- Symlinking: /ros2_ws/install/ros2srrc_ur3e/share/ament_index/resource_index/packages/ros2srrc_ur3e
[2.162s] -- Symlinking: /ros2_ws/install/ros2srrc_ur3e/share/ros2srrc_ur3e/cmake/ros2srrc_ur3eConfig.cmake
[2.173s] -- Symlinking: /ros2_ws/install/ros2srrc_ur3e/share/ros2srrc_ur3e/cmake/ros2srrc_ur3eConfig-version.cmake
[2.181s] -- Symlinking: /ros2_ws/install/ros2srrc_ur3e/share/ros2srrc_ur3e/package.xml
[2.219s] Invoked command in '/ros2_ws/build/ros2srrc_ur3e' returned '0': CMAKE_PREFIX_PATH=/opt/ros/humble /usr/bin/cmake --install /ros2_ws/build/ros2srrc_ur3e
