[0.038s] Invoking command in '/ros2_ws/build/as2_usb_camera_interface': AMENT_PREFIX_PATH=/ros2_ws/install/as2_core:/ros2_ws/install/as2_msgs:${AMENT_PREFIX_PATH} CMAKE_PREFIX_PATH=/ros2_ws/install/as2_core:/ros2_ws/install/as2_msgs:/opt/ros/humble LD_LIBRARY_PATH=/ros2_ws/install/as2_core/lib:/ros2_ws/install/as2_msgs/lib:${LD_LIBRARY_PATH} PYTHONPATH=/ros2_ws/install/as2_core/local/lib/python3.10/dist-packages:/ros2_ws/install/as2_msgs/local/lib/python3.10/dist-packages:${PYTHONPATH} /usr/bin/cmake /ros2_ws/src/aerostack2/as2_hardware_drivers/as2_usb_camera_interface -DCMAKE_BUILD_TYPE=Release -DAMENT_CMAKE_SYMLINK_INSTALL=1 -DCMAKE_INSTALL_PREFIX=/ros2_ws/install/as2_usb_camera_interface
[5.797s] -- The C compiler identification is GNU 11.4.0
[5.797s] -- The CXX compiler identification is GNU 11.4.0
[5.798s] -- Detecting C compiler ABI info
[5.798s] -- Detecting C compiler ABI info - done
[5.798s] -- Check for working C compiler: /usr/bin/cc - skipped
[5.798s] -- Detecting C compile features
[5.798s] -- Detecting C compile features - done
[5.798s] -- Detecting CXX compiler ABI info
[5.799s] -- Detecting CXX compiler ABI info - done
[5.799s] -- Check for working CXX compiler: /usr/bin/c++ - skipped
[5.799s] -- Detecting CXX compile features
[5.799s] -- Detecting CXX compile features - done
[5.799s] -- Found ament_cmake: 1.3.12 (/opt/ros/humble/share/ament_cmake/cmake)
[5.799s] -- Found Python3: /usr/bin/python3 (found version "3.10.12") found components: Interpreter 
[5.800s] -- Override CMake install command with custom implementation using symlinks instead of copying resources
[5.800s] -- Found rclcpp: 16.0.16 (/opt/ros/humble/share/rclcpp/cmake)
[5.800s] -- Found rosidl_generator_c: 3.1.7 (/opt/ros/humble/share/rosidl_generator_c/cmake)
[5.800s] -- Found rosidl_adapter: 3.1.7 (/opt/ros/humble/share/rosidl_adapter/cmake)
[5.800s] -- Found rosidl_generator_cpp: 3.1.7 (/opt/ros/humble/share/rosidl_generator_cpp/cmake)
[5.800s] -- Using all available rosidl_typesupport_c: rosidl_typesupport_fastrtps_c;rosidl_typesupport_introspection_c
[5.801s] -- Using all available rosidl_typesupport_cpp: rosidl_typesupport_fastrtps_cpp;rosidl_typesupport_introspection_cpp
[5.801s] -- Found rmw_implementation_cmake: 6.1.2 (/opt/ros/humble/share/rmw_implementation_cmake/cmake)
[5.801s] -- Found rmw_cyclonedds_cpp: 1.3.4 (/opt/ros/humble/share/rmw_cyclonedds_cpp/cmake)
[5.801s] -- Using RMW implementation 'rmw_cyclonedds_cpp' as default
[5.801s] -- Looking for pthread.h
[5.801s] -- Looking for pthread.h - found
[5.802s] -- Performing Test CMAKE_HAVE_LIBC_PTHREAD
[5.802s] -- Performing Test CMAKE_HAVE_LIBC_PTHREAD - Success
[5.802s] -- Found Threads: TRUE  
[5.802s] -- Found as2_core: 1.1.3 (/ros2_ws/install/as2_core/share/as2_core/cmake)
[5.803s] -- Created yaml-cpp::yaml-cpp alias from yaml-cpp target
[5.804s] -- Created GeographicLib::GeographicLib target from legacy variables
[5.804s] -- Found eigen3_cmake_module: 0.1.1 (/opt/ros/humble/share/eigen3_cmake_module/cmake)
[5.804s] -- Found Eigen3: TRUE (found version "3.4.0") 
[5.804s] -- Ensuring Eigen3 include directory is part of orocos-kdl CMake target
[5.804s] -- Found OpenCV: /usr (found version "4.5.4") 
[5.804s] -- Found ament_lint_auto: 0.12.14 (/opt/ros/humble/share/ament_lint_auto/cmake)
[5.805s] -- Found gtest sources under '/opt/ros/humble/src/gtest_vendor': C++ tests using 'Google Test' will be built
[5.805s] -- Added test 'copyright' to check source files copyright and LICENSE
[5.805s] -- Added test 'cppcheck' to perform static code analysis on C / C++ code
[5.805s] -- Configured cppcheck include dirs: /ros2_ws/src/aerostack2/as2_hardware_drivers/as2_usb_camera_interface/include;/ros2_ws/src/aerostack2/as2_hardware_drivers/as2_usb_camera_interface/include/as2_usb_camera_interface
[5.805s] -- Configured cppcheck exclude dirs and/or files: 
[5.805s] -- Added test 'cpplint' to check C / C++ code against the Google style
[5.806s] -- Configured cpplint exclude dirs and/or files: 
[5.806s] -- Added test 'flake8' to check Python code syntax and style conventions
[5.806s] -- Added test 'lint_cmake' to check CMake code style
[5.806s] -- Added test 'pep257' to check Python code against some of the docstring style conventions in PEP 257
[5.806s] -- Added test 'uncrustify' to check C / C++ code style
[5.806s] -- Configured uncrustify additional arguments: 
[5.806s] -- Added test 'xmllint' to check XML markup files
[5.807s] -- Configuring done
[5.807s] -- Generating done
[5.807s] -- Build files have been written to: /ros2_ws/build/as2_usb_camera_interface
[5.811s] Invoked command in '/ros2_ws/build/as2_usb_camera_interface' returned '0': AMENT_PREFIX_PATH=/ros2_ws/install/as2_core:/ros2_ws/install/as2_msgs:${AMENT_PREFIX_PATH} CMAKE_PREFIX_PATH=/ros2_ws/install/as2_core:/ros2_ws/install/as2_msgs:/opt/ros/humble LD_LIBRARY_PATH=/ros2_ws/install/as2_core/lib:/ros2_ws/install/as2_msgs/lib:${LD_LIBRARY_PATH} PYTHONPATH=/ros2_ws/install/as2_core/local/lib/python3.10/dist-packages:/ros2_ws/install/as2_msgs/local/lib/python3.10/dist-packages:${PYTHONPATH} /usr/bin/cmake /ros2_ws/src/aerostack2/as2_hardware_drivers/as2_usb_camera_interface -DCMAKE_BUILD_TYPE=Release -DAMENT_CMAKE_SYMLINK_INSTALL=1 -DCMAKE_INSTALL_PREFIX=/ros2_ws/install/as2_usb_camera_interface
[5.812s] Invoking command in '/ros2_ws/build/as2_usb_camera_interface': AMENT_PREFIX_PATH=/ros2_ws/install/as2_core:/ros2_ws/install/as2_msgs:${AMENT_PREFIX_PATH} CMAKE_PREFIX_PATH=/ros2_ws/install/as2_core:/ros2_ws/install/as2_msgs:/opt/ros/humble LD_LIBRARY_PATH=/ros2_ws/install/as2_core/lib:/ros2_ws/install/as2_msgs/lib:${LD_LIBRARY_PATH} PYTHONPATH=/ros2_ws/install/as2_core/local/lib/python3.10/dist-packages:/ros2_ws/install/as2_msgs/local/lib/python3.10/dist-packages:${PYTHONPATH} /usr/bin/cmake --build /ros2_ws/build/as2_usb_camera_interface -- -j8 -l8
[24.567s] [  9%] [32mBuilding CXX object CMakeFiles/as2_usb_camera_interface_node.dir/src/as2_usb_camera_interface_node.cpp.o[0m
[24.568s] [ 18%] [32mBuilding CXX object CMakeFiles/as2_usb_camera_interface_node.dir/src/as2_usb_camera_interface.cpp.o[0m
[35.004s] [ 27%] [32m[1mLinking CXX executable as2_usb_camera_interface_node[0m
[36.146s] [ 27%] Built target as2_usb_camera_interface_node
[36.204s] [ 36%] [32mBuilding CXX object gtest/CMakeFiles/gtest.dir/src/gtest-all.cc.o[0m
[49.517s] [ 45%] [32m[1mLinking CXX static library libgtest.a[0m
[49.572s] [ 45%] Built target gtest
[49.605s] [ 54%] [32mBuilding CXX object gtest/CMakeFiles/gtest_main.dir/src/gtest_main.cc.o[0m
[51.169s] [ 63%] [32m[1mLinking CXX static library libgtest_main.a[0m
[51.219s] [ 63%] Built target gtest_main
[51.247s] [ 72%] [32mBuilding CXX object CMakeFiles/as2_usb_camera_interface.dir/src/as2_usb_camera_interface.cpp.o[0m
[64.030s] [ 81%] [32m[1mLinking CXX static library libas2_usb_camera_interface.a[0m
[64.073s] [ 81%] Built target as2_usb_camera_interface
[64.103s] [ 90%] [32mBuilding CXX object tests/CMakeFiles/as2_usb_camera_interface_as2_usb_camera_interface_gtest.dir/as2_usb_camera_interface_gtest.cpp.o[0m
[74.367s] [100%] [32m[1mLinking CXX executable as2_usb_camera_interface_as2_usb_camera_interface_gtest[0m
[75.703s] [100%] Built target as2_usb_camera_interface_as2_usb_camera_interface_gtest
[75.778s] Invoked command in '/ros2_ws/build/as2_usb_camera_interface' returned '0': AMENT_PREFIX_PATH=/ros2_ws/install/as2_core:/ros2_ws/install/as2_msgs:${AMENT_PREFIX_PATH} CMAKE_PREFIX_PATH=/ros2_ws/install/as2_core:/ros2_ws/install/as2_msgs:/opt/ros/humble LD_LIBRARY_PATH=/ros2_ws/install/as2_core/lib:/ros2_ws/install/as2_msgs/lib:${LD_LIBRARY_PATH} PYTHONPATH=/ros2_ws/install/as2_core/local/lib/python3.10/dist-packages:/ros2_ws/install/as2_msgs/local/lib/python3.10/dist-packages:${PYTHONPATH} /usr/bin/cmake --build /ros2_ws/build/as2_usb_camera_interface -- -j8 -l8
[75.779s] Invoking command in '/ros2_ws/build/as2_usb_camera_interface': AMENT_PREFIX_PATH=/ros2_ws/install/as2_core:/ros2_ws/install/as2_msgs:${AMENT_PREFIX_PATH} CMAKE_PREFIX_PATH=/ros2_ws/install/as2_core:/ros2_ws/install/as2_msgs:/opt/ros/humble LD_LIBRARY_PATH=/ros2_ws/install/as2_core/lib:/ros2_ws/install/as2_msgs/lib:${LD_LIBRARY_PATH} PYTHONPATH=/ros2_ws/install/as2_core/local/lib/python3.10/dist-packages:/ros2_ws/install/as2_msgs/local/lib/python3.10/dist-packages:${PYTHONPATH} /usr/bin/cmake --install /ros2_ws/build/as2_usb_camera_interface
[75.789s] -- Install configuration: "Release"
[75.802s] -- Execute custom install script
[75.802s] -- Symlinking: /ros2_ws/install/as2_usb_camera_interface/include/as2_usb_camera_interface/as2_usb_camera_interface.hpp
[75.808s] -- Symlinking: /ros2_ws/install/as2_usb_camera_interface/share/as2_usb_camera_interface/launch/as2_usb_camera_interface_launch.py
[75.828s] -- Symlinking: /ros2_ws/install/as2_usb_camera_interface/share/as2_usb_camera_interface/config/as2_usb_camera_interface/camera_info.yaml
[75.846s] -- Symlinking: /ros2_ws/install/as2_usb_camera_interface/share/as2_usb_camera_interface/config/as2_usb_camera_interface/wide02_720_info.yaml
[75.869s] -- Symlinking: /ros2_ws/install/as2_usb_camera_interface/share/as2_usb_camera_interface/config/as2_usb_camera_interface/wide03_1080_info.yaml
[75.893s] -- Symlinking: /ros2_ws/install/as2_usb_camera_interface/share/as2_usb_camera_interface/config/as2_usb_camera_interface/wide03_720_info.yaml
[75.910s] -- Symlinking: /ros2_ws/install/as2_usb_camera_interface/share/as2_usb_camera_interface/config/camera_calibration_default.yaml
[75.929s] -- Symlinking: /ros2_ws/install/as2_usb_camera_interface/share/as2_usb_camera_interface/config/config_file_default.yaml
[75.946s] -- Symlinking: /ros2_ws/install/as2_usb_camera_interface/share/as2_usb_camera_interface/config/tf_cam/f330_arguments.yaml
[75.964s] -- Symlinking: /ros2_ws/install/as2_usb_camera_interface/share/as2_usb_camera_interface/config/tf_cam/f450_arguments.yaml
[75.992s] -- Symlinking: /ros2_ws/install/as2_usb_camera_interface/share/as2_usb_camera_interface/config/tf_cam/sim_arguments.yaml
[76.013s] -- Symlinking: /ros2_ws/install/as2_usb_camera_interface/lib/as2_usb_camera_interface/as2_usb_camera_interface_node
[76.037s] -- Symlinking: /ros2_ws/install/as2_usb_camera_interface/share/ament_index/resource_index/package_run_dependencies/as2_usb_camera_interface
[76.055s] -- Symlinking: /ros2_ws/install/as2_usb_camera_interface/share/ament_index/resource_index/parent_prefix_path/as2_usb_camera_interface
[76.074s] -- Symlinking: /ros2_ws/install/as2_usb_camera_interface/share/as2_usb_camera_interface/environment/ament_prefix_path.sh
[76.092s] -- Symlinking: /ros2_ws/install/as2_usb_camera_interface/share/as2_usb_camera_interface/environment/ament_prefix_path.dsv
[76.111s] -- Symlinking: /ros2_ws/install/as2_usb_camera_interface/share/as2_usb_camera_interface/environment/path.sh
[76.133s] -- Symlinking: /ros2_ws/install/as2_usb_camera_interface/share/as2_usb_camera_interface/environment/path.dsv
[76.151s] -- Symlinking: /ros2_ws/install/as2_usb_camera_interface/share/as2_usb_camera_interface/local_setup.bash
[76.171s] -- Symlinking: /ros2_ws/install/as2_usb_camera_interface/share/as2_usb_camera_interface/local_setup.sh
[76.190s] -- Symlinking: /ros2_ws/install/as2_usb_camera_interface/share/as2_usb_camera_interface/local_setup.zsh
[76.209s] -- Symlinking: /ros2_ws/install/as2_usb_camera_interface/share/as2_usb_camera_interface/local_setup.dsv
[76.227s] -- Symlinking: /ros2_ws/install/as2_usb_camera_interface/share/as2_usb_camera_interface/package.dsv
[76.245s] -- Symlinking: /ros2_ws/install/as2_usb_camera_interface/share/ament_index/resource_index/packages/as2_usb_camera_interface
[76.263s] -- Symlinking: /ros2_ws/install/as2_usb_camera_interface/share/as2_usb_camera_interface/cmake/as2_usb_camera_interfaceConfig.cmake
[76.281s] -- Symlinking: /ros2_ws/install/as2_usb_camera_interface/share/as2_usb_camera_interface/cmake/as2_usb_camera_interfaceConfig-version.cmake
[76.298s] -- Symlinking: /ros2_ws/install/as2_usb_camera_interface/share/as2_usb_camera_interface/package.xml
[76.323s] -- Installing: /ros2_ws/install/as2_usb_camera_interface/lib/libas2_usb_camera_interface.a
[76.335s] Invoked command in '/ros2_ws/build/as2_usb_camera_interface' returned '0': AMENT_PREFIX_PATH=/ros2_ws/install/as2_core:/ros2_ws/install/as2_msgs:${AMENT_PREFIX_PATH} CMAKE_PREFIX_PATH=/ros2_ws/install/as2_core:/ros2_ws/install/as2_msgs:/opt/ros/humble LD_LIBRARY_PATH=/ros2_ws/install/as2_core/lib:/ros2_ws/install/as2_msgs/lib:${LD_LIBRARY_PATH} PYTHONPATH=/ros2_ws/install/as2_core/local/lib/python3.10/dist-packages:/ros2_ws/install/as2_msgs/local/lib/python3.10/dist-packages:${PYTHONPATH} /usr/bin/cmake --install /ros2_ws/build/as2_usb_camera_interface
