[0.530s] Invoking command in '/ros2_ws/build/linkpose_gazebo': AMENT_PREFIX_PATH=/ros2_ws/install/ros2_linkpose:/ros2_ws/install/linkpose_msgs:${AMENT_PREFIX_PATH} CMAKE_PREFIX_PATH=/ros2_ws/install/ros2_linkpose:/ros2_ws/install/linkpose_msgs:/opt/ros/humble LD_LIBRARY_PATH=/ros2_ws/install/ros2_linkpose/lib:/ros2_ws/install/linkpose_msgs/lib:${LD_LIBRARY_PATH} PYTHONPATH=/ros2_ws/install/linkpose_msgs/local/lib/python3.10/dist-packages:${PYTHONPATH} /usr/bin/cmake --build /ros2_ws/build/linkpose_gazebo -- -j8 -l8
[1.201s] Invoked command in '/ros2_ws/build/linkpose_gazebo' returned '0': AMENT_PREFIX_PATH=/ros2_ws/install/ros2_linkpose:/ros2_ws/install/linkpose_msgs:${AMENT_PREFIX_PATH} CMAKE_PREFIX_PATH=/ros2_ws/install/ros2_linkpose:/ros2_ws/install/linkpose_msgs:/opt/ros/humble LD_LIBRARY_PATH=/ros2_ws/install/ros2_linkpose/lib:/ros2_ws/install/linkpose_msgs/lib:${LD_LIBRARY_PATH} PYTHONPATH=/ros2_ws/install/linkpose_msgs/local/lib/python3.10/dist-packages:${PYTHONPATH} /usr/bin/cmake --build /ros2_ws/build/linkpose_gazebo -- -j8 -l8
[1.204s] Invoking command in '/ros2_ws/build/linkpose_gazebo': AMENT_PREFIX_PATH=/ros2_ws/install/ros2_linkpose:/ros2_ws/install/linkpose_msgs:${AMENT_PREFIX_PATH} CMAKE_PREFIX_PATH=/ros2_ws/install/ros2_linkpose:/ros2_ws/install/linkpose_msgs:/opt/ros/humble LD_LIBRARY_PATH=/ros2_ws/install/ros2_linkpose/lib:/ros2_ws/install/linkpose_msgs/lib:${LD_LIBRARY_PATH} PYTHONPATH=/ros2_ws/install/linkpose_msgs/local/lib/python3.10/dist-packages:${PYTHONPATH} /usr/bin/cmake --install /ros2_ws/build/linkpose_gazebo
[1.224s] -- Install configuration: "Release"
[1.224s] -- Execute custom install script
[1.224s] -- Up-to-date symlink: /ros2_ws/install/linkpose_gazebo/share/linkpose_gazebo/launch/linkpose.launch.py
[1.225s] -- Up-to-date symlink: /ros2_ws/install/linkpose_gazebo/share/linkpose_gazebo/worlds/linkpose.world
[1.230s] -- Up-to-date symlink: /ros2_ws/install/linkpose_gazebo/share/linkpose_gazebo/urdf/box.urdf
[1.230s] -- Up-to-date symlink: /ros2_ws/install/linkpose_gazebo/share/ament_index/resource_index/package_run_dependencies/linkpose_gazebo
[1.231s] -- Up-to-date symlink: /ros2_ws/install/linkpose_gazebo/share/ament_index/resource_index/parent_prefix_path/linkpose_gazebo
[1.231s] -- Up-to-date symlink: /ros2_ws/install/linkpose_gazebo/share/linkpose_gazebo/environment/ament_prefix_path.sh
[1.232s] -- Up-to-date symlink: /ros2_ws/install/linkpose_gazebo/share/linkpose_gazebo/environment/ament_prefix_path.dsv
[1.232s] -- Up-to-date symlink: /ros2_ws/install/linkpose_gazebo/share/linkpose_gazebo/environment/path.sh
[1.233s] -- Up-to-date symlink: /ros2_ws/install/linkpose_gazebo/share/linkpose_gazebo/environment/path.dsv
[1.233s] -- Up-to-date symlink: /ros2_ws/install/linkpose_gazebo/share/linkpose_gazebo/local_setup.bash
[1.233s] -- Up-to-date symlink: /ros2_ws/install/linkpose_gazebo/share/linkpose_gazebo/local_setup.sh
[1.233s] -- Up-to-date symlink: /ros2_ws/install/linkpose_gazebo/share/linkpose_gazebo/local_setup.zsh
[1.233s] -- Up-to-date symlink: /ros2_ws/install/linkpose_gazebo/share/linkpose_gazebo/local_setup.dsv
[1.234s] -- Symlinking: /ros2_ws/install/linkpose_gazebo/share/linkpose_gazebo/package.dsv
[1.254s] -- Up-to-date symlink: /ros2_ws/install/linkpose_gazebo/share/ament_index/resource_index/packages/linkpose_gazebo
[1.255s] -- Up-to-date symlink: /ros2_ws/install/linkpose_gazebo/share/linkpose_gazebo/cmake/linkpose_gazeboConfig.cmake
[1.255s] -- Up-to-date symlink: /ros2_ws/install/linkpose_gazebo/share/linkpose_gazebo/cmake/linkpose_gazeboConfig-version.cmake
[1.256s] -- Up-to-date symlink: /ros2_ws/install/linkpose_gazebo/share/linkpose_gazebo/package.xml
[1.294s] Invoked command in '/ros2_ws/build/linkpose_gazebo' returned '0': AMENT_PREFIX_PATH=/ros2_ws/install/ros2_linkpose:/ros2_ws/install/linkpose_msgs:${AMENT_PREFIX_PATH} CMAKE_PREFIX_PATH=/ros2_ws/install/ros2_linkpose:/ros2_ws/install/linkpose_msgs:/opt/ros/humble LD_LIBRARY_PATH=/ros2_ws/install/ros2_linkpose/lib:/ros2_ws/install/linkpose_msgs/lib:${LD_LIBRARY_PATH} PYTHONPATH=/ros2_ws/install/linkpose_msgs/local/lib/python3.10/dist-packages:${PYTHONPATH} /usr/bin/cmake --install /ros2_ws/build/linkpose_gazebo
