[01m[K/ros2_ws/src/ros2_SimRealRobotControl/ros2srrc_execution/src/robmove.cpp:[m[K In function ‘[01m[Kmoveit::planning_interface::MoveGroupInterface::Plan plan_ROB()[m[K’:
[01m[K/ros2_ws/src/ros2_SimRealRobotControl/ros2srrc_execution/src/robmove.cpp:74:108:[m[K [01;35m[Kwarning: [m[K‘[01m[Kusing MoveItErrorCode = class moveit::core::MoveItErrorCode[m[K’ is deprecated: Use moveit::core::MoveItErrorCode [[01;35m[K-Wdeprecated-declarations[m[K]
   74 |     bool success = (move_group_interface_ROB.plan(my_plan) == moveit::planning_interface::MoveItErrorCode::[01;35m[KSUCCESS[m[K);
      |                                                                                                            [01;35m[K^~~~~~~[m[K
In file included from [01m[K/ros2_ws/src/ros2_SimRealRobotControl/ros2srrc_execution/src/robmove.cpp:41[m[K:
[01m[K/opt/ros/humble/include/moveit/move_group_interface/move_group_interface_improved.h:71:7:[m[K [01;36m[Knote: [m[Kdeclared here
   71 | using [01;36m[KMoveItErrorCode[m[K [[deprecated("Use moveit::core::MoveItErrorCode")]] = moveit::core::MoveItErrorCode;
      |       [01;36m[K^~~~~~~~~~~~~~~[m[K
[01m[K/ros2_ws/src/ros2_SimRealRobotControl/ros2srrc_execution/src/robmove.cpp:[m[K In member function ‘[01m[Krclcpp_action::GoalResponse ActionServer::handle_goal(const GoalUUID&, std::shared_ptr<const ros2srrc_data::action::Robmove_Goal_<std::allocator<void> > >)[m[K’:
[01m[K/ros2_ws/src/ros2_SimRealRobotControl/ros2srrc_execution/src/robmove.cpp:115:77:[m[K [01;35m[Kwarning: [m[Kunused parameter ‘[01m[Kuuid[m[K’ [[01;35m[K-Wunused-parameter[m[K]
  115 |     rclcpp_action::GoalResponse handle_goal([01;35m[Kconst rclcpp_action::GoalUUID & uuid[m[K, std::shared_ptr<const Robmove::Goal> goal)
      |                                             [01;35m[K~~~~~~~~~~~~~~~~~~~~~~~~~~~~~~~~^~~~[m[K
[01m[K/ros2_ws/src/ros2_SimRealRobotControl/ros2srrc_execution/src/robmove.cpp:[m[K In member function ‘[01m[Kvoid ActionServer::execute(std::shared_ptr<rclcpp_action::ServerGoalHandle<ros2srrc_data::action::Robmove> >)[m[K’:
[01m[K/ros2_ws/src/ros2_SimRealRobotControl/ros2srrc_execution/src/robmove.cpp:178:17:[m[K [01;35m[Kwarning: [m[Kcomparison with string literal results in unspecified behavior [[01;35m[K-Waddress[m[K]
  178 |         if ([01;35m[KRES == "PLANNING: OK"[m[K){
      |             [01;35m[K~~~~^~~~~~~~~~~~~~~~~[m[K
[01m[K/ros2_ws/src/ros2_SimRealRobotControl/ros2srrc_execution/src/robmove.cpp:180:122:[m[K [01;35m[Kwarning: [m[K‘[01m[Kusing MoveItErrorCode = class moveit::core::MoveItErrorCode[m[K’ is deprecated: Use moveit::core::MoveItErrorCode [[01;35m[K-Wdeprecated-declarations[m[K]
  180 |             bool ExecSUCCESS = (move_group_interface_ROB.execute(MyPlan) == moveit::planning_interface::MoveItErrorCode::[01;35m[KSUCCESS[m[K);
      |                                                                                                                          [01;35m[K^~~~~~~[m[K
In file included from [01m[K/ros2_ws/src/ros2_SimRealRobotControl/ros2srrc_execution/src/robmove.cpp:41[m[K:
[01m[K/opt/ros/humble/include/moveit/move_group_interface/move_group_interface_improved.h:71:7:[m[K [01;36m[Knote: [m[Kdeclared here
   71 | using [01;36m[KMoveItErrorCode[m[K [[deprecated("Use moveit::core::MoveItErrorCode")]] = moveit::core::MoveItErrorCode;
      |       [01;36m[K^~~~~~~~~~~~~~~[m[K
[01m[K/ros2_ws/src/ros2_SimRealRobotControl/ros2srrc_execution/src/moveg.cpp:[m[K In function ‘[01m[KMoveGSTRUCT MoveGAction(double, std::vector<double, std::allocator<double> >, ros2srrc_data::msg::Specs)[m[K’:
[01m[K/ros2_ws/src/ros2_SimRealRobotControl/ros2srrc_execution/src/moveg.cpp:75:20:[m[K [01;35m[Kwarning: [m[Kcomparison of integer expressions of different signedness: ‘[01m[Kint[m[K’ and ‘[01m[Kstd::vector<double, std::allocator<double> >::size_type[m[K’ {aka ‘[01m[Klong unsigned int[m[K’} [[01;35m[K-Wsign-compare[m[K]
   75 |     for (int i=0; [01;35m[Ki<JP.size()[m[K; i++){
      |                   [01;35m[K~^~~~~~~~~~[m[K
[01m[K/ros2_ws/src/ros2_SimRealRobotControl/ros2srrc_execution/src/movej.cpp:[m[K In function ‘[01m[KMoveJSTRUCT MoveJAction(ros2srrc_data::msg::Joints, std::vector<double, std::allocator<double> >, ros2srrc_data::msg::Specs)[m[K’:
[01m[K/ros2_ws/src/ros2_SimRealRobotControl/ros2srrc_execution/src/movej.cpp:81:20:[m[K [01;35m[Kwarning: [m[Kcomparison of integer expressions of different signedness: ‘[01m[Kint[m[K’ and ‘[01m[Kstd::vector<double, std::allocator<double> >::size_type[m[K’ {aka ‘[01m[Klong unsigned int[m[K’} [[01;35m[K-Wsign-compare[m[K]
   81 |     for (int i=0; [01;35m[Ki<JP.size()[m[K; i++){
      |                   [01;35m[K~^~~~~~~~~~[m[K
[01m[K/ros2_ws/src/ros2_SimRealRobotControl/ros2srrc_execution/src/movej.cpp:95:24:[m[K [01;35m[Kwarning: [m[Kcomparison of integer expressions of different signedness: ‘[01m[Kint[m[K’ and ‘[01m[Kstd::vector<double, std::allocator<double> >::size_type[m[K’ {aka ‘[01m[Klong unsigned int[m[K’} [[01;35m[K-Wsign-compare[m[K]
   95 |         for (int i=0; [01;35m[Ki<JP.size()[m[K; i++){
      |                       [01;35m[K~^~~~~~~~~~[m[K
[01m[K/ros2_ws/src/ros2_SimRealRobotControl/ros2srrc_execution/src/movej.cpp:105:24:[m[K [01;35m[Kwarning: [m[Kcomparison of integer expressions of different signedness: ‘[01m[Kint[m[K’ and ‘[01m[Kstd::vector<std::__cxx11::basic_string<char> >::size_type[m[K’ {aka ‘[01m[Klong unsigned int[m[K’} [[01;35m[K-Wsign-compare[m[K]
  105 |         for (int k=0; [01;35m[Kk<jointLIST.size()[m[K; k++){
      |                       [01;35m[K~^~~~~~~~~~~~~~~~~[m[K
[01m[K/ros2_ws/src/ros2_SimRealRobotControl/ros2srrc_execution/src/move.cpp:[m[K In function ‘[01m[Kmoveit::planning_interface::MoveGroupInterface::Plan plan_ROB()[m[K’:
[01m[K/ros2_ws/src/ros2_SimRealRobotControl/ros2srrc_execution/src/move.cpp:124:108:[m[K [01;35m[Kwarning: [m[K‘[01m[Kusing MoveItErrorCode = class moveit::core::MoveItErrorCode[m[K’ is deprecated: Use moveit::core::MoveItErrorCode [[01;35m[K-Wdeprecated-declarations[m[K]
  124 | rface_ROB.plan(my_plan) == moveit::planning_interface::MoveItErrorCode::[01;35m[KSUCCESS[m[K);
      |                                                                         [01;35m[K^~~~~~~[m[K

In file included from [01m[K/ros2_ws/src/ros2_SimRealRobotControl/ros2srrc_execution/include/ros2srrc_execution/movej.h:43[m[K,
                 from [01m[K/ros2_ws/src/ros2_SimRealRobotControl/ros2srrc_execution/src/move.cpp:42[m[K:
[01m[K/opt/ros/humble/include/moveit/move_group_interface/move_group_interface_improved.h:71:7:[m[K [01;36m[Knote: [m[Kdeclared here
   71 | using [01;36m[KMoveItErrorCode[m[K [[deprecated("Use moveit::core::MoveItErrorCode")]] = moveit::core::MoveItErrorCode;
      |       [01;36m[K^~~~~~~~~~~~~~~[m[K
[01m[K/ros2_ws/src/ros2_SimRealRobotControl/ros2srrc_execution/src/move.cpp:[m[K In function ‘[01m[Kmoveit::planning_interface::MoveGroupInterface::Plan plan_EE()[m[K’:
[01m[K/ros2_ws/src/ros2_SimRealRobotControl/ros2srrc_execution/src/move.cpp:143:107:[m[K [01;35m[Kwarning: [m[K‘[01m[Kusing MoveItErrorCode = class moveit::core::MoveItErrorCode[m[K’ is deprecated: Use moveit::core::MoveItErrorCode [[01;35m[K-Wdeprecated-declarations[m[K]
  143 | erface_EE.plan(my_plan) == moveit::planning_interface::MoveItErrorCode::[01;35m[KSUCCESS[m[K);
      |                                                                         [01;35m[K^~~~~~~[m[K

In file included from [01m[K/ros2_ws/src/ros2_SimRealRobotControl/ros2srrc_execution/include/ros2srrc_execution/movej.h:43[m[K,
                 from [01m[K/ros2_ws/src/ros2_SimRealRobotControl/ros2srrc_execution/src/move.cpp:42[m[K:
[01m[K/opt/ros/humble/include/moveit/move_group_interface/move_group_interface_improved.h:71:7:[m[K [01;36m[Knote: [m[Kdeclared here
   71 | using [01;36m[KMoveItErrorCode[m[K [[deprecated("Use moveit::core::MoveItErrorCode")]] = moveit::core::MoveItErrorCode;
      |       [01;36m[K^~~~~~~~~~~~~~~[m[K
[01m[K/ros2_ws/src/ros2_SimRealRobotControl/ros2srrc_execution/src/move.cpp:[m[K In member function ‘[01m[Krclcpp_action::GoalResponse ActionServer::handle_goal(const GoalUUID&, std::shared_ptr<const ros2srrc_data::action::Move_Goal_<std::allocator<void> > >)[m[K’:
[01m[K/ros2_ws/src/ros2_SimRealRobotControl/ros2srrc_execution/src/move.cpp:193:16:[m[K [01;35m[Kwarning: [m[Kunused variable ‘[01m[Kspeed[m[K’ [[01;35m[K-Wunused-variable[m[K]
  193 |         double [01;35m[Kspeed[m[K = goal->speed;
      |                [01;35m[K^~~~~[m[K
[01m[K/ros2_ws/src/ros2_SimRealRobotControl/ros2srrc_execution/src/move.cpp:187:41:[m[K [01;35m[Kwarning: [m[Kunused parameter ‘[01m[Kuuid[m[K’ [[01;35m[K-Wunused-parameter[m[K]
  187 |         [01;35m[Kconst rclcpp_action::GoalUUID & uuid[m[K,
      |         [01;35m[K~~~~~~~~~~~~~~~~~~~~~~~~~~~~~~~~^~~~[m[K
[01m[K/ros2_ws/src/ros2_SimRealRobotControl/ros2srrc_execution/src/move.cpp:[m[K In member function ‘[01m[Kvoid ActionServer::execute(std::shared_ptr<rclcpp_action::ServerGoalHandle<ros2srrc_data::action::Move> >)[m[K’:
[01m[K/ros2_ws/src/ros2_SimRealRobotControl/ros2srrc_execution/src/move.cpp:371:122:[m[K [01;35m[Kwarning: [m[K‘[01m[Kusing MoveItErrorCode = class moveit::core::MoveItErrorCode[m[K’ is deprecated: Use moveit::core::MoveItErrorCode [[01;35m[K-Wdeprecated-declarations[m[K]
  371 | ace_ROB.execute(MyPlan) == moveit::planning_interface::MoveItErrorCode::[01;35m[KSUCCESS[m[K);
      |                                                                         [01;35m[K^~~~~~~[m[K

In file included from [01m[K/ros2_ws/src/ros2_SimRealRobotControl/ros2srrc_execution/include/ros2srrc_execution/movej.h:43[m[K,
                 from [01m[K/ros2_ws/src/ros2_SimRealRobotControl/ros2srrc_execution/src/move.cpp:42[m[K:
[01m[K/opt/ros/humble/include/moveit/move_group_interface/move_group_interface_improved.h:71:7:[m[K [01;36m[Knote: [m[Kdeclared here
   71 | using [01;36m[KMoveItErrorCode[m[K [[deprecated("Use moveit::core::MoveItErrorCode")]] = moveit::core::MoveItErrorCode;
      |       [01;36m[K^~~~~~~~~~~~~~~[m[K
[01m[K/ros2_ws/src/ros2_SimRealRobotControl/ros2srrc_execution/src/mover.cpp:[m[K In function ‘[01m[KMoveRSTRUCT MoveRAction(ros2srrc_data::msg::Joint, std::vector<double, std::allocator<double> >, ros2srrc_data::msg::Specs)[m[K’:
[01m[K/ros2_ws/src/ros2_SimRealRobotControl/ros2srrc_execution/src/mover.cpp:67:20:[m[K [01;35m[Kwarning: [m[Kcomparison of integer expressions of different signedness: ‘[01m[Kint[m[K’ and ‘[01m[Kstd::vector<double, std::allocator<double> >::size_type[m[K’ {aka ‘[01m[Klong unsigned int[m[K’} [[01;35m[K-Wsign-compare[m[K]
   67 |     for (int i=0; [01;35m[Ki<JP.size()[m[K; i++){
      |                   [01;35m[K~^~~~~~~~~~[m[K
[01m[K/ros2_ws/src/ros2_SimRealRobotControl/ros2srrc_execution/src/mover.cpp:105:24:[m[K [01;35m[Kwarning: [m[Kcomparison of integer expressions of different signedness: ‘[01m[Kint[m[K’ and ‘[01m[Kstd::vector<double, std::allocator<double> >::size_type[m[K’ {aka ‘[01m[Klong unsigned int[m[K’} [[01;35m[K-Wsign-compare[m[K]
  105 |         for (int i=0; [01;35m[Ki<JP.size()[m[K; i++){
      |                       [01;35m[K~^~~~~~~~~~[m[K
