-- The C compiler identification is GNU 11.4.0
-- The CXX compiler identification is GNU 11.4.0
-- Detecting C compiler ABI info
-- Detecting C compiler ABI info - done
-- Check for working C compiler: /usr/bin/cc - skipped
-- Detecting C compile features
-- Detecting C compile features - done
-- Detecting CXX compiler ABI info
-- Detecting CXX compiler ABI info - done
-- Check for working CXX compiler: /usr/bin/c++ - skipped
-- Detecting CXX compile features
-- Detecting CXX compile features - done
-- Found ament_cmake: 1.3.12 (/opt/ros/humble/share/ament_cmake/cmake)
-- Found Python3: /usr/bin/python3 (found version "3.10.12") found components: Interpreter 
-- Override CMake install command with custom implementation using symlinks instead of copying resources
-- Found ament_lint_auto: 0.12.14 (/opt/ros/humble/share/ament_lint_auto/cmake)
-- Found moveit_ros_planning_interface: 2.5.9 (/opt/ros/humble/share/moveit_ros_planning_interface/cmake)
-- Found Boost: /usr/lib/x86_64-linux-gnu/cmake/Boost-1.74.0/BoostConfig.cmake (found version "1.74.0") found components: date_time filesystem program_options system thread 
-- Found rosidl_generator_c: 3.1.7 (/opt/ros/humble/share/rosidl_generator_c/cmake)
-- Found rosidl_adapter: 3.1.7 (/opt/ros/humble/share/rosidl_adapter/cmake)
-- Found rosidl_generator_cpp: 3.1.7 (/opt/ros/humble/share/rosidl_generator_cpp/cmake)
-- Using all available rosidl_typesupport_c: rosidl_typesupport_fastrtps_c;rosidl_typesupport_introspection_c
-- Using all available rosidl_typesupport_cpp: rosidl_typesupport_fastrtps_cpp;rosidl_typesupport_introspection_cpp
-- Found Boost: /usr/lib/x86_64-linux-gnu/cmake/Boost-1.74.0/BoostConfig.cmake (found version "1.74.0") found components: chrono date_time filesystem iostreams program_options regex serialization system thread 
-- Found parameter_traits: 0.5.0 (/opt/ros/humble/share/parameter_traits/cmake)
-- Found rmw_implementation_cmake: 6.1.2 (/opt/ros/humble/share/rmw_implementation_cmake/cmake)
-- Found rmw_cyclonedds_cpp: 1.3.4 (/opt/ros/humble/share/rmw_cyclonedds_cpp/cmake)
-- Using RMW implementation 'rmw_cyclonedds_cpp' as default
-- Found Threads: TRUE  
-- Found rclcpp_lifecycle: 16.0.16 (/opt/ros/humble/share/rclcpp_lifecycle/cmake)
-- Found Boost: /usr/lib/x86_64-linux-gnu/cmake/Boost-1.74.0/BoostConfig.cmake (found version "1.74.0") found components: filesystem 
-- library: /usr/lib/x86_64-linux-gnu/libcurl.so
-- Found Eigen3: TRUE (found version "3.4.0") 
-- Ensuring Eigen3 include directory is part of orocos-kdl CMake target
-- Found Boost: /usr/lib/x86_64-linux-gnu/cmake/Boost-1.74.0/BoostConfig.cmake (found version "1.74.0") found components: system filesystem date_time program_options thread chrono 
-- Found Boost: /usr/lib/x86_64-linux-gnu/cmake/Boost-1.74.0/BoostConfig.cmake (found version "1.74.0") found components: thread system filesystem regex date_time program_options 
-- Found Boost: /usr/lib/x86_64-linux-gnu/cmake/Boost-1.74.0/BoostConfig.cmake (found version "1.74.0") found components: system filesystem date_time program_options thread 
-- Found ros2srrc_data: 0.0.0 (/ros2_ws/install/ros2srrc_data/share/ros2srrc_data/cmake)
-- Found linkattacher_msgs: 0.0.0 (/ros2_ws/install/linkattacher_msgs/share/linkattacher_msgs/cmake)
-- Found ros2_robotiqgripper: 1.0.0 (/ros2_ws/install/ros2_robotiqgripper/share/ros2_robotiqgripper/cmake)
-- Added test 'cppcheck' to perform static code analysis on C / C++ code
-- Configured cppcheck include dirs: /ros2_ws/src/ros2_SimRealRobotControl/ros2srrc_execution/include
-- Configured cppcheck exclude dirs and/or files: 
-- Added test 'flake8' to check Python code syntax and style conventions
-- Added test 'lint_cmake' to check CMake code style
-- Added test 'pep257' to check Python code against some of the docstring style conventions in PEP 257
-- Added test 'uncrustify' to check C / C++ code style
-- Configured uncrustify additional arguments: 
-- Added test 'xmllint' to check XML markup files
-- Configuring done
-- Generating done
-- Build files have been written to: /ros2_ws/build/ros2srrc_execution
[  8%] [32mBuilding CXX object CMakeFiles/move.dir/src/moveg.cpp.o[0m
[ 16%] [32mBuilding CXX object CMakeFiles/move.dir/src/moverp.cpp.o[0m
[ 25%] [32mBuilding CXX object CMakeFiles/robmove.dir/src/robmove.cpp.o[0m
[ 33%] [32mBuilding CXX object CMakeFiles/move.dir/src/movej.cpp.o[0m
[01m[K/ros2_ws/src/ros2_SimRealRobotControl/ros2srrc_execution/src/robmove.cpp:[m[K In function ‘[01m[Kmoveit::planning_interface::MoveGroupInterface::Plan plan_ROB()[m[K’:
[01m[K/ros2_ws/src/ros2_SimRealRobotControl/ros2srrc_execution/src/robmove.cpp:74:108:[m[K [01;35m[Kwarning: [m[K‘[01m[Kusing MoveItErrorCode = class moveit::core::MoveItErrorCode[m[K’ is deprecated: Use moveit::core::MoveItErrorCode [[01;35m[K-Wdeprecated-declarations[m[K]
   74 |     bool success = (move_group_interface_ROB.plan(my_plan) == moveit::planning_interface::MoveItErrorCode::[01;35m[KSUCCESS[m[K);
      |                                                                                                            [01;35m[K^~~~~~~[m[K
In file included from [01m[K/ros2_ws/src/ros2_SimRealRobotControl/ros2srrc_execution/src/robmove.cpp:41[m[K:
[01m[K/opt/ros/humble/include/moveit/move_group_interface/move_group_interface_improved.h:71:7:[m[K [01;36m[Knote: [m[Kdeclared here
   71 | using [01;36m[KMoveItErrorCode[m[K [[deprecated("Use moveit::core::MoveItErrorCode")]] = moveit::core::MoveItErrorCode;
      |       [01;36m[K^~~~~~~~~~~~~~~[m[K
[01m[K/ros2_ws/src/ros2_SimRealRobotControl/ros2srrc_execution/src/robmove.cpp:[m[K In member function ‘[01m[Krclcpp_action::GoalResponse ActionServer::handle_goal(const GoalUUID&, std::shared_ptr<const ros2srrc_data::action::Robmove_Goal_<std::allocator<void> > >)[m[K’:
[01m[K/ros2_ws/src/ros2_SimRealRobotControl/ros2srrc_execution/src/robmove.cpp:115:77:[m[K [01;35m[Kwarning: [m[Kunused parameter ‘[01m[Kuuid[m[K’ [[01;35m[K-Wunused-parameter[m[K]
  115 |     rclcpp_action::GoalResponse handle_goal([01;35m[Kconst rclcpp_action::GoalUUID & uuid[m[K, std::shared_ptr<const Robmove::Goal> goal)
      |                                             [01;35m[K~~~~~~~~~~~~~~~~~~~~~~~~~~~~~~~~^~~~[m[K
[01m[K/ros2_ws/src/ros2_SimRealRobotControl/ros2srrc_execution/src/robmove.cpp:[m[K In member function ‘[01m[Kvoid ActionServer::execute(std::shared_ptr<rclcpp_action::ServerGoalHandle<ros2srrc_data::action::Robmove> >)[m[K’:
[01m[K/ros2_ws/src/ros2_SimRealRobotControl/ros2srrc_execution/src/robmove.cpp:178:17:[m[K [01;35m[Kwarning: [m[Kcomparison with string literal results in unspecified behavior [[01;35m[K-Waddress[m[K]
  178 |         if ([01;35m[KRES == "PLANNING: OK"[m[K){
      |             [01;35m[K~~~~^~~~~~~~~~~~~~~~~[m[K
[01m[K/ros2_ws/src/ros2_SimRealRobotControl/ros2srrc_execution/src/robmove.cpp:180:122:[m[K [01;35m[Kwarning: [m[K‘[01m[Kusing MoveItErrorCode = class moveit::core::MoveItErrorCode[m[K’ is deprecated: Use moveit::core::MoveItErrorCode [[01;35m[K-Wdeprecated-declarations[m[K]
  180 |             bool ExecSUCCESS = (move_group_interface_ROB.execute(MyPlan) == moveit::planning_interface::MoveItErrorCode::[01;35m[KSUCCESS[m[K);
      |                                                                                                                          [01;35m[K^~~~~~~[m[K
In file included from [01m[K/ros2_ws/src/ros2_SimRealRobotControl/ros2srrc_execution/src/robmove.cpp:41[m[K:
[01m[K/opt/ros/humble/include/moveit/move_group_interface/move_group_interface_improved.h:71:7:[m[K [01;36m[Knote: [m[Kdeclared here
   71 | using [01;36m[KMoveItErrorCode[m[K [[deprecated("Use moveit::core::MoveItErrorCode")]] = moveit::core::MoveItErrorCode;
      |       [01;36m[K^~~~~~~~~~~~~~~[m[K
[01m[K/ros2_ws/src/ros2_SimRealRobotControl/ros2srrc_execution/src/moveg.cpp:[m[K In function ‘[01m[KMoveGSTRUCT MoveGAction(double, std::vector<double, std::allocator<double> >, ros2srrc_data::msg::Specs)[m[K’:
[01m[K/ros2_ws/src/ros2_SimRealRobotControl/ros2srrc_execution/src/moveg.cpp:75:20:[m[K [01;35m[Kwarning: [m[Kcomparison of integer expressions of different signedness: ‘[01m[Kint[m[K’ and ‘[01m[Kstd::vector<double, std::allocator<double> >::size_type[m[K’ {aka ‘[01m[Klong unsigned int[m[K’} [[01;35m[K-Wsign-compare[m[K]
   75 |     for (int i=0; [01;35m[Ki<JP.size()[m[K; i++){
      |                   [01;35m[K~^~~~~~~~~~[m[K
[01m[K/ros2_ws/src/ros2_SimRealRobotControl/ros2srrc_execution/src/movej.cpp:[m[K In function ‘[01m[KMoveJSTRUCT MoveJAction(ros2srrc_data::msg::Joints, std::vector<double, std::allocator<double> >, ros2srrc_data::msg::Specs)[m[K’:
[01m[K/ros2_ws/src/ros2_SimRealRobotControl/ros2srrc_execution/src/movej.cpp:81:20:[m[K [01;35m[Kwarning: [m[Kcomparison of integer expressions of different signedness: ‘[01m[Kint[m[K’ and ‘[01m[Kstd::vector<double, std::allocator<double> >::size_type[m[K’ {aka ‘[01m[Klong unsigned int[m[K’} [[01;35m[K-Wsign-compare[m[K]
   81 |     for (int i=0; [01;35m[Ki<JP.size()[m[K; i++){
      |                   [01;35m[K~^~~~~~~~~~[m[K
[01m[K/ros2_ws/src/ros2_SimRealRobotControl/ros2srrc_execution/src/movej.cpp:95:24:[m[K [01;35m[Kwarning: [m[Kcomparison of integer expressions of different signedness: ‘[01m[Kint[m[K’ and ‘[01m[Kstd::vector<double, std::allocator<double> >::size_type[m[K’ {aka ‘[01m[Klong unsigned int[m[K’} [[01;35m[K-Wsign-compare[m[K]
   95 |         for (int i=0; [01;35m[Ki<JP.size()[m[K; i++){
      |                       [01;35m[K~^~~~~~~~~~[m[K
[01m[K/ros2_ws/src/ros2_SimRealRobotControl/ros2srrc_execution/src/movej.cpp:105:24:[m[K [01;35m[Kwarning: [m[Kcomparison of integer expressions of different signedness: ‘[01m[Kint[m[K’ and ‘[01m[Kstd::vector<std::__cxx11::basic_string<char> >::size_type[m[K’ {aka ‘[01m[Klong unsigned int[m[K’} [[01;35m[K-Wsign-compare[m[K]
  105 |         for (int k=0; [01;35m[Kk<jointLIST.size()[m[K; k++){
      |                       [01;35m[K~^~~~~~~~~~~~~~~~~[m[K
[ 41%] [32mBuilding CXX object CMakeFiles/move.dir/src/move.cpp.o[0m
[ 50%] [32m[1mLinking CXX executable robmove[0m
[ 50%] Built target robmove
[01m[K/ros2_ws/src/ros2_SimRealRobotControl/ros2srrc_execution/src/move.cpp:[m[K In function ‘[01m[Kmoveit::planning_interface::MoveGroupInterface::Plan plan_ROB()[m[K’:
[01m[K/ros2_ws/src/ros2_SimRealRobotControl/ros2srrc_execution/src/move.cpp:124:108:[m[K [01;35m[Kwarning: [m[K‘[01m[Kusing MoveItErrorCode = class moveit::core::MoveItErrorCode[m[K’ is deprecated: Use moveit::core::MoveItErrorCode [[01;35m[K-Wdeprecated-declarations[m[K]
  124 | rface_ROB.plan(my_plan) == moveit::planning_interface::MoveItErrorCode::[01;35m[KSUCCESS[m[K);
      |                                                                         [01;35m[K^~~~~~~[m[K

In file included from [01m[K/ros2_ws/src/ros2_SimRealRobotControl/ros2srrc_execution/include/ros2srrc_execution/movej.h:43[m[K,
                 from [01m[K/ros2_ws/src/ros2_SimRealRobotControl/ros2srrc_execution/src/move.cpp:42[m[K:
[01m[K/opt/ros/humble/include/moveit/move_group_interface/move_group_interface_improved.h:71:7:[m[K [01;36m[Knote: [m[Kdeclared here
   71 | using [01;36m[KMoveItErrorCode[m[K [[deprecated("Use moveit::core::MoveItErrorCode")]] = moveit::core::MoveItErrorCode;
      |       [01;36m[K^~~~~~~~~~~~~~~[m[K
[01m[K/ros2_ws/src/ros2_SimRealRobotControl/ros2srrc_execution/src/move.cpp:[m[K In function ‘[01m[Kmoveit::planning_interface::MoveGroupInterface::Plan plan_EE()[m[K’:
[01m[K/ros2_ws/src/ros2_SimRealRobotControl/ros2srrc_execution/src/move.cpp:143:107:[m[K [01;35m[Kwarning: [m[K‘[01m[Kusing MoveItErrorCode = class moveit::core::MoveItErrorCode[m[K’ is deprecated: Use moveit::core::MoveItErrorCode [[01;35m[K-Wdeprecated-declarations[m[K]
  143 | erface_EE.plan(my_plan) == moveit::planning_interface::MoveItErrorCode::[01;35m[KSUCCESS[m[K);
      |                                                                         [01;35m[K^~~~~~~[m[K

In file included from [01m[K/ros2_ws/src/ros2_SimRealRobotControl/ros2srrc_execution/include/ros2srrc_execution/movej.h:43[m[K,
                 from [01m[K/ros2_ws/src/ros2_SimRealRobotControl/ros2srrc_execution/src/move.cpp:42[m[K:
[01m[K/opt/ros/humble/include/moveit/move_group_interface/move_group_interface_improved.h:71:7:[m[K [01;36m[Knote: [m[Kdeclared here
   71 | using [01;36m[KMoveItErrorCode[m[K [[deprecated("Use moveit::core::MoveItErrorCode")]] = moveit::core::MoveItErrorCode;
      |       [01;36m[K^~~~~~~~~~~~~~~[m[K
[01m[K/ros2_ws/src/ros2_SimRealRobotControl/ros2srrc_execution/src/move.cpp:[m[K In member function ‘[01m[Krclcpp_action::GoalResponse ActionServer::handle_goal(const GoalUUID&, std::shared_ptr<const ros2srrc_data::action::Move_Goal_<std::allocator<void> > >)[m[K’:
[01m[K/ros2_ws/src/ros2_SimRealRobotControl/ros2srrc_execution/src/move.cpp:193:16:[m[K [01;35m[Kwarning: [m[Kunused variable ‘[01m[Kspeed[m[K’ [[01;35m[K-Wunused-variable[m[K]
  193 |         double [01;35m[Kspeed[m[K = goal->speed;
      |                [01;35m[K^~~~~[m[K
[01m[K/ros2_ws/src/ros2_SimRealRobotControl/ros2srrc_execution/src/move.cpp:187:41:[m[K [01;35m[Kwarning: [m[Kunused parameter ‘[01m[Kuuid[m[K’ [[01;35m[K-Wunused-parameter[m[K]
  187 |         [01;35m[Kconst rclcpp_action::GoalUUID & uuid[m[K,
      |         [01;35m[K~~~~~~~~~~~~~~~~~~~~~~~~~~~~~~~~^~~~[m[K
[01m[K/ros2_ws/src/ros2_SimRealRobotControl/ros2srrc_execution/src/move.cpp:[m[K In member function ‘[01m[Kvoid ActionServer::execute(std::shared_ptr<rclcpp_action::ServerGoalHandle<ros2srrc_data::action::Move> >)[m[K’:
[01m[K/ros2_ws/src/ros2_SimRealRobotControl/ros2srrc_execution/src/move.cpp:371:122:[m[K [01;35m[Kwarning: [m[K‘[01m[Kusing MoveItErrorCode = class moveit::core::MoveItErrorCode[m[K’ is deprecated: Use moveit::core::MoveItErrorCode [[01;35m[K-Wdeprecated-declarations[m[K]
  371 | ace_ROB.execute(MyPlan) == moveit::planning_interface::MoveItErrorCode::[01;35m[KSUCCESS[m[K);
      |                                                                         [01;35m[K^~~~~~~[m[K

In file included from [01m[K/ros2_ws/src/ros2_SimRealRobotControl/ros2srrc_execution/include/ros2srrc_execution/movej.h:43[m[K,
                 from [01m[K/ros2_ws/src/ros2_SimRealRobotControl/ros2srrc_execution/src/move.cpp:42[m[K:
[01m[K/opt/ros/humble/include/moveit/move_group_interface/move_group_interface_improved.h:71:7:[m[K [01;36m[Knote: [m[Kdeclared here
   71 | using [01;36m[KMoveItErrorCode[m[K [[deprecated("Use moveit::core::MoveItErrorCode")]] = moveit::core::MoveItErrorCode;
      |       [01;36m[K^~~~~~~~~~~~~~~[m[K
[ 58%] [32mBuilding CXX object CMakeFiles/move.dir/src/mover.cpp.o[0m
[ 66%] [32mBuilding CXX object CMakeFiles/move.dir/src/movel.cpp.o[0m
[01m[K/ros2_ws/src/ros2_SimRealRobotControl/ros2srrc_execution/src/mover.cpp:[m[K In function ‘[01m[KMoveRSTRUCT MoveRAction(ros2srrc_data::msg::Joint, std::vector<double, std::allocator<double> >, ros2srrc_data::msg::Specs)[m[K’:
[01m[K/ros2_ws/src/ros2_SimRealRobotControl/ros2srrc_execution/src/mover.cpp:67:20:[m[K [01;35m[Kwarning: [m[Kcomparison of integer expressions of different signedness: ‘[01m[Kint[m[K’ and ‘[01m[Kstd::vector<double, std::allocator<double> >::size_type[m[K’ {aka ‘[01m[Klong unsigned int[m[K’} [[01;35m[K-Wsign-compare[m[K]
   67 |     for (int i=0; [01;35m[Ki<JP.size()[m[K; i++){
      |                   [01;35m[K~^~~~~~~~~~[m[K
[01m[K/ros2_ws/src/ros2_SimRealRobotControl/ros2srrc_execution/src/mover.cpp:105:24:[m[K [01;35m[Kwarning: [m[Kcomparison of integer expressions of different signedness: ‘[01m[Kint[m[K’ and ‘[01m[Kstd::vector<double, std::allocator<double> >::size_type[m[K’ {aka ‘[01m[Klong unsigned int[m[K’} [[01;35m[K-Wsign-compare[m[K]
  105 |         for (int i=0; [01;35m[Ki<JP.size()[m[K; i++){
      |                       [01;35m[K~^~~~~~~~~~[m[K
[ 75%] [32mBuilding CXX object CMakeFiles/move.dir/src/moverot.cpp.o[0m
[ 83%] [32m[1mLinking CXX executable move[0m
[ 83%] Built target move
[ 91%] [32mBuilding CXX object CMakeFiles/robpose.dir/src/robpose.cpp.o[0m
[100%] [32m[1mLinking CXX executable robpose[0m
[100%] Built target robpose
-- Install configuration: "Release"
-- Execute custom install script
-- Symlinking: /ros2_ws/install/ros2srrc_execution/lib/ros2srrc_execution/move
-- Symlinking: /ros2_ws/install/ros2srrc_execution/lib/ros2srrc_execution/robmove
-- Symlinking: /ros2_ws/install/ros2srrc_execution/lib/ros2srrc_execution/robpose
-- Symlinking: /ros2_ws/install/ros2srrc_execution/include//ros2srrc_execution/moveg.h
-- Symlinking: /ros2_ws/install/ros2srrc_execution/include//ros2srrc_execution/movej.h
-- Symlinking: /ros2_ws/install/ros2srrc_execution/include//ros2srrc_execution/movel.h
-- Symlinking: /ros2_ws/install/ros2srrc_execution/include//ros2srrc_execution/mover.h
-- Symlinking: /ros2_ws/install/ros2srrc_execution/include//ros2srrc_execution/moverot.h
-- Symlinking: /ros2_ws/install/ros2srrc_execution/include//ros2srrc_execution/moverp.h
-- Symlinking: /ros2_ws/install/ros2srrc_execution/share/ros2srrc_execution/python/ExecuteProgram.py
-- Symlinking: /ros2_ws/install/ros2srrc_execution/share/ros2srrc_execution/python/RobotState.py
-- Symlinking: /ros2_ws/install/ros2srrc_execution/share/ros2srrc_execution/python/SpawnObject.py
-- Symlinking: /ros2_ws/install/ros2srrc_execution/share/ros2srrc_execution/python/conveyor_manager.py
-- Symlinking: /ros2_ws/install/ros2srrc_execution/share/ros2srrc_execution/python/endeffector/robotiq_ur.py
-- Symlinking: /ros2_ws/install/ros2srrc_execution/share/ros2srrc_execution/python/endeffector/schunk_abb.py
-- Symlinking: /ros2_ws/install/ros2srrc_execution/share/ros2srrc_execution/python/endeffector/vgr_abb.py
-- Symlinking: /ros2_ws/install/ros2srrc_execution/share/ros2srrc_execution/python/endeffector/zimmer_abb.py
-- Symlinking: /ros2_ws/install/ros2srrc_execution/share/ros2srrc_execution/python/endeffector_gz/parallelGripper.py
-- Symlinking: /ros2_ws/install/ros2srrc_execution/share/ros2srrc_execution/python/endeffector_gz/vacuumGripper.py
-- Symlinking: /ros2_ws/install/ros2srrc_execution/share/ros2srrc_execution/python/get_pose.py
-- Symlinking: /ros2_ws/install/ros2srrc_execution/share/ros2srrc_execution/python/grasping_manager.py
-- Symlinking: /ros2_ws/install/ros2srrc_execution/share/ros2srrc_execution/python/pick_and_place.py
-- Symlinking: /ros2_ws/install/ros2srrc_execution/share/ros2srrc_execution/python/robot/robot.py
-- Symlinking: /ros2_ws/install/ros2srrc_execution/share/ros2srrc_execution/python/testClients/test_Move.py
-- Symlinking: /ros2_ws/install/ros2srrc_execution/share/ros2srrc_execution/python/testClients/test_PG.py
-- Symlinking: /ros2_ws/install/ros2srrc_execution/share/ros2srrc_execution/python/testClients/test_RobMove.py
-- Symlinking: /ros2_ws/install/ros2srrc_execution/share/ros2srrc_execution/python/testClients/test_VG.py
-- Symlinking: /ros2_ws/install/ros2srrc_execution/share/ros2srrc_execution/programs/ar4_demo.yaml
-- Symlinking: /ros2_ws/install/ros2srrc_execution/share/ros2srrc_execution/programs/iiwa_demo.yaml
-- Symlinking: /ros2_ws/install/ros2srrc_execution/share/ros2srrc_execution/programs/irb1200_demo.yaml
-- Symlinking: /ros2_ws/install/ros2srrc_execution/share/ros2srrc_execution/programs/irb120_demo.yaml
-- Symlinking: /ros2_ws/install/ros2srrc_execution/share/ros2srrc_execution/programs/irb1600_demo.yaml
-- Symlinking: /ros2_ws/install/ros2srrc_execution/share/ros2srrc_execution/programs/irb6640_demo.yaml
-- Symlinking: /ros2_ws/install/ros2srrc_execution/share/ros2srrc_execution/programs/rx160_demo.yaml
-- Symlinking: /ros2_ws/install/ros2srrc_execution/share/ros2srrc_execution/programs/templates.txt
-- Symlinking: /ros2_ws/install/ros2srrc_execution/share/ros2srrc_execution/programs/ur10_demo.yaml
-- Symlinking: /ros2_ws/install/ros2srrc_execution/share/ros2srrc_execution/programs/ur10e_demo.yaml
-- Symlinking: /ros2_ws/install/ros2srrc_execution/share/ros2srrc_execution/programs/ur16e_demo.yaml
-- Symlinking: /ros2_ws/install/ros2srrc_execution/share/ros2srrc_execution/programs/ur20_demo.yaml
-- Symlinking: /ros2_ws/install/ros2srrc_execution/share/ros2srrc_execution/programs/ur3_demo.yaml
-- Symlinking: /ros2_ws/install/ros2srrc_execution/share/ros2srrc_execution/programs/ur3e_demo.yaml
-- Symlinking: /ros2_ws/install/ros2srrc_execution/share/ros2srrc_execution/programs/ur5_demo.yaml
-- Symlinking: /ros2_ws/install/ros2srrc_execution/share/ros2srrc_execution/programs/ur5e_demo.yaml
-- Symlinking: /ros2_ws/install/ros2srrc_execution/lib/ros2srrc_execution/RobotState.py
-- Symlinking: /ros2_ws/install/ros2srrc_execution/lib/ros2srrc_execution/SpawnObject.py
-- Symlinking: /ros2_ws/install/ros2srrc_execution/lib/ros2srrc_execution/ExecuteProgram.py
-- Symlinking: /ros2_ws/install/ros2srrc_execution/lib/ros2srrc_execution/conveyor_manager.py
-- Symlinking: /ros2_ws/install/ros2srrc_execution/lib/ros2srrc_execution/grasping_manager.py
-- Symlinking: /ros2_ws/install/ros2srrc_execution/lib/ros2srrc_execution/parallelGripper.py
-- Symlinking: /ros2_ws/install/ros2srrc_execution/lib/ros2srrc_execution/test_Move.py
-- Symlinking: /ros2_ws/install/ros2srrc_execution/lib/ros2srrc_execution/test_RobMove.py
-- Symlinking: /ros2_ws/install/ros2srrc_execution/lib/ros2srrc_execution/test_PG.py
-- Symlinking: /ros2_ws/install/ros2srrc_execution/lib/ros2srrc_execution/test_VG.py
-- Symlinking: /ros2_ws/install/ros2srrc_execution/share/ament_index/resource_index/package_run_dependencies/ros2srrc_execution
-- Symlinking: /ros2_ws/install/ros2srrc_execution/share/ament_index/resource_index/parent_prefix_path/ros2srrc_execution
-- Symlinking: /ros2_ws/install/ros2srrc_execution/share/ros2srrc_execution/environment/ament_prefix_path.sh
-- Symlinking: /ros2_ws/install/ros2srrc_execution/share/ros2srrc_execution/environment/ament_prefix_path.dsv
-- Symlinking: /ros2_ws/install/ros2srrc_execution/share/ros2srrc_execution/environment/path.sh
-- Symlinking: /ros2_ws/install/ros2srrc_execution/share/ros2srrc_execution/environment/path.dsv
-- Symlinking: /ros2_ws/install/ros2srrc_execution/share/ros2srrc_execution/local_setup.bash
-- Symlinking: /ros2_ws/install/ros2srrc_execution/share/ros2srrc_execution/local_setup.sh
-- Symlinking: /ros2_ws/install/ros2srrc_execution/share/ros2srrc_execution/local_setup.zsh
-- Symlinking: /ros2_ws/install/ros2srrc_execution/share/ros2srrc_execution/local_setup.dsv
-- Symlinking: /ros2_ws/install/ros2srrc_execution/share/ros2srrc_execution/package.dsv
-- Symlinking: /ros2_ws/install/ros2srrc_execution/share/ament_index/resource_index/packages/ros2srrc_execution
-- Symlinking: /ros2_ws/install/ros2srrc_execution/share/ros2srrc_execution/cmake/ros2srrc_executionConfig.cmake
-- Symlinking: /ros2_ws/install/ros2srrc_execution/share/ros2srrc_execution/cmake/ros2srrc_executionConfig-version.cmake
-- Symlinking: /ros2_ws/install/ros2srrc_execution/share/ros2srrc_execution/package.xml
