-- The C compiler identification is GNU 11.4.0
-- The CXX compiler identification is GNU 11.4.0
-- Detecting C compiler ABI info
-- Detecting C compiler ABI info - done
-- Check for working C compiler: /usr/bin/cc - skipped
-- Detecting C compile features
-- Detecting C compile features - done
-- Detecting CXX compiler ABI info
-- Detecting CXX compiler ABI info - done
-- Check for working CXX compiler: /usr/bin/c++ - skipped
-- Detecting CXX compile features
-- Detecting CXX compile features - done
-- Found ament_cmake: 1.3.12 (/opt/ros/humble/share/ament_cmake/cmake)
-- Found Python3: /usr/bin/python3 (found version "3.10.12") found components: Interpreter 
-- Override CMake install command with custom implementation using symlinks instead of copying resources
-- Found ament_lint_auto: 0.12.14 (/opt/ros/humble/share/ament_lint_auto/cmake)
-- Found moveit_ros_planning_interface: 2.5.9 (/opt/ros/humble/share/moveit_ros_planning_interface/cmake)
-- Found Boost: /usr/lib/x86_64-linux-gnu/cmake/Boost-1.74.0/BoostConfig.cmake (found version "1.74.0") found components: date_time filesystem program_options system thread 
-- Found rosidl_generator_c: 3.1.7 (/opt/ros/humble/share/rosidl_generator_c/cmake)
-- Found rosidl_adapter: 3.1.7 (/opt/ros/humble/share/rosidl_adapter/cmake)
-- Found rosidl_generator_cpp: 3.1.7 (/opt/ros/humble/share/rosidl_generator_cpp/cmake)
-- Using all available rosidl_typesupport_c: rosidl_typesupport_fastrtps_c;rosidl_typesupport_introspection_c
-- Using all available rosidl_typesupport_cpp: rosidl_typesupport_fastrtps_cpp;rosidl_typesupport_introspection_cpp
-- Found Boost: /usr/lib/x86_64-linux-gnu/cmake/Boost-1.74.0/BoostConfig.cmake (found version "1.74.0") found components: chrono date_time filesystem iostreams program_options regex serialization system thread 
-- Found parameter_traits: 0.5.0 (/opt/ros/humble/share/parameter_traits/cmake)
-- Found rmw_implementation_cmake: 6.1.2 (/opt/ros/humble/share/rmw_implementation_cmake/cmake)
-- Found rmw_cyclonedds_cpp: 1.3.4 (/opt/ros/humble/share/rmw_cyclonedds_cpp/cmake)
-- Using RMW implementation 'rmw_cyclonedds_cpp' as default
-- Found Threads: TRUE  
-- Found rclcpp_lifecycle: 16.0.16 (/opt/ros/humble/share/rclcpp_lifecycle/cmake)
-- Found Boost: /usr/lib/x86_64-linux-gnu/cmake/Boost-1.74.0/BoostConfig.cmake (found version "1.74.0") found components: filesystem 
-- library: /usr/lib/x86_64-linux-gnu/libcurl.so
-- Found Eigen3: TRUE (found version "3.4.0") 
-- Ensuring Eigen3 include directory is part of orocos-kdl CMake target
-- Found Boost: /usr/lib/x86_64-linux-gnu/cmake/Boost-1.74.0/BoostConfig.cmake (found version "1.74.0") found components: system filesystem date_time program_options thread chrono 
-- Found Boost: /usr/lib/x86_64-linux-gnu/cmake/Boost-1.74.0/BoostConfig.cmake (found version "1.74.0") found components: thread system filesystem regex date_time program_options 
-- Found Boost: /usr/lib/x86_64-linux-gnu/cmake/Boost-1.74.0/BoostConfig.cmake (found version "1.74.0") found components: system filesystem date_time program_options thread 
-- Found ros2srrc_data: 0.0.0 (/ros2_ws/install/ros2srrc_data/share/ros2srrc_data/cmake)
-- Found linkattacher_msgs: 0.0.0 (/ros2_ws/install/linkattacher_msgs/share/linkattacher_msgs/cmake)
-- Found ros2_robotiqgripper: 1.0.0 (/ros2_ws/install/ros2_robotiqgripper/share/ros2_robotiqgripper/cmake)
-- Added test 'cppcheck' to perform static code analysis on C / C++ code
-- Configured cppcheck include dirs: /ros2_ws/src/ros2_SimRealRobotControl/ros2srrc_execution/include
-- Configured cppcheck exclude dirs and/or files: 
-- Added test 'flake8' to check Python code syntax and style conventions
-- Added test 'lint_cmake' to check CMake code style
-- Added test 'pep257' to check Python code against some of the docstring style conventions in PEP 257
-- Added test 'uncrustify' to check C / C++ code style
-- Configured uncrustify additional arguments: 
-- Added test 'xmllint' to check XML markup files
-- Configuring done
-- Generating done
-- Build files have been written to: /ros2_ws/build/ros2srrc_execution
[  8%] [32mBuilding CXX object CMakeFiles/move.dir/src/moveg.cpp.o[0m
[ 16%] [32mBuilding CXX object CMakeFiles/move.dir/src/moverp.cpp.o[0m
[ 25%] [32mBuilding CXX object CMakeFiles/robmove.dir/src/robmove.cpp.o[0m
[ 33%] [32mBuilding CXX object CMakeFiles/move.dir/src/movej.cpp.o[0m
[ 41%] [32mBuilding CXX object CMakeFiles/move.dir/src/move.cpp.o[0m
[ 50%] [32m[1mLinking CXX executable robmove[0m
[ 50%] Built target robmove
[ 58%] [32mBuilding CXX object CMakeFiles/move.dir/src/mover.cpp.o[0m
[ 66%] [32mBuilding CXX object CMakeFiles/move.dir/src/movel.cpp.o[0m
[ 75%] [32mBuilding CXX object CMakeFiles/move.dir/src/moverot.cpp.o[0m
[ 83%] [32m[1mLinking CXX executable move[0m
[ 83%] Built target move
[ 91%] [32mBuilding CXX object CMakeFiles/robpose.dir/src/robpose.cpp.o[0m
[100%] [32m[1mLinking CXX executable robpose[0m
[100%] Built target robpose
-- Install configuration: "Release"
-- Execute custom install script
-- Symlinking: /ros2_ws/install/ros2srrc_execution/lib/ros2srrc_execution/move
-- Symlinking: /ros2_ws/install/ros2srrc_execution/lib/ros2srrc_execution/robmove
-- Symlinking: /ros2_ws/install/ros2srrc_execution/lib/ros2srrc_execution/robpose
-- Symlinking: /ros2_ws/install/ros2srrc_execution/include//ros2srrc_execution/moveg.h
-- Symlinking: /ros2_ws/install/ros2srrc_execution/include//ros2srrc_execution/movej.h
-- Symlinking: /ros2_ws/install/ros2srrc_execution/include//ros2srrc_execution/movel.h
-- Symlinking: /ros2_ws/install/ros2srrc_execution/include//ros2srrc_execution/mover.h
-- Symlinking: /ros2_ws/install/ros2srrc_execution/include//ros2srrc_execution/moverot.h
-- Symlinking: /ros2_ws/install/ros2srrc_execution/include//ros2srrc_execution/moverp.h
-- Symlinking: /ros2_ws/install/ros2srrc_execution/share/ros2srrc_execution/python/ExecuteProgram.py
-- Symlinking: /ros2_ws/install/ros2srrc_execution/share/ros2srrc_execution/python/RobotState.py
-- Symlinking: /ros2_ws/install/ros2srrc_execution/share/ros2srrc_execution/python/SpawnObject.py
-- Symlinking: /ros2_ws/install/ros2srrc_execution/share/ros2srrc_execution/python/conveyor_manager.py
-- Symlinking: /ros2_ws/install/ros2srrc_execution/share/ros2srrc_execution/python/endeffector/robotiq_ur.py
-- Symlinking: /ros2_ws/install/ros2srrc_execution/share/ros2srrc_execution/python/endeffector/schunk_abb.py
-- Symlinking: /ros2_ws/install/ros2srrc_execution/share/ros2srrc_execution/python/endeffector/vgr_abb.py
-- Symlinking: /ros2_ws/install/ros2srrc_execution/share/ros2srrc_execution/python/endeffector/zimmer_abb.py
-- Symlinking: /ros2_ws/install/ros2srrc_execution/share/ros2srrc_execution/python/endeffector_gz/parallelGripper.py
-- Symlinking: /ros2_ws/install/ros2srrc_execution/share/ros2srrc_execution/python/endeffector_gz/vacuumGripper.py
-- Symlinking: /ros2_ws/install/ros2srrc_execution/share/ros2srrc_execution/python/get_pose.py
-- Symlinking: /ros2_ws/install/ros2srrc_execution/share/ros2srrc_execution/python/grasping_manager.py
-- Symlinking: /ros2_ws/install/ros2srrc_execution/share/ros2srrc_execution/python/pick_and_place.py
-- Symlinking: /ros2_ws/install/ros2srrc_execution/share/ros2srrc_execution/python/robot/robot.py
-- Symlinking: /ros2_ws/install/ros2srrc_execution/share/ros2srrc_execution/python/testClients/test_Move.py
-- Symlinking: /ros2_ws/install/ros2srrc_execution/share/ros2srrc_execution/python/testClients/test_PG.py
-- Symlinking: /ros2_ws/install/ros2srrc_execution/share/ros2srrc_execution/python/testClients/test_RobMove.py
-- Symlinking: /ros2_ws/install/ros2srrc_execution/share/ros2srrc_execution/python/testClients/test_VG.py
-- Symlinking: /ros2_ws/install/ros2srrc_execution/share/ros2srrc_execution/programs/ar4_demo.yaml
-- Symlinking: /ros2_ws/install/ros2srrc_execution/share/ros2srrc_execution/programs/iiwa_demo.yaml
-- Symlinking: /ros2_ws/install/ros2srrc_execution/share/ros2srrc_execution/programs/irb1200_demo.yaml
-- Symlinking: /ros2_ws/install/ros2srrc_execution/share/ros2srrc_execution/programs/irb120_demo.yaml
-- Symlinking: /ros2_ws/install/ros2srrc_execution/share/ros2srrc_execution/programs/irb1600_demo.yaml
-- Symlinking: /ros2_ws/install/ros2srrc_execution/share/ros2srrc_execution/programs/irb6640_demo.yaml
-- Symlinking: /ros2_ws/install/ros2srrc_execution/share/ros2srrc_execution/programs/rx160_demo.yaml
-- Symlinking: /ros2_ws/install/ros2srrc_execution/share/ros2srrc_execution/programs/templates.txt
-- Symlinking: /ros2_ws/install/ros2srrc_execution/share/ros2srrc_execution/programs/ur10_demo.yaml
-- Symlinking: /ros2_ws/install/ros2srrc_execution/share/ros2srrc_execution/programs/ur10e_demo.yaml
-- Symlinking: /ros2_ws/install/ros2srrc_execution/share/ros2srrc_execution/programs/ur16e_demo.yaml
-- Symlinking: /ros2_ws/install/ros2srrc_execution/share/ros2srrc_execution/programs/ur20_demo.yaml
-- Symlinking: /ros2_ws/install/ros2srrc_execution/share/ros2srrc_execution/programs/ur3_demo.yaml
-- Symlinking: /ros2_ws/install/ros2srrc_execution/share/ros2srrc_execution/programs/ur3e_demo.yaml
-- Symlinking: /ros2_ws/install/ros2srrc_execution/share/ros2srrc_execution/programs/ur5_demo.yaml
-- Symlinking: /ros2_ws/install/ros2srrc_execution/share/ros2srrc_execution/programs/ur5e_demo.yaml
-- Symlinking: /ros2_ws/install/ros2srrc_execution/lib/ros2srrc_execution/RobotState.py
-- Symlinking: /ros2_ws/install/ros2srrc_execution/lib/ros2srrc_execution/SpawnObject.py
-- Symlinking: /ros2_ws/install/ros2srrc_execution/lib/ros2srrc_execution/ExecuteProgram.py
-- Symlinking: /ros2_ws/install/ros2srrc_execution/lib/ros2srrc_execution/conveyor_manager.py
-- Symlinking: /ros2_ws/install/ros2srrc_execution/lib/ros2srrc_execution/grasping_manager.py
-- Symlinking: /ros2_ws/install/ros2srrc_execution/lib/ros2srrc_execution/parallelGripper.py
-- Symlinking: /ros2_ws/install/ros2srrc_execution/lib/ros2srrc_execution/test_Move.py
-- Symlinking: /ros2_ws/install/ros2srrc_execution/lib/ros2srrc_execution/test_RobMove.py
-- Symlinking: /ros2_ws/install/ros2srrc_execution/lib/ros2srrc_execution/test_PG.py
-- Symlinking: /ros2_ws/install/ros2srrc_execution/lib/ros2srrc_execution/test_VG.py
-- Symlinking: /ros2_ws/install/ros2srrc_execution/share/ament_index/resource_index/package_run_dependencies/ros2srrc_execution
-- Symlinking: /ros2_ws/install/ros2srrc_execution/share/ament_index/resource_index/parent_prefix_path/ros2srrc_execution
-- Symlinking: /ros2_ws/install/ros2srrc_execution/share/ros2srrc_execution/environment/ament_prefix_path.sh
-- Symlinking: /ros2_ws/install/ros2srrc_execution/share/ros2srrc_execution/environment/ament_prefix_path.dsv
-- Symlinking: /ros2_ws/install/ros2srrc_execution/share/ros2srrc_execution/environment/path.sh
-- Symlinking: /ros2_ws/install/ros2srrc_execution/share/ros2srrc_execution/environment/path.dsv
-- Symlinking: /ros2_ws/install/ros2srrc_execution/share/ros2srrc_execution/local_setup.bash
-- Symlinking: /ros2_ws/install/ros2srrc_execution/share/ros2srrc_execution/local_setup.sh
-- Symlinking: /ros2_ws/install/ros2srrc_execution/share/ros2srrc_execution/local_setup.zsh
-- Symlinking: /ros2_ws/install/ros2srrc_execution/share/ros2srrc_execution/local_setup.dsv
-- Symlinking: /ros2_ws/install/ros2srrc_execution/share/ros2srrc_execution/package.dsv
-- Symlinking: /ros2_ws/install/ros2srrc_execution/share/ament_index/resource_index/packages/ros2srrc_execution
-- Symlinking: /ros2_ws/install/ros2srrc_execution/share/ros2srrc_execution/cmake/ros2srrc_executionConfig.cmake
-- Symlinking: /ros2_ws/install/ros2srrc_execution/share/ros2srrc_execution/cmake/ros2srrc_executionConfig-version.cmake
-- Symlinking: /ros2_ws/install/ros2srrc_execution/share/ros2srrc_execution/package.xml
