[0.047s] Invoking command in '/ros2_ws/build/ros2srrc_execution': AMENT_PREFIX_PATH=/ros2_ws/install/ros2_objectpose:/ros2_ws/install/ros2_linkpose:/ros2_ws/install/ros2_linkattacher:/ros2_ws/install/ros2srrc_data:/ros2_ws/install/ros2_robotiqgripper:/ros2_ws/install/objectpose_msgs:/ros2_ws/install/linkpose_msgs:/ros2_ws/install/linkattacher_msgs:${AMENT_PREFIX_PATH} CMAKE_PREFIX_PATH=/ros2_ws/install/ros2_objectpose:/ros2_ws/install/ros2_linkpose:/ros2_ws/install/ros2_linkattacher:/ros2_ws/install/ros2srrc_data:/ros2_ws/install/ros2_robotiqgripper:/ros2_ws/install/objectpose_msgs:/ros2_ws/install/linkpose_msgs:/ros2_ws/install/linkattacher_msgs:/opt/ros/humble LD_LIBRARY_PATH=/ros2_ws/install/ros2_objectpose/lib:/ros2_ws/install/ros2_linkpose/lib:/ros2_ws/install/ros2_linkattacher/lib:/ros2_ws/install/ros2srrc_data/lib:/ros2_ws/install/ros2_robotiqgripper/lib:/ros2_ws/install/objectpose_msgs/lib:/ros2_ws/install/linkpose_msgs/lib:/ros2_ws/install/linkattacher_msgs/lib:${LD_LIBRARY_PATH} PYTHONPATH=/ros2_ws/install/ros2srrc_data/local/lib/python3.10/dist-packages:/ros2_ws/install/ros2_robotiqgripper/local/lib/python3.10/dist-packages:/ros2_ws/install/objectpose_msgs/local/lib/python3.10/dist-packages:/ros2_ws/install/linkpose_msgs/local/lib/python3.10/dist-packages:/ros2_ws/install/linkattacher_msgs/local/lib/python3.10/dist-packages:${PYTHONPATH} /usr/bin/cmake /ros2_ws/src/ros2_SimRealRobotControl/ros2srrc_execution -DCMAKE_BUILD_TYPE=Release -DAMENT_CMAKE_SYMLINK_INSTALL=1 -DCMAKE_INSTALL_PREFIX=/ros2_ws/install/ros2srrc_execution
[0.145s] -- The C compiler identification is GNU 11.4.0
[0.230s] -- The CXX compiler identification is GNU 11.4.0
[0.241s] -- Detecting C compiler ABI info
[0.344s] -- Detecting C compiler ABI info - done
[0.363s] -- Check for working C compiler: /usr/bin/cc - skipped
[0.364s] -- Detecting C compile features
[0.365s] -- Detecting C compile features - done
[0.372s] -- Detecting CXX compiler ABI info
[0.509s] -- Detecting CXX compiler ABI info - done
[0.523s] -- Check for working CXX compiler: /usr/bin/c++ - skipped
[0.524s] -- Detecting CXX compile features
[0.525s] -- Detecting CXX compile features - done
[0.533s] -- Found ament_cmake: 1.3.12 (/opt/ros/humble/share/ament_cmake/cmake)
[0.800s] -- Found Python3: /usr/bin/python3 (found version "3.10.12") found components: Interpreter 
[0.948s] -- Override CMake install command with custom implementation using symlinks instead of copying resources
[1.088s] -- Found ament_lint_auto: 0.12.14 (/opt/ros/humble/share/ament_lint_auto/cmake)
[1.387s] -- Found moveit_ros_planning_interface: 2.5.9 (/opt/ros/humble/share/moveit_ros_planning_interface/cmake)
[1.757s] -- Found Boost: /usr/lib/x86_64-linux-gnu/cmake/Boost-1.74.0/BoostConfig.cmake (found version "1.74.0") found components: date_time filesystem program_options system thread 
[1.905s] -- Found rosidl_generator_c: 3.1.7 (/opt/ros/humble/share/rosidl_generator_c/cmake)
[1.932s] -- Found rosidl_adapter: 3.1.7 (/opt/ros/humble/share/rosidl_adapter/cmake)
[1.969s] -- Found rosidl_generator_cpp: 3.1.7 (/opt/ros/humble/share/rosidl_generator_cpp/cmake)
[2.009s] -- Using all available rosidl_typesupport_c: rosidl_typesupport_fastrtps_c;rosidl_typesupport_introspection_c
[2.054s] -- Using all available rosidl_typesupport_cpp: rosidl_typesupport_fastrtps_cpp;rosidl_typesupport_introspection_cpp
[2.821s] -- Found Boost: /usr/lib/x86_64-linux-gnu/cmake/Boost-1.74.0/BoostConfig.cmake (found version "1.74.0") found components: chrono date_time filesystem iostreams program_options regex serialization system thread 
[3.113s] -- Found parameter_traits: 0.5.0 (/opt/ros/humble/share/parameter_traits/cmake)
[3.274s] -- Found rmw_implementation_cmake: 6.1.2 (/opt/ros/humble/share/rmw_implementation_cmake/cmake)
[3.286s] -- Found rmw_cyclonedds_cpp: 1.3.4 (/opt/ros/humble/share/rmw_cyclonedds_cpp/cmake)
[3.365s] -- Using RMW implementation 'rmw_cyclonedds_cpp' as default
[3.405s] -- Found Threads: TRUE  
[3.578s] -- Found rclcpp_lifecycle: 16.0.16 (/opt/ros/humble/share/rclcpp_lifecycle/cmake)
[3.663s] -- Found Boost: /usr/lib/x86_64-linux-gnu/cmake/Boost-1.74.0/BoostConfig.cmake (found version "1.74.0") found components: filesystem 
[3.930s] -- library: /usr/lib/x86_64-linux-gnu/libcurl.so
[4.107s] -- Found Eigen3: TRUE (found version "3.4.0") 
[4.107s] -- Ensuring Eigen3 include directory is part of orocos-kdl CMake target
[4.676s] -- Found Boost: /usr/lib/x86_64-linux-gnu/cmake/Boost-1.74.0/BoostConfig.cmake (found version "1.74.0") found components: system filesystem date_time program_options thread chrono 
[4.779s] -- Found Boost: /usr/lib/x86_64-linux-gnu/cmake/Boost-1.74.0/BoostConfig.cmake (found version "1.74.0") found components: thread system filesystem regex date_time program_options 
[4.983s] -- Found Boost: /usr/lib/x86_64-linux-gnu/cmake/Boost-1.74.0/BoostConfig.cmake (found version "1.74.0") found components: system filesystem date_time program_options thread 
[5.078s] -- Found ros2srrc_data: 0.0.0 (/ros2_ws/install/ros2srrc_data/share/ros2srrc_data/cmake)
[5.117s] -- Found linkattacher_msgs: 0.0.0 (/ros2_ws/install/linkattacher_msgs/share/linkattacher_msgs/cmake)
[5.157s] -- Found ros2_robotiqgripper: 1.0.0 (/ros2_ws/install/ros2_robotiqgripper/share/ros2_robotiqgripper/cmake)
[5.216s] -- Added test 'cppcheck' to perform static code analysis on C / C++ code
[5.217s] -- Configured cppcheck include dirs: /ros2_ws/src/ros2_SimRealRobotControl/ros2srrc_execution/include
[5.217s] -- Configured cppcheck exclude dirs and/or files: 
[5.219s] -- Added test 'flake8' to check Python code syntax and style conventions
[5.222s] -- Added test 'lint_cmake' to check CMake code style
[5.224s] -- Added test 'pep257' to check Python code against some of the docstring style conventions in PEP 257
[5.230s] -- Added test 'uncrustify' to check C / C++ code style
[5.230s] -- Configured uncrustify additional arguments: 
[5.231s] -- Added test 'xmllint' to check XML markup files
[5.235s] -- Configuring done
[5.450s] -- Generating done
[5.497s] -- Build files have been written to: /ros2_ws/build/ros2srrc_execution
[5.531s] Invoked command in '/ros2_ws/build/ros2srrc_execution' returned '0': AMENT_PREFIX_PATH=/ros2_ws/install/ros2_objectpose:/ros2_ws/install/ros2_linkpose:/ros2_ws/install/ros2_linkattacher:/ros2_ws/install/ros2srrc_data:/ros2_ws/install/ros2_robotiqgripper:/ros2_ws/install/objectpose_msgs:/ros2_ws/install/linkpose_msgs:/ros2_ws/install/linkattacher_msgs:${AMENT_PREFIX_PATH} CMAKE_PREFIX_PATH=/ros2_ws/install/ros2_objectpose:/ros2_ws/install/ros2_linkpose:/ros2_ws/install/ros2_linkattacher:/ros2_ws/install/ros2srrc_data:/ros2_ws/install/ros2_robotiqgripper:/ros2_ws/install/objectpose_msgs:/ros2_ws/install/linkpose_msgs:/ros2_ws/install/linkattacher_msgs:/opt/ros/humble LD_LIBRARY_PATH=/ros2_ws/install/ros2_objectpose/lib:/ros2_ws/install/ros2_linkpose/lib:/ros2_ws/install/ros2_linkattacher/lib:/ros2_ws/install/ros2srrc_data/lib:/ros2_ws/install/ros2_robotiqgripper/lib:/ros2_ws/install/objectpose_msgs/lib:/ros2_ws/install/linkpose_msgs/lib:/ros2_ws/install/linkattacher_msgs/lib:${LD_LIBRARY_PATH} PYTHONPATH=/ros2_ws/install/ros2srrc_data/local/lib/python3.10/dist-packages:/ros2_ws/install/ros2_robotiqgripper/local/lib/python3.10/dist-packages:/ros2_ws/install/objectpose_msgs/local/lib/python3.10/dist-packages:/ros2_ws/install/linkpose_msgs/local/lib/python3.10/dist-packages:/ros2_ws/install/linkattacher_msgs/local/lib/python3.10/dist-packages:${PYTHONPATH} /usr/bin/cmake /ros2_ws/src/ros2_SimRealRobotControl/ros2srrc_execution -DCMAKE_BUILD_TYPE=Release -DAMENT_CMAKE_SYMLINK_INSTALL=1 -DCMAKE_INSTALL_PREFIX=/ros2_ws/install/ros2srrc_execution
[5.532s] Invoking command in '/ros2_ws/build/ros2srrc_execution': AMENT_PREFIX_PATH=/ros2_ws/install/ros2_objectpose:/ros2_ws/install/ros2_linkpose:/ros2_ws/install/ros2_linkattacher:/ros2_ws/install/ros2srrc_data:/ros2_ws/install/ros2_robotiqgripper:/ros2_ws/install/objectpose_msgs:/ros2_ws/install/linkpose_msgs:/ros2_ws/install/linkattacher_msgs:${AMENT_PREFIX_PATH} CMAKE_PREFIX_PATH=/ros2_ws/install/ros2_objectpose:/ros2_ws/install/ros2_linkpose:/ros2_ws/install/ros2_linkattacher:/ros2_ws/install/ros2srrc_data:/ros2_ws/install/ros2_robotiqgripper:/ros2_ws/install/objectpose_msgs:/ros2_ws/install/linkpose_msgs:/ros2_ws/install/linkattacher_msgs:/opt/ros/humble LD_LIBRARY_PATH=/ros2_ws/install/ros2_objectpose/lib:/ros2_ws/install/ros2_linkpose/lib:/ros2_ws/install/ros2_linkattacher/lib:/ros2_ws/install/ros2srrc_data/lib:/ros2_ws/install/ros2_robotiqgripper/lib:/ros2_ws/install/objectpose_msgs/lib:/ros2_ws/install/linkpose_msgs/lib:/ros2_ws/install/linkattacher_msgs/lib:${LD_LIBRARY_PATH} PYTHONPATH=/ros2_ws/install/ros2srrc_data/local/lib/python3.10/dist-packages:/ros2_ws/install/ros2_robotiqgripper/local/lib/python3.10/dist-packages:/ros2_ws/install/objectpose_msgs/local/lib/python3.10/dist-packages:/ros2_ws/install/linkpose_msgs/local/lib/python3.10/dist-packages:/ros2_ws/install/linkattacher_msgs/local/lib/python3.10/dist-packages:${PYTHONPATH} /usr/bin/cmake --build /ros2_ws/build/ros2srrc_execution -- -j8 -l8
[5.649s] [  8%] [32mBuilding CXX object CMakeFiles/move.dir/src/moveg.cpp.o[0m
[5.650s] [ 16%] [32mBuilding CXX object CMakeFiles/move.dir/src/moverp.cpp.o[0m
[5.664s] [ 25%] [32mBuilding CXX object CMakeFiles/robmove.dir/src/robmove.cpp.o[0m
[6.716s] [ 33%] [32mBuilding CXX object CMakeFiles/move.dir/src/movej.cpp.o[0m
[21.201s] [01m[K/ros2_ws/src/ros2_SimRealRobotControl/ros2srrc_execution/src/robmove.cpp:[m[K In function ‘[01m[Kmoveit::planning_interface::MoveGroupInterface::Plan plan_ROB()[m[K’:
[21.202s] [01m[K/ros2_ws/src/ros2_SimRealRobotControl/ros2srrc_execution/src/robmove.cpp:74:108:[m[K [01;35m[Kwarning: [m[K‘[01m[Kusing MoveItErrorCode = class moveit::core::MoveItErrorCode[m[K’ is deprecated: Use moveit::core::MoveItErrorCode [[01;35m[K-Wdeprecated-declarations[m[K]
[21.202s]    74 |     bool success = (move_group_interface_ROB.plan(my_plan) == moveit::planning_interface::MoveItErrorCode::[01;35m[KSUCCESS[m[K);
[21.202s]       |                                                                                                            [01;35m[K^~~~~~~[m[K
[21.202s] In file included from [01m[K/ros2_ws/src/ros2_SimRealRobotControl/ros2srrc_execution/src/robmove.cpp:41[m[K:
[21.202s] [01m[K/opt/ros/humble/include/moveit/move_group_interface/move_group_interface_improved.h:71:7:[m[K [01;36m[Knote: [m[Kdeclared here
[21.202s]    71 | using [01;36m[KMoveItErrorCode[m[K [[deprecated("Use moveit::core::MoveItErrorCode")]] = moveit::core::MoveItErrorCode;
[21.203s]       |       [01;36m[K^~~~~~~~~~~~~~~[m[K
[21.333s] [01m[K/ros2_ws/src/ros2_SimRealRobotControl/ros2srrc_execution/src/robmove.cpp:[m[K In member function ‘[01m[Krclcpp_action::GoalResponse ActionServer::handle_goal(const GoalUUID&, std::shared_ptr<const ros2srrc_data::action::Robmove_Goal_<std::allocator<void> > >)[m[K’:
[21.333s] [01m[K/ros2_ws/src/ros2_SimRealRobotControl/ros2srrc_execution/src/robmove.cpp:115:77:[m[K [01;35m[Kwarning: [m[Kunused parameter ‘[01m[Kuuid[m[K’ [[01;35m[K-Wunused-parameter[m[K]
[21.333s]   115 |     rclcpp_action::GoalResponse handle_goal([01;35m[Kconst rclcpp_action::GoalUUID & uuid[m[K, std::shared_ptr<const Robmove::Goal> goal)
[21.333s]       |                                             [01;35m[K~~~~~~~~~~~~~~~~~~~~~~~~~~~~~~~~^~~~[m[K
[21.350s] [01m[K/ros2_ws/src/ros2_SimRealRobotControl/ros2srrc_execution/src/robmove.cpp:[m[K In member function ‘[01m[Kvoid ActionServer::execute(std::shared_ptr<rclcpp_action::ServerGoalHandle<ros2srrc_data::action::Robmove> >)[m[K’:
[21.350s] [01m[K/ros2_ws/src/ros2_SimRealRobotControl/ros2srrc_execution/src/robmove.cpp:178:17:[m[K [01;35m[Kwarning: [m[Kcomparison with string literal results in unspecified behavior [[01;35m[K-Waddress[m[K]
[21.350s]   178 |         if ([01;35m[KRES == "PLANNING: OK"[m[K){
[21.350s]       |             [01;35m[K~~~~^~~~~~~~~~~~~~~~~[m[K
[21.351s] [01m[K/ros2_ws/src/ros2_SimRealRobotControl/ros2srrc_execution/src/robmove.cpp:180:122:[m[K [01;35m[Kwarning: [m[K‘[01m[Kusing MoveItErrorCode = class moveit::core::MoveItErrorCode[m[K’ is deprecated: Use moveit::core::MoveItErrorCode [[01;35m[K-Wdeprecated-declarations[m[K]
[21.351s]   180 |             bool ExecSUCCESS = (move_group_interface_ROB.execute(MyPlan) == moveit::planning_interface::MoveItErrorCode::[01;35m[KSUCCESS[m[K);
[21.351s]       |                                                                                                                          [01;35m[K^~~~~~~[m[K
[21.351s] In file included from [01m[K/ros2_ws/src/ros2_SimRealRobotControl/ros2srrc_execution/src/robmove.cpp:41[m[K:
[21.351s] [01m[K/opt/ros/humble/include/moveit/move_group_interface/move_group_interface_improved.h:71:7:[m[K [01;36m[Knote: [m[Kdeclared here
[21.351s]    71 | using [01;36m[KMoveItErrorCode[m[K [[deprecated("Use moveit::core::MoveItErrorCode")]] = moveit::core::MoveItErrorCode;
[21.352s]       |       [01;36m[K^~~~~~~~~~~~~~~[m[K
[21.801s] [01m[K/ros2_ws/src/ros2_SimRealRobotControl/ros2srrc_execution/src/moveg.cpp:[m[K In function ‘[01m[KMoveGSTRUCT MoveGAction(double, std::vector<double, std::allocator<double> >, ros2srrc_data::msg::Specs)[m[K’:
[21.802s] [01m[K/ros2_ws/src/ros2_SimRealRobotControl/ros2srrc_execution/src/moveg.cpp:75:20:[m[K [01;35m[Kwarning: [m[Kcomparison of integer expressions of different signedness: ‘[01m[Kint[m[K’ and ‘[01m[Kstd::vector<double, std::allocator<double> >::size_type[m[K’ {aka ‘[01m[Klong unsigned int[m[K’} [[01;35m[K-Wsign-compare[m[K]
[21.802s]    75 |     for (int i=0; [01;35m[Ki<JP.size()[m[K; i++){
[21.802s]       |                   [01;35m[K~^~~~~~~~~~[m[K
[21.917s] [01m[K/ros2_ws/src/ros2_SimRealRobotControl/ros2srrc_execution/src/movej.cpp:[m[K In function ‘[01m[KMoveJSTRUCT MoveJAction(ros2srrc_data::msg::Joints, std::vector<double, std::allocator<double> >, ros2srrc_data::msg::Specs)[m[K’:
[21.917s] [01m[K/ros2_ws/src/ros2_SimRealRobotControl/ros2srrc_execution/src/movej.cpp:81:20:[m[K [01;35m[Kwarning: [m[Kcomparison of integer expressions of different signedness: ‘[01m[Kint[m[K’ and ‘[01m[Kstd::vector<double, std::allocator<double> >::size_type[m[K’ {aka ‘[01m[Klong unsigned int[m[K’} [[01;35m[K-Wsign-compare[m[K]
[21.918s]    81 |     for (int i=0; [01;35m[Ki<JP.size()[m[K; i++){
[21.918s]       |                   [01;35m[K~^~~~~~~~~~[m[K
[21.918s] [01m[K/ros2_ws/src/ros2_SimRealRobotControl/ros2srrc_execution/src/movej.cpp:95:24:[m[K [01;35m[Kwarning: [m[Kcomparison of integer expressions of different signedness: ‘[01m[Kint[m[K’ and ‘[01m[Kstd::vector<double, std::allocator<double> >::size_type[m[K’ {aka ‘[01m[Klong unsigned int[m[K’} [[01;35m[K-Wsign-compare[m[K]
[21.918s]    95 |         for (int i=0; [01;35m[Ki<JP.size()[m[K; i++){
[21.919s]       |                       [01;35m[K~^~~~~~~~~~[m[K
[21.919s] [01m[K/ros2_ws/src/ros2_SimRealRobotControl/ros2srrc_execution/src/movej.cpp:105:24:[m[K [01;35m[Kwarning: [m[Kcomparison of integer expressions of different signedness: ‘[01m[Kint[m[K’ and ‘[01m[Kstd::vector<std::__cxx11::basic_string<char> >::size_type[m[K’ {aka ‘[01m[Klong unsigned int[m[K’} [[01;35m[K-Wsign-compare[m[K]
[21.919s]   105 |         for (int k=0; [01;35m[Kk<jointLIST.size()[m[K; k++){
[21.919s]       |                       [01;35m[K~^~~~~~~~~~~~~~~~~[m[K
[28.414s] [ 41%] [32mBuilding CXX object CMakeFiles/move.dir/src/move.cpp.o[0m
[31.262s] [ 50%] [32m[1mLinking CXX executable robmove[0m
[32.117s] [ 50%] Built target robmove
[37.473s] [01m[K/ros2_ws/src/ros2_SimRealRobotControl/ros2srrc_execution/src/move.cpp:[m[K In function ‘[01m[Kmoveit::planning_interface::MoveGroupInterface::Plan plan_ROB()[m[K’:
[37.474s] [01m[K/ros2_ws/src/ros2_SimRealRobotControl/ros2srrc_execution/src/move.cpp:124:108:[m[K [01;35m[Kwarning: [m[K‘[01m[Kusing MoveItErrorCode = class moveit::core::MoveItErrorCode[m[K’ is deprecated: Use moveit::core::MoveItErrorCode [[01;35m[K-Wdeprecated-declarations[m[K]
[37.474s]   124 | rface_ROB.plan(my_plan) == moveit::planning_interface::MoveItErrorCode::[01;35m[KSUCCESS[m[K);
[37.474s]       |                                                                         [01;35m[K^~~~~~~[m[K
[37.474s] 
[37.474s] In file included from [01m[K/ros2_ws/src/ros2_SimRealRobotControl/ros2srrc_execution/include/ros2srrc_execution/movej.h:43[m[K,
[37.475s]                  from [01m[K/ros2_ws/src/ros2_SimRealRobotControl/ros2srrc_execution/src/move.cpp:42[m[K:
[37.475s] [01m[K/opt/ros/humble/include/moveit/move_group_interface/move_group_interface_improved.h:71:7:[m[K [01;36m[Knote: [m[Kdeclared here
[37.475s]    71 | using [01;36m[KMoveItErrorCode[m[K [[deprecated("Use moveit::core::MoveItErrorCode")]] = moveit::core::MoveItErrorCode;
[37.475s]       |       [01;36m[K^~~~~~~~~~~~~~~[m[K
[37.475s] [01m[K/ros2_ws/src/ros2_SimRealRobotControl/ros2srrc_execution/src/move.cpp:[m[K In function ‘[01m[Kmoveit::planning_interface::MoveGroupInterface::Plan plan_EE()[m[K’:
[37.475s] [01m[K/ros2_ws/src/ros2_SimRealRobotControl/ros2srrc_execution/src/move.cpp:143:107:[m[K [01;35m[Kwarning: [m[K‘[01m[Kusing MoveItErrorCode = class moveit::core::MoveItErrorCode[m[K’ is deprecated: Use moveit::core::MoveItErrorCode [[01;35m[K-Wdeprecated-declarations[m[K]
[37.476s]   143 | erface_EE.plan(my_plan) == moveit::planning_interface::MoveItErrorCode::[01;35m[KSUCCESS[m[K);
[37.476s]       |                                                                         [01;35m[K^~~~~~~[m[K
[37.476s] 
[37.476s] In file included from [01m[K/ros2_ws/src/ros2_SimRealRobotControl/ros2srrc_execution/include/ros2srrc_execution/movej.h:43[m[K,
[37.476s]                  from [01m[K/ros2_ws/src/ros2_SimRealRobotControl/ros2srrc_execution/src/move.cpp:42[m[K:
[37.476s] [01m[K/opt/ros/humble/include/moveit/move_group_interface/move_group_interface_improved.h:71:7:[m[K [01;36m[Knote: [m[Kdeclared here
[37.476s]    71 | using [01;36m[KMoveItErrorCode[m[K [[deprecated("Use moveit::core::MoveItErrorCode")]] = moveit::core::MoveItErrorCode;
[37.477s]       |       [01;36m[K^~~~~~~~~~~~~~~[m[K
[37.543s] [01m[K/ros2_ws/src/ros2_SimRealRobotControl/ros2srrc_execution/src/move.cpp:[m[K In member function ‘[01m[Krclcpp_action::GoalResponse ActionServer::handle_goal(const GoalUUID&, std::shared_ptr<const ros2srrc_data::action::Move_Goal_<std::allocator<void> > >)[m[K’:
[37.543s] [01m[K/ros2_ws/src/ros2_SimRealRobotControl/ros2srrc_execution/src/move.cpp:193:16:[m[K [01;35m[Kwarning: [m[Kunused variable ‘[01m[Kspeed[m[K’ [[01;35m[K-Wunused-variable[m[K]
[37.543s]   193 |         double [01;35m[Kspeed[m[K = goal->speed;
[37.543s]       |                [01;35m[K^~~~~[m[K
[37.543s] [01m[K/ros2_ws/src/ros2_SimRealRobotControl/ros2srrc_execution/src/move.cpp:187:41:[m[K [01;35m[Kwarning: [m[Kunused parameter ‘[01m[Kuuid[m[K’ [[01;35m[K-Wunused-parameter[m[K]
[37.543s]   187 |         [01;35m[Kconst rclcpp_action::GoalUUID & uuid[m[K,
[37.544s]       |         [01;35m[K~~~~~~~~~~~~~~~~~~~~~~~~~~~~~~~~^~~~[m[K
[37.562s] [01m[K/ros2_ws/src/ros2_SimRealRobotControl/ros2srrc_execution/src/move.cpp:[m[K In member function ‘[01m[Kvoid ActionServer::execute(std::shared_ptr<rclcpp_action::ServerGoalHandle<ros2srrc_data::action::Move> >)[m[K’:
[37.563s] [01m[K/ros2_ws/src/ros2_SimRealRobotControl/ros2srrc_execution/src/move.cpp:371:122:[m[K [01;35m[Kwarning: [m[K‘[01m[Kusing MoveItErrorCode = class moveit::core::MoveItErrorCode[m[K’ is deprecated: Use moveit::core::MoveItErrorCode [[01;35m[K-Wdeprecated-declarations[m[K]
[37.563s]   371 | ace_ROB.execute(MyPlan) == moveit::planning_interface::MoveItErrorCode::[01;35m[KSUCCESS[m[K);
[37.563s]       |                                                                         [01;35m[K^~~~~~~[m[K
[37.563s] 
[37.564s] In file included from [01m[K/ros2_ws/src/ros2_SimRealRobotControl/ros2srrc_execution/include/ros2srrc_execution/movej.h:43[m[K,
[37.564s]                  from [01m[K/ros2_ws/src/ros2_SimRealRobotControl/ros2srrc_execution/src/move.cpp:42[m[K:
[37.564s] [01m[K/opt/ros/humble/include/moveit/move_group_interface/move_group_interface_improved.h:71:7:[m[K [01;36m[Knote: [m[Kdeclared here
[37.564s]    71 | using [01;36m[KMoveItErrorCode[m[K [[deprecated("Use moveit::core::MoveItErrorCode")]] = moveit::core::MoveItErrorCode;
[37.564s]       |       [01;36m[K^~~~~~~~~~~~~~~[m[K
[46.142s] [ 58%] [32mBuilding CXX object CMakeFiles/move.dir/src/mover.cpp.o[0m
[46.143s] [ 66%] [32mBuilding CXX object CMakeFiles/move.dir/src/movel.cpp.o[0m
[56.507s] [01m[K/ros2_ws/src/ros2_SimRealRobotControl/ros2srrc_execution/src/mover.cpp:[m[K In function ‘[01m[KMoveRSTRUCT MoveRAction(ros2srrc_data::msg::Joint, std::vector<double, std::allocator<double> >, ros2srrc_data::msg::Specs)[m[K’:
[56.507s] [01m[K/ros2_ws/src/ros2_SimRealRobotControl/ros2srrc_execution/src/mover.cpp:67:20:[m[K [01;35m[Kwarning: [m[Kcomparison of integer expressions of different signedness: ‘[01m[Kint[m[K’ and ‘[01m[Kstd::vector<double, std::allocator<double> >::size_type[m[K’ {aka ‘[01m[Klong unsigned int[m[K’} [[01;35m[K-Wsign-compare[m[K]
[56.507s]    67 |     for (int i=0; [01;35m[Ki<JP.size()[m[K; i++){
[56.508s]       |                   [01;35m[K~^~~~~~~~~~[m[K
[56.510s] [01m[K/ros2_ws/src/ros2_SimRealRobotControl/ros2srrc_execution/src/mover.cpp:105:24:[m[K [01;35m[Kwarning: [m[Kcomparison of integer expressions of different signedness: ‘[01m[Kint[m[K’ and ‘[01m[Kstd::vector<double, std::allocator<double> >::size_type[m[K’ {aka ‘[01m[Klong unsigned int[m[K’} [[01;35m[K-Wsign-compare[m[K]
[56.510s]   105 |         for (int i=0; [01;35m[Ki<JP.size()[m[K; i++){
[56.510s]       |                       [01;35m[K~^~~~~~~~~~[m[K
[61.016s] [ 75%] [32mBuilding CXX object CMakeFiles/move.dir/src/moverot.cpp.o[0m
[71.919s] [ 83%] [32m[1mLinking CXX executable move[0m
[72.494s] [ 83%] Built target move
[72.525s] [ 91%] [32mBuilding CXX object CMakeFiles/robpose.dir/src/robpose.cpp.o[0m
[95.232s] [100%] [32m[1mLinking CXX executable robpose[0m
[96.203s] [100%] Built target robpose
[96.271s] Invoked command in '/ros2_ws/build/ros2srrc_execution' returned '0': AMENT_PREFIX_PATH=/ros2_ws/install/ros2_objectpose:/ros2_ws/install/ros2_linkpose:/ros2_ws/install/ros2_linkattacher:/ros2_ws/install/ros2srrc_data:/ros2_ws/install/ros2_robotiqgripper:/ros2_ws/install/objectpose_msgs:/ros2_ws/install/linkpose_msgs:/ros2_ws/install/linkattacher_msgs:${AMENT_PREFIX_PATH} CMAKE_PREFIX_PATH=/ros2_ws/install/ros2_objectpose:/ros2_ws/install/ros2_linkpose:/ros2_ws/install/ros2_linkattacher:/ros2_ws/install/ros2srrc_data:/ros2_ws/install/ros2_robotiqgripper:/ros2_ws/install/objectpose_msgs:/ros2_ws/install/linkpose_msgs:/ros2_ws/install/linkattacher_msgs:/opt/ros/humble LD_LIBRARY_PATH=/ros2_ws/install/ros2_objectpose/lib:/ros2_ws/install/ros2_linkpose/lib:/ros2_ws/install/ros2_linkattacher/lib:/ros2_ws/install/ros2srrc_data/lib:/ros2_ws/install/ros2_robotiqgripper/lib:/ros2_ws/install/objectpose_msgs/lib:/ros2_ws/install/linkpose_msgs/lib:/ros2_ws/install/linkattacher_msgs/lib:${LD_LIBRARY_PATH} PYTHONPATH=/ros2_ws/install/ros2srrc_data/local/lib/python3.10/dist-packages:/ros2_ws/install/ros2_robotiqgripper/local/lib/python3.10/dist-packages:/ros2_ws/install/objectpose_msgs/local/lib/python3.10/dist-packages:/ros2_ws/install/linkpose_msgs/local/lib/python3.10/dist-packages:/ros2_ws/install/linkattacher_msgs/local/lib/python3.10/dist-packages:${PYTHONPATH} /usr/bin/cmake --build /ros2_ws/build/ros2srrc_execution -- -j8 -l8
[96.288s] Invoking command in '/ros2_ws/build/ros2srrc_execution': AMENT_PREFIX_PATH=/ros2_ws/install/ros2_objectpose:/ros2_ws/install/ros2_linkpose:/ros2_ws/install/ros2_linkattacher:/ros2_ws/install/ros2srrc_data:/ros2_ws/install/ros2_robotiqgripper:/ros2_ws/install/objectpose_msgs:/ros2_ws/install/linkpose_msgs:/ros2_ws/install/linkattacher_msgs:${AMENT_PREFIX_PATH} CMAKE_PREFIX_PATH=/ros2_ws/install/ros2_objectpose:/ros2_ws/install/ros2_linkpose:/ros2_ws/install/ros2_linkattacher:/ros2_ws/install/ros2srrc_data:/ros2_ws/install/ros2_robotiqgripper:/ros2_ws/install/objectpose_msgs:/ros2_ws/install/linkpose_msgs:/ros2_ws/install/linkattacher_msgs:/opt/ros/humble LD_LIBRARY_PATH=/ros2_ws/install/ros2_objectpose/lib:/ros2_ws/install/ros2_linkpose/lib:/ros2_ws/install/ros2_linkattacher/lib:/ros2_ws/install/ros2srrc_data/lib:/ros2_ws/install/ros2_robotiqgripper/lib:/ros2_ws/install/objectpose_msgs/lib:/ros2_ws/install/linkpose_msgs/lib:/ros2_ws/install/linkattacher_msgs/lib:${LD_LIBRARY_PATH} PYTHONPATH=/ros2_ws/install/ros2srrc_data/local/lib/python3.10/dist-packages:/ros2_ws/install/ros2_robotiqgripper/local/lib/python3.10/dist-packages:/ros2_ws/install/objectpose_msgs/local/lib/python3.10/dist-packages:/ros2_ws/install/linkpose_msgs/local/lib/python3.10/dist-packages:/ros2_ws/install/linkattacher_msgs/local/lib/python3.10/dist-packages:${PYTHONPATH} /usr/bin/cmake --install /ros2_ws/build/ros2srrc_execution
[96.304s] -- Install configuration: "Release"
[96.305s] -- Execute custom install script
[96.306s] -- Symlinking: /ros2_ws/install/ros2srrc_execution/lib/ros2srrc_execution/move
[96.325s] -- Symlinking: /ros2_ws/install/ros2srrc_execution/lib/ros2srrc_execution/robmove
[96.345s] -- Symlinking: /ros2_ws/install/ros2srrc_execution/lib/ros2srrc_execution/robpose
[96.366s] -- Symlinking: /ros2_ws/install/ros2srrc_execution/include//ros2srrc_execution/moveg.h
[96.386s] -- Symlinking: /ros2_ws/install/ros2srrc_execution/include//ros2srrc_execution/movej.h
[96.404s] -- Symlinking: /ros2_ws/install/ros2srrc_execution/include//ros2srrc_execution/movel.h
[96.422s] -- Symlinking: /ros2_ws/install/ros2srrc_execution/include//ros2srrc_execution/mover.h
[96.441s] -- Symlinking: /ros2_ws/install/ros2srrc_execution/include//ros2srrc_execution/moverot.h
[96.461s] -- Symlinking: /ros2_ws/install/ros2srrc_execution/include//ros2srrc_execution/moverp.h
[96.479s] -- Symlinking: /ros2_ws/install/ros2srrc_execution/share/ros2srrc_execution/python/ExecuteProgram.py
[96.497s] -- Symlinking: /ros2_ws/install/ros2srrc_execution/share/ros2srrc_execution/python/RobotState.py
[96.515s] -- Symlinking: /ros2_ws/install/ros2srrc_execution/share/ros2srrc_execution/python/SpawnObject.py
[96.527s] -- Symlinking: /ros2_ws/install/ros2srrc_execution/share/ros2srrc_execution/python/conveyor_manager.py
[96.539s] -- Symlinking: /ros2_ws/install/ros2srrc_execution/share/ros2srrc_execution/python/endeffector/robotiq_ur.py
[96.555s] -- Symlinking: /ros2_ws/install/ros2srrc_execution/share/ros2srrc_execution/python/endeffector/schunk_abb.py
[96.567s] -- Symlinking: /ros2_ws/install/ros2srrc_execution/share/ros2srrc_execution/python/endeffector/vgr_abb.py
[96.579s] -- Symlinking: /ros2_ws/install/ros2srrc_execution/share/ros2srrc_execution/python/endeffector/zimmer_abb.py
[96.591s] -- Symlinking: /ros2_ws/install/ros2srrc_execution/share/ros2srrc_execution/python/endeffector_gz/parallelGripper.py
[96.604s] -- Symlinking: /ros2_ws/install/ros2srrc_execution/share/ros2srrc_execution/python/endeffector_gz/vacuumGripper.py
[96.620s] -- Symlinking: /ros2_ws/install/ros2srrc_execution/share/ros2srrc_execution/python/get_pose.py
[96.634s] -- Symlinking: /ros2_ws/install/ros2srrc_execution/share/ros2srrc_execution/python/grasping_manager.py
[96.648s] -- Symlinking: /ros2_ws/install/ros2srrc_execution/share/ros2srrc_execution/python/pick_and_place.py
[96.666s] -- Symlinking: /ros2_ws/install/ros2srrc_execution/share/ros2srrc_execution/python/robot/robot.py
[96.678s] -- Symlinking: /ros2_ws/install/ros2srrc_execution/share/ros2srrc_execution/python/testClients/test_Move.py
[96.690s] -- Symlinking: /ros2_ws/install/ros2srrc_execution/share/ros2srrc_execution/python/testClients/test_PG.py
[96.702s] -- Symlinking: /ros2_ws/install/ros2srrc_execution/share/ros2srrc_execution/python/testClients/test_RobMove.py
[96.715s] -- Symlinking: /ros2_ws/install/ros2srrc_execution/share/ros2srrc_execution/python/testClients/test_VG.py
[96.728s] -- Symlinking: /ros2_ws/install/ros2srrc_execution/share/ros2srrc_execution/programs/ar4_demo.yaml
[96.740s] -- Symlinking: /ros2_ws/install/ros2srrc_execution/share/ros2srrc_execution/programs/iiwa_demo.yaml
[96.752s] -- Symlinking: /ros2_ws/install/ros2srrc_execution/share/ros2srrc_execution/programs/irb1200_demo.yaml
[96.764s] -- Symlinking: /ros2_ws/install/ros2srrc_execution/share/ros2srrc_execution/programs/irb120_demo.yaml
[96.777s] -- Symlinking: /ros2_ws/install/ros2srrc_execution/share/ros2srrc_execution/programs/irb1600_demo.yaml
[96.789s] -- Symlinking: /ros2_ws/install/ros2srrc_execution/share/ros2srrc_execution/programs/irb6640_demo.yaml
[96.801s] -- Symlinking: /ros2_ws/install/ros2srrc_execution/share/ros2srrc_execution/programs/rx160_demo.yaml
[96.814s] -- Symlinking: /ros2_ws/install/ros2srrc_execution/share/ros2srrc_execution/programs/templates.txt
[96.826s] -- Symlinking: /ros2_ws/install/ros2srrc_execution/share/ros2srrc_execution/programs/ur10_demo.yaml
[96.839s] -- Symlinking: /ros2_ws/install/ros2srrc_execution/share/ros2srrc_execution/programs/ur10e_demo.yaml
[96.851s] -- Symlinking: /ros2_ws/install/ros2srrc_execution/share/ros2srrc_execution/programs/ur16e_demo.yaml
[96.863s] -- Symlinking: /ros2_ws/install/ros2srrc_execution/share/ros2srrc_execution/programs/ur20_demo.yaml
[96.875s] -- Symlinking: /ros2_ws/install/ros2srrc_execution/share/ros2srrc_execution/programs/ur3_demo.yaml
[96.887s] -- Symlinking: /ros2_ws/install/ros2srrc_execution/share/ros2srrc_execution/programs/ur3e_demo.yaml
[96.900s] -- Symlinking: /ros2_ws/install/ros2srrc_execution/share/ros2srrc_execution/programs/ur5_demo.yaml
[96.911s] -- Symlinking: /ros2_ws/install/ros2srrc_execution/share/ros2srrc_execution/programs/ur5e_demo.yaml
[96.925s] -- Symlinking: /ros2_ws/install/ros2srrc_execution/lib/ros2srrc_execution/RobotState.py
[96.939s] -- Symlinking: /ros2_ws/install/ros2srrc_execution/lib/ros2srrc_execution/SpawnObject.py
[96.951s] -- Symlinking: /ros2_ws/install/ros2srrc_execution/lib/ros2srrc_execution/ExecuteProgram.py
[96.964s] -- Symlinking: /ros2_ws/install/ros2srrc_execution/lib/ros2srrc_execution/conveyor_manager.py
[96.976s] -- Symlinking: /ros2_ws/install/ros2srrc_execution/lib/ros2srrc_execution/grasping_manager.py
[96.988s] -- Symlinking: /ros2_ws/install/ros2srrc_execution/lib/ros2srrc_execution/parallelGripper.py
[97.000s] -- Symlinking: /ros2_ws/install/ros2srrc_execution/lib/ros2srrc_execution/test_Move.py
[97.012s] -- Symlinking: /ros2_ws/install/ros2srrc_execution/lib/ros2srrc_execution/test_RobMove.py
[97.024s] -- Symlinking: /ros2_ws/install/ros2srrc_execution/lib/ros2srrc_execution/test_PG.py
[97.036s] -- Symlinking: /ros2_ws/install/ros2srrc_execution/lib/ros2srrc_execution/test_VG.py
[97.048s] -- Symlinking: /ros2_ws/install/ros2srrc_execution/share/ament_index/resource_index/package_run_dependencies/ros2srrc_execution
[97.061s] -- Symlinking: /ros2_ws/install/ros2srrc_execution/share/ament_index/resource_index/parent_prefix_path/ros2srrc_execution
[97.072s] -- Symlinking: /ros2_ws/install/ros2srrc_execution/share/ros2srrc_execution/environment/ament_prefix_path.sh
[97.083s] -- Symlinking: /ros2_ws/install/ros2srrc_execution/share/ros2srrc_execution/environment/ament_prefix_path.dsv
[97.094s] -- Symlinking: /ros2_ws/install/ros2srrc_execution/share/ros2srrc_execution/environment/path.sh
[97.105s] -- Symlinking: /ros2_ws/install/ros2srrc_execution/share/ros2srrc_execution/environment/path.dsv
[97.116s] -- Symlinking: /ros2_ws/install/ros2srrc_execution/share/ros2srrc_execution/local_setup.bash
[97.128s] -- Symlinking: /ros2_ws/install/ros2srrc_execution/share/ros2srrc_execution/local_setup.sh
[97.139s] -- Symlinking: /ros2_ws/install/ros2srrc_execution/share/ros2srrc_execution/local_setup.zsh
[97.151s] -- Symlinking: /ros2_ws/install/ros2srrc_execution/share/ros2srrc_execution/local_setup.dsv
[97.163s] -- Symlinking: /ros2_ws/install/ros2srrc_execution/share/ros2srrc_execution/package.dsv
[97.177s] -- Symlinking: /ros2_ws/install/ros2srrc_execution/share/ament_index/resource_index/packages/ros2srrc_execution
[97.190s] -- Symlinking: /ros2_ws/install/ros2srrc_execution/share/ros2srrc_execution/cmake/ros2srrc_executionConfig.cmake
[97.203s] -- Symlinking: /ros2_ws/install/ros2srrc_execution/share/ros2srrc_execution/cmake/ros2srrc_executionConfig-version.cmake
[97.216s] -- Symlinking: /ros2_ws/install/ros2srrc_execution/share/ros2srrc_execution/package.xml
[97.235s] Invoked command in '/ros2_ws/build/ros2srrc_execution' returned '0': AMENT_PREFIX_PATH=/ros2_ws/install/ros2_objectpose:/ros2_ws/install/ros2_linkpose:/ros2_ws/install/ros2_linkattacher:/ros2_ws/install/ros2srrc_data:/ros2_ws/install/ros2_robotiqgripper:/ros2_ws/install/objectpose_msgs:/ros2_ws/install/linkpose_msgs:/ros2_ws/install/linkattacher_msgs:${AMENT_PREFIX_PATH} CMAKE_PREFIX_PATH=/ros2_ws/install/ros2_objectpose:/ros2_ws/install/ros2_linkpose:/ros2_ws/install/ros2_linkattacher:/ros2_ws/install/ros2srrc_data:/ros2_ws/install/ros2_robotiqgripper:/ros2_ws/install/objectpose_msgs:/ros2_ws/install/linkpose_msgs:/ros2_ws/install/linkattacher_msgs:/opt/ros/humble LD_LIBRARY_PATH=/ros2_ws/install/ros2_objectpose/lib:/ros2_ws/install/ros2_linkpose/lib:/ros2_ws/install/ros2_linkattacher/lib:/ros2_ws/install/ros2srrc_data/lib:/ros2_ws/install/ros2_robotiqgripper/lib:/ros2_ws/install/objectpose_msgs/lib:/ros2_ws/install/linkpose_msgs/lib:/ros2_ws/install/linkattacher_msgs/lib:${LD_LIBRARY_PATH} PYTHONPATH=/ros2_ws/install/ros2srrc_data/local/lib/python3.10/dist-packages:/ros2_ws/install/ros2_robotiqgripper/local/lib/python3.10/dist-packages:/ros2_ws/install/objectpose_msgs/local/lib/python3.10/dist-packages:/ros2_ws/install/linkpose_msgs/local/lib/python3.10/dist-packages:/ros2_ws/install/linkattacher_msgs/local/lib/python3.10/dist-packages:${PYTHONPATH} /usr/bin/cmake --install /ros2_ws/build/ros2srrc_execution
