[0.026s] Invoking command in '/ros2_ws/build/ros2srrc_launch': CMAKE_PREFIX_PATH=/opt/ros/humble /usr/bin/cmake /ros2_ws/src/ros2_SimRealRobotControl/ros2srrc_launch -DCMAKE_BUILD_TYPE=Release -DAMENT_CMAKE_SYMLINK_INSTALL=1 -DCMAKE_INSTALL_PREFIX=/ros2_ws/install/ros2srrc_launch
[2.149s] -- The C compiler identification is GNU 11.4.0
[2.150s] -- The CXX compiler identification is GNU 11.4.0
[2.151s] -- Detecting C compiler ABI info
[2.152s] -- Detecting C compiler ABI info - done
[2.152s] -- Check for working C compiler: /usr/bin/cc - skipped
[2.152s] -- Detecting C compile features
[2.152s] -- Detecting C compile features - done
[2.152s] -- Detecting CXX compiler ABI info
[2.153s] -- Detecting CXX compiler ABI info - done
[2.153s] -- Check for working CXX compiler: /usr/bin/c++ - skipped
[2.153s] -- Detecting CXX compile features
[2.153s] -- Detecting CXX compile features - done
[2.153s] -- Found ament_cmake: 1.3.12 (/opt/ros/humble/share/ament_cmake/cmake)
[2.153s] -- Found Python3: /usr/bin/python3 (found version "3.10.12") found components: Interpreter 
[2.154s] -- Override CMake install command with custom implementation using symlinks instead of copying resources
[2.154s] -- Found ament_lint_auto: 0.12.14 (/opt/ros/humble/share/ament_lint_auto/cmake)
[2.229s] -- Added test 'copyright' to check source files copyright and LICENSE
[2.235s] -- Added test 'flake8' to check Python code syntax and style conventions
[2.235s] -- Added test 'lint_cmake' to check CMake code style
[2.236s] -- Added test 'pep257' to check Python code against some of the docstring style conventions in PEP 257
[2.241s] -- Added test 'xmllint' to check XML markup files
[2.244s] -- Configuring done
[2.249s] -- Generating done
[2.253s] -- Build files have been written to: /ros2_ws/build/ros2srrc_launch
[2.276s] Invoked command in '/ros2_ws/build/ros2srrc_launch' returned '0': CMAKE_PREFIX_PATH=/opt/ros/humble /usr/bin/cmake /ros2_ws/src/ros2_SimRealRobotControl/ros2srrc_launch -DCMAKE_BUILD_TYPE=Release -DAMENT_CMAKE_SYMLINK_INSTALL=1 -DCMAKE_INSTALL_PREFIX=/ros2_ws/install/ros2srrc_launch
[2.277s] Invoking command in '/ros2_ws/build/ros2srrc_launch': CMAKE_PREFIX_PATH=/opt/ros/humble /usr/bin/cmake --build /ros2_ws/build/ros2srrc_launch -- -j8 -l8
[2.723s] Invoked command in '/ros2_ws/build/ros2srrc_launch' returned '0': CMAKE_PREFIX_PATH=/opt/ros/humble /usr/bin/cmake --build /ros2_ws/build/ros2srrc_launch -- -j8 -l8
[2.726s] Invoking command in '/ros2_ws/build/ros2srrc_launch': CMAKE_PREFIX_PATH=/opt/ros/humble /usr/bin/cmake --install /ros2_ws/build/ros2srrc_launch
[2.777s] -- Install configuration: "Release"
[2.778s] -- Execute custom install script
[2.778s] -- Symlinking: /ros2_ws/install/ros2srrc_launch/share/ros2srrc_launch/gazebo/simulation.launch.py
[2.790s] -- Symlinking: /ros2_ws/install/ros2srrc_launch/share/ros2srrc_launch/moveit2/moveit2.launch.py
[2.824s] -- Symlinking: /ros2_ws/install/ros2srrc_launch/share/ros2srrc_launch/bringup/bringup_abb.launch.py
[2.829s] -- Symlinking: /ros2_ws/install/ros2srrc_launch/share/ros2srrc_launch/bringup/bringup_ur.launch.py
[2.851s] -- Symlinking: /ros2_ws/install/ros2srrc_launch/share/ament_index/resource_index/package_run_dependencies/ros2srrc_launch
[2.873s] -- Symlinking: /ros2_ws/install/ros2srrc_launch/share/ament_index/resource_index/parent_prefix_path/ros2srrc_launch
[2.897s] -- Symlinking: /ros2_ws/install/ros2srrc_launch/share/ros2srrc_launch/environment/ament_prefix_path.sh
[2.942s] -- Symlinking: /ros2_ws/install/ros2srrc_launch/share/ros2srrc_launch/environment/ament_prefix_path.dsv
[2.966s] -- Symlinking: /ros2_ws/install/ros2srrc_launch/share/ros2srrc_launch/environment/path.sh
[2.994s] -- Symlinking: /ros2_ws/install/ros2srrc_launch/share/ros2srrc_launch/environment/path.dsv
[3.036s] -- Symlinking: /ros2_ws/install/ros2srrc_launch/share/ros2srrc_launch/local_setup.bash
[3.056s] -- Symlinking: /ros2_ws/install/ros2srrc_launch/share/ros2srrc_launch/local_setup.sh
[3.074s] -- Symlinking: /ros2_ws/install/ros2srrc_launch/share/ros2srrc_launch/local_setup.zsh
[3.094s] -- Symlinking: /ros2_ws/install/ros2srrc_launch/share/ros2srrc_launch/local_setup.dsv
[3.116s] -- Symlinking: /ros2_ws/install/ros2srrc_launch/share/ros2srrc_launch/package.dsv
[3.139s] -- Symlinking: /ros2_ws/install/ros2srrc_launch/share/ament_index/resource_index/packages/ros2srrc_launch
[3.160s] -- Symlinking: /ros2_ws/install/ros2srrc_launch/share/ros2srrc_launch/cmake/ros2srrc_launchConfig.cmake
[3.180s] -- Symlinking: /ros2_ws/install/ros2srrc_launch/share/ros2srrc_launch/cmake/ros2srrc_launchConfig-version.cmake
[3.198s] -- Symlinking: /ros2_ws/install/ros2srrc_launch/share/ros2srrc_launch/package.xml
[3.228s] Invoked command in '/ros2_ws/build/ros2srrc_launch' returned '0': CMAKE_PREFIX_PATH=/opt/ros/humble /usr/bin/cmake --install /ros2_ws/build/ros2srrc_launch
