-- The C compiler identification is GNU 11.4.0
-- The CXX compiler identification is GNU 11.4.0
-- Detecting C compiler ABI info
-- Detecting C compiler ABI info - done
-- Check for working C compiler: /usr/bin/cc - skipped
-- Detecting C compile features
-- Detecting C compile features - done
-- Detecting CXX compiler ABI info
-- Detecting CXX compiler ABI info - done
-- Check for working CXX compiler: /usr/bin/c++ - skipped
-- Detecting CXX compile features
-- Detecting CXX compile features - done
-- Found ament_cmake: 1.3.12 (/opt/ros/humble/share/ament_cmake/cmake)
-- Found Python3: /usr/bin/python3 (found version "3.10.12") found components: Interpreter 
-- Override CMake install command with custom implementation using symlinks instead of copying resources
-- Found ament_lint_auto: 0.12.14 (/opt/ros/humble/share/ament_lint_auto/cmake)
-- Added test 'copyright' to check source files copyright and LICENSE
-- Added test 'lint_cmake' to check CMake code style
-- Added test 'xmllint' to check XML markup files
-- Configuring done
-- Generating done
-- Build files have been written to: /ros2_ws/build/ros2srrc_rx160
-- Install configuration: "Release"
-- Execute custom install script
-- Symlinking: /ros2_ws/install/ros2srrc_rx160/share/ros2srrc_rx160/config/configurations.yaml
-- Symlinking: /ros2_ws/install/ros2srrc_rx160/share/ros2srrc_rx160/urdf/rx160.urdf.xacro
-- Symlinking: /ros2_ws/install/ros2srrc_rx160/share/ament_index/resource_index/package_run_dependencies/ros2srrc_rx160
-- Symlinking: /ros2_ws/install/ros2srrc_rx160/share/ament_index/resource_index/parent_prefix_path/ros2srrc_rx160
-- Symlinking: /ros2_ws/install/ros2srrc_rx160/share/ros2srrc_rx160/environment/ament_prefix_path.sh
-- Symlinking: /ros2_ws/install/ros2srrc_rx160/share/ros2srrc_rx160/environment/ament_prefix_path.dsv
-- Symlinking: /ros2_ws/install/ros2srrc_rx160/share/ros2srrc_rx160/environment/path.sh
-- Symlinking: /ros2_ws/install/ros2srrc_rx160/share/ros2srrc_rx160/environment/path.dsv
-- Symlinking: /ros2_ws/install/ros2srrc_rx160/share/ros2srrc_rx160/local_setup.bash
-- Symlinking: /ros2_ws/install/ros2srrc_rx160/share/ros2srrc_rx160/local_setup.sh
-- Symlinking: /ros2_ws/install/ros2srrc_rx160/share/ros2srrc_rx160/local_setup.zsh
-- Symlinking: /ros2_ws/install/ros2srrc_rx160/share/ros2srrc_rx160/local_setup.dsv
-- Symlinking: /ros2_ws/install/ros2srrc_rx160/share/ros2srrc_rx160/package.dsv
-- Symlinking: /ros2_ws/install/ros2srrc_rx160/share/ament_index/resource_index/packages/ros2srrc_rx160
-- Symlinking: /ros2_ws/install/ros2srrc_rx160/share/ros2srrc_rx160/cmake/ros2srrc_rx160Config.cmake
-- Symlinking: /ros2_ws/install/ros2srrc_rx160/share/ros2srrc_rx160/cmake/ros2srrc_rx160Config-version.cmake
-- Symlinking: /ros2_ws/install/ros2srrc_rx160/share/ros2srrc_rx160/package.xml
