[0.074s] Invoking command in '/ros2_ws/build/as2_cli': CMAKE_PREFIX_PATH=/opt/ros/humble /usr/bin/cmake /ros2_ws/src/aerostack2/as2_cli -DCMAKE_BUILD_TYPE=Release -DAMENT_CMAKE_SYMLINK_INSTALL=1 -DCMAKE_INSTALL_PREFIX=/ros2_ws/install/as2_cli
[2.264s] -- The C compiler identification is GNU 11.4.0
[2.264s] -- The CXX compiler identification is GNU 11.4.0
[2.264s] -- Detecting C compiler ABI info
[2.265s] -- Detecting C compiler ABI info - done
[2.265s] -- Check for working C compiler: /usr/bin/cc - skipped
[2.265s] -- Detecting C compile features
[2.265s] -- Detecting C compile features - done
[2.265s] -- Detecting CXX compiler ABI info
[2.447s] -- Detecting CXX compiler ABI info - done
[2.563s] -- Check for working CXX compiler: /usr/bin/c++ - skipped
[2.567s] -- Detecting CXX compile features
[2.568s] -- Detecting CXX compile features - done
[2.614s] -- Found ament_cmake: 1.3.12 (/opt/ros/humble/share/ament_cmake/cmake)
[4.008s] -- Found Python3: /usr/bin/python3 (found version "3.10.12") found components: Interpreter 
[4.259s] -- Override CMake install command with custom implementation using symlinks instead of copying resources
[5.160s] -- Configuring done
[5.181s] -- Generating done
[5.184s] -- Build files have been written to: /ros2_ws/build/as2_cli
[5.218s] Invoked command in '/ros2_ws/build/as2_cli' returned '0': CMAKE_PREFIX_PATH=/opt/ros/humble /usr/bin/cmake /ros2_ws/src/aerostack2/as2_cli -DCMAKE_BUILD_TYPE=Release -DAMENT_CMAKE_SYMLINK_INSTALL=1 -DCMAKE_INSTALL_PREFIX=/ros2_ws/install/as2_cli
[5.236s] Invoking command in '/ros2_ws/build/as2_cli': CMAKE_PREFIX_PATH=/opt/ros/humble /usr/bin/cmake --build /ros2_ws/build/as2_cli -- -j8 -l8
[7.934s] Invoked command in '/ros2_ws/build/as2_cli' returned '0': CMAKE_PREFIX_PATH=/opt/ros/humble /usr/bin/cmake --build /ros2_ws/build/as2_cli -- -j8 -l8
[7.941s] Invoking command in '/ros2_ws/build/as2_cli': CMAKE_PREFIX_PATH=/opt/ros/humble /usr/bin/cmake --install /ros2_ws/build/as2_cli
[8.957s] -- Install configuration: "Release"
[8.957s] -- Execute custom install script
[8.958s] -- Symlinking: /ros2_ws/install/as2_cli/share/ament_index/resource_index/package_run_dependencies/as2_cli
[8.958s] -- Symlinking: /ros2_ws/install/as2_cli/share/ament_index/resource_index/parent_prefix_path/as2_cli
[8.958s] -- Symlinking: /ros2_ws/install/as2_cli/share/as2_cli/environment/ament_prefix_path.sh
[8.958s] -- Symlinking: /ros2_ws/install/as2_cli/share/as2_cli/environment/ament_prefix_path.dsv
[8.958s] -- Symlinking: /ros2_ws/install/as2_cli/share/as2_cli/environment/path.sh
[8.958s] -- Symlinking: /ros2_ws/install/as2_cli/share/as2_cli/environment/path.dsv
[8.958s] -- Symlinking: /ros2_ws/install/as2_cli/share/as2_cli/local_setup.bash
[8.959s] -- Symlinking: /ros2_ws/install/as2_cli/share/as2_cli/local_setup.sh
[8.959s] -- Symlinking: /ros2_ws/install/as2_cli/share/as2_cli/local_setup.zsh
[8.959s] -- Symlinking: /ros2_ws/install/as2_cli/share/as2_cli/local_setup.dsv
[8.959s] -- Symlinking: /ros2_ws/install/as2_cli/share/as2_cli/package.dsv
[8.959s] -- Symlinking: /ros2_ws/install/as2_cli/share/ament_index/resource_index/packages/as2_cli
[8.959s] -- Symlinking: /ros2_ws/install/as2_cli/share/as2_cli/cmake/as2_cliConfig.cmake
[8.959s] -- Symlinking: /ros2_ws/install/as2_cli/share/as2_cli/cmake/as2_cliConfig-version.cmake
[8.960s] -- Symlinking: /ros2_ws/install/as2_cli/share/as2_cli/package.xml
[9.007s] Invoked command in '/ros2_ws/build/as2_cli' returned '0': CMAKE_PREFIX_PATH=/opt/ros/humble /usr/bin/cmake --install /ros2_ws/build/as2_cli
