[0.106s] Invoking command in '/ros2_ws/build/as2_motion_reference_handlers': AMENT_PREFIX_PATH=/ros2_ws/install/as2_core:/ros2_ws/install/as2_msgs:${AMENT_PREFIX_PATH} CMAKE_PREFIX_PATH=/ros2_ws/install/as2_core:/ros2_ws/install/as2_msgs:/opt/ros/humble LD_LIBRARY_PATH=/ros2_ws/install/as2_core/lib:/ros2_ws/install/as2_msgs/lib:${LD_LIBRARY_PATH} PYTHONPATH=/ros2_ws/install/as2_core/local/lib/python3.10/dist-packages:/ros2_ws/install/as2_msgs/local/lib/python3.10/dist-packages:${PYTHONPATH} /usr/bin/cmake --build /ros2_ws/build/as2_motion_reference_handlers -- -j8 -l8
[0.216s] [35m[1mConsolidate compiler generated dependencies of target as2_motion_reference_handlers[0m
[0.243s] [  0%] Built target ament_cmake_python_symlink_as2_motion_reference_handlers
[0.388s] [100%] Built target as2_motion_reference_handlers
[1.174s] running egg_info
[1.175s] writing as2_motion_reference_handlers.egg-info/PKG-INFO
[1.176s] writing dependency_links to as2_motion_reference_handlers.egg-info/dependency_links.txt
[1.176s] writing top-level names to as2_motion_reference_handlers.egg-info/top_level.txt
[1.186s] reading manifest file 'as2_motion_reference_handlers.egg-info/SOURCES.txt'
[1.187s] writing manifest file 'as2_motion_reference_handlers.egg-info/SOURCES.txt'
[1.251s] [100%] Built target ament_cmake_python_build_as2_motion_reference_handlers_egg
[1.379s] Invoked command in '/ros2_ws/build/as2_motion_reference_handlers' returned '0': AMENT_PREFIX_PATH=/ros2_ws/install/as2_core:/ros2_ws/install/as2_msgs:${AMENT_PREFIX_PATH} CMAKE_PREFIX_PATH=/ros2_ws/install/as2_core:/ros2_ws/install/as2_msgs:/opt/ros/humble LD_LIBRARY_PATH=/ros2_ws/install/as2_core/lib:/ros2_ws/install/as2_msgs/lib:${LD_LIBRARY_PATH} PYTHONPATH=/ros2_ws/install/as2_core/local/lib/python3.10/dist-packages:/ros2_ws/install/as2_msgs/local/lib/python3.10/dist-packages:${PYTHONPATH} /usr/bin/cmake --build /ros2_ws/build/as2_motion_reference_handlers -- -j8 -l8
[1.380s] Invoking command in '/ros2_ws/build/as2_motion_reference_handlers': AMENT_PREFIX_PATH=/ros2_ws/install/as2_core:/ros2_ws/install/as2_msgs:${AMENT_PREFIX_PATH} CMAKE_PREFIX_PATH=/ros2_ws/install/as2_core:/ros2_ws/install/as2_msgs:/opt/ros/humble LD_LIBRARY_PATH=/ros2_ws/install/as2_core/lib:/ros2_ws/install/as2_msgs/lib:${LD_LIBRARY_PATH} PYTHONPATH=/ros2_ws/install/as2_core/local/lib/python3.10/dist-packages:/ros2_ws/install/as2_msgs/local/lib/python3.10/dist-packages:${PYTHONPATH} /usr/bin/cmake --install /ros2_ws/build/as2_motion_reference_handlers
[1.412s] -- Install configuration: "Release"
[1.412s] -- Execute custom install script
[1.412s] -- Up-to-date symlink: /ros2_ws/install/as2_motion_reference_handlers/share/as2_motion_reference_handlers/environment/library_path.sh
[1.412s] -- Up-to-date symlink: /ros2_ws/install/as2_motion_reference_handlers/share/as2_motion_reference_handlers/environment/library_path.dsv
[1.413s] -- Up-to-date symlink: /ros2_ws/install/as2_motion_reference_handlers/include/as2_motion_reference_handlers/acro_motion.hpp
[1.413s] -- Up-to-date symlink: /ros2_ws/install/as2_motion_reference_handlers/include/as2_motion_reference_handlers/basic_motion_references.hpp
[1.413s] -- Up-to-date symlink: /ros2_ws/install/as2_motion_reference_handlers/include/as2_motion_reference_handlers/hover_motion.hpp
[1.413s] -- Up-to-date symlink: /ros2_ws/install/as2_motion_reference_handlers/include/as2_motion_reference_handlers/position_motion.hpp
[1.414s] -- Up-to-date symlink: /ros2_ws/install/as2_motion_reference_handlers/include/as2_motion_reference_handlers/speed_in_a_plane_motion.hpp
[1.414s] -- Up-to-date symlink: /ros2_ws/install/as2_motion_reference_handlers/include/as2_motion_reference_handlers/speed_motion.hpp
[1.414s] -- Up-to-date symlink: /ros2_ws/install/as2_motion_reference_handlers/include/as2_motion_reference_handlers/trajectory_motion.hpp
[1.415s] -- Up-to-date symlink: /ros2_ws/install/as2_motion_reference_handlers/share/as2_motion_reference_handlers/environment/pythonpath.sh
[1.415s] -- Up-to-date symlink: /ros2_ws/install/as2_motion_reference_handlers/share/as2_motion_reference_handlers/environment/pythonpath.dsv
[1.415s] -- Up-to-date symlink: /ros2_ws/install/as2_motion_reference_handlers/local/lib/python3.10/dist-packages/as2_motion_reference_handlers-1.1.3-py3.10.egg-info/PKG-INFO
[1.415s] -- Up-to-date symlink: /ros2_ws/install/as2_motion_reference_handlers/local/lib/python3.10/dist-packages/as2_motion_reference_handlers-1.1.3-py3.10.egg-info/SOURCES.txt
[1.415s] -- Up-to-date symlink: /ros2_ws/install/as2_motion_reference_handlers/local/lib/python3.10/dist-packages/as2_motion_reference_handlers-1.1.3-py3.10.egg-info/dependency_links.txt
[1.416s] -- Up-to-date symlink: /ros2_ws/install/as2_motion_reference_handlers/local/lib/python3.10/dist-packages/as2_motion_reference_handlers-1.1.3-py3.10.egg-info/top_level.txt
[1.416s] -- Up-to-date symlink: /ros2_ws/install/as2_motion_reference_handlers/local/lib/python3.10/dist-packages/as2_motion_reference_handlers/__init__.py
[1.416s] -- Up-to-date symlink: /ros2_ws/install/as2_motion_reference_handlers/local/lib/python3.10/dist-packages/as2_motion_reference_handlers/basic_motion_references.py
[1.416s] -- Up-to-date symlink: /ros2_ws/install/as2_motion_reference_handlers/local/lib/python3.10/dist-packages/as2_motion_reference_handlers/hover_motion.py
[1.417s] -- Up-to-date symlink: /ros2_ws/install/as2_motion_reference_handlers/local/lib/python3.10/dist-packages/as2_motion_reference_handlers/position_motion.py
[1.417s] -- Up-to-date symlink: /ros2_ws/install/as2_motion_reference_handlers/local/lib/python3.10/dist-packages/as2_motion_reference_handlers/speed_in_a_plane.py
[1.417s] -- Up-to-date symlink: /ros2_ws/install/as2_motion_reference_handlers/local/lib/python3.10/dist-packages/as2_motion_reference_handlers/speed_motion.py
[1.418s] -- Up-to-date symlink: /ros2_ws/install/as2_motion_reference_handlers/local/lib/python3.10/dist-packages/as2_motion_reference_handlers/utils.py
[1.418s] -- Up-to-date symlink: /ros2_ws/install/as2_motion_reference_handlers/share/ament_index/resource_index/package_run_dependencies/as2_motion_reference_handlers
[1.418s] -- Up-to-date symlink: /ros2_ws/install/as2_motion_reference_handlers/share/ament_index/resource_index/parent_prefix_path/as2_motion_reference_handlers
[1.418s] -- Up-to-date symlink: /ros2_ws/install/as2_motion_reference_handlers/share/as2_motion_reference_handlers/environment/ament_prefix_path.sh
[1.419s] -- Up-to-date symlink: /ros2_ws/install/as2_motion_reference_handlers/share/as2_motion_reference_handlers/environment/ament_prefix_path.dsv
[1.431s] -- Up-to-date symlink: /ros2_ws/install/as2_motion_reference_handlers/share/as2_motion_reference_handlers/environment/path.sh
[1.431s] -- Up-to-date symlink: /ros2_ws/install/as2_motion_reference_handlers/share/as2_motion_reference_handlers/environment/path.dsv
[1.448s] -- Up-to-date symlink: /ros2_ws/install/as2_motion_reference_handlers/share/as2_motion_reference_handlers/local_setup.bash
[1.448s] -- Up-to-date symlink: /ros2_ws/install/as2_motion_reference_handlers/share/as2_motion_reference_handlers/local_setup.sh
[1.450s] -- Up-to-date symlink: /ros2_ws/install/as2_motion_reference_handlers/share/as2_motion_reference_handlers/local_setup.zsh
[1.451s] -- Up-to-date symlink: /ros2_ws/install/as2_motion_reference_handlers/share/as2_motion_reference_handlers/local_setup.dsv
[1.451s] -- Symlinking: /ros2_ws/install/as2_motion_reference_handlers/share/as2_motion_reference_handlers/package.dsv
[1.470s] -- Up-to-date symlink: /ros2_ws/install/as2_motion_reference_handlers/share/ament_index/resource_index/packages/as2_motion_reference_handlers
[1.471s] -- Up-to-date symlink: /ros2_ws/install/as2_motion_reference_handlers/share/as2_motion_reference_handlers/cmake/ament_cmake_export_include_directories-extras.cmake
[1.472s] -- Up-to-date symlink: /ros2_ws/install/as2_motion_reference_handlers/share/as2_motion_reference_handlers/cmake/ament_cmake_export_targets-extras.cmake
[1.472s] -- Up-to-date symlink: /ros2_ws/install/as2_motion_reference_handlers/share/as2_motion_reference_handlers/cmake/ament_cmake_export_dependencies-extras.cmake
[1.479s] -- Up-to-date symlink: /ros2_ws/install/as2_motion_reference_handlers/share/as2_motion_reference_handlers/cmake/ament_cmake_export_libraries-extras.cmake
[1.488s] -- Up-to-date symlink: /ros2_ws/install/as2_motion_reference_handlers/share/as2_motion_reference_handlers/cmake/as2_motion_reference_handlersConfig.cmake
[1.488s] -- Up-to-date symlink: /ros2_ws/install/as2_motion_reference_handlers/share/as2_motion_reference_handlers/cmake/as2_motion_reference_handlersConfig-version.cmake
[1.489s] -- Up-to-date symlink: /ros2_ws/install/as2_motion_reference_handlers/share/as2_motion_reference_handlers/package.xml
[1.489s] -- Up-to-date: /ros2_ws/install/as2_motion_reference_handlers/lib/libas2_motion_reference_handlers.a
[1.632s] Listing '/ros2_ws/install/as2_motion_reference_handlers/local/lib/python3.10/dist-packages/as2_motion_reference_handlers'...
[1.663s] -- Up-to-date: /ros2_ws/install/as2_motion_reference_handlers/share/as2_motion_reference_handlers/cmake/export_as2_motion_reference_handlersExport.cmake
[1.663s] -- Up-to-date: /ros2_ws/install/as2_motion_reference_handlers/share/as2_motion_reference_handlers/cmake/export_as2_motion_reference_handlersExport-release.cmake
[1.674s] Invoked command in '/ros2_ws/build/as2_motion_reference_handlers' returned '0': AMENT_PREFIX_PATH=/ros2_ws/install/as2_core:/ros2_ws/install/as2_msgs:${AMENT_PREFIX_PATH} CMAKE_PREFIX_PATH=/ros2_ws/install/as2_core:/ros2_ws/install/as2_msgs:/opt/ros/humble LD_LIBRARY_PATH=/ros2_ws/install/as2_core/lib:/ros2_ws/install/as2_msgs/lib:${LD_LIBRARY_PATH} PYTHONPATH=/ros2_ws/install/as2_core/local/lib/python3.10/dist-packages:/ros2_ws/install/as2_msgs/local/lib/python3.10/dist-packages:${PYTHONPATH} /usr/bin/cmake --install /ros2_ws/build/as2_motion_reference_handlers
