[0.037s] Invoking command in '/ros2_ws/build/ros2srrc_ar4': CMAKE_PREFIX_PATH=/opt/ros/humble /usr/bin/cmake /ros2_ws/src/ros2_SimRealRobotControl/packages/ros2srrc_ar4 -DCMAKE_BUILD_TYPE=Release -DAMENT_CMAKE_SYMLINK_INSTALL=1 -DCMAKE_INSTALL_PREFIX=/ros2_ws/install/ros2srrc_ar4
[0.283s] -- The C compiler identification is GNU 11.4.0
[0.438s] -- The CXX compiler identification is GNU 11.4.0
[0.457s] -- Detecting C compiler ABI info
[0.676s] -- Detecting C compiler ABI info - done
[0.715s] -- Check for working C compiler: /usr/bin/cc - skipped
[0.716s] -- Detecting C compile features
[0.717s] -- Detecting C compile features - done
[0.730s] -- Detecting CXX compiler ABI info
[0.984s] -- Detecting CXX compiler ABI info - done
[1.023s] -- Check for working CXX compiler: /usr/bin/c++ - skipped
[1.024s] -- Detecting CXX compile features
[1.033s] -- Detecting CXX compile features - done
[1.045s] -- Found ament_cmake: 1.3.12 (/opt/ros/humble/share/ament_cmake/cmake)
[1.459s] -- Found Python3: /usr/bin/python3 (found version "3.10.12") found components: Interpreter 
[1.636s] -- Override CMake install command with custom implementation using symlinks instead of copying resources
[1.751s] -- Found ament_lint_auto: 0.12.14 (/opt/ros/humble/share/ament_lint_auto/cmake)
[1.994s] -- Added test 'copyright' to check source files copyright and LICENSE
[2.000s] -- Added test 'lint_cmake' to check CMake code style
[2.003s] -- Added test 'xmllint' to check XML markup files
[2.065s] -- Configuring done
[2.073s] -- Generating done
[2.075s] -- Build files have been written to: /ros2_ws/build/ros2srrc_ar4
[2.085s] Invoked command in '/ros2_ws/build/ros2srrc_ar4' returned '0': CMAKE_PREFIX_PATH=/opt/ros/humble /usr/bin/cmake /ros2_ws/src/ros2_SimRealRobotControl/packages/ros2srrc_ar4 -DCMAKE_BUILD_TYPE=Release -DAMENT_CMAKE_SYMLINK_INSTALL=1 -DCMAKE_INSTALL_PREFIX=/ros2_ws/install/ros2srrc_ar4
[2.094s] Invoking command in '/ros2_ws/build/ros2srrc_ar4': CMAKE_PREFIX_PATH=/opt/ros/humble /usr/bin/cmake --build /ros2_ws/build/ros2srrc_ar4 -- -j8 -l8
[2.300s] Invoked command in '/ros2_ws/build/ros2srrc_ar4' returned '0': CMAKE_PREFIX_PATH=/opt/ros/humble /usr/bin/cmake --build /ros2_ws/build/ros2srrc_ar4 -- -j8 -l8
[2.301s] Invoking command in '/ros2_ws/build/ros2srrc_ar4': CMAKE_PREFIX_PATH=/opt/ros/humble /usr/bin/cmake --install /ros2_ws/build/ros2srrc_ar4
[2.515s] -- Install configuration: "Release"
[2.515s] -- Execute custom install script
[2.515s] -- Symlinking: /ros2_ws/install/ros2srrc_ar4/share/ros2srrc_ar4/config/configurations.yaml
[2.515s] -- Symlinking: /ros2_ws/install/ros2srrc_ar4/share/ros2srrc_ar4/urdf/ar4.urdf.xacro
[2.515s] -- Symlinking: /ros2_ws/install/ros2srrc_ar4/share/ros2srrc_ar4/urdf/ar4_ar4gripper.urdf.xacro
[2.515s] -- Symlinking: /ros2_ws/install/ros2srrc_ar4/share/ament_index/resource_index/package_run_dependencies/ros2srrc_ar4
[2.516s] -- Symlinking: /ros2_ws/install/ros2srrc_ar4/share/ament_index/resource_index/parent_prefix_path/ros2srrc_ar4
[2.516s] -- Symlinking: /ros2_ws/install/ros2srrc_ar4/share/ros2srrc_ar4/environment/ament_prefix_path.sh
[2.516s] -- Symlinking: /ros2_ws/install/ros2srrc_ar4/share/ros2srrc_ar4/environment/ament_prefix_path.dsv
[2.516s] -- Symlinking: /ros2_ws/install/ros2srrc_ar4/share/ros2srrc_ar4/environment/path.sh
[2.517s] -- Symlinking: /ros2_ws/install/ros2srrc_ar4/share/ros2srrc_ar4/environment/path.dsv
[2.517s] -- Symlinking: /ros2_ws/install/ros2srrc_ar4/share/ros2srrc_ar4/local_setup.bash
[2.531s] -- Symlinking: /ros2_ws/install/ros2srrc_ar4/share/ros2srrc_ar4/local_setup.sh
[2.545s] -- Symlinking: /ros2_ws/install/ros2srrc_ar4/share/ros2srrc_ar4/local_setup.zsh
[2.565s] -- Symlinking: /ros2_ws/install/ros2srrc_ar4/share/ros2srrc_ar4/local_setup.dsv
[2.583s] -- Symlinking: /ros2_ws/install/ros2srrc_ar4/share/ros2srrc_ar4/package.dsv
[2.607s] -- Symlinking: /ros2_ws/install/ros2srrc_ar4/share/ament_index/resource_index/packages/ros2srrc_ar4
[2.629s] -- Symlinking: /ros2_ws/install/ros2srrc_ar4/share/ros2srrc_ar4/cmake/ros2srrc_ar4Config.cmake
[2.655s] -- Symlinking: /ros2_ws/install/ros2srrc_ar4/share/ros2srrc_ar4/cmake/ros2srrc_ar4Config-version.cmake
[2.681s] -- Symlinking: /ros2_ws/install/ros2srrc_ar4/share/ros2srrc_ar4/package.xml
[2.711s] Invoked command in '/ros2_ws/build/ros2srrc_ar4' returned '0': CMAKE_PREFIX_PATH=/opt/ros/humble /usr/bin/cmake --install /ros2_ws/build/ros2srrc_ar4
