-- The C compiler identification is GNU 11.4.0
-- The CXX compiler identification is GNU 11.4.0
-- Detecting C compiler ABI info
-- Detecting C compiler ABI info - done
-- Check for working C compiler: /usr/bin/cc - skipped
-- Detecting C compile features
-- Detecting C compile features - done
-- Detecting CXX compiler ABI info
-- Detecting CXX compiler ABI info - done
-- Check for working CXX compiler: /usr/bin/c++ - skipped
-- Detecting CXX compile features
-- Detecting CXX compile features - done
-- Found ament_cmake: 1.3.12 (/opt/ros/humble/share/ament_cmake/cmake)
-- Found Python3: /usr/bin/python3 (found version "3.10.12") found components: Interpreter 
-- Override CMake install command with custom implementation using symlinks instead of copying resources
-- Found rclcpp: 16.0.16 (/opt/ros/humble/share/rclcpp/cmake)
-- Found rosidl_generator_c: 3.1.7 (/opt/ros/humble/share/rosidl_generator_c/cmake)
-- Found rosidl_adapter: 3.1.7 (/opt/ros/humble/share/rosidl_adapter/cmake)
-- Found rosidl_generator_cpp: 3.1.7 (/opt/ros/humble/share/rosidl_generator_cpp/cmake)
-- Using all available rosidl_typesupport_c: rosidl_typesupport_fastrtps_c;rosidl_typesupport_introspection_c
-- Using all available rosidl_typesupport_cpp: rosidl_typesupport_fastrtps_cpp;rosidl_typesupport_introspection_cpp
-- Found rmw_implementation_cmake: 6.1.2 (/opt/ros/humble/share/rmw_implementation_cmake/cmake)
-- Found rmw_cyclonedds_cpp: 1.3.4 (/opt/ros/humble/share/rmw_cyclonedds_cpp/cmake)
-- Using RMW implementation 'rmw_cyclonedds_cpp' as default
-- Looking for pthread.h
-- Looking for pthread.h - found
-- Performing Test CMAKE_HAVE_LIBC_PTHREAD
-- Performing Test CMAKE_HAVE_LIBC_PTHREAD - Success
-- Found Threads: TRUE  
-- Found rclcpp_lifecycle: 16.0.16 (/opt/ros/humble/share/rclcpp_lifecycle/cmake)
-- Found ament_cmake_gtest: 1.3.12 (/opt/ros/humble/share/ament_cmake_gtest/cmake)
-- Found ament_lint_auto: 0.12.14 (/opt/ros/humble/share/ament_lint_auto/cmake)
-- Added test 'copyright' to check source files copyright and LICENSE
-- Added test 'cppcheck' to perform static code analysis on C / C++ code
-- Configured cppcheck include dirs: $<BUILD_INTERFACE:/ros2_ws/src/pendulum/pendulum_utils/include>
-- Configured cppcheck exclude dirs and/or files: 
-- Added test 'cpplint' to check C / C++ code against the Google style
-- Configured cpplint exclude dirs and/or files: 
-- Added test 'lint_cmake' to check CMake code style
-- Added test 'uncrustify' to check C / C++ code style
-- Configured uncrustify additional arguments: 
-- Added test 'xmllint' to check XML markup files
-- Configuring done
-- Generating done
-- Build files have been written to: /ros2_ws/build/pendulum_utils
[ 33%] [32mBuilding CXX object CMakeFiles/pendulum_utils.dir/src/memory_lock.cpp.o[0m
[ 66%] [32mBuilding CXX object CMakeFiles/pendulum_utils.dir/src/rt_thread.cpp.o[0m
[100%] [32m[1mLinking CXX shared library libpendulum_utils.so[0m
[100%] Built target pendulum_utils
-- Install configuration: "Release"
-- Execute custom install script
-- Symlinking: /ros2_ws/install/pendulum_utils/share/pendulum_utils/environment/library_path.sh
-- Symlinking: /ros2_ws/install/pendulum_utils/share/pendulum_utils/environment/library_path.dsv
-- Symlinking: /ros2_ws/install/pendulum_utils/include/pendulum_utils/lifecycle_autostart.hpp
-- Symlinking: /ros2_ws/install/pendulum_utils/include/pendulum_utils/memory_lock.hpp
-- Symlinking: /ros2_ws/install/pendulum_utils/include/pendulum_utils/process_settings.hpp
-- Symlinking: /ros2_ws/install/pendulum_utils/include/pendulum_utils/rt_thread.hpp
-- Symlinking: /ros2_ws/install/pendulum_utils/share/ament_index/resource_index/package_run_dependencies/pendulum_utils
-- Symlinking: /ros2_ws/install/pendulum_utils/share/ament_index/resource_index/parent_prefix_path/pendulum_utils
-- Symlinking: /ros2_ws/install/pendulum_utils/share/pendulum_utils/environment/ament_prefix_path.sh
-- Symlinking: /ros2_ws/install/pendulum_utils/share/pendulum_utils/environment/ament_prefix_path.dsv
-- Symlinking: /ros2_ws/install/pendulum_utils/share/pendulum_utils/environment/path.sh
-- Symlinking: /ros2_ws/install/pendulum_utils/share/pendulum_utils/environment/path.dsv
-- Symlinking: /ros2_ws/install/pendulum_utils/share/pendulum_utils/local_setup.bash
-- Symlinking: /ros2_ws/install/pendulum_utils/share/pendulum_utils/local_setup.sh
-- Symlinking: /ros2_ws/install/pendulum_utils/share/pendulum_utils/local_setup.zsh
-- Symlinking: /ros2_ws/install/pendulum_utils/share/pendulum_utils/local_setup.dsv
-- Symlinking: /ros2_ws/install/pendulum_utils/share/pendulum_utils/package.dsv
-- Symlinking: /ros2_ws/install/pendulum_utils/share/ament_index/resource_index/packages/pendulum_utils
-- Symlinking: /ros2_ws/install/pendulum_utils/share/pendulum_utils/cmake/ament_cmake_export_targets-extras.cmake
-- Symlinking: /ros2_ws/install/pendulum_utils/share/pendulum_utils/cmake/ament_cmake_export_dependencies-extras.cmake
-- Symlinking: /ros2_ws/install/pendulum_utils/share/pendulum_utils/cmake/pendulum_utilsConfig.cmake
-- Symlinking: /ros2_ws/install/pendulum_utils/share/pendulum_utils/cmake/pendulum_utilsConfig-version.cmake
-- Symlinking: /ros2_ws/install/pendulum_utils/share/pendulum_utils/package.xml
-- Installing: /ros2_ws/install/pendulum_utils/lib/libpendulum_utils.so
-- Set runtime path of "/ros2_ws/install/pendulum_utils/lib/libpendulum_utils.so" to ""
-- Installing: /ros2_ws/install/pendulum_utils/share/pendulum_utils/cmake/export_pendulum_utilsExport.cmake
-- Installing: /ros2_ws/install/pendulum_utils/share/pendulum_utils/cmake/export_pendulum_utilsExport-release.cmake
