[0.009s] Invoking command in '/ros2_ws/build/ros2srrc_iiwa': CMAKE_PREFIX_PATH=/opt/ros/humble /usr/bin/cmake /ros2_ws/src/ros2_SimRealRobotControl/packages/ros2srrc_iiwa -DCMAKE_BUILD_TYPE=Release -DAMENT_CMAKE_SYMLINK_INSTALL=1 -DCMAKE_INSTALL_PREFIX=/ros2_ws/install/ros2srrc_iiwa
[0.147s] -- The C compiler identification is GNU 11.4.0
[0.308s] -- The CXX compiler identification is GNU 11.4.0
[0.321s] -- Detecting C compiler ABI info
[0.499s] -- Detecting C compiler ABI info - done
[0.525s] -- Check for working C compiler: /usr/bin/cc - skipped
[0.526s] -- Detecting C compile features
[0.532s] -- Detecting C compile features - done
[0.544s] -- Detecting CXX compiler ABI info
[0.776s] -- Detecting CXX compiler ABI info - done
[0.806s] -- Check for working CXX compiler: /usr/bin/c++ - skipped
[0.807s] -- Detecting CXX compile features
[0.808s] -- Detecting CXX compile features - done
[0.819s] -- Found ament_cmake: 1.3.12 (/opt/ros/humble/share/ament_cmake/cmake)
[1.218s] -- Found Python3: /usr/bin/python3 (found version "3.10.12") found components: Interpreter 
[1.388s] -- Override CMake install command with custom implementation using symlinks instead of copying resources
[1.523s] -- Found ament_lint_auto: 0.12.14 (/opt/ros/humble/share/ament_lint_auto/cmake)
[1.775s] -- Added test 'copyright' to check source files copyright and LICENSE
[1.779s] -- Added test 'lint_cmake' to check CMake code style
[1.782s] -- Added test 'xmllint' to check XML markup files
[1.785s] -- Configuring done
[1.792s] -- Generating done
[1.796s] -- Build files have been written to: /ros2_ws/build/ros2srrc_iiwa
[1.805s] Invoked command in '/ros2_ws/build/ros2srrc_iiwa' returned '0': CMAKE_PREFIX_PATH=/opt/ros/humble /usr/bin/cmake /ros2_ws/src/ros2_SimRealRobotControl/packages/ros2srrc_iiwa -DCMAKE_BUILD_TYPE=Release -DAMENT_CMAKE_SYMLINK_INSTALL=1 -DCMAKE_INSTALL_PREFIX=/ros2_ws/install/ros2srrc_iiwa
[1.808s] Invoking command in '/ros2_ws/build/ros2srrc_iiwa': CMAKE_PREFIX_PATH=/opt/ros/humble /usr/bin/cmake --build /ros2_ws/build/ros2srrc_iiwa -- -j8 -l8
[2.427s] Invoked command in '/ros2_ws/build/ros2srrc_iiwa' returned '0': CMAKE_PREFIX_PATH=/opt/ros/humble /usr/bin/cmake --build /ros2_ws/build/ros2srrc_iiwa -- -j8 -l8
[2.428s] Invoking command in '/ros2_ws/build/ros2srrc_iiwa': CMAKE_PREFIX_PATH=/opt/ros/humble /usr/bin/cmake --install /ros2_ws/build/ros2srrc_iiwa
[2.560s] -- Install configuration: "Release"
[2.560s] -- Execute custom install script
[2.560s] -- Symlinking: /ros2_ws/install/ros2srrc_iiwa/share/ros2srrc_iiwa/config/configurations.yaml
[2.560s] -- Symlinking: /ros2_ws/install/ros2srrc_iiwa/share/ros2srrc_iiwa/urdf/iiwa.urdf.xacro
[2.560s] -- Symlinking: /ros2_ws/install/ros2srrc_iiwa/share/ros2srrc_iiwa/urdf/iiwa_robotiq_2f85.urdf.xacro
[2.560s] -- Symlinking: /ros2_ws/install/ros2srrc_iiwa/share/ament_index/resource_index/package_run_dependencies/ros2srrc_iiwa
[2.561s] -- Symlinking: /ros2_ws/install/ros2srrc_iiwa/share/ament_index/resource_index/parent_prefix_path/ros2srrc_iiwa
[2.580s] -- Symlinking: /ros2_ws/install/ros2srrc_iiwa/share/ros2srrc_iiwa/environment/ament_prefix_path.sh
[2.609s] -- Symlinking: /ros2_ws/install/ros2srrc_iiwa/share/ros2srrc_iiwa/environment/ament_prefix_path.dsv
[2.636s] -- Symlinking: /ros2_ws/install/ros2srrc_iiwa/share/ros2srrc_iiwa/environment/path.sh
[2.661s] -- Symlinking: /ros2_ws/install/ros2srrc_iiwa/share/ros2srrc_iiwa/environment/path.dsv
[2.686s] -- Symlinking: /ros2_ws/install/ros2srrc_iiwa/share/ros2srrc_iiwa/local_setup.bash
[2.717s] -- Symlinking: /ros2_ws/install/ros2srrc_iiwa/share/ros2srrc_iiwa/local_setup.sh
[2.748s] -- Symlinking: /ros2_ws/install/ros2srrc_iiwa/share/ros2srrc_iiwa/local_setup.zsh
[2.767s] -- Symlinking: /ros2_ws/install/ros2srrc_iiwa/share/ros2srrc_iiwa/local_setup.dsv
[2.786s] -- Symlinking: /ros2_ws/install/ros2srrc_iiwa/share/ros2srrc_iiwa/package.dsv
[2.802s] -- Symlinking: /ros2_ws/install/ros2srrc_iiwa/share/ament_index/resource_index/packages/ros2srrc_iiwa
[2.818s] -- Symlinking: /ros2_ws/install/ros2srrc_iiwa/share/ros2srrc_iiwa/cmake/ros2srrc_iiwaConfig.cmake
[2.834s] -- Symlinking: /ros2_ws/install/ros2srrc_iiwa/share/ros2srrc_iiwa/cmake/ros2srrc_iiwaConfig-version.cmake
[2.851s] -- Symlinking: /ros2_ws/install/ros2srrc_iiwa/share/ros2srrc_iiwa/package.xml
[2.921s] Invoked command in '/ros2_ws/build/ros2srrc_iiwa' returned '0': CMAKE_PREFIX_PATH=/opt/ros/humble /usr/bin/cmake --install /ros2_ws/build/ros2srrc_iiwa
