[0.032s] Invoking command in '/ros2_ws/build/pendulum_driver': AMENT_PREFIX_PATH=/ros2_ws/install/pendulum_utils:/ros2_ws/install/pendulum2_msgs:${AMENT_PREFIX_PATH} CMAKE_PREFIX_PATH=/ros2_ws/install/pendulum_utils:/ros2_ws/install/pendulum2_msgs:/opt/ros/humble LD_LIBRARY_PATH=/ros2_ws/install/pendulum_utils/lib:/ros2_ws/install/pendulum2_msgs/lib:${LD_LIBRARY_PATH} PYTHONPATH=/ros2_ws/install/pendulum2_msgs/local/lib/python3.10/dist-packages:${PYTHONPATH} /usr/bin/cmake --build /ros2_ws/build/pendulum_driver -- -j8 -l8
[0.106s] [35m[1mConsolidate compiler generated dependencies of target pendulum_driver[0m
[0.107s] [35m[1mConsolidate compiler generated dependencies of target gtest[0m
[0.107s] [35m[1mConsolidate compiler generated dependencies of target gtest_main[0m
[0.126s] [ 14%] Built target gtest_main
[0.127s] [ 28%] Built target gtest
[0.143s] [ 57%] Built target pendulum_driver
[0.171s] [35m[1mConsolidate compiler generated dependencies of target test_pendulum_driver[0m
[0.178s] [35m[1mConsolidate compiler generated dependencies of target pendulum_driver_exe[0m
[0.191s] [35m[1mConsolidate compiler generated dependencies of target test_pendulum_driver_node[0m
[0.227s] [ 71%] Built target test_pendulum_driver
[0.251s] [ 85%] Built target pendulum_driver_exe
[0.264s] [100%] Built target test_pendulum_driver_node
[0.376s] Invoked command in '/ros2_ws/build/pendulum_driver' returned '0': AMENT_PREFIX_PATH=/ros2_ws/install/pendulum_utils:/ros2_ws/install/pendulum2_msgs:${AMENT_PREFIX_PATH} CMAKE_PREFIX_PATH=/ros2_ws/install/pendulum_utils:/ros2_ws/install/pendulum2_msgs:/opt/ros/humble LD_LIBRARY_PATH=/ros2_ws/install/pendulum_utils/lib:/ros2_ws/install/pendulum2_msgs/lib:${LD_LIBRARY_PATH} PYTHONPATH=/ros2_ws/install/pendulum2_msgs/local/lib/python3.10/dist-packages:${PYTHONPATH} /usr/bin/cmake --build /ros2_ws/build/pendulum_driver -- -j8 -l8
[0.378s] Invoking command in '/ros2_ws/build/pendulum_driver': AMENT_PREFIX_PATH=/ros2_ws/install/pendulum_utils:/ros2_ws/install/pendulum2_msgs:${AMENT_PREFIX_PATH} CMAKE_PREFIX_PATH=/ros2_ws/install/pendulum_utils:/ros2_ws/install/pendulum2_msgs:/opt/ros/humble LD_LIBRARY_PATH=/ros2_ws/install/pendulum_utils/lib:/ros2_ws/install/pendulum2_msgs/lib:${LD_LIBRARY_PATH} PYTHONPATH=/ros2_ws/install/pendulum2_msgs/local/lib/python3.10/dist-packages:${PYTHONPATH} /usr/bin/cmake --install /ros2_ws/build/pendulum_driver
[0.441s] -- Install configuration: "Release"
[0.443s] -- Execute custom install script
[0.447s] -- Up-to-date symlink: /ros2_ws/install/pendulum_driver/share/pendulum_driver/environment/library_path.sh
[0.447s] -- Up-to-date symlink: /ros2_ws/install/pendulum_driver/share/pendulum_driver/environment/library_path.dsv
[0.448s] -- Up-to-date symlink: /ros2_ws/install/pendulum_driver/include/pendulum_driver/pendulum_driver.hpp
[0.448s] -- Up-to-date symlink: /ros2_ws/install/pendulum_driver/include/pendulum_driver/pendulum_driver_node.hpp
[0.448s] -- Up-to-date symlink: /ros2_ws/install/pendulum_driver/include/pendulum_driver/runge_kutta.hpp
[0.449s] -- Up-to-date symlink: /ros2_ws/install/pendulum_driver/include/pendulum_driver/visibility_control.hpp
[0.449s] -- Up-to-date symlink: /ros2_ws/install/pendulum_driver/share/pendulum_driver/params/test.param.yaml
[0.450s] -- Up-to-date symlink: /ros2_ws/install/pendulum_driver/share/ament_index/resource_index/package_run_dependencies/pendulum_driver
[0.450s] -- Up-to-date symlink: /ros2_ws/install/pendulum_driver/share/ament_index/resource_index/parent_prefix_path/pendulum_driver
[0.451s] -- Up-to-date symlink: /ros2_ws/install/pendulum_driver/share/pendulum_driver/environment/ament_prefix_path.sh
[0.451s] -- Up-to-date symlink: /ros2_ws/install/pendulum_driver/share/pendulum_driver/environment/ament_prefix_path.dsv
[0.452s] -- Up-to-date symlink: /ros2_ws/install/pendulum_driver/share/pendulum_driver/environment/path.sh
[0.452s] -- Up-to-date symlink: /ros2_ws/install/pendulum_driver/share/pendulum_driver/environment/path.dsv
[0.452s] -- Up-to-date symlink: /ros2_ws/install/pendulum_driver/share/pendulum_driver/local_setup.bash
[0.453s] -- Up-to-date symlink: /ros2_ws/install/pendulum_driver/share/pendulum_driver/local_setup.sh
[0.453s] -- Up-to-date symlink: /ros2_ws/install/pendulum_driver/share/pendulum_driver/local_setup.zsh
[0.453s] -- Up-to-date symlink: /ros2_ws/install/pendulum_driver/share/pendulum_driver/local_setup.dsv
[0.454s] -- Symlinking: /ros2_ws/install/pendulum_driver/share/pendulum_driver/package.dsv
[0.471s] -- Up-to-date symlink: /ros2_ws/install/pendulum_driver/share/ament_index/resource_index/packages/pendulum_driver
[0.471s] -- Up-to-date symlink: /ros2_ws/install/pendulum_driver/share/ament_index/resource_index/rclcpp_components/pendulum_driver
[0.471s] -- Up-to-date symlink: /ros2_ws/install/pendulum_driver/share/pendulum_driver/cmake/ament_cmake_export_targets-extras.cmake
[0.472s] -- Up-to-date symlink: /ros2_ws/install/pendulum_driver/share/pendulum_driver/cmake/ament_cmake_export_dependencies-extras.cmake
[0.472s] -- Up-to-date symlink: /ros2_ws/install/pendulum_driver/share/pendulum_driver/cmake/pendulum_driverConfig.cmake
[0.472s] -- Up-to-date symlink: /ros2_ws/install/pendulum_driver/share/pendulum_driver/cmake/pendulum_driverConfig-version.cmake
[0.473s] -- Up-to-date symlink: /ros2_ws/install/pendulum_driver/share/pendulum_driver/package.xml
[0.474s] -- Up-to-date: /ros2_ws/install/pendulum_driver/lib/libpendulum_driver.so
[0.475s] -- Up-to-date: /ros2_ws/install/pendulum_driver/lib/pendulum_driver/pendulum_driver_exe
[0.475s] -- Up-to-date: /ros2_ws/install/pendulum_driver/share/pendulum_driver/cmake/export_pendulum_driverExport.cmake
[0.475s] -- Up-to-date: /ros2_ws/install/pendulum_driver/share/pendulum_driver/cmake/export_pendulum_driverExport-release.cmake
[0.543s] Invoked command in '/ros2_ws/build/pendulum_driver' returned '0': AMENT_PREFIX_PATH=/ros2_ws/install/pendulum_utils:/ros2_ws/install/pendulum2_msgs:${AMENT_PREFIX_PATH} CMAKE_PREFIX_PATH=/ros2_ws/install/pendulum_utils:/ros2_ws/install/pendulum2_msgs:/opt/ros/humble LD_LIBRARY_PATH=/ros2_ws/install/pendulum_utils/lib:/ros2_ws/install/pendulum2_msgs/lib:${LD_LIBRARY_PATH} PYTHONPATH=/ros2_ws/install/pendulum2_msgs/local/lib/python3.10/dist-packages:${PYTHONPATH} /usr/bin/cmake --install /ros2_ws/build/pendulum_driver
