[0.060s] Invoking command in '/ros2_ws/build/ros2srrc_endeffectors': CMAKE_PREFIX_PATH=/opt/ros/humble /usr/bin/cmake /ros2_ws/src/ros2_SimRealRobotControl/ros2srrc_endeffectors -DCMAKE_BUILD_TYPE=Release -DAMENT_CMAKE_SYMLINK_INSTALL=1 -DCMAKE_INSTALL_PREFIX=/ros2_ws/install/ros2srrc_endeffectors
[0.264s] -- The C compiler identification is GNU 11.4.0
[0.377s] -- The CXX compiler identification is GNU 11.4.0
[0.412s] -- Detecting C compiler ABI info
[0.622s] -- Detecting C compiler ABI info - done
[0.648s] -- Check for working C compiler: /usr/bin/cc - skipped
[0.653s] -- Detecting C compile features
[0.659s] -- Detecting C compile features - done
[0.677s] -- Detecting CXX compiler ABI info
[0.968s] -- Detecting CXX compiler ABI info - done
[0.992s] -- Check for working CXX compiler: /usr/bin/c++ - skipped
[0.993s] -- Detecting CXX compile features
[0.994s] -- Detecting CXX compile features - done
[1.009s] -- Found ament_cmake: 1.3.12 (/opt/ros/humble/share/ament_cmake/cmake)
[1.406s] -- Found Python3: /usr/bin/python3 (found version "3.10.12") found components: Interpreter 
[1.567s] -- Override CMake install command with custom implementation using symlinks instead of copying resources
[1.689s] -- Found ament_lint_auto: 0.12.14 (/opt/ros/humble/share/ament_lint_auto/cmake)
[1.944s] -- Added test 'copyright' to check source files copyright and LICENSE
[1.977s] -- Added test 'lint_cmake' to check CMake code style
[1.995s] -- Added test 'xmllint' to check XML markup files
[1.998s] -- Configuring done
[2.006s] -- Generating done
[2.011s] -- Build files have been written to: /ros2_ws/build/ros2srrc_endeffectors
[2.028s] Invoked command in '/ros2_ws/build/ros2srrc_endeffectors' returned '0': CMAKE_PREFIX_PATH=/opt/ros/humble /usr/bin/cmake /ros2_ws/src/ros2_SimRealRobotControl/ros2srrc_endeffectors -DCMAKE_BUILD_TYPE=Release -DAMENT_CMAKE_SYMLINK_INSTALL=1 -DCMAKE_INSTALL_PREFIX=/ros2_ws/install/ros2srrc_endeffectors
[2.028s] Invoking command in '/ros2_ws/build/ros2srrc_endeffectors': CMAKE_PREFIX_PATH=/opt/ros/humble /usr/bin/cmake --build /ros2_ws/build/ros2srrc_endeffectors -- -j8 -l8
[2.247s] Invoked command in '/ros2_ws/build/ros2srrc_endeffectors' returned '0': CMAKE_PREFIX_PATH=/opt/ros/humble /usr/bin/cmake --build /ros2_ws/build/ros2srrc_endeffectors -- -j8 -l8
[2.254s] Invoking command in '/ros2_ws/build/ros2srrc_endeffectors': CMAKE_PREFIX_PATH=/opt/ros/humble /usr/bin/cmake --install /ros2_ws/build/ros2srrc_endeffectors
[2.445s] -- Install configuration: "Release"
[2.445s] -- Execute custom install script
[2.446s] -- Symlinking: /ros2_ws/install/ros2srrc_endeffectors/share/ros2srrc_endeffectors/egp64/config/controller.yaml
[2.446s] -- Symlinking: /ros2_ws/install/ros2srrc_endeffectors/share/ros2srrc_endeffectors/egp64/config/controller_moveit2.yaml
[2.446s] -- Symlinking: /ros2_ws/install/ros2srrc_endeffectors/share/ros2srrc_endeffectors/egp64/config/joint_limits.yaml
[2.446s] -- Symlinking: /ros2_ws/install/ros2srrc_endeffectors/share/ros2srrc_endeffectors/egp64/config/joint_specifications.yaml
[2.446s] -- Symlinking: /ros2_ws/install/ros2srrc_endeffectors/share/ros2srrc_endeffectors/egp64/meshes/00. Schunk Gripper - Component POSES
[2.446s] -- Symlinking: /ros2_ws/install/ros2srrc_endeffectors/share/ros2srrc_endeffectors/egp64/meshes/Schunk Gripper - ADAPTER.STL
[2.447s] -- Symlinking: /ros2_ws/install/ros2srrc_endeffectors/share/ros2srrc_endeffectors/egp64/meshes/Schunk Gripper - BASE noAdapter.STL
[2.447s] -- Symlinking: /ros2_ws/install/ros2srrc_endeffectors/share/ros2srrc_endeffectors/egp64/meshes/Schunk Gripper - BASE.STL
[2.463s] -- Symlinking: /ros2_ws/install/ros2srrc_endeffectors/share/ros2srrc_endeffectors/egp64/meshes/Schunk Gripper - Cranfield Robotics.STL
[2.483s] -- Symlinking: /ros2_ws/install/ros2srrc_endeffectors/share/ros2srrc_endeffectors/egp64/meshes/Schunk Gripper - LEFT FINGER BASE.STL
[2.506s] -- Symlinking: /ros2_ws/install/ros2srrc_endeffectors/share/ros2srrc_endeffectors/egp64/meshes/Schunk Gripper - LEFT FINGER.STL
[2.535s] -- Symlinking: /ros2_ws/install/ros2srrc_endeffectors/share/ros2srrc_endeffectors/egp64/meshes/Schunk Gripper - RIGHT FINGER BASE.STL
[2.554s] -- Symlinking: /ros2_ws/install/ros2srrc_endeffectors/share/ros2srrc_endeffectors/egp64/meshes/Schunk Gripper - RIGHT FINGER.STL
[2.575s] -- Symlinking: /ros2_ws/install/ros2srrc_endeffectors/share/ros2srrc_endeffectors/egp64/meshes/egp64.dae
[2.596s] -- Symlinking: /ros2_ws/install/ros2srrc_endeffectors/share/ros2srrc_endeffectors/egp64/meshes/egp64_Adapter.dae
[2.615s] -- Symlinking: /ros2_ws/install/ros2srrc_endeffectors/share/ros2srrc_endeffectors/egp64/meshes/egp64_BDFinger.dae
[2.636s] -- Symlinking: /ros2_ws/install/ros2srrc_endeffectors/share/ros2srrc_endeffectors/egp64/meshes/egp64_BDFinger_L.dae
[2.654s] -- Symlinking: /ros2_ws/install/ros2srrc_endeffectors/share/ros2srrc_endeffectors/egp64/meshes/egp64_BDFinger_R.dae
[2.669s] -- Symlinking: /ros2_ws/install/ros2srrc_endeffectors/share/ros2srrc_endeffectors/egp64/meshes/egp64_Base.dae
[2.685s] -- Symlinking: /ros2_ws/install/ros2srrc_endeffectors/share/ros2srrc_endeffectors/egp64/meshes/egp64_BaseNoAdapter.dae
[2.701s] -- Symlinking: /ros2_ws/install/ros2srrc_endeffectors/share/ros2srrc_endeffectors/egp64/meshes/egp64_FingerCylinder.dae
[2.718s] -- Symlinking: /ros2_ws/install/ros2srrc_endeffectors/share/ros2srrc_endeffectors/egp64/meshes/egp64_FingerCylinder.stl
[2.735s] -- Symlinking: /ros2_ws/install/ros2srrc_endeffectors/share/ros2srrc_endeffectors/egp64/meshes/egp64_FingerCylinder_L.dae
[2.751s] -- Symlinking: /ros2_ws/install/ros2srrc_endeffectors/share/ros2srrc_endeffectors/egp64/meshes/egp64_FingerCylinder_R.dae
[2.768s] -- Symlinking: /ros2_ws/install/ros2srrc_endeffectors/share/ros2srrc_endeffectors/egp64/meshes/egp64_LeftFinger.dae
[2.785s] -- Symlinking: /ros2_ws/install/ros2srrc_endeffectors/share/ros2srrc_endeffectors/egp64/meshes/egp64_LeftFingerBase.dae
[2.806s] -- Symlinking: /ros2_ws/install/ros2srrc_endeffectors/share/ros2srrc_endeffectors/egp64/meshes/egp64_RightFinger.dae
[2.831s] -- Symlinking: /ros2_ws/install/ros2srrc_endeffectors/share/ros2srrc_endeffectors/egp64/meshes/egp64_RightFingerBase.dae
[2.869s] -- Symlinking: /ros2_ws/install/ros2srrc_endeffectors/share/ros2srrc_endeffectors/egp64/urdf/egp64_macro.urdf.xacro
[2.886s] -- Symlinking: /ros2_ws/install/ros2srrc_endeffectors/share/ros2srrc_endeffectors/egp64/urdf/egp64_ros2control.xacro
[2.905s] -- Symlinking: /ros2_ws/install/ros2srrc_endeffectors/share/ros2srrc_endeffectors/egp64/urdf/egp64_transmission.xacro
[2.959s] -- Symlinking: /ros2_ws/install/ros2srrc_endeffectors/share/ros2srrc_endeffectors/egp64/urdf/egp64v2_macro.urdf.xacro
[2.986s] -- Symlinking: /ros2_ws/install/ros2srrc_endeffectors/share/ros2srrc_endeffectors/egp64/urdf/egp64v3_macro.urdf.xacro
[3.004s] -- Symlinking: /ros2_ws/install/ros2srrc_endeffectors/share/ros2srrc_endeffectors/gpp5010nc/config/controller.yaml
[3.021s] -- Symlinking: /ros2_ws/install/ros2srrc_endeffectors/share/ros2srrc_endeffectors/gpp5010nc/config/controller_moveit2.yaml
[3.037s] -- Symlinking: /ros2_ws/install/ros2srrc_endeffectors/share/ros2srrc_endeffectors/gpp5010nc/config/joint_limits.yaml
[3.055s] -- Symlinking: /ros2_ws/install/ros2srrc_endeffectors/share/ros2srrc_endeffectors/gpp5010nc/config/joint_specifications.yaml
[3.074s] -- Symlinking: /ros2_ws/install/ros2srrc_endeffectors/share/ros2srrc_endeffectors/gpp5010nc/meshes/gpp5010nc_LeftFinger.dae
[3.097s] -- Symlinking: /ros2_ws/install/ros2srrc_endeffectors/share/ros2srrc_endeffectors/gpp5010nc/meshes/gpp5010nc_LeftFinger_v2.dae
[3.113s] -- Symlinking: /ros2_ws/install/ros2srrc_endeffectors/share/ros2srrc_endeffectors/gpp5010nc/meshes/gpp5010nc_LeftFinger_v3.dae
[3.129s] -- Symlinking: /ros2_ws/install/ros2srrc_endeffectors/share/ros2srrc_endeffectors/gpp5010nc/meshes/gpp5010nc_MainBody.dae
[3.146s] -- Symlinking: /ros2_ws/install/ros2srrc_endeffectors/share/ros2srrc_endeffectors/gpp5010nc/meshes/gpp5010nc_RightFinger.dae
[3.163s] -- Symlinking: /ros2_ws/install/ros2srrc_endeffectors/share/ros2srrc_endeffectors/gpp5010nc/meshes/gpp5010nc_RightFinger_v2.dae
[3.182s] -- Symlinking: /ros2_ws/install/ros2srrc_endeffectors/share/ros2srrc_endeffectors/gpp5010nc/meshes/gpp5010nc_RightFinger_v3.dae
[3.199s] -- Symlinking: /ros2_ws/install/ros2srrc_endeffectors/share/ros2srrc_endeffectors/gpp5010nc/meshes/gpp5010nc_irb1200_Adapter.dae
[3.220s] -- Symlinking: /ros2_ws/install/ros2srrc_endeffectors/share/ros2srrc_endeffectors/gpp5010nc/meshes/gpp5010nc_irb6640_Adapter.dae
[3.254s] -- Symlinking: /ros2_ws/install/ros2srrc_endeffectors/share/ros2srrc_endeffectors/gpp5010nc/urdf/gpp5010nc_macro.urdf.xacro
[3.279s] -- Symlinking: /ros2_ws/install/ros2srrc_endeffectors/share/ros2srrc_endeffectors/gpp5010nc/urdf/gpp5010nc_ros2control.xacro
[3.300s] -- Symlinking: /ros2_ws/install/ros2srrc_endeffectors/share/ros2srrc_endeffectors/gpp5010nc/urdf/gpp5010nc_transmission.xacro
[3.320s] -- Symlinking: /ros2_ws/install/ros2srrc_endeffectors/share/ros2srrc_endeffectors/gpp5010nc/urdf/gpp5010ncv2_macro.urdf.xacro
[3.340s] -- Symlinking: /ros2_ws/install/ros2srrc_endeffectors/share/ros2srrc_endeffectors/gpp5010nc/urdf/gpp5010ncv3_macro.urdf.xacro
[3.360s] -- Symlinking: /ros2_ws/install/ros2srrc_endeffectors/share/ros2srrc_endeffectors/ls_vgr/meshes/ls_vgr.dae
[3.379s] -- Symlinking: /ros2_ws/install/ros2srrc_endeffectors/share/ros2srrc_endeffectors/ls_vgr/urdf/ls_vgr_macro.urdf.xacro
[3.412s] -- Symlinking: /ros2_ws/install/ros2srrc_endeffectors/share/ros2srrc_endeffectors/ls_vgr/urdf/ls_vgr_ros2control.xacro
[3.429s] -- Symlinking: /ros2_ws/install/ros2srrc_endeffectors/share/ros2srrc_endeffectors/ls_vgr/urdf/ls_vgr_transmission.xacro
[3.445s] -- Symlinking: /ros2_ws/install/ros2srrc_endeffectors/share/ros2srrc_endeffectors/ls_vgr_amrc/meshes/ls_vgr_amrc.dae
[3.462s] -- Symlinking: /ros2_ws/install/ros2srrc_endeffectors/share/ros2srrc_endeffectors/ls_vgr_amrc/urdf/ls_vgr_amrc_macro.urdf.xacro
[3.474s] -- Symlinking: /ros2_ws/install/ros2srrc_endeffectors/share/ros2srrc_endeffectors/ls_vgr_amrc/urdf/ls_vgr_amrc_ros2control.xacro
[3.487s] -- Symlinking: /ros2_ws/install/ros2srrc_endeffectors/share/ros2srrc_endeffectors/ls_vgr_amrc/urdf/ls_vgr_amrc_transmission.xacro
[3.499s] -- Symlinking: /ros2_ws/install/ros2srrc_endeffectors/share/ros2srrc_endeffectors/robotiq_2f85/config/controller.yaml
[3.511s] -- Symlinking: /ros2_ws/install/ros2srrc_endeffectors/share/ros2srrc_endeffectors/robotiq_2f85/config/controller_moveit2.yaml
[3.523s] -- Symlinking: /ros2_ws/install/ros2srrc_endeffectors/share/ros2srrc_endeffectors/robotiq_2f85/config/joint_limits.yaml
[3.535s] -- Symlinking: /ros2_ws/install/ros2srrc_endeffectors/share/ros2srrc_endeffectors/robotiq_2f85/config/joint_specifications.yaml
[3.548s] -- Symlinking: /ros2_ws/install/ros2srrc_endeffectors/share/ros2srrc_endeffectors/robotiq_2f85/meshes/collision/robotiq_85_base_link.stl
[3.560s] -- Symlinking: /ros2_ws/install/ros2srrc_endeffectors/share/ros2srrc_endeffectors/robotiq_2f85/meshes/collision/robotiq_85_finger_link.stl
[3.571s] -- Symlinking: /ros2_ws/install/ros2srrc_endeffectors/share/ros2srrc_endeffectors/robotiq_2f85/meshes/collision/robotiq_85_finger_tip_link.stl
[3.583s] -- Symlinking: /ros2_ws/install/ros2srrc_endeffectors/share/ros2srrc_endeffectors/robotiq_2f85/meshes/collision/robotiq_85_inner_knuckle_link.stl
[3.595s] -- Symlinking: /ros2_ws/install/ros2srrc_endeffectors/share/ros2srrc_endeffectors/robotiq_2f85/meshes/collision/robotiq_85_knuckle_link.stl
[3.608s] -- Symlinking: /ros2_ws/install/ros2srrc_endeffectors/share/ros2srrc_endeffectors/robotiq_2f85/meshes/robotiq_85_coupler.stl
[3.621s] -- Symlinking: /ros2_ws/install/ros2srrc_endeffectors/share/ros2srrc_endeffectors/robotiq_2f85/meshes/visual/robotiq_85_base_link.dae
[3.632s] -- Symlinking: /ros2_ws/install/ros2srrc_endeffectors/share/ros2srrc_endeffectors/robotiq_2f85/meshes/visual/robotiq_85_finger_link.dae
[3.646s] -- Symlinking: /ros2_ws/install/ros2srrc_endeffectors/share/ros2srrc_endeffectors/robotiq_2f85/meshes/visual/robotiq_85_finger_tip_link.dae
[3.658s] -- Symlinking: /ros2_ws/install/ros2srrc_endeffectors/share/ros2srrc_endeffectors/robotiq_2f85/meshes/visual/robotiq_85_inner_knuckle_link.dae
[3.671s] -- Symlinking: /ros2_ws/install/ros2srrc_endeffectors/share/ros2srrc_endeffectors/robotiq_2f85/meshes/visual/robotiq_85_knuckle_link.dae
[3.688s] -- Symlinking: /ros2_ws/install/ros2srrc_endeffectors/share/ros2srrc_endeffectors/robotiq_2f85/urdf/robotiq_2f85_macro.urdf.xacro
[3.706s] -- Symlinking: /ros2_ws/install/ros2srrc_endeffectors/share/ros2srrc_endeffectors/robotiq_2f85/urdf/robotiq_2f85_ros2control.xacro
[3.727s] -- Symlinking: /ros2_ws/install/ros2srrc_endeffectors/share/ros2srrc_endeffectors/robotiq_2f85/urdf/robotiq_2f85_transmission.xacro
[3.753s] -- Symlinking: /ros2_ws/install/ros2srrc_endeffectors/share/ros2srrc_endeffectors/robotiq_hande/config/controller.yaml
[3.787s] -- Symlinking: /ros2_ws/install/ros2srrc_endeffectors/share/ros2srrc_endeffectors/robotiq_hande/config/controller_moveit2.yaml
[3.806s] -- Symlinking: /ros2_ws/install/ros2srrc_endeffectors/share/ros2srrc_endeffectors/robotiq_hande/config/joint_limits.yaml
[3.823s] -- Symlinking: /ros2_ws/install/ros2srrc_endeffectors/share/ros2srrc_endeffectors/robotiq_hande/config/joint_specifications.yaml
[3.840s] -- Symlinking: /ros2_ws/install/ros2srrc_endeffectors/share/ros2srrc_endeffectors/robotiq_hande/meshes/finger_1.dae
[3.856s] -- Symlinking: /ros2_ws/install/ros2srrc_endeffectors/share/ros2srrc_endeffectors/robotiq_hande/meshes/finger_1v2.dae
[3.875s] -- Symlinking: /ros2_ws/install/ros2srrc_endeffectors/share/ros2srrc_endeffectors/robotiq_hande/meshes/finger_2.dae
[3.890s] -- Symlinking: /ros2_ws/install/ros2srrc_endeffectors/share/ros2srrc_endeffectors/robotiq_hande/meshes/finger_2v2.dae
[3.919s] -- Symlinking: /ros2_ws/install/ros2srrc_endeffectors/share/ros2srrc_endeffectors/robotiq_hande/meshes/hand-e.dae
[3.938s] -- Symlinking: /ros2_ws/install/ros2srrc_endeffectors/share/ros2srrc_endeffectors/robotiq_hande/meshes/hande_bracket.dae
[4.005s] -- Symlinking: /ros2_ws/install/ros2srrc_endeffectors/share/ros2srrc_endeffectors/robotiq_hande/meshes/robotiq_hande.dae
[4.043s] -- Symlinking: /ros2_ws/install/ros2srrc_endeffectors/share/ros2srrc_endeffectors/robotiq_hande/meshes/robotiq_hande_coupler.stl
[4.070s] -- Symlinking: /ros2_ws/install/ros2srrc_endeffectors/share/ros2srrc_endeffectors/robotiq_hande/urdf/robotiq_hande_macro.urdf.xacro
[4.101s] -- Symlinking: /ros2_ws/install/ros2srrc_endeffectors/share/ros2srrc_endeffectors/robotiq_hande/urdf/robotiq_hande_ros2control.xacro
[4.131s] -- Symlinking: /ros2_ws/install/ros2srrc_endeffectors/share/ros2srrc_endeffectors/robotiq_hande/urdf/robotiq_hande_transmission.xacro
[4.149s] -- Symlinking: /ros2_ws/install/ros2srrc_endeffectors/share/ros2srrc_endeffectors/robotiq_hande/urdf/robotiq_handev2_macro.urdf.xacro
[4.168s] -- Symlinking: /ros2_ws/install/ros2srrc_endeffectors/share/ros2srrc_endeffectors/ar4gripper/config/controller.yaml
[4.185s] -- Symlinking: /ros2_ws/install/ros2srrc_endeffectors/share/ros2srrc_endeffectors/ar4gripper/config/controller_moveit2.yaml
[4.201s] -- Symlinking: /ros2_ws/install/ros2srrc_endeffectors/share/ros2srrc_endeffectors/ar4gripper/config/joint_limits.yaml
[4.215s] -- Symlinking: /ros2_ws/install/ros2srrc_endeffectors/share/ros2srrc_endeffectors/ar4gripper/config/joint_specifications.yaml
[4.229s] -- Symlinking: /ros2_ws/install/ros2srrc_endeffectors/share/ros2srrc_endeffectors/ar4gripper/meshes/gripper_base_link.stl
[4.245s] -- Symlinking: /ros2_ws/install/ros2srrc_endeffectors/share/ros2srrc_endeffectors/ar4gripper/meshes/gripper_jaw1_link.stl
[4.263s] -- Symlinking: /ros2_ws/install/ros2srrc_endeffectors/share/ros2srrc_endeffectors/ar4gripper/meshes/gripper_jaw2_link.stl
[4.281s] -- Symlinking: /ros2_ws/install/ros2srrc_endeffectors/share/ros2srrc_endeffectors/ar4gripper/urdf/ar4gripper_macro.urdf.xacro
[4.315s] -- Symlinking: /ros2_ws/install/ros2srrc_endeffectors/share/ros2srrc_endeffectors/ar4gripper/urdf/ar4gripper_ros2control.xacro
[4.336s] -- Symlinking: /ros2_ws/install/ros2srrc_endeffectors/share/ros2srrc_endeffectors/ar4gripper/urdf/ar4gripper_transmission.xacro
[4.373s] -- Symlinking: /ros2_ws/install/ros2srrc_endeffectors/share/ament_index/resource_index/package_run_dependencies/ros2srrc_endeffectors
[4.394s] -- Symlinking: /ros2_ws/install/ros2srrc_endeffectors/share/ament_index/resource_index/parent_prefix_path/ros2srrc_endeffectors
[4.428s] -- Symlinking: /ros2_ws/install/ros2srrc_endeffectors/share/ros2srrc_endeffectors/environment/ament_prefix_path.sh
[4.453s] -- Symlinking: /ros2_ws/install/ros2srrc_endeffectors/share/ros2srrc_endeffectors/environment/ament_prefix_path.dsv
[4.490s] -- Symlinking: /ros2_ws/install/ros2srrc_endeffectors/share/ros2srrc_endeffectors/environment/path.sh
[4.511s] -- Symlinking: /ros2_ws/install/ros2srrc_endeffectors/share/ros2srrc_endeffectors/environment/path.dsv
[4.533s] -- Symlinking: /ros2_ws/install/ros2srrc_endeffectors/share/ros2srrc_endeffectors/local_setup.bash
[4.560s] -- Symlinking: /ros2_ws/install/ros2srrc_endeffectors/share/ros2srrc_endeffectors/local_setup.sh
[4.590s] -- Symlinking: /ros2_ws/install/ros2srrc_endeffectors/share/ros2srrc_endeffectors/local_setup.zsh
[4.616s] -- Symlinking: /ros2_ws/install/ros2srrc_endeffectors/share/ros2srrc_endeffectors/local_setup.dsv
[4.633s] -- Symlinking: /ros2_ws/install/ros2srrc_endeffectors/share/ros2srrc_endeffectors/package.dsv
[4.655s] -- Symlinking: /ros2_ws/install/ros2srrc_endeffectors/share/ament_index/resource_index/packages/ros2srrc_endeffectors
[4.672s] -- Symlinking: /ros2_ws/install/ros2srrc_endeffectors/share/ros2srrc_endeffectors/cmake/ros2srrc_endeffectorsConfig.cmake
[4.689s] -- Symlinking: /ros2_ws/install/ros2srrc_endeffectors/share/ros2srrc_endeffectors/cmake/ros2srrc_endeffectorsConfig-version.cmake
[4.706s] -- Symlinking: /ros2_ws/install/ros2srrc_endeffectors/share/ros2srrc_endeffectors/package.xml
[4.740s] Invoked command in '/ros2_ws/build/ros2srrc_endeffectors' returned '0': CMAKE_PREFIX_PATH=/opt/ros/humble /usr/bin/cmake --install /ros2_ws/build/ros2srrc_endeffectors
