[0.069s] Invoking command in '/ros2_ws/build/as2_core': AMENT_PREFIX_PATH=/ros2_ws/install/as2_msgs:${AMENT_PREFIX_PATH} CMAKE_PREFIX_PATH=/ros2_ws/install/as2_msgs:/opt/ros/humble LD_LIBRARY_PATH=/ros2_ws/install/as2_msgs/lib:${LD_LIBRARY_PATH} PYTHONPATH=/ros2_ws/install/as2_msgs/local/lib/python3.10/dist-packages:${PYTHONPATH} /usr/bin/cmake --build /ros2_ws/build/as2_core -- -j8 -l8
[0.189s] [35m[1mConsolidate compiler generated dependencies of target as2_names[0m
[0.205s] [35m[1mConsolidate compiler generated dependencies of target gtest_main[0m
[0.206s] [35m[1mConsolidate compiler generated dependencies of target as2_core[0m
[0.206s] [35m[1mConsolidate compiler generated dependencies of target gtest[0m
[0.259s] [  0%] Built target ament_cmake_python_symlink_as2_core
[0.281s] [  6%] Built target as2_names
[0.281s] [ 12%] Built target gtest_main
[0.283s] [ 19%] Built target gtest
[0.334s] [ 58%] Built target as2_core
[0.376s] [35m[1mConsolidate compiler generated dependencies of target mocks[0m
[0.401s] [35m[1mConsolidate compiler generated dependencies of target frame_test[0m
[0.406s] [35m[1mConsolidate compiler generated dependencies of target tf2_namespace_test[0m
[0.418s] [35m[1mConsolidate compiler generated dependencies of target platform_state_machine_test[0m
[0.425s] [35m[1mConsolidate compiler generated dependencies of target sensor_test[0m
[0.450s] [35m[1mConsolidate compiler generated dependencies of target tf_utils_gtest[0m
[0.514s] [ 64%] Built target frame_test
[0.515s] [ 74%] Built target mocks
[0.557s] [ 80%] Built target platform_state_machine_test
[0.558s] [ 87%] Built target tf2_namespace_test
[0.559s] [ 93%] Built target sensor_test
[0.594s] [100%] Built target tf_utils_gtest
[1.065s] running egg_info
[1.067s] writing as2_core.egg-info/PKG-INFO
[1.067s] writing dependency_links to as2_core.egg-info/dependency_links.txt
[1.068s] writing top-level names to as2_core.egg-info/top_level.txt
[1.073s] reading manifest file 'as2_core.egg-info/SOURCES.txt'
[1.130s] writing manifest file 'as2_core.egg-info/SOURCES.txt'
[1.174s] [100%] Built target ament_cmake_python_build_as2_core_egg
[1.317s] Invoked command in '/ros2_ws/build/as2_core' returned '0': AMENT_PREFIX_PATH=/ros2_ws/install/as2_msgs:${AMENT_PREFIX_PATH} CMAKE_PREFIX_PATH=/ros2_ws/install/as2_msgs:/opt/ros/humble LD_LIBRARY_PATH=/ros2_ws/install/as2_msgs/lib:${LD_LIBRARY_PATH} PYTHONPATH=/ros2_ws/install/as2_msgs/local/lib/python3.10/dist-packages:${PYTHONPATH} /usr/bin/cmake --build /ros2_ws/build/as2_core -- -j8 -l8
[1.320s] Invoking command in '/ros2_ws/build/as2_core': AMENT_PREFIX_PATH=/ros2_ws/install/as2_msgs:${AMENT_PREFIX_PATH} CMAKE_PREFIX_PATH=/ros2_ws/install/as2_msgs:/opt/ros/humble LD_LIBRARY_PATH=/ros2_ws/install/as2_msgs/lib:${LD_LIBRARY_PATH} PYTHONPATH=/ros2_ws/install/as2_msgs/local/lib/python3.10/dist-packages:${PYTHONPATH} /usr/bin/cmake --install /ros2_ws/build/as2_core
[1.400s] -- Install configuration: "Release"
[1.401s] -- Execute custom install script
[1.402s] -- Up-to-date symlink: /ros2_ws/install/as2_core/share/as2_core/environment/pythonpath.sh
[1.402s] -- Up-to-date symlink: /ros2_ws/install/as2_core/share/as2_core/environment/pythonpath.dsv
[1.403s] -- Up-to-date symlink: /ros2_ws/install/as2_core/local/lib/python3.10/dist-packages/as2_core-1.1.3-py3.10.egg-info/PKG-INFO
[1.403s] -- Up-to-date symlink: /ros2_ws/install/as2_core/local/lib/python3.10/dist-packages/as2_core-1.1.3-py3.10.egg-info/SOURCES.txt
[1.404s] -- Up-to-date symlink: /ros2_ws/install/as2_core/local/lib/python3.10/dist-packages/as2_core-1.1.3-py3.10.egg-info/dependency_links.txt
[1.405s] -- Up-to-date symlink: /ros2_ws/install/as2_core/local/lib/python3.10/dist-packages/as2_core-1.1.3-py3.10.egg-info/top_level.txt
[1.405s] -- Up-to-date symlink: /ros2_ws/install/as2_core/local/lib/python3.10/dist-packages/as2_core/__init__.py
[1.406s] -- Up-to-date symlink: /ros2_ws/install/as2_core/local/lib/python3.10/dist-packages/as2_core/declare_launch_arguments_from_config_file.py
[1.406s] -- Up-to-date symlink: /ros2_ws/install/as2_core/local/lib/python3.10/dist-packages/as2_core/launch_configuration_from_config_file.py
[1.407s] -- Up-to-date symlink: /ros2_ws/install/as2_core/local/lib/python3.10/dist-packages/as2_core/launch_param_utils.py
[1.408s] -- Up-to-date symlink: /ros2_ws/install/as2_core/local/lib/python3.10/dist-packages/as2_core/launch_plugin_utils.py
[1.409s] -- Up-to-date symlink: /ros2_ws/install/as2_core/share/as2_core/environment/library_path.sh
[1.409s] -- Up-to-date symlink: /ros2_ws/install/as2_core/share/as2_core/environment/library_path.dsv
[1.410s] -- Up-to-date symlink: /ros2_ws/install/as2_core/local/lib/python3.10/dist-packages/as2_core/as2_names.cpython-310-x86_64-linux-gnu.so
[1.415s] -- Up-to-date symlink: /ros2_ws/install/as2_core/include/as2_core/aerial_platform.hpp
[1.422s] -- Up-to-date symlink: /ros2_ws/install/as2_core/include/as2_core/as2_basic_behavior.hpp
[1.423s] -- Up-to-date symlink: /ros2_ws/install/as2_core/include/as2_core/core_functions.hpp
[1.423s] -- Up-to-date symlink: /ros2_ws/install/as2_core/include/as2_core/custom/cv_bridge.hpp
[1.428s] -- Up-to-date symlink: /ros2_ws/install/as2_core/include/as2_core/custom/cv_bridge.hpp.in
[1.430s] -- Up-to-date symlink: /ros2_ws/install/as2_core/include/as2_core/custom/tf2_geometry_msgs.hpp
[1.431s] -- Up-to-date symlink: /ros2_ws/install/as2_core/include/as2_core/custom/tf2_geometry_msgs.hpp.in
[1.431s] -- Up-to-date symlink: /ros2_ws/install/as2_core/include/as2_core/names/actions.hpp
[1.432s] -- Up-to-date symlink: /ros2_ws/install/as2_core/include/as2_core/names/services.hpp
[1.432s] -- Up-to-date symlink: /ros2_ws/install/as2_core/include/as2_core/names/topics.hpp
[1.432s] -- Up-to-date symlink: /ros2_ws/install/as2_core/include/as2_core/node.hpp
[1.434s] -- Up-to-date symlink: /ros2_ws/install/as2_core/include/as2_core/platform_state_machine.hpp
[1.435s] -- Up-to-date symlink: /ros2_ws/install/as2_core/include/as2_core/rate.hpp
[1.436s] -- Up-to-date symlink: /ros2_ws/install/as2_core/include/as2_core/sensor.hpp
[1.436s] -- Up-to-date symlink: /ros2_ws/install/as2_core/include/as2_core/synchronous_service_client.hpp
[1.436s] -- Up-to-date symlink: /ros2_ws/install/as2_core/include/as2_core/utils/control_mode_utils.hpp
[1.437s] -- Up-to-date symlink: /ros2_ws/install/as2_core/include/as2_core/utils/frame_utils.hpp
[1.438s] -- Up-to-date symlink: /ros2_ws/install/as2_core/include/as2_core/utils/gps_utils.hpp
[1.439s] -- Up-to-date symlink: /ros2_ws/install/as2_core/include/as2_core/utils/tf_utils.hpp
[1.439s] -- Up-to-date symlink: /ros2_ws/install/as2_core/include/as2_core/utils/yaml_utils.hpp
[1.442s] -- Up-to-date symlink: /ros2_ws/install/as2_core/share/ament_index/resource_index/package_run_dependencies/as2_core
[1.448s] -- Up-to-date symlink: /ros2_ws/install/as2_core/share/ament_index/resource_index/parent_prefix_path/as2_core
[1.449s] -- Up-to-date symlink: /ros2_ws/install/as2_core/share/as2_core/environment/ament_prefix_path.sh
[1.451s] -- Up-to-date symlink: /ros2_ws/install/as2_core/share/as2_core/environment/ament_prefix_path.dsv
[1.451s] -- Up-to-date symlink: /ros2_ws/install/as2_core/share/as2_core/environment/path.sh
[1.454s] -- Up-to-date symlink: /ros2_ws/install/as2_core/share/as2_core/environment/path.dsv
[1.456s] -- Up-to-date symlink: /ros2_ws/install/as2_core/share/as2_core/local_setup.bash
[1.457s] -- Up-to-date symlink: /ros2_ws/install/as2_core/share/as2_core/local_setup.sh
[1.458s] -- Up-to-date symlink: /ros2_ws/install/as2_core/share/as2_core/local_setup.zsh
[1.459s] -- Up-to-date symlink: /ros2_ws/install/as2_core/share/as2_core/local_setup.dsv
[1.462s] -- Symlinking: /ros2_ws/install/as2_core/share/as2_core/package.dsv
[1.492s] -- Up-to-date symlink: /ros2_ws/install/as2_core/share/ament_index/resource_index/packages/as2_core
[1.493s] -- Up-to-date symlink: /ros2_ws/install/as2_core/share/as2_core/cmake/yaml-cpp-extras.cmake
[1.493s] -- Up-to-date symlink: /ros2_ws/install/as2_core/share/as2_core/cmake/GeographicLib-extras.cmake
[1.496s] -- Up-to-date symlink: /ros2_ws/install/as2_core/share/as2_core/cmake/ament_cmake_export_targets-extras.cmake
[1.496s] -- Up-to-date symlink: /ros2_ws/install/as2_core/share/as2_core/cmake/ament_cmake_export_dependencies-extras.cmake
[1.497s] -- Up-to-date symlink: /ros2_ws/install/as2_core/share/as2_core/cmake/ament_cmake_export_include_directories-extras.cmake
[1.498s] -- Up-to-date symlink: /ros2_ws/install/as2_core/share/as2_core/cmake/ament_cmake_export_libraries-extras.cmake
[1.498s] -- Up-to-date symlink: /ros2_ws/install/as2_core/share/as2_core/cmake/as2_coreConfig.cmake
[1.499s] -- Up-to-date symlink: /ros2_ws/install/as2_core/share/as2_core/cmake/as2_coreConfig-version.cmake
[1.502s] -- Up-to-date symlink: /ros2_ws/install/as2_core/share/as2_core/package.xml
[1.536s] Listing '/ros2_ws/install/as2_core/local/lib/python3.10/dist-packages/as2_core'...
[1.536s] -- Up-to-date: /ros2_ws/install/as2_core/include/as2_core/mocks/
[1.536s] -- Up-to-date: /ros2_ws/install/as2_core/include/as2_core/mocks//aerial_platform
[1.537s] -- Up-to-date: /ros2_ws/install/as2_core/include/as2_core/mocks//aerial_platform/mock_aerial_platform.hpp
[1.537s] -- Up-to-date: /ros2_ws/install/as2_core/include/as2_core/mocks//executor_thread_util
[1.537s] -- Up-to-date: /ros2_ws/install/as2_core/include/as2_core/mocks//executor_thread_util/executor_thread_util.hpp
[1.537s] -- Up-to-date: /ros2_ws/install/as2_core/lib/libas2_core.a
[1.538s] -- Up-to-date: /ros2_ws/install/as2_core/lib/libmocks.so
[1.538s] -- Up-to-date: /ros2_ws/install/as2_core/share/as2_core/cmake/export_as2_coreExport.cmake
[1.538s] -- Up-to-date: /ros2_ws/install/as2_core/share/as2_core/cmake/export_as2_coreExport-release.cmake
[1.614s] Invoked command in '/ros2_ws/build/as2_core' returned '0': AMENT_PREFIX_PATH=/ros2_ws/install/as2_msgs:${AMENT_PREFIX_PATH} CMAKE_PREFIX_PATH=/ros2_ws/install/as2_msgs:/opt/ros/humble LD_LIBRARY_PATH=/ros2_ws/install/as2_msgs/lib:${LD_LIBRARY_PATH} PYTHONPATH=/ros2_ws/install/as2_msgs/local/lib/python3.10/dist-packages:${PYTHONPATH} /usr/bin/cmake --install /ros2_ws/build/as2_core
