[0.013s] Invoking command in '/ros2_ws/build/ros2srrc_data': CMAKE_PREFIX_PATH=/opt/ros/humble /usr/bin/cmake /ros2_ws/src/ros2_SimRealRobotControl/ros2srrc_data -DCMAKE_BUILD_TYPE=Release -DAMENT_CMAKE_SYMLINK_INSTALL=1 -DCMAKE_INSTALL_PREFIX=/ros2_ws/install/ros2srrc_data
[0.272s] -- The C compiler identification is GNU 11.4.0
[0.402s] -- The CXX compiler identification is GNU 11.4.0
[0.423s] -- Detecting C compiler ABI info
[0.684s] -- Detecting C compiler ABI info - done
[0.705s] -- Check for working C compiler: /usr/bin/cc - skipped
[0.706s] -- Detecting C compile features
[0.707s] -- Detecting C compile features - done
[0.714s] -- Detecting CXX compiler ABI info
[0.935s] -- Detecting CXX compiler ABI info - done
[0.970s] -- Check for working CXX compiler: /usr/bin/c++ - skipped
[0.971s] -- Detecting CXX compile features
[0.975s] -- Detecting CXX compile features - done
[0.984s] -- Found ament_cmake: 1.3.12 (/opt/ros/humble/share/ament_cmake/cmake)
[1.395s] -- Found Python3: /usr/bin/python3 (found version "3.10.12") found components: Interpreter 
[1.567s] -- Override CMake install command with custom implementation using symlinks instead of copying resources
[1.706s] -- Found ament_lint_auto: 0.12.14 (/opt/ros/humble/share/ament_lint_auto/cmake)
[2.034s] -- Found rosidl_default_generators: 1.2.0 (/opt/ros/humble/share/rosidl_default_generators/cmake)
[2.045s] -- Using all available rosidl_typesupport_c: rosidl_typesupport_fastrtps_c;rosidl_typesupport_introspection_c
[2.075s] -- Found rosidl_adapter: 3.1.7 (/opt/ros/humble/share/rosidl_adapter/cmake)
[2.211s] -- Using all available rosidl_typesupport_cpp: rosidl_typesupport_fastrtps_cpp;rosidl_typesupport_introspection_cpp
[3.310s] -- Found ament_cmake_ros: 0.10.0 (/opt/ros/humble/share/ament_cmake_ros/cmake)
[3.794s] -- Using all available rosidl_typesupport_c: rosidl_typesupport_fastrtps_c;rosidl_typesupport_introspection_c
[4.512s] -- Using all available rosidl_typesupport_cpp: rosidl_typesupport_fastrtps_cpp;rosidl_typesupport_introspection_cpp
[4.567s] -- Found PythonInterp: /usr/bin/python3 (found suitable version "3.10.12", minimum required is "3.6") 
[4.574s] -- Found python_cmake_module: 0.10.0 (/opt/ros/humble/share/python_cmake_module/cmake)
[4.631s] -- Found PythonLibs: /usr/lib/x86_64-linux-gnu/libpython3.10.so (found suitable version "3.10.12", minimum required is "3.5") 
[4.632s] -- Using PYTHON_EXECUTABLE: /usr/bin/python3
[4.632s] -- Using PYTHON_INCLUDE_DIRS: /usr/include/python3.10
[4.632s] -- Using PYTHON_LIBRARIES: /usr/lib/x86_64-linux-gnu/libpython3.10.so
[4.683s] -- Found PythonExtra: .so  
[4.815s] -- Added test 'copyright' to check source files copyright and LICENSE
[4.821s] -- Added test 'lint_cmake' to check CMake code style
[4.825s] -- Added test 'xmllint' to check XML markup files
[4.840s] -- Configuring done
[4.980s] -- Generating done
[5.011s] -- Build files have been written to: /ros2_ws/build/ros2srrc_data
[5.040s] Invoked command in '/ros2_ws/build/ros2srrc_data' returned '0': CMAKE_PREFIX_PATH=/opt/ros/humble /usr/bin/cmake /ros2_ws/src/ros2_SimRealRobotControl/ros2srrc_data -DCMAKE_BUILD_TYPE=Release -DAMENT_CMAKE_SYMLINK_INSTALL=1 -DCMAKE_INSTALL_PREFIX=/ros2_ws/install/ros2srrc_data
[5.041s] Invoking command in '/ros2_ws/build/ros2srrc_data': CMAKE_PREFIX_PATH=/opt/ros/humble /usr/bin/cmake --build /ros2_ws/build/ros2srrc_data -- -j8 -l8
[8.287s] [  0%] [34m[1mGenerating C++ code for ROS interfaces[0m
[11.670s] [  0%] Built target ros2srrc_data__cpp
[11.731s] [  0%] Built target ament_cmake_python_symlink_ros2srrc_data
[11.750s] [  0%] [34m[1mGenerating C++ introspection for ROS interfaces[0m
[15.458s] [  1%] [32mBuilding CXX object CMakeFiles/ros2srrc_data__rosidl_typesupport_introspection_cpp.dir/rosidl_typesupport_introspection_cpp/ros2srrc_data/msg/detail/specs__type_support.cpp.o[0m
[16.564s] [  2%] [32mBuilding CXX object CMakeFiles/ros2srrc_data__rosidl_typesupport_introspection_cpp.dir/rosidl_typesupport_introspection_cpp/ros2srrc_data/msg/detail/joints__type_support.cpp.o[0m
[17.582s] [  2%] [32mBuilding CXX object CMakeFiles/ros2srrc_data__rosidl_typesupport_introspection_cpp.dir/rosidl_typesupport_introspection_cpp/ros2srrc_data/msg/detail/xyz__type_support.cpp.o[0m
[18.495s] [  3%] [32mBuilding CXX object CMakeFiles/ros2srrc_data__rosidl_typesupport_introspection_cpp.dir/rosidl_typesupport_introspection_cpp/ros2srrc_data/msg/detail/xyzypr__type_support.cpp.o[0m
[19.373s] [  4%] [32mBuilding CXX object CMakeFiles/ros2srrc_data__rosidl_typesupport_introspection_cpp.dir/rosidl_typesupport_introspection_cpp/ros2srrc_data/msg/detail/ypr__type_support.cpp.o[0m
[20.234s] [  5%] [32mBuilding CXX object CMakeFiles/ros2srrc_data__rosidl_typesupport_introspection_cpp.dir/rosidl_typesupport_introspection_cpp/ros2srrc_data/msg/detail/action__type_support.cpp.o[0m
[21.196s] [  6%] [32mBuilding CXX object CMakeFiles/ros2srrc_data__rosidl_typesupport_introspection_cpp.dir/rosidl_typesupport_introspection_cpp/ros2srrc_data/msg/detail/linkattacher__type_support.cpp.o[0m
[22.125s] [  6%] [32mBuilding CXX object CMakeFiles/ros2srrc_data__rosidl_typesupport_introspection_cpp.dir/rosidl_typesupport_introspection_cpp/ros2srrc_data/msg/detail/robpose__type_support.cpp.o[0m
[22.974s] [  7%] [32mBuilding CXX object CMakeFiles/ros2srrc_data__rosidl_typesupport_introspection_cpp.dir/rosidl_typesupport_introspection_cpp/ros2srrc_data/action/detail/move__type_support.cpp.o[0m
[24.589s] [  8%] [32mBuilding CXX object CMakeFiles/ros2srrc_data__rosidl_typesupport_introspection_cpp.dir/rosidl_typesupport_introspection_cpp/ros2srrc_data/action/detail/sequence__type_support.cpp.o[0m
[26.562s] [  9%] [32mBuilding CXX object CMakeFiles/ros2srrc_data__rosidl_typesupport_introspection_cpp.dir/rosidl_typesupport_introspection_cpp/ros2srrc_data/action/detail/robmove__type_support.cpp.o[0m
[27.933s] [ 10%] [32mBuilding CXX object CMakeFiles/ros2srrc_data__rosidl_typesupport_introspection_cpp.dir/rosidl_typesupport_introspection_cpp/ros2srrc_data/msg/detail/joint__type_support.cpp.o[0m
[28.839s] [ 11%] [32mBuilding CXX object CMakeFiles/ros2srrc_data__rosidl_typesupport_introspection_cpp.dir/rosidl_typesupport_introspection_cpp/ros2srrc_data/msg/detail/robmove__type_support.cpp.o[0m
[29.680s] [ 12%] [32m[1mLinking CXX shared library libros2srrc_data__rosidl_typesupport_introspection_cpp.so[0m
[29.899s] [ 12%] Built target ros2srrc_data__rosidl_typesupport_introspection_cpp
[30.550s] running egg_info
[30.551s] creating ros2srrc_data.egg-info
[30.552s] writing ros2srrc_data.egg-info/PKG-INFO
[30.552s] writing dependency_links to ros2srrc_data.egg-info/dependency_links.txt
[30.552s] writing top-level names to ros2srrc_data.egg-info/top_level.txt
[30.553s] writing manifest file 'ros2srrc_data.egg-info/SOURCES.txt'
[30.558s] reading manifest file 'ros2srrc_data.egg-info/SOURCES.txt'
[30.563s] writing manifest file 'ros2srrc_data.egg-info/SOURCES.txt'
[30.641s] [ 12%] Built target ament_cmake_python_build_ros2srrc_data_egg
[30.668s] [ 13%] [34m[1mGenerating C++ type support for eProsima Fast-RTPS[0m
[34.880s] [ 14%] [32mBuilding CXX object CMakeFiles/ros2srrc_data__rosidl_typesupport_fastrtps_cpp.dir/rosidl_typesupport_fastrtps_cpp/ros2srrc_data/msg/detail/dds_fastrtps/specs__type_support.cpp.o[0m
[36.066s] [ 15%] [32mBuilding CXX object CMakeFiles/ros2srrc_data__rosidl_typesupport_fastrtps_cpp.dir/rosidl_typesupport_fastrtps_cpp/ros2srrc_data/msg/detail/dds_fastrtps/xyzypr__type_support.cpp.o[0m
[37.121s] [ 16%] [32mBuilding CXX object CMakeFiles/ros2srrc_data__rosidl_typesupport_fastrtps_cpp.dir/rosidl_typesupport_fastrtps_cpp/ros2srrc_data/msg/detail/dds_fastrtps/ypr__type_support.cpp.o[0m
[38.157s] [ 17%] [32mBuilding CXX object CMakeFiles/ros2srrc_data__rosidl_typesupport_fastrtps_cpp.dir/rosidl_typesupport_fastrtps_cpp/ros2srrc_data/msg/detail/dds_fastrtps/action__type_support.cpp.o[0m
[39.367s] [ 17%] [32mBuilding CXX object CMakeFiles/ros2srrc_data__rosidl_typesupport_fastrtps_cpp.dir/rosidl_typesupport_fastrtps_cpp/ros2srrc_data/msg/detail/dds_fastrtps/linkattacher__type_support.cpp.o[0m
[40.506s] [ 18%] [32mBuilding CXX object CMakeFiles/ros2srrc_data__rosidl_typesupport_fastrtps_cpp.dir/rosidl_typesupport_fastrtps_cpp/ros2srrc_data/msg/detail/dds_fastrtps/robpose__type_support.cpp.o[0m
[41.518s] [ 19%] [32mBuilding CXX object CMakeFiles/ros2srrc_data__rosidl_typesupport_fastrtps_cpp.dir/rosidl_typesupport_fastrtps_cpp/ros2srrc_data/action/detail/dds_fastrtps/move__type_support.cpp.o[0m
[43.182s] [ 20%] [32mBuilding CXX object CMakeFiles/ros2srrc_data__rosidl_typesupport_fastrtps_cpp.dir/rosidl_typesupport_fastrtps_cpp/ros2srrc_data/action/detail/dds_fastrtps/sequence__type_support.cpp.o[0m
[45.300s] [ 21%] [32mBuilding CXX object CMakeFiles/ros2srrc_data__rosidl_typesupport_fastrtps_cpp.dir/rosidl_typesupport_fastrtps_cpp/ros2srrc_data/action/detail/dds_fastrtps/robmove__type_support.cpp.o[0m
[46.988s] [ 22%] [32mBuilding CXX object CMakeFiles/ros2srrc_data__rosidl_typesupport_fastrtps_cpp.dir/rosidl_typesupport_fastrtps_cpp/ros2srrc_data/msg/detail/dds_fastrtps/xyz__type_support.cpp.o[0m
[48.015s] [ 22%] [32mBuilding CXX object CMakeFiles/ros2srrc_data__rosidl_typesupport_fastrtps_cpp.dir/rosidl_typesupport_fastrtps_cpp/ros2srrc_data/msg/detail/dds_fastrtps/joints__type_support.cpp.o[0m
[49.074s] [ 23%] [32mBuilding CXX object CMakeFiles/ros2srrc_data__rosidl_typesupport_fastrtps_cpp.dir/rosidl_typesupport_fastrtps_cpp/ros2srrc_data/msg/detail/dds_fastrtps/joint__type_support.cpp.o[0m
[50.192s] [ 24%] [32mBuilding CXX object CMakeFiles/ros2srrc_data__rosidl_typesupport_fastrtps_cpp.dir/rosidl_typesupport_fastrtps_cpp/ros2srrc_data/msg/detail/dds_fastrtps/robmove__type_support.cpp.o[0m
[51.368s] [ 24%] [32m[1mLinking CXX shared library libros2srrc_data__rosidl_typesupport_fastrtps_cpp.so[0m
[51.625s] [ 24%] Built target ros2srrc_data__rosidl_typesupport_fastrtps_cpp
[51.664s] [ 25%] [34m[1mGenerating C++ type support dispatch for ROS interfaces[0m
[54.590s] [ 26%] [32mBuilding CXX object CMakeFiles/ros2srrc_data__rosidl_typesupport_cpp.dir/rosidl_typesupport_cpp/ros2srrc_data/msg/specs__type_support.cpp.o[0m
[55.319s] [ 27%] [32mBuilding CXX object CMakeFiles/ros2srrc_data__rosidl_typesupport_cpp.dir/rosidl_typesupport_cpp/ros2srrc_data/msg/ypr__type_support.cpp.o[0m
[56.087s] [ 27%] [32mBuilding CXX object CMakeFiles/ros2srrc_data__rosidl_typesupport_cpp.dir/rosidl_typesupport_cpp/ros2srrc_data/msg/action__type_support.cpp.o[0m
[56.898s] [ 28%] [32mBuilding CXX object CMakeFiles/ros2srrc_data__rosidl_typesupport_cpp.dir/rosidl_typesupport_cpp/ros2srrc_data/msg/linkattacher__type_support.cpp.o[0m
[57.671s] [ 29%] [32mBuilding CXX object CMakeFiles/ros2srrc_data__rosidl_typesupport_cpp.dir/rosidl_typesupport_cpp/ros2srrc_data/msg/robpose__type_support.cpp.o[0m
[58.354s] [ 30%] [32mBuilding CXX object CMakeFiles/ros2srrc_data__rosidl_typesupport_cpp.dir/rosidl_typesupport_cpp/ros2srrc_data/action/move__type_support.cpp.o[0m
[59.547s] [ 31%] [32mBuilding CXX object CMakeFiles/ros2srrc_data__rosidl_typesupport_cpp.dir/rosidl_typesupport_cpp/ros2srrc_data/action/sequence__type_support.cpp.o[0m
[60.845s] [ 31%] [32mBuilding CXX object CMakeFiles/ros2srrc_data__rosidl_typesupport_cpp.dir/rosidl_typesupport_cpp/ros2srrc_data/action/robmove__type_support.cpp.o[0m
[62.134s] [ 32%] [32mBuilding CXX object CMakeFiles/ros2srrc_data__rosidl_typesupport_cpp.dir/rosidl_typesupport_cpp/ros2srrc_data/msg/xyzypr__type_support.cpp.o[0m
[63.086s] [ 33%] [32mBuilding CXX object CMakeFiles/ros2srrc_data__rosidl_typesupport_cpp.dir/rosidl_typesupport_cpp/ros2srrc_data/msg/xyz__type_support.cpp.o[0m
[63.985s] [ 34%] [32mBuilding CXX object CMakeFiles/ros2srrc_data__rosidl_typesupport_cpp.dir/rosidl_typesupport_cpp/ros2srrc_data/msg/joints__type_support.cpp.o[0m
[64.854s] [ 34%] [32mBuilding CXX object CMakeFiles/ros2srrc_data__rosidl_typesupport_cpp.dir/rosidl_typesupport_cpp/ros2srrc_data/msg/joint__type_support.cpp.o[0m
[65.801s] [ 35%] [32mBuilding CXX object CMakeFiles/ros2srrc_data__rosidl_typesupport_cpp.dir/rosidl_typesupport_cpp/ros2srrc_data/msg/robmove__type_support.cpp.o[0m
[66.536s] [ 36%] [32m[1mLinking CXX shared library libros2srrc_data__rosidl_typesupport_cpp.so[0m
[66.635s] [ 36%] Built target ros2srrc_data__rosidl_typesupport_cpp
[66.656s] [ 37%] [34m[1mGenerating C code for ROS interfaces[0m
[72.930s] [ 38%] [32mBuilding C object CMakeFiles/ros2srrc_data__rosidl_generator_c.dir/rosidl_generator_c/ros2srrc_data/msg/detail/specs__functions.c.o[0m
[73.233s] [ 39%] [32mBuilding C object CMakeFiles/ros2srrc_data__rosidl_generator_c.dir/rosidl_generator_c/ros2srrc_data/msg/detail/action__functions.c.o[0m
[73.633s] [ 40%] [32mBuilding C object CMakeFiles/ros2srrc_data__rosidl_generator_c.dir/rosidl_generator_c/ros2srrc_data/msg/detail/linkattacher__functions.c.o[0m
[73.949s] [ 41%] [32mBuilding C object CMakeFiles/ros2srrc_data__rosidl_generator_c.dir/rosidl_generator_c/ros2srrc_data/msg/detail/robpose__functions.c.o[0m
[74.242s] [ 42%] [32mBuilding C object CMakeFiles/ros2srrc_data__rosidl_generator_c.dir/rosidl_generator_c/ros2srrc_data/action/detail/move__functions.c.o[0m
[75.085s] [ 42%] [32mBuilding C object CMakeFiles/ros2srrc_data__rosidl_generator_c.dir/rosidl_generator_c/ros2srrc_data/action/detail/sequence__functions.c.o[0m
[76.158s] [ 43%] [32mBuilding C object CMakeFiles/ros2srrc_data__rosidl_generator_c.dir/rosidl_generator_c/ros2srrc_data/action/detail/robmove__functions.c.o[0m
[77.161s] [ 43%] [32mBuilding C object CMakeFiles/ros2srrc_data__rosidl_generator_c.dir/rosidl_generator_c/ros2srrc_data/msg/detail/ypr__functions.c.o[0m
[77.348s] [ 44%] [32mBuilding C object CMakeFiles/ros2srrc_data__rosidl_generator_c.dir/rosidl_generator_c/ros2srrc_data/msg/detail/xyzypr__functions.c.o[0m
[77.598s] [ 45%] [32mBuilding C object CMakeFiles/ros2srrc_data__rosidl_generator_c.dir/rosidl_generator_c/ros2srrc_data/msg/detail/xyz__functions.c.o[0m
[77.834s] [ 46%] [32mBuilding C object CMakeFiles/ros2srrc_data__rosidl_generator_c.dir/rosidl_generator_c/ros2srrc_data/msg/detail/joints__functions.c.o[0m
[78.103s] [ 47%] [32mBuilding C object CMakeFiles/ros2srrc_data__rosidl_generator_c.dir/rosidl_generator_c/ros2srrc_data/msg/detail/joint__functions.c.o[0m
[78.329s] [ 47%] [32mBuilding C object CMakeFiles/ros2srrc_data__rosidl_generator_c.dir/rosidl_generator_c/ros2srrc_data/msg/detail/robmove__functions.c.o[0m
[78.478s] [ 48%] [32m[1mLinking C shared library libros2srrc_data__rosidl_generator_c.so[0m
[78.584s] [ 48%] Built target ros2srrc_data__rosidl_generator_c
[78.630s] [ 49%] [34m[1mGenerating C type support for eProsima Fast-RTPS[0m
[82.908s] [ 50%] [32mBuilding CXX object CMakeFiles/ros2srrc_data__rosidl_typesupport_fastrtps_c.dir/rosidl_typesupport_fastrtps_c/ros2srrc_data/msg/detail/specs__type_support_c.cpp.o[0m
[83.797s] [ 51%] [32mBuilding CXX object CMakeFiles/ros2srrc_data__rosidl_typesupport_fastrtps_c.dir/rosidl_typesupport_fastrtps_c/ros2srrc_data/msg/detail/xyzypr__type_support_c.cpp.o[0m
[84.686s] [ 51%] [32mBuilding CXX object CMakeFiles/ros2srrc_data__rosidl_typesupport_fastrtps_c.dir/rosidl_typesupport_fastrtps_c/ros2srrc_data/msg/detail/ypr__type_support_c.cpp.o[0m
[85.571s] [ 52%] [32mBuilding CXX object CMakeFiles/ros2srrc_data__rosidl_typesupport_fastrtps_c.dir/rosidl_typesupport_fastrtps_c/ros2srrc_data/msg/detail/action__type_support_c.cpp.o[0m
[86.592s] [ 53%] [32mBuilding CXX object CMakeFiles/ros2srrc_data__rosidl_typesupport_fastrtps_c.dir/rosidl_typesupport_fastrtps_c/ros2srrc_data/msg/detail/linkattacher__type_support_c.cpp.o[0m
[87.326s] [ 54%] [32mBuilding CXX object CMakeFiles/ros2srrc_data__rosidl_typesupport_fastrtps_c.dir/rosidl_typesupport_fastrtps_c/ros2srrc_data/msg/detail/robpose__type_support_c.cpp.o[0m
[88.140s] [ 55%] [32mBuilding CXX object CMakeFiles/ros2srrc_data__rosidl_typesupport_fastrtps_c.dir/rosidl_typesupport_fastrtps_c/ros2srrc_data/action/detail/move__type_support_c.cpp.o[0m
[89.840s] [ 55%] [32mBuilding CXX object CMakeFiles/ros2srrc_data__rosidl_typesupport_fastrtps_c.dir/rosidl_typesupport_fastrtps_c/ros2srrc_data/action/detail/sequence__type_support_c.cpp.o[0m
[91.807s] [ 56%] [32mBuilding CXX object CMakeFiles/ros2srrc_data__rosidl_typesupport_fastrtps_c.dir/rosidl_typesupport_fastrtps_c/ros2srrc_data/action/detail/robmove__type_support_c.cpp.o[0m
[93.799s] [ 57%] [32mBuilding CXX object CMakeFiles/ros2srrc_data__rosidl_typesupport_fastrtps_c.dir/rosidl_typesupport_fastrtps_c/ros2srrc_data/msg/detail/xyz__type_support_c.cpp.o[0m
[94.788s] [ 58%] [32mBuilding CXX object CMakeFiles/ros2srrc_data__rosidl_typesupport_fastrtps_c.dir/rosidl_typesupport_fastrtps_c/ros2srrc_data/msg/detail/joints__type_support_c.cpp.o[0m
[95.830s] [ 59%] [32mBuilding CXX object CMakeFiles/ros2srrc_data__rosidl_typesupport_fastrtps_c.dir/rosidl_typesupport_fastrtps_c/ros2srrc_data/msg/detail/joint__type_support_c.cpp.o[0m
[96.841s] [ 59%] [32mBuilding CXX object CMakeFiles/ros2srrc_data__rosidl_typesupport_fastrtps_c.dir/rosidl_typesupport_fastrtps_c/ros2srrc_data/msg/detail/robmove__type_support_c.cpp.o[0m
[97.940s] [ 60%] [32m[1mLinking CXX shared library libros2srrc_data__rosidl_typesupport_fastrtps_c.so[0m
[98.147s] [ 60%] Built target ros2srrc_data__rosidl_typesupport_fastrtps_c
[98.167s] [ 61%] [34m[1mGenerating C type support dispatch for ROS interfaces[0m
[101.727s] [ 61%] [32mBuilding CXX object CMakeFiles/ros2srrc_data__rosidl_typesupport_c.dir/rosidl_typesupport_c/ros2srrc_data/msg/specs__type_support.cpp.o[0m
[101.811s] [ 62%] [32mBuilding CXX object CMakeFiles/ros2srrc_data__rosidl_typesupport_c.dir/rosidl_typesupport_c/ros2srrc_data/msg/ypr__type_support.cpp.o[0m
[101.890s] [ 63%] [32mBuilding CXX object CMakeFiles/ros2srrc_data__rosidl_typesupport_c.dir/rosidl_typesupport_c/ros2srrc_data/msg/action__type_support.cpp.o[0m
[101.958s] [ 64%] [32mBuilding CXX object CMakeFiles/ros2srrc_data__rosidl_typesupport_c.dir/rosidl_typesupport_c/ros2srrc_data/msg/linkattacher__type_support.cpp.o[0m
[102.058s] [ 65%] [32mBuilding CXX object CMakeFiles/ros2srrc_data__rosidl_typesupport_c.dir/rosidl_typesupport_c/ros2srrc_data/msg/robpose__type_support.cpp.o[0m
[102.135s] [ 65%] [32mBuilding CXX object CMakeFiles/ros2srrc_data__rosidl_typesupport_c.dir/rosidl_typesupport_c/ros2srrc_data/action/move__type_support.cpp.o[0m
[102.332s] [ 66%] [32mBuilding CXX object CMakeFiles/ros2srrc_data__rosidl_typesupport_c.dir/rosidl_typesupport_c/ros2srrc_data/action/sequence__type_support.cpp.o[0m
[102.521s] [ 67%] [32mBuilding CXX object CMakeFiles/ros2srrc_data__rosidl_typesupport_c.dir/rosidl_typesupport_c/ros2srrc_data/action/robmove__type_support.cpp.o[0m
[102.704s] [ 67%] [32mBuilding CXX object CMakeFiles/ros2srrc_data__rosidl_typesupport_c.dir/rosidl_typesupport_c/ros2srrc_data/msg/xyzypr__type_support.cpp.o[0m
[102.767s] [ 68%] [32mBuilding CXX object CMakeFiles/ros2srrc_data__rosidl_typesupport_c.dir/rosidl_typesupport_c/ros2srrc_data/msg/xyz__type_support.cpp.o[0m
[102.830s] [ 69%] [32mBuilding CXX object CMakeFiles/ros2srrc_data__rosidl_typesupport_c.dir/rosidl_typesupport_c/ros2srrc_data/msg/joints__type_support.cpp.o[0m
[102.893s] [ 70%] [32mBuilding CXX object CMakeFiles/ros2srrc_data__rosidl_typesupport_c.dir/rosidl_typesupport_c/ros2srrc_data/msg/joint__type_support.cpp.o[0m
[102.968s] [ 71%] [32mBuilding CXX object CMakeFiles/ros2srrc_data__rosidl_typesupport_c.dir/rosidl_typesupport_c/ros2srrc_data/msg/robmove__type_support.cpp.o[0m
[103.039s] [ 72%] [32m[1mLinking CXX shared library libros2srrc_data__rosidl_typesupport_c.so[0m
[103.143s] [ 72%] Built target ros2srrc_data__rosidl_typesupport_c
[103.164s] [ 73%] [34m[1mGenerating C introspection for ROS interfaces[0m
[107.516s] [ 74%] [32mBuilding C object CMakeFiles/ros2srrc_data__rosidl_typesupport_introspection_c.dir/rosidl_typesupport_introspection_c/ros2srrc_data/msg/detail/specs__type_support.c.o[0m
[107.658s] [ 74%] [32mBuilding C object CMakeFiles/ros2srrc_data__rosidl_typesupport_introspection_c.dir/rosidl_typesupport_introspection_c/ros2srrc_data/msg/detail/action__type_support.c.o[0m
[107.757s] [ 75%] [32mBuilding C object CMakeFiles/ros2srrc_data__rosidl_typesupport_introspection_c.dir/rosidl_typesupport_introspection_c/ros2srrc_data/msg/detail/linkattacher__type_support.c.o[0m
[107.842s] [ 76%] [32mBuilding C object CMakeFiles/ros2srrc_data__rosidl_typesupport_introspection_c.dir/rosidl_typesupport_introspection_c/ros2srrc_data/msg/detail/robpose__type_support.c.o[0m
[107.919s] [ 77%] [32mBuilding C object CMakeFiles/ros2srrc_data__rosidl_typesupport_introspection_c.dir/rosidl_typesupport_introspection_c/ros2srrc_data/action/detail/move__type_support.c.o[0m
[108.102s] [ 78%] [32mBuilding C object CMakeFiles/ros2srrc_data__rosidl_typesupport_introspection_c.dir/rosidl_typesupport_introspection_c/ros2srrc_data/action/detail/sequence__type_support.c.o[0m
[108.289s] [ 78%] [32mBuilding C object CMakeFiles/ros2srrc_data__rosidl_typesupport_introspection_c.dir/rosidl_typesupport_introspection_c/ros2srrc_data/action/detail/robmove__type_support.c.o[0m
[108.446s] [ 79%] [32mBuilding C object CMakeFiles/ros2srrc_data__rosidl_typesupport_introspection_c.dir/rosidl_typesupport_introspection_c/ros2srrc_data/msg/detail/ypr__type_support.c.o[0m
[108.532s] [ 80%] [32mBuilding C object CMakeFiles/ros2srrc_data__rosidl_typesupport_introspection_c.dir/rosidl_typesupport_introspection_c/ros2srrc_data/msg/detail/xyzypr__type_support.c.o[0m
[108.622s] [ 81%] [32mBuilding C object CMakeFiles/ros2srrc_data__rosidl_typesupport_introspection_c.dir/rosidl_typesupport_introspection_c/ros2srrc_data/msg/detail/xyz__type_support.c.o[0m
[108.714s] [ 82%] [32mBuilding C object CMakeFiles/ros2srrc_data__rosidl_typesupport_introspection_c.dir/rosidl_typesupport_introspection_c/ros2srrc_data/msg/detail/joints__type_support.c.o[0m
[108.802s] [ 82%] [32mBuilding C object CMakeFiles/ros2srrc_data__rosidl_typesupport_introspection_c.dir/rosidl_typesupport_introspection_c/ros2srrc_data/msg/detail/joint__type_support.c.o[0m
[108.891s] [ 83%] [32mBuilding C object CMakeFiles/ros2srrc_data__rosidl_typesupport_introspection_c.dir/rosidl_typesupport_introspection_c/ros2srrc_data/msg/detail/robmove__type_support.c.o[0m
[108.978s] [ 84%] [32m[1mLinking C shared library libros2srrc_data__rosidl_typesupport_introspection_c.so[0m
[109.057s] [ 84%] Built target ros2srrc_data__rosidl_typesupport_introspection_c
[109.098s] [ 84%] Built target ros2srrc_data
[109.141s] [ 85%] [34m[1mGenerating Python code for ROS interfaces[0m
[118.851s] [ 85%] Built target ros2srrc_data__py
[118.889s] [ 86%] [32mBuilding C object CMakeFiles/ros2srrc_data__rosidl_generator_py.dir/rosidl_generator_py/ros2srrc_data/msg/_specs_s.c.o[0m
[119.381s] [ 87%] [32mBuilding C object CMakeFiles/ros2srrc_data__rosidl_generator_py.dir/rosidl_generator_py/ros2srrc_data/msg/_action_s.c.o[0m
[119.759s] [ 88%] [32mBuilding C object CMakeFiles/ros2srrc_data__rosidl_generator_py.dir/rosidl_generator_py/ros2srrc_data/msg/_linkattacher_s.c.o[0m
[120.076s] [ 89%] [32mBuilding C object CMakeFiles/ros2srrc_data__rosidl_generator_py.dir/rosidl_generator_py/ros2srrc_data/msg/_robpose_s.c.o[0m
[120.439s] [ 90%] [32mBuilding C object CMakeFiles/ros2srrc_data__rosidl_generator_py.dir/rosidl_generator_py/ros2srrc_data/action/_move_s.c.o[0m
[121.118s] [ 90%] [32mBuilding C object CMakeFiles/ros2srrc_data__rosidl_generator_py.dir/rosidl_generator_py/ros2srrc_data/action/_sequence_s.c.o[0m
[121.797s] [ 91%] [32mBuilding C object CMakeFiles/ros2srrc_data__rosidl_generator_py.dir/rosidl_generator_py/ros2srrc_data/action/_robmove_s.c.o[0m
[122.422s] [ 91%] [32mBuilding C object CMakeFiles/ros2srrc_data__rosidl_generator_py.dir/rosidl_generator_py/ros2srrc_data/msg/_ypr_s.c.o[0m
[122.722s] [ 92%] [32mBuilding C object CMakeFiles/ros2srrc_data__rosidl_generator_py.dir/rosidl_generator_py/ros2srrc_data/msg/_xyzypr_s.c.o[0m
[123.060s] [ 93%] [32mBuilding C object CMakeFiles/ros2srrc_data__rosidl_generator_py.dir/rosidl_generator_py/ros2srrc_data/msg/_xyz_s.c.o[0m
[123.366s] [ 94%] [32mBuilding C object CMakeFiles/ros2srrc_data__rosidl_generator_py.dir/rosidl_generator_py/ros2srrc_data/msg/_joints_s.c.o[0m
[123.684s] [ 95%] [32mBuilding C object CMakeFiles/ros2srrc_data__rosidl_generator_py.dir/rosidl_generator_py/ros2srrc_data/msg/_joint_s.c.o[0m
[124.030s] [ 95%] [32mBuilding C object CMakeFiles/ros2srrc_data__rosidl_generator_py.dir/rosidl_generator_py/ros2srrc_data/msg/_robmove_s.c.o[0m
[124.407s] [ 96%] [32m[1mLinking C shared library rosidl_generator_py/ros2srrc_data/libros2srrc_data__rosidl_generator_py.so[0m
[124.502s] [ 96%] Built target ros2srrc_data__rosidl_generator_py
[124.540s] [ 97%] [32mBuilding C object CMakeFiles/ros2srrc_data__rosidl_typesupport_fastrtps_c__pyext.dir/rosidl_generator_py/ros2srrc_data/_ros2srrc_data_s.ep.rosidl_typesupport_fastrtps_c.c.o[0m
[125.755s] [ 97%] [32m[1mLinking C shared library rosidl_generator_py/ros2srrc_data/ros2srrc_data_s__rosidl_typesupport_fastrtps_c.cpython-310-x86_64-linux-gnu.so[0m
[125.841s] [ 97%] Built target ros2srrc_data__rosidl_typesupport_fastrtps_c__pyext
[125.875s] [ 98%] [32mBuilding C object CMakeFiles/ros2srrc_data__rosidl_typesupport_c__pyext.dir/rosidl_generator_py/ros2srrc_data/_ros2srrc_data_s.ep.rosidl_typesupport_c.c.o[0m
[126.786s] [ 98%] [32m[1mLinking C shared library rosidl_generator_py/ros2srrc_data/ros2srrc_data_s__rosidl_typesupport_c.cpython-310-x86_64-linux-gnu.so[0m
[126.848s] [ 98%] Built target ros2srrc_data__rosidl_typesupport_c__pyext
[126.875s] [ 99%] [32mBuilding C object CMakeFiles/ros2srrc_data__rosidl_typesupport_introspection_c__pyext.dir/rosidl_generator_py/ros2srrc_data/_ros2srrc_data_s.ep.rosidl_typesupport_introspection_c.c.o[0m
[127.680s] [100%] [32m[1mLinking C shared library rosidl_generator_py/ros2srrc_data/ros2srrc_data_s__rosidl_typesupport_introspection_c.cpython-310-x86_64-linux-gnu.so[0m
[127.743s] [100%] Built target ros2srrc_data__rosidl_typesupport_introspection_c__pyext
[127.759s] Invoked command in '/ros2_ws/build/ros2srrc_data' returned '0': CMAKE_PREFIX_PATH=/opt/ros/humble /usr/bin/cmake --build /ros2_ws/build/ros2srrc_data -- -j8 -l8
[127.762s] Invoking command in '/ros2_ws/build/ros2srrc_data': CMAKE_PREFIX_PATH=/opt/ros/humble /usr/bin/cmake --install /ros2_ws/build/ros2srrc_data
[127.773s] -- Install configuration: "Release"
[127.774s] -- Execute custom install script
[127.775s] -- Symlinking: /ros2_ws/install/ros2srrc_data/share/ros2srrc_data/action/Move.action
[127.786s] -- Symlinking: /ros2_ws/install/ros2srrc_data/share/ros2srrc_data/action/Robmove.action
[127.797s] -- Symlinking: /ros2_ws/install/ros2srrc_data/share/ros2srrc_data/action/Sequence.action
[127.808s] -- Symlinking: /ros2_ws/install/ros2srrc_data/share/ros2srrc_data/msg/Action.msg
[127.819s] -- Symlinking: /ros2_ws/install/ros2srrc_data/share/ros2srrc_data/msg/Joint.msg
[127.831s] -- Symlinking: /ros2_ws/install/ros2srrc_data/share/ros2srrc_data/msg/Joints.msg
[127.842s] -- Symlinking: /ros2_ws/install/ros2srrc_data/share/ros2srrc_data/msg/Linkattacher.msg
[127.854s] -- Symlinking: /ros2_ws/install/ros2srrc_data/share/ros2srrc_data/msg/Robmove.msg
[127.865s] -- Symlinking: /ros2_ws/install/ros2srrc_data/share/ros2srrc_data/msg/Robpose.msg
[127.877s] -- Symlinking: /ros2_ws/install/ros2srrc_data/share/ros2srrc_data/msg/Specs.msg
[127.888s] -- Symlinking: /ros2_ws/install/ros2srrc_data/share/ros2srrc_data/msg/Xyz.msg
[127.900s] -- Symlinking: /ros2_ws/install/ros2srrc_data/share/ros2srrc_data/msg/Xyzypr.msg
[127.911s] -- Symlinking: /ros2_ws/install/ros2srrc_data/share/ros2srrc_data/msg/Ypr.msg
[127.923s] -- Symlinking: /ros2_ws/install/ros2srrc_data/share/ament_index/resource_index/rosidl_interfaces/ros2srrc_data
[127.936s] -- Symlinking: /ros2_ws/install/ros2srrc_data/include/ros2srrc_data/ros2srrc_data/action/detail/move__functions.h
[127.948s] -- Symlinking: /ros2_ws/install/ros2srrc_data/include/ros2srrc_data/ros2srrc_data/action/detail/move__struct.h
[127.959s] -- Symlinking: /ros2_ws/install/ros2srrc_data/include/ros2srrc_data/ros2srrc_data/action/detail/move__type_support.h
[127.971s] -- Symlinking: /ros2_ws/install/ros2srrc_data/include/ros2srrc_data/ros2srrc_data/action/detail/robmove__functions.h
[127.982s] -- Symlinking: /ros2_ws/install/ros2srrc_data/include/ros2srrc_data/ros2srrc_data/action/detail/robmove__struct.h
[127.993s] -- Symlinking: /ros2_ws/install/ros2srrc_data/include/ros2srrc_data/ros2srrc_data/action/detail/robmove__type_support.h
[128.005s] -- Symlinking: /ros2_ws/install/ros2srrc_data/include/ros2srrc_data/ros2srrc_data/action/detail/sequence__functions.h
[128.016s] -- Symlinking: /ros2_ws/install/ros2srrc_data/include/ros2srrc_data/ros2srrc_data/action/detail/sequence__struct.h
[128.028s] -- Symlinking: /ros2_ws/install/ros2srrc_data/include/ros2srrc_data/ros2srrc_data/action/detail/sequence__type_support.h
[128.039s] -- Symlinking: /ros2_ws/install/ros2srrc_data/include/ros2srrc_data/ros2srrc_data/action/move.h
[128.050s] -- Symlinking: /ros2_ws/install/ros2srrc_data/include/ros2srrc_data/ros2srrc_data/action/robmove.h
[128.061s] -- Symlinking: /ros2_ws/install/ros2srrc_data/include/ros2srrc_data/ros2srrc_data/action/sequence.h
[128.073s] -- Symlinking: /ros2_ws/install/ros2srrc_data/include/ros2srrc_data/ros2srrc_data/msg/action.h
[128.085s] -- Symlinking: /ros2_ws/install/ros2srrc_data/include/ros2srrc_data/ros2srrc_data/msg/detail/action__functions.h
[128.096s] -- Symlinking: /ros2_ws/install/ros2srrc_data/include/ros2srrc_data/ros2srrc_data/msg/detail/action__struct.h
[128.107s] -- Symlinking: /ros2_ws/install/ros2srrc_data/include/ros2srrc_data/ros2srrc_data/msg/detail/action__type_support.h
[128.119s] -- Symlinking: /ros2_ws/install/ros2srrc_data/include/ros2srrc_data/ros2srrc_data/msg/detail/joint__functions.h
[128.130s] -- Symlinking: /ros2_ws/install/ros2srrc_data/include/ros2srrc_data/ros2srrc_data/msg/detail/joint__struct.h
[128.142s] -- Symlinking: /ros2_ws/install/ros2srrc_data/include/ros2srrc_data/ros2srrc_data/msg/detail/joint__type_support.h
[128.153s] -- Symlinking: /ros2_ws/install/ros2srrc_data/include/ros2srrc_data/ros2srrc_data/msg/detail/joints__functions.h
[128.164s] -- Symlinking: /ros2_ws/install/ros2srrc_data/include/ros2srrc_data/ros2srrc_data/msg/detail/joints__struct.h
[128.175s] -- Symlinking: /ros2_ws/install/ros2srrc_data/include/ros2srrc_data/ros2srrc_data/msg/detail/joints__type_support.h
[128.187s] -- Symlinking: /ros2_ws/install/ros2srrc_data/include/ros2srrc_data/ros2srrc_data/msg/detail/linkattacher__functions.h
[128.199s] -- Symlinking: /ros2_ws/install/ros2srrc_data/include/ros2srrc_data/ros2srrc_data/msg/detail/linkattacher__struct.h
[128.210s] -- Symlinking: /ros2_ws/install/ros2srrc_data/include/ros2srrc_data/ros2srrc_data/msg/detail/linkattacher__type_support.h
[128.222s] -- Symlinking: /ros2_ws/install/ros2srrc_data/include/ros2srrc_data/ros2srrc_data/msg/detail/robmove__functions.h
[128.233s] -- Symlinking: /ros2_ws/install/ros2srrc_data/include/ros2srrc_data/ros2srrc_data/msg/detail/robmove__struct.h
[128.245s] -- Symlinking: /ros2_ws/install/ros2srrc_data/include/ros2srrc_data/ros2srrc_data/msg/detail/robmove__type_support.h
[128.256s] -- Symlinking: /ros2_ws/install/ros2srrc_data/include/ros2srrc_data/ros2srrc_data/msg/detail/robpose__functions.h
[128.268s] -- Symlinking: /ros2_ws/install/ros2srrc_data/include/ros2srrc_data/ros2srrc_data/msg/detail/robpose__struct.h
[128.279s] -- Symlinking: /ros2_ws/install/ros2srrc_data/include/ros2srrc_data/ros2srrc_data/msg/detail/robpose__type_support.h
[128.291s] -- Symlinking: /ros2_ws/install/ros2srrc_data/include/ros2srrc_data/ros2srrc_data/msg/detail/specs__functions.h
[128.302s] -- Symlinking: /ros2_ws/install/ros2srrc_data/include/ros2srrc_data/ros2srrc_data/msg/detail/specs__struct.h
[128.314s] -- Symlinking: /ros2_ws/install/ros2srrc_data/include/ros2srrc_data/ros2srrc_data/msg/detail/specs__type_support.h
[128.327s] -- Symlinking: /ros2_ws/install/ros2srrc_data/include/ros2srrc_data/ros2srrc_data/msg/detail/xyz__functions.h
[128.338s] -- Symlinking: /ros2_ws/install/ros2srrc_data/include/ros2srrc_data/ros2srrc_data/msg/detail/xyz__struct.h
[128.349s] -- Symlinking: /ros2_ws/install/ros2srrc_data/include/ros2srrc_data/ros2srrc_data/msg/detail/xyz__type_support.h
[128.361s] -- Symlinking: /ros2_ws/install/ros2srrc_data/include/ros2srrc_data/ros2srrc_data/msg/detail/xyzypr__functions.h
[128.373s] -- Symlinking: /ros2_ws/install/ros2srrc_data/include/ros2srrc_data/ros2srrc_data/msg/detail/xyzypr__struct.h
[128.388s] -- Symlinking: /ros2_ws/install/ros2srrc_data/include/ros2srrc_data/ros2srrc_data/msg/detail/xyzypr__type_support.h
[128.399s] -- Symlinking: /ros2_ws/install/ros2srrc_data/include/ros2srrc_data/ros2srrc_data/msg/detail/ypr__functions.h
[128.410s] -- Symlinking: /ros2_ws/install/ros2srrc_data/include/ros2srrc_data/ros2srrc_data/msg/detail/ypr__struct.h
[128.421s] -- Symlinking: /ros2_ws/install/ros2srrc_data/include/ros2srrc_data/ros2srrc_data/msg/detail/ypr__type_support.h
[128.433s] -- Symlinking: /ros2_ws/install/ros2srrc_data/include/ros2srrc_data/ros2srrc_data/msg/joint.h
[128.444s] -- Symlinking: /ros2_ws/install/ros2srrc_data/include/ros2srrc_data/ros2srrc_data/msg/joints.h
[128.455s] -- Symlinking: /ros2_ws/install/ros2srrc_data/include/ros2srrc_data/ros2srrc_data/msg/linkattacher.h
[128.467s] -- Symlinking: /ros2_ws/install/ros2srrc_data/include/ros2srrc_data/ros2srrc_data/msg/robmove.h
[128.478s] -- Symlinking: /ros2_ws/install/ros2srrc_data/include/ros2srrc_data/ros2srrc_data/msg/robpose.h
[128.489s] -- Symlinking: /ros2_ws/install/ros2srrc_data/include/ros2srrc_data/ros2srrc_data/msg/rosidl_generator_c__visibility_control.h
[128.501s] -- Symlinking: /ros2_ws/install/ros2srrc_data/include/ros2srrc_data/ros2srrc_data/msg/specs.h
[128.512s] -- Symlinking: /ros2_ws/install/ros2srrc_data/include/ros2srrc_data/ros2srrc_data/msg/xyz.h
[128.523s] -- Symlinking: /ros2_ws/install/ros2srrc_data/include/ros2srrc_data/ros2srrc_data/msg/xyzypr.h
[128.535s] -- Symlinking: /ros2_ws/install/ros2srrc_data/include/ros2srrc_data/ros2srrc_data/msg/ypr.h
[128.546s] -- Symlinking: /ros2_ws/install/ros2srrc_data/share/ros2srrc_data/environment/library_path.sh
[128.557s] -- Symlinking: /ros2_ws/install/ros2srrc_data/share/ros2srrc_data/environment/library_path.dsv
[128.570s] -- Symlinking: /ros2_ws/install/ros2srrc_data/include/ros2srrc_data/ros2srrc_data/action/detail/move__rosidl_typesupport_fastrtps_c.h
[128.581s] -- Symlinking: /ros2_ws/install/ros2srrc_data/include/ros2srrc_data/ros2srrc_data/action/detail/robmove__rosidl_typesupport_fastrtps_c.h
[128.592s] -- Symlinking: /ros2_ws/install/ros2srrc_data/include/ros2srrc_data/ros2srrc_data/action/detail/sequence__rosidl_typesupport_fastrtps_c.h
[128.604s] -- Symlinking: /ros2_ws/install/ros2srrc_data/include/ros2srrc_data/ros2srrc_data/msg/detail/action__rosidl_typesupport_fastrtps_c.h
[128.615s] -- Symlinking: /ros2_ws/install/ros2srrc_data/include/ros2srrc_data/ros2srrc_data/msg/detail/joint__rosidl_typesupport_fastrtps_c.h
[128.626s] -- Symlinking: /ros2_ws/install/ros2srrc_data/include/ros2srrc_data/ros2srrc_data/msg/detail/joints__rosidl_typesupport_fastrtps_c.h
[128.638s] -- Symlinking: /ros2_ws/install/ros2srrc_data/include/ros2srrc_data/ros2srrc_data/msg/detail/linkattacher__rosidl_typesupport_fastrtps_c.h
[128.649s] -- Symlinking: /ros2_ws/install/ros2srrc_data/include/ros2srrc_data/ros2srrc_data/msg/detail/robmove__rosidl_typesupport_fastrtps_c.h
[128.661s] -- Symlinking: /ros2_ws/install/ros2srrc_data/include/ros2srrc_data/ros2srrc_data/msg/detail/robpose__rosidl_typesupport_fastrtps_c.h
[128.672s] -- Symlinking: /ros2_ws/install/ros2srrc_data/include/ros2srrc_data/ros2srrc_data/msg/detail/specs__rosidl_typesupport_fastrtps_c.h
[128.683s] -- Symlinking: /ros2_ws/install/ros2srrc_data/include/ros2srrc_data/ros2srrc_data/msg/detail/xyz__rosidl_typesupport_fastrtps_c.h
[128.695s] -- Symlinking: /ros2_ws/install/ros2srrc_data/include/ros2srrc_data/ros2srrc_data/msg/detail/xyzypr__rosidl_typesupport_fastrtps_c.h
[128.706s] -- Symlinking: /ros2_ws/install/ros2srrc_data/include/ros2srrc_data/ros2srrc_data/msg/detail/ypr__rosidl_typesupport_fastrtps_c.h
[128.718s] -- Symlinking: /ros2_ws/install/ros2srrc_data/include/ros2srrc_data/ros2srrc_data/msg/rosidl_typesupport_fastrtps_c__visibility_control.h
[128.731s] -- Symlinking: /ros2_ws/install/ros2srrc_data/include/ros2srrc_data/ros2srrc_data/action/detail/move__rosidl_typesupport_introspection_c.h
[128.742s] -- Symlinking: /ros2_ws/install/ros2srrc_data/include/ros2srrc_data/ros2srrc_data/action/detail/robmove__rosidl_typesupport_introspection_c.h
[128.754s] -- Symlinking: /ros2_ws/install/ros2srrc_data/include/ros2srrc_data/ros2srrc_data/action/detail/sequence__rosidl_typesupport_introspection_c.h
[128.765s] -- Symlinking: /ros2_ws/install/ros2srrc_data/include/ros2srrc_data/ros2srrc_data/msg/detail/action__rosidl_typesupport_introspection_c.h
[128.776s] -- Symlinking: /ros2_ws/install/ros2srrc_data/include/ros2srrc_data/ros2srrc_data/msg/detail/joint__rosidl_typesupport_introspection_c.h
[128.787s] -- Symlinking: /ros2_ws/install/ros2srrc_data/include/ros2srrc_data/ros2srrc_data/msg/detail/joints__rosidl_typesupport_introspection_c.h
[128.799s] -- Symlinking: /ros2_ws/install/ros2srrc_data/include/ros2srrc_data/ros2srrc_data/msg/detail/linkattacher__rosidl_typesupport_introspection_c.h
[128.810s] -- Symlinking: /ros2_ws/install/ros2srrc_data/include/ros2srrc_data/ros2srrc_data/msg/detail/robmove__rosidl_typesupport_introspection_c.h
[128.822s] -- Symlinking: /ros2_ws/install/ros2srrc_data/include/ros2srrc_data/ros2srrc_data/msg/detail/robpose__rosidl_typesupport_introspection_c.h
[128.834s] -- Symlinking: /ros2_ws/install/ros2srrc_data/include/ros2srrc_data/ros2srrc_data/msg/detail/specs__rosidl_typesupport_introspection_c.h
[128.846s] -- Symlinking: /ros2_ws/install/ros2srrc_data/include/ros2srrc_data/ros2srrc_data/msg/detail/xyz__rosidl_typesupport_introspection_c.h
[128.857s] -- Symlinking: /ros2_ws/install/ros2srrc_data/include/ros2srrc_data/ros2srrc_data/msg/detail/xyzypr__rosidl_typesupport_introspection_c.h
[128.869s] -- Symlinking: /ros2_ws/install/ros2srrc_data/include/ros2srrc_data/ros2srrc_data/msg/detail/ypr__rosidl_typesupport_introspection_c.h
[128.880s] -- Symlinking: /ros2_ws/install/ros2srrc_data/include/ros2srrc_data/ros2srrc_data/msg/rosidl_typesupport_introspection_c__visibility_control.h
[128.893s] -- Symlinking: /ros2_ws/install/ros2srrc_data/include/ros2srrc_data/ros2srrc_data/action/detail/move__builder.hpp
[128.905s] -- Symlinking: /ros2_ws/install/ros2srrc_data/include/ros2srrc_data/ros2srrc_data/action/detail/move__struct.hpp
[128.917s] -- Symlinking: /ros2_ws/install/ros2srrc_data/include/ros2srrc_data/ros2srrc_data/action/detail/move__traits.hpp
[128.928s] -- Symlinking: /ros2_ws/install/ros2srrc_data/include/ros2srrc_data/ros2srrc_data/action/detail/move__type_support.hpp
[128.940s] -- Symlinking: /ros2_ws/install/ros2srrc_data/include/ros2srrc_data/ros2srrc_data/action/detail/robmove__builder.hpp
[128.951s] -- Symlinking: /ros2_ws/install/ros2srrc_data/include/ros2srrc_data/ros2srrc_data/action/detail/robmove__struct.hpp
[128.963s] -- Symlinking: /ros2_ws/install/ros2srrc_data/include/ros2srrc_data/ros2srrc_data/action/detail/robmove__traits.hpp
[128.974s] -- Symlinking: /ros2_ws/install/ros2srrc_data/include/ros2srrc_data/ros2srrc_data/action/detail/robmove__type_support.hpp
[128.985s] -- Symlinking: /ros2_ws/install/ros2srrc_data/include/ros2srrc_data/ros2srrc_data/action/detail/sequence__builder.hpp
[128.997s] -- Symlinking: /ros2_ws/install/ros2srrc_data/include/ros2srrc_data/ros2srrc_data/action/detail/sequence__struct.hpp
[129.008s] -- Symlinking: /ros2_ws/install/ros2srrc_data/include/ros2srrc_data/ros2srrc_data/action/detail/sequence__traits.hpp
[129.020s] -- Symlinking: /ros2_ws/install/ros2srrc_data/include/ros2srrc_data/ros2srrc_data/action/detail/sequence__type_support.hpp
[129.031s] -- Symlinking: /ros2_ws/install/ros2srrc_data/include/ros2srrc_data/ros2srrc_data/action/move.hpp
[129.043s] -- Symlinking: /ros2_ws/install/ros2srrc_data/include/ros2srrc_data/ros2srrc_data/action/robmove.hpp
[129.055s] -- Symlinking: /ros2_ws/install/ros2srrc_data/include/ros2srrc_data/ros2srrc_data/action/sequence.hpp
[129.067s] -- Symlinking: /ros2_ws/install/ros2srrc_data/include/ros2srrc_data/ros2srrc_data/msg/action.hpp
[129.079s] -- Symlinking: /ros2_ws/install/ros2srrc_data/include/ros2srrc_data/ros2srrc_data/msg/detail/action__builder.hpp
[129.091s] -- Symlinking: /ros2_ws/install/ros2srrc_data/include/ros2srrc_data/ros2srrc_data/msg/detail/action__struct.hpp
[129.103s] -- Symlinking: /ros2_ws/install/ros2srrc_data/include/ros2srrc_data/ros2srrc_data/msg/detail/action__traits.hpp
[129.114s] -- Symlinking: /ros2_ws/install/ros2srrc_data/include/ros2srrc_data/ros2srrc_data/msg/detail/action__type_support.hpp
[129.126s] -- Symlinking: /ros2_ws/install/ros2srrc_data/include/ros2srrc_data/ros2srrc_data/msg/detail/joint__builder.hpp
[129.141s] -- Symlinking: /ros2_ws/install/ros2srrc_data/include/ros2srrc_data/ros2srrc_data/msg/detail/joint__struct.hpp
[129.153s] -- Symlinking: /ros2_ws/install/ros2srrc_data/include/ros2srrc_data/ros2srrc_data/msg/detail/joint__traits.hpp
[129.164s] -- Symlinking: /ros2_ws/install/ros2srrc_data/include/ros2srrc_data/ros2srrc_data/msg/detail/joint__type_support.hpp
[129.175s] -- Symlinking: /ros2_ws/install/ros2srrc_data/include/ros2srrc_data/ros2srrc_data/msg/detail/joints__builder.hpp
[129.187s] -- Symlinking: /ros2_ws/install/ros2srrc_data/include/ros2srrc_data/ros2srrc_data/msg/detail/joints__struct.hpp
[129.198s] -- Symlinking: /ros2_ws/install/ros2srrc_data/include/ros2srrc_data/ros2srrc_data/msg/detail/joints__traits.hpp
[129.209s] -- Symlinking: /ros2_ws/install/ros2srrc_data/include/ros2srrc_data/ros2srrc_data/msg/detail/joints__type_support.hpp
[129.220s] -- Symlinking: /ros2_ws/install/ros2srrc_data/include/ros2srrc_data/ros2srrc_data/msg/detail/linkattacher__builder.hpp
[129.232s] -- Symlinking: /ros2_ws/install/ros2srrc_data/include/ros2srrc_data/ros2srrc_data/msg/detail/linkattacher__struct.hpp
[129.244s] -- Symlinking: /ros2_ws/install/ros2srrc_data/include/ros2srrc_data/ros2srrc_data/msg/detail/linkattacher__traits.hpp
[129.255s] -- Symlinking: /ros2_ws/install/ros2srrc_data/include/ros2srrc_data/ros2srrc_data/msg/detail/linkattacher__type_support.hpp
[129.266s] -- Symlinking: /ros2_ws/install/ros2srrc_data/include/ros2srrc_data/ros2srrc_data/msg/detail/robmove__builder.hpp
[129.278s] -- Symlinking: /ros2_ws/install/ros2srrc_data/include/ros2srrc_data/ros2srrc_data/msg/detail/robmove__struct.hpp
[129.289s] -- Symlinking: /ros2_ws/install/ros2srrc_data/include/ros2srrc_data/ros2srrc_data/msg/detail/robmove__traits.hpp
[129.301s] -- Symlinking: /ros2_ws/install/ros2srrc_data/include/ros2srrc_data/ros2srrc_data/msg/detail/robmove__type_support.hpp
[129.313s] -- Symlinking: /ros2_ws/install/ros2srrc_data/include/ros2srrc_data/ros2srrc_data/msg/detail/robpose__builder.hpp
[129.324s] -- Symlinking: /ros2_ws/install/ros2srrc_data/include/ros2srrc_data/ros2srrc_data/msg/detail/robpose__struct.hpp
[129.336s] -- Symlinking: /ros2_ws/install/ros2srrc_data/include/ros2srrc_data/ros2srrc_data/msg/detail/robpose__traits.hpp
[129.348s] -- Symlinking: /ros2_ws/install/ros2srrc_data/include/ros2srrc_data/ros2srrc_data/msg/detail/robpose__type_support.hpp
[129.360s] -- Symlinking: /ros2_ws/install/ros2srrc_data/include/ros2srrc_data/ros2srrc_data/msg/detail/specs__builder.hpp
[129.371s] -- Symlinking: /ros2_ws/install/ros2srrc_data/include/ros2srrc_data/ros2srrc_data/msg/detail/specs__struct.hpp
[129.382s] -- Symlinking: /ros2_ws/install/ros2srrc_data/include/ros2srrc_data/ros2srrc_data/msg/detail/specs__traits.hpp
[129.393s] -- Symlinking: /ros2_ws/install/ros2srrc_data/include/ros2srrc_data/ros2srrc_data/msg/detail/specs__type_support.hpp
[129.405s] -- Symlinking: /ros2_ws/install/ros2srrc_data/include/ros2srrc_data/ros2srrc_data/msg/detail/xyz__builder.hpp
[129.416s] -- Symlinking: /ros2_ws/install/ros2srrc_data/include/ros2srrc_data/ros2srrc_data/msg/detail/xyz__struct.hpp
[129.427s] -- Symlinking: /ros2_ws/install/ros2srrc_data/include/ros2srrc_data/ros2srrc_data/msg/detail/xyz__traits.hpp
[129.439s] -- Symlinking: /ros2_ws/install/ros2srrc_data/include/ros2srrc_data/ros2srrc_data/msg/detail/xyz__type_support.hpp
[129.450s] -- Symlinking: /ros2_ws/install/ros2srrc_data/include/ros2srrc_data/ros2srrc_data/msg/detail/xyzypr__builder.hpp
[129.462s] -- Symlinking: /ros2_ws/install/ros2srrc_data/include/ros2srrc_data/ros2srrc_data/msg/detail/xyzypr__struct.hpp
[129.473s] -- Symlinking: /ros2_ws/install/ros2srrc_data/include/ros2srrc_data/ros2srrc_data/msg/detail/xyzypr__traits.hpp
[129.484s] -- Symlinking: /ros2_ws/install/ros2srrc_data/include/ros2srrc_data/ros2srrc_data/msg/detail/xyzypr__type_support.hpp
[129.498s] -- Symlinking: /ros2_ws/install/ros2srrc_data/include/ros2srrc_data/ros2srrc_data/msg/detail/ypr__builder.hpp
[129.514s] -- Symlinking: /ros2_ws/install/ros2srrc_data/include/ros2srrc_data/ros2srrc_data/msg/detail/ypr__struct.hpp
[129.525s] -- Symlinking: /ros2_ws/install/ros2srrc_data/include/ros2srrc_data/ros2srrc_data/msg/detail/ypr__traits.hpp
[129.537s] -- Symlinking: /ros2_ws/install/ros2srrc_data/include/ros2srrc_data/ros2srrc_data/msg/detail/ypr__type_support.hpp
[129.548s] -- Symlinking: /ros2_ws/install/ros2srrc_data/include/ros2srrc_data/ros2srrc_data/msg/joint.hpp
[129.560s] -- Symlinking: /ros2_ws/install/ros2srrc_data/include/ros2srrc_data/ros2srrc_data/msg/joints.hpp
[129.571s] -- Symlinking: /ros2_ws/install/ros2srrc_data/include/ros2srrc_data/ros2srrc_data/msg/linkattacher.hpp
[129.582s] -- Symlinking: /ros2_ws/install/ros2srrc_data/include/ros2srrc_data/ros2srrc_data/msg/robmove.hpp
[129.594s] -- Symlinking: /ros2_ws/install/ros2srrc_data/include/ros2srrc_data/ros2srrc_data/msg/robpose.hpp
[129.605s] -- Symlinking: /ros2_ws/install/ros2srrc_data/include/ros2srrc_data/ros2srrc_data/msg/rosidl_generator_cpp__visibility_control.hpp
[129.616s] -- Symlinking: /ros2_ws/install/ros2srrc_data/include/ros2srrc_data/ros2srrc_data/msg/specs.hpp
[129.627s] -- Symlinking: /ros2_ws/install/ros2srrc_data/include/ros2srrc_data/ros2srrc_data/msg/xyz.hpp
[129.639s] -- Symlinking: /ros2_ws/install/ros2srrc_data/include/ros2srrc_data/ros2srrc_data/msg/xyzypr.hpp
[129.651s] -- Symlinking: /ros2_ws/install/ros2srrc_data/include/ros2srrc_data/ros2srrc_data/msg/ypr.hpp
[129.663s] -- Symlinking: /ros2_ws/install/ros2srrc_data/include/ros2srrc_data/ros2srrc_data/action/detail/move__rosidl_typesupport_fastrtps_cpp.hpp
[129.674s] -- Symlinking: /ros2_ws/install/ros2srrc_data/include/ros2srrc_data/ros2srrc_data/action/detail/robmove__rosidl_typesupport_fastrtps_cpp.hpp
[129.685s] -- Symlinking: /ros2_ws/install/ros2srrc_data/include/ros2srrc_data/ros2srrc_data/action/detail/sequence__rosidl_typesupport_fastrtps_cpp.hpp
[129.696s] -- Symlinking: /ros2_ws/install/ros2srrc_data/include/ros2srrc_data/ros2srrc_data/msg/detail/action__rosidl_typesupport_fastrtps_cpp.hpp
[129.707s] -- Symlinking: /ros2_ws/install/ros2srrc_data/include/ros2srrc_data/ros2srrc_data/msg/detail/joint__rosidl_typesupport_fastrtps_cpp.hpp
[129.719s] -- Symlinking: /ros2_ws/install/ros2srrc_data/include/ros2srrc_data/ros2srrc_data/msg/detail/joints__rosidl_typesupport_fastrtps_cpp.hpp
[129.731s] -- Symlinking: /ros2_ws/install/ros2srrc_data/include/ros2srrc_data/ros2srrc_data/msg/detail/linkattacher__rosidl_typesupport_fastrtps_cpp.hpp
[129.742s] -- Symlinking: /ros2_ws/install/ros2srrc_data/include/ros2srrc_data/ros2srrc_data/msg/detail/robmove__rosidl_typesupport_fastrtps_cpp.hpp
[129.753s] -- Symlinking: /ros2_ws/install/ros2srrc_data/include/ros2srrc_data/ros2srrc_data/msg/detail/robpose__rosidl_typesupport_fastrtps_cpp.hpp
[129.764s] -- Symlinking: /ros2_ws/install/ros2srrc_data/include/ros2srrc_data/ros2srrc_data/msg/detail/specs__rosidl_typesupport_fastrtps_cpp.hpp
[129.776s] -- Symlinking: /ros2_ws/install/ros2srrc_data/include/ros2srrc_data/ros2srrc_data/msg/detail/xyz__rosidl_typesupport_fastrtps_cpp.hpp
[129.787s] -- Symlinking: /ros2_ws/install/ros2srrc_data/include/ros2srrc_data/ros2srrc_data/msg/detail/xyzypr__rosidl_typesupport_fastrtps_cpp.hpp
[129.799s] -- Symlinking: /ros2_ws/install/ros2srrc_data/include/ros2srrc_data/ros2srrc_data/msg/detail/ypr__rosidl_typesupport_fastrtps_cpp.hpp
[129.810s] -- Symlinking: /ros2_ws/install/ros2srrc_data/include/ros2srrc_data/ros2srrc_data/msg/rosidl_typesupport_fastrtps_cpp__visibility_control.h
[129.823s] -- Symlinking: /ros2_ws/install/ros2srrc_data/include/ros2srrc_data/ros2srrc_data/action/detail/move__rosidl_typesupport_introspection_cpp.hpp
[129.835s] -- Symlinking: /ros2_ws/install/ros2srrc_data/include/ros2srrc_data/ros2srrc_data/action/detail/robmove__rosidl_typesupport_introspection_cpp.hpp
[129.846s] -- Symlinking: /ros2_ws/install/ros2srrc_data/include/ros2srrc_data/ros2srrc_data/action/detail/sequence__rosidl_typesupport_introspection_cpp.hpp
[129.858s] -- Symlinking: /ros2_ws/install/ros2srrc_data/include/ros2srrc_data/ros2srrc_data/msg/detail/action__rosidl_typesupport_introspection_cpp.hpp
[129.869s] -- Symlinking: /ros2_ws/install/ros2srrc_data/include/ros2srrc_data/ros2srrc_data/msg/detail/joint__rosidl_typesupport_introspection_cpp.hpp
[129.880s] -- Symlinking: /ros2_ws/install/ros2srrc_data/include/ros2srrc_data/ros2srrc_data/msg/detail/joints__rosidl_typesupport_introspection_cpp.hpp
[129.891s] -- Symlinking: /ros2_ws/install/ros2srrc_data/include/ros2srrc_data/ros2srrc_data/msg/detail/linkattacher__rosidl_typesupport_introspection_cpp.hpp
[129.902s] -- Symlinking: /ros2_ws/install/ros2srrc_data/include/ros2srrc_data/ros2srrc_data/msg/detail/robmove__rosidl_typesupport_introspection_cpp.hpp
[129.913s] -- Symlinking: /ros2_ws/install/ros2srrc_data/include/ros2srrc_data/ros2srrc_data/msg/detail/robpose__rosidl_typesupport_introspection_cpp.hpp
[129.925s] -- Symlinking: /ros2_ws/install/ros2srrc_data/include/ros2srrc_data/ros2srrc_data/msg/detail/specs__rosidl_typesupport_introspection_cpp.hpp
[129.937s] -- Symlinking: /ros2_ws/install/ros2srrc_data/include/ros2srrc_data/ros2srrc_data/msg/detail/xyz__rosidl_typesupport_introspection_cpp.hpp
[129.949s] -- Symlinking: /ros2_ws/install/ros2srrc_data/include/ros2srrc_data/ros2srrc_data/msg/detail/xyzypr__rosidl_typesupport_introspection_cpp.hpp
[129.960s] -- Symlinking: /ros2_ws/install/ros2srrc_data/include/ros2srrc_data/ros2srrc_data/msg/detail/ypr__rosidl_typesupport_introspection_cpp.hpp
[129.971s] -- Symlinking: /ros2_ws/install/ros2srrc_data/share/ros2srrc_data/environment/pythonpath.sh
[129.982s] -- Symlinking: /ros2_ws/install/ros2srrc_data/share/ros2srrc_data/environment/pythonpath.dsv
[129.993s] -- Symlinking: /ros2_ws/install/ros2srrc_data/local/lib/python3.10/dist-packages/ros2srrc_data-0.0.0-py3.10.egg-info/PKG-INFO
[130.005s] -- Symlinking: /ros2_ws/install/ros2srrc_data/local/lib/python3.10/dist-packages/ros2srrc_data-0.0.0-py3.10.egg-info/SOURCES.txt
[130.016s] -- Symlinking: /ros2_ws/install/ros2srrc_data/local/lib/python3.10/dist-packages/ros2srrc_data-0.0.0-py3.10.egg-info/dependency_links.txt
[130.027s] -- Symlinking: /ros2_ws/install/ros2srrc_data/local/lib/python3.10/dist-packages/ros2srrc_data-0.0.0-py3.10.egg-info/top_level.txt
[130.040s] -- Symlinking: /ros2_ws/install/ros2srrc_data/local/lib/python3.10/dist-packages/ros2srrc_data/__init__.py
[130.051s] -- Symlinking: /ros2_ws/install/ros2srrc_data/local/lib/python3.10/dist-packages/ros2srrc_data/_ros2srrc_data_s.ep.rosidl_typesupport_c.c
[130.063s] -- Symlinking: /ros2_ws/install/ros2srrc_data/local/lib/python3.10/dist-packages/ros2srrc_data/_ros2srrc_data_s.ep.rosidl_typesupport_fastrtps_c.c
[130.074s] -- Symlinking: /ros2_ws/install/ros2srrc_data/local/lib/python3.10/dist-packages/ros2srrc_data/_ros2srrc_data_s.ep.rosidl_typesupport_introspection_c.c
[130.086s] -- Symlinking: /ros2_ws/install/ros2srrc_data/local/lib/python3.10/dist-packages/ros2srrc_data/action/__init__.py
[130.097s] -- Symlinking: /ros2_ws/install/ros2srrc_data/local/lib/python3.10/dist-packages/ros2srrc_data/action/_move.py
[130.109s] -- Symlinking: /ros2_ws/install/ros2srrc_data/local/lib/python3.10/dist-packages/ros2srrc_data/action/_move_s.c
[130.120s] -- Symlinking: /ros2_ws/install/ros2srrc_data/local/lib/python3.10/dist-packages/ros2srrc_data/action/_robmove.py
[130.132s] -- Symlinking: /ros2_ws/install/ros2srrc_data/local/lib/python3.10/dist-packages/ros2srrc_data/action/_robmove_s.c
[130.143s] -- Symlinking: /ros2_ws/install/ros2srrc_data/local/lib/python3.10/dist-packages/ros2srrc_data/action/_sequence.py
[130.155s] -- Symlinking: /ros2_ws/install/ros2srrc_data/local/lib/python3.10/dist-packages/ros2srrc_data/action/_sequence_s.c
[130.166s] -- Symlinking: /ros2_ws/install/ros2srrc_data/local/lib/python3.10/dist-packages/ros2srrc_data/libros2srrc_data__rosidl_generator_py.so
[130.178s] -- Symlinking: /ros2_ws/install/ros2srrc_data/local/lib/python3.10/dist-packages/ros2srrc_data/msg/__init__.py
[130.189s] -- Symlinking: /ros2_ws/install/ros2srrc_data/local/lib/python3.10/dist-packages/ros2srrc_data/msg/_action.py
[130.200s] -- Symlinking: /ros2_ws/install/ros2srrc_data/local/lib/python3.10/dist-packages/ros2srrc_data/msg/_action_s.c
[130.211s] -- Symlinking: /ros2_ws/install/ros2srrc_data/local/lib/python3.10/dist-packages/ros2srrc_data/msg/_joint.py
[130.223s] -- Symlinking: /ros2_ws/install/ros2srrc_data/local/lib/python3.10/dist-packages/ros2srrc_data/msg/_joint_s.c
[130.234s] -- Symlinking: /ros2_ws/install/ros2srrc_data/local/lib/python3.10/dist-packages/ros2srrc_data/msg/_joints.py
[130.245s] -- Symlinking: /ros2_ws/install/ros2srrc_data/local/lib/python3.10/dist-packages/ros2srrc_data/msg/_joints_s.c
[130.257s] -- Symlinking: /ros2_ws/install/ros2srrc_data/local/lib/python3.10/dist-packages/ros2srrc_data/msg/_linkattacher.py
[130.268s] -- Symlinking: /ros2_ws/install/ros2srrc_data/local/lib/python3.10/dist-packages/ros2srrc_data/msg/_linkattacher_s.c
[130.279s] -- Symlinking: /ros2_ws/install/ros2srrc_data/local/lib/python3.10/dist-packages/ros2srrc_data/msg/_robmove.py
[130.291s] -- Symlinking: /ros2_ws/install/ros2srrc_data/local/lib/python3.10/dist-packages/ros2srrc_data/msg/_robmove_s.c
[130.302s] -- Symlinking: /ros2_ws/install/ros2srrc_data/local/lib/python3.10/dist-packages/ros2srrc_data/msg/_robpose.py
[130.313s] -- Symlinking: /ros2_ws/install/ros2srrc_data/local/lib/python3.10/dist-packages/ros2srrc_data/msg/_robpose_s.c
[130.325s] -- Symlinking: /ros2_ws/install/ros2srrc_data/local/lib/python3.10/dist-packages/ros2srrc_data/msg/_specs.py
[130.336s] -- Symlinking: /ros2_ws/install/ros2srrc_data/local/lib/python3.10/dist-packages/ros2srrc_data/msg/_specs_s.c
[130.347s] -- Symlinking: /ros2_ws/install/ros2srrc_data/local/lib/python3.10/dist-packages/ros2srrc_data/msg/_xyz.py
[130.359s] -- Symlinking: /ros2_ws/install/ros2srrc_data/local/lib/python3.10/dist-packages/ros2srrc_data/msg/_xyz_s.c
[130.370s] -- Symlinking: /ros2_ws/install/ros2srrc_data/local/lib/python3.10/dist-packages/ros2srrc_data/msg/_xyzypr.py
[130.381s] -- Symlinking: /ros2_ws/install/ros2srrc_data/local/lib/python3.10/dist-packages/ros2srrc_data/msg/_xyzypr_s.c
[130.393s] -- Symlinking: /ros2_ws/install/ros2srrc_data/local/lib/python3.10/dist-packages/ros2srrc_data/msg/_ypr.py
[130.405s] -- Symlinking: /ros2_ws/install/ros2srrc_data/local/lib/python3.10/dist-packages/ros2srrc_data/msg/_ypr_s.c
[130.416s] -- Symlinking: /ros2_ws/install/ros2srrc_data/local/lib/python3.10/dist-packages/ros2srrc_data/ros2srrc_data_s__rosidl_typesupport_c.cpython-310-x86_64-linux-gnu.so
[130.428s] -- Symlinking: /ros2_ws/install/ros2srrc_data/local/lib/python3.10/dist-packages/ros2srrc_data/ros2srrc_data_s__rosidl_typesupport_fastrtps_c.cpython-310-x86_64-linux-gnu.so
[130.443s] -- Symlinking: /ros2_ws/install/ros2srrc_data/local/lib/python3.10/dist-packages/ros2srrc_data/ros2srrc_data_s__rosidl_typesupport_introspection_c.cpython-310-x86_64-linux-gnu.so
[130.454s] -- Up-to-date symlink: /ros2_ws/install/ros2srrc_data/local/lib/python3.10/dist-packages/ros2srrc_data/ros2srrc_data_s__rosidl_typesupport_fastrtps_c.cpython-310-x86_64-linux-gnu.so
[130.455s] -- Up-to-date symlink: /ros2_ws/install/ros2srrc_data/local/lib/python3.10/dist-packages/ros2srrc_data/ros2srrc_data_s__rosidl_typesupport_introspection_c.cpython-310-x86_64-linux-gnu.so
[130.455s] -- Up-to-date symlink: /ros2_ws/install/ros2srrc_data/local/lib/python3.10/dist-packages/ros2srrc_data/ros2srrc_data_s__rosidl_typesupport_c.cpython-310-x86_64-linux-gnu.so
[130.456s] -- Symlinking: /ros2_ws/install/ros2srrc_data/share/ros2srrc_data/msg/Specs.idl
[130.467s] -- Symlinking: /ros2_ws/install/ros2srrc_data/share/ros2srrc_data/msg/Robmove.idl
[130.479s] -- Symlinking: /ros2_ws/install/ros2srrc_data/share/ros2srrc_data/msg/Joint.idl
[130.490s] -- Symlinking: /ros2_ws/install/ros2srrc_data/share/ros2srrc_data/msg/Joints.idl
[130.502s] -- Symlinking: /ros2_ws/install/ros2srrc_data/share/ros2srrc_data/msg/Xyz.idl
[130.513s] -- Symlinking: /ros2_ws/install/ros2srrc_data/share/ros2srrc_data/msg/Xyzypr.idl
[130.525s] -- Symlinking: /ros2_ws/install/ros2srrc_data/share/ros2srrc_data/msg/Ypr.idl
[130.536s] -- Symlinking: /ros2_ws/install/ros2srrc_data/share/ros2srrc_data/msg/Action.idl
[130.548s] -- Symlinking: /ros2_ws/install/ros2srrc_data/share/ros2srrc_data/msg/Linkattacher.idl
[130.559s] -- Symlinking: /ros2_ws/install/ros2srrc_data/share/ros2srrc_data/msg/Robpose.idl
[130.571s] -- Symlinking: /ros2_ws/install/ros2srrc_data/share/ros2srrc_data/action/Move.idl
[130.583s] -- Symlinking: /ros2_ws/install/ros2srrc_data/share/ros2srrc_data/action/Sequence.idl
[130.594s] -- Symlinking: /ros2_ws/install/ros2srrc_data/share/ros2srrc_data/action/Robmove.idl
[130.606s] -- Up-to-date symlink: /ros2_ws/install/ros2srrc_data/share/ros2srrc_data/msg/Specs.msg
[130.607s] -- Up-to-date symlink: /ros2_ws/install/ros2srrc_data/share/ros2srrc_data/msg/Robmove.msg
[130.607s] -- Up-to-date symlink: /ros2_ws/install/ros2srrc_data/share/ros2srrc_data/msg/Joint.msg
[130.607s] -- Up-to-date symlink: /ros2_ws/install/ros2srrc_data/share/ros2srrc_data/msg/Joints.msg
[130.608s] -- Up-to-date symlink: /ros2_ws/install/ros2srrc_data/share/ros2srrc_data/msg/Xyz.msg
[130.608s] -- Up-to-date symlink: /ros2_ws/install/ros2srrc_data/share/ros2srrc_data/msg/Xyzypr.msg
[130.608s] -- Up-to-date symlink: /ros2_ws/install/ros2srrc_data/share/ros2srrc_data/msg/Ypr.msg
[130.609s] -- Up-to-date symlink: /ros2_ws/install/ros2srrc_data/share/ros2srrc_data/msg/Action.msg
[130.609s] -- Up-to-date symlink: /ros2_ws/install/ros2srrc_data/share/ros2srrc_data/msg/Linkattacher.msg
[130.609s] -- Up-to-date symlink: /ros2_ws/install/ros2srrc_data/share/ros2srrc_data/msg/Robpose.msg
[130.610s] -- Up-to-date symlink: /ros2_ws/install/ros2srrc_data/share/ros2srrc_data/action/Move.action
[130.610s] -- Up-to-date symlink: /ros2_ws/install/ros2srrc_data/share/ros2srrc_data/action/Sequence.action
[130.610s] -- Up-to-date symlink: /ros2_ws/install/ros2srrc_data/share/ros2srrc_data/action/Robmove.action
[130.611s] -- Symlinking: /ros2_ws/install/ros2srrc_data/share/ament_index/resource_index/package_run_dependencies/ros2srrc_data
[130.623s] -- Symlinking: /ros2_ws/install/ros2srrc_data/share/ament_index/resource_index/parent_prefix_path/ros2srrc_data
[130.634s] -- Symlinking: /ros2_ws/install/ros2srrc_data/share/ros2srrc_data/environment/ament_prefix_path.sh
[130.646s] -- Symlinking: /ros2_ws/install/ros2srrc_data/share/ros2srrc_data/environment/ament_prefix_path.dsv
[130.658s] -- Symlinking: /ros2_ws/install/ros2srrc_data/share/ros2srrc_data/environment/path.sh
[130.670s] -- Symlinking: /ros2_ws/install/ros2srrc_data/share/ros2srrc_data/environment/path.dsv
[130.681s] -- Symlinking: /ros2_ws/install/ros2srrc_data/share/ros2srrc_data/local_setup.bash
[130.693s] -- Symlinking: /ros2_ws/install/ros2srrc_data/share/ros2srrc_data/local_setup.sh
[130.704s] -- Symlinking: /ros2_ws/install/ros2srrc_data/share/ros2srrc_data/local_setup.zsh
[130.716s] -- Symlinking: /ros2_ws/install/ros2srrc_data/share/ros2srrc_data/local_setup.dsv
[130.728s] -- Symlinking: /ros2_ws/install/ros2srrc_data/share/ros2srrc_data/package.dsv
[130.743s] -- Symlinking: /ros2_ws/install/ros2srrc_data/share/ament_index/resource_index/packages/ros2srrc_data
[130.755s] -- Symlinking: /ros2_ws/install/ros2srrc_data/share/ros2srrc_data/cmake/rosidl_cmake-extras.cmake
[130.766s] -- Symlinking: /ros2_ws/install/ros2srrc_data/share/ros2srrc_data/cmake/ament_cmake_export_dependencies-extras.cmake
[130.777s] -- Symlinking: /ros2_ws/install/ros2srrc_data/share/ros2srrc_data/cmake/ament_cmake_export_include_directories-extras.cmake
[130.789s] -- Symlinking: /ros2_ws/install/ros2srrc_data/share/ros2srrc_data/cmake/ament_cmake_export_libraries-extras.cmake
[130.800s] -- Symlinking: /ros2_ws/install/ros2srrc_data/share/ros2srrc_data/cmake/ament_cmake_export_targets-extras.cmake
[130.811s] -- Symlinking: /ros2_ws/install/ros2srrc_data/share/ros2srrc_data/cmake/rosidl_cmake_export_typesupport_targets-extras.cmake
[130.823s] -- Symlinking: /ros2_ws/install/ros2srrc_data/share/ros2srrc_data/cmake/rosidl_cmake_export_typesupport_libraries-extras.cmake
[130.834s] -- Symlinking: /ros2_ws/install/ros2srrc_data/share/ros2srrc_data/cmake/ros2srrc_dataConfig.cmake
[130.850s] -- Symlinking: /ros2_ws/install/ros2srrc_data/share/ros2srrc_data/cmake/ros2srrc_dataConfig-version.cmake
[130.863s] -- Symlinking: /ros2_ws/install/ros2srrc_data/share/ros2srrc_data/package.xml
[130.876s] -- Installing: /ros2_ws/install/ros2srrc_data/lib/libros2srrc_data__rosidl_generator_c.so
[130.877s] -- Set runtime path of "/ros2_ws/install/ros2srrc_data/lib/libros2srrc_data__rosidl_generator_c.so" to ""
[130.877s] -- Installing: /ros2_ws/install/ros2srrc_data/lib/libros2srrc_data__rosidl_typesupport_fastrtps_c.so
[130.878s] -- Set runtime path of "/ros2_ws/install/ros2srrc_data/lib/libros2srrc_data__rosidl_typesupport_fastrtps_c.so" to ""
[130.878s] -- Installing: /ros2_ws/install/ros2srrc_data/lib/libros2srrc_data__rosidl_typesupport_introspection_c.so
[130.879s] -- Set runtime path of "/ros2_ws/install/ros2srrc_data/lib/libros2srrc_data__rosidl_typesupport_introspection_c.so" to ""
[130.879s] -- Installing: /ros2_ws/install/ros2srrc_data/lib/libros2srrc_data__rosidl_typesupport_c.so
[130.880s] -- Set runtime path of "/ros2_ws/install/ros2srrc_data/lib/libros2srrc_data__rosidl_typesupport_c.so" to ""
[130.880s] -- Installing: /ros2_ws/install/ros2srrc_data/lib/libros2srrc_data__rosidl_typesupport_fastrtps_cpp.so
[130.882s] -- Set runtime path of "/ros2_ws/install/ros2srrc_data/lib/libros2srrc_data__rosidl_typesupport_fastrtps_cpp.so" to ""
[130.882s] -- Installing: /ros2_ws/install/ros2srrc_data/lib/libros2srrc_data__rosidl_typesupport_introspection_cpp.so
[130.883s] -- Set runtime path of "/ros2_ws/install/ros2srrc_data/lib/libros2srrc_data__rosidl_typesupport_introspection_cpp.so" to ""
[130.883s] -- Installing: /ros2_ws/install/ros2srrc_data/lib/libros2srrc_data__rosidl_typesupport_cpp.so
[130.884s] -- Set runtime path of "/ros2_ws/install/ros2srrc_data/lib/libros2srrc_data__rosidl_typesupport_cpp.so" to ""
[130.986s] Listing '/ros2_ws/install/ros2srrc_data/local/lib/python3.10/dist-packages/ros2srrc_data'...
[130.986s] Compiling '/ros2_ws/install/ros2srrc_data/local/lib/python3.10/dist-packages/ros2srrc_data/__init__.py'...
[130.986s] Listing '/ros2_ws/install/ros2srrc_data/local/lib/python3.10/dist-packages/ros2srrc_data/action'...
[130.986s] Compiling '/ros2_ws/install/ros2srrc_data/local/lib/python3.10/dist-packages/ros2srrc_data/action/__init__.py'...
[130.987s] Compiling '/ros2_ws/install/ros2srrc_data/local/lib/python3.10/dist-packages/ros2srrc_data/action/_move.py'...
[130.987s] Compiling '/ros2_ws/install/ros2srrc_data/local/lib/python3.10/dist-packages/ros2srrc_data/action/_robmove.py'...
[130.987s] Compiling '/ros2_ws/install/ros2srrc_data/local/lib/python3.10/dist-packages/ros2srrc_data/action/_sequence.py'...
[130.987s] Listing '/ros2_ws/install/ros2srrc_data/local/lib/python3.10/dist-packages/ros2srrc_data/msg'...
[130.987s] Compiling '/ros2_ws/install/ros2srrc_data/local/lib/python3.10/dist-packages/ros2srrc_data/msg/__init__.py'...
[130.987s] Compiling '/ros2_ws/install/ros2srrc_data/local/lib/python3.10/dist-packages/ros2srrc_data/msg/_action.py'...
[130.988s] Compiling '/ros2_ws/install/ros2srrc_data/local/lib/python3.10/dist-packages/ros2srrc_data/msg/_joint.py'...
[130.988s] Compiling '/ros2_ws/install/ros2srrc_data/local/lib/python3.10/dist-packages/ros2srrc_data/msg/_joints.py'...
[130.988s] Compiling '/ros2_ws/install/ros2srrc_data/local/lib/python3.10/dist-packages/ros2srrc_data/msg/_linkattacher.py'...
[130.988s] Compiling '/ros2_ws/install/ros2srrc_data/local/lib/python3.10/dist-packages/ros2srrc_data/msg/_robmove.py'...
[130.988s] Compiling '/ros2_ws/install/ros2srrc_data/local/lib/python3.10/dist-packages/ros2srrc_data/msg/_robpose.py'...
[130.988s] Compiling '/ros2_ws/install/ros2srrc_data/local/lib/python3.10/dist-packages/ros2srrc_data/msg/_specs.py'...
[130.988s] Compiling '/ros2_ws/install/ros2srrc_data/local/lib/python3.10/dist-packages/ros2srrc_data/msg/_xyz.py'...
[130.989s] Compiling '/ros2_ws/install/ros2srrc_data/local/lib/python3.10/dist-packages/ros2srrc_data/msg/_xyzypr.py'...
[130.989s] Compiling '/ros2_ws/install/ros2srrc_data/local/lib/python3.10/dist-packages/ros2srrc_data/msg/_ypr.py'...
[130.995s] -- Installing: /ros2_ws/install/ros2srrc_data/lib/libros2srrc_data__rosidl_generator_py.so
[130.996s] -- Set runtime path of "/ros2_ws/install/ros2srrc_data/lib/libros2srrc_data__rosidl_generator_py.so" to ""
[130.996s] -- Installing: /ros2_ws/install/ros2srrc_data/share/ros2srrc_data/cmake/export_ros2srrc_data__rosidl_generator_cExport.cmake
[130.996s] -- Installing: /ros2_ws/install/ros2srrc_data/share/ros2srrc_data/cmake/export_ros2srrc_data__rosidl_generator_cExport-release.cmake
[130.997s] -- Installing: /ros2_ws/install/ros2srrc_data/share/ros2srrc_data/cmake/export_ros2srrc_data__rosidl_typesupport_fastrtps_cExport.cmake
[130.997s] -- Installing: /ros2_ws/install/ros2srrc_data/share/ros2srrc_data/cmake/export_ros2srrc_data__rosidl_typesupport_fastrtps_cExport-release.cmake
[130.997s] -- Installing: /ros2_ws/install/ros2srrc_data/share/ros2srrc_data/cmake/ros2srrc_data__rosidl_typesupport_introspection_cExport.cmake
[130.998s] -- Installing: /ros2_ws/install/ros2srrc_data/share/ros2srrc_data/cmake/ros2srrc_data__rosidl_typesupport_introspection_cExport-release.cmake
[130.998s] -- Installing: /ros2_ws/install/ros2srrc_data/share/ros2srrc_data/cmake/ros2srrc_data__rosidl_typesupport_cExport.cmake
[130.998s] -- Installing: /ros2_ws/install/ros2srrc_data/share/ros2srrc_data/cmake/ros2srrc_data__rosidl_typesupport_cExport-release.cmake
[130.998s] -- Installing: /ros2_ws/install/ros2srrc_data/share/ros2srrc_data/cmake/export_ros2srrc_data__rosidl_generator_cppExport.cmake
[130.999s] -- Installing: /ros2_ws/install/ros2srrc_data/share/ros2srrc_data/cmake/export_ros2srrc_data__rosidl_typesupport_fastrtps_cppExport.cmake
[130.999s] -- Installing: /ros2_ws/install/ros2srrc_data/share/ros2srrc_data/cmake/export_ros2srrc_data__rosidl_typesupport_fastrtps_cppExport-release.cmake
[130.999s] -- Installing: /ros2_ws/install/ros2srrc_data/share/ros2srrc_data/cmake/ros2srrc_data__rosidl_typesupport_introspection_cppExport.cmake
[130.999s] -- Installing: /ros2_ws/install/ros2srrc_data/share/ros2srrc_data/cmake/ros2srrc_data__rosidl_typesupport_introspection_cppExport-release.cmake
[131.000s] -- Installing: /ros2_ws/install/ros2srrc_data/share/ros2srrc_data/cmake/ros2srrc_data__rosidl_typesupport_cppExport.cmake
[131.000s] -- Installing: /ros2_ws/install/ros2srrc_data/share/ros2srrc_data/cmake/ros2srrc_data__rosidl_typesupport_cppExport-release.cmake
[131.000s] -- Installing: /ros2_ws/install/ros2srrc_data/share/ros2srrc_data/cmake/export_ros2srrc_data__rosidl_generator_pyExport.cmake
[131.000s] -- Installing: /ros2_ws/install/ros2srrc_data/share/ros2srrc_data/cmake/export_ros2srrc_data__rosidl_generator_pyExport-release.cmake
[131.005s] Invoked command in '/ros2_ws/build/ros2srrc_data' returned '0': CMAKE_PREFIX_PATH=/opt/ros/humble /usr/bin/cmake --install /ros2_ws/build/ros2srrc_data
