-- The C compiler identification is GNU 11.4.0
-- The CXX compiler identification is GNU 11.4.0
-- Detecting C compiler ABI info
-- Detecting C compiler ABI info - done
-- Check for working C compiler: /usr/bin/cc - skipped
-- Detecting C compile features
-- Detecting C compile features - done
-- Detecting CXX compiler ABI info
-- Detecting CXX compiler ABI info - done
-- Check for working CXX compiler: /usr/bin/c++ - skipped
-- Detecting CXX compile features
-- Detecting CXX compile features - done
-- Found ament_cmake: 1.3.12 (/opt/ros/humble/share/ament_cmake/cmake)
-- Found Python3: /usr/bin/python3 (found version "3.10.12") found components: Interpreter 
-- Override CMake install command with custom implementation using symlinks instead of copying resources
-- Found pendulum_controller: 0.0.1 (/ros2_ws/install/pendulum_controller/share/pendulum_controller/cmake)
-- Found rosidl_generator_c: 3.1.7 (/opt/ros/humble/share/rosidl_generator_c/cmake)
-- Found rosidl_adapter: 3.1.7 (/opt/ros/humble/share/rosidl_adapter/cmake)
-- Found rosidl_generator_cpp: 3.1.7 (/opt/ros/humble/share/rosidl_generator_cpp/cmake)
-- Using all available rosidl_typesupport_c: rosidl_typesupport_fastrtps_c;rosidl_typesupport_introspection_c
-- Using all available rosidl_typesupport_cpp: rosidl_typesupport_fastrtps_cpp;rosidl_typesupport_introspection_cpp
-- Found rmw_implementation_cmake: 6.1.2 (/opt/ros/humble/share/rmw_implementation_cmake/cmake)
-- Found rmw_cyclonedds_cpp: 1.3.4 (/opt/ros/humble/share/rmw_cyclonedds_cpp/cmake)
-- Using RMW implementation 'rmw_cyclonedds_cpp' as default
-- Looking for pthread.h
-- Looking for pthread.h - found
-- Performing Test CMAKE_HAVE_LIBC_PTHREAD
-- Performing Test CMAKE_HAVE_LIBC_PTHREAD - Success
-- Found Threads: TRUE  
-- Found pendulum_driver: 0.0.1 (/ros2_ws/install/pendulum_driver/share/pendulum_driver/cmake)
-- Found ament_cmake_gtest: 1.3.12 (/opt/ros/humble/share/ament_cmake_gtest/cmake)
-- Found ament_lint_auto: 0.12.14 (/opt/ros/humble/share/ament_lint_auto/cmake)
-- Found python_cmake_module: 0.10.0 (/opt/ros/humble/share/python_cmake_module/cmake)
-- Found PythonInterp: /usr/bin/python3 (found suitable version "3.10.12", minimum required is "3.6") 
-- Found PythonLibs: /usr/lib/x86_64-linux-gnu/libpython3.10.so (found suitable version "3.10.12", minimum required is "3.5") 
-- Using PYTHON_EXECUTABLE: /usr/bin/python3
-- Using PYTHON_INCLUDE_DIRS: /usr/include/python3.10
-- Using PYTHON_LIBRARIES: /usr/lib/x86_64-linux-gnu/libpython3.10.so
-- Found PythonExtra: .so  
-- Added test 'copyright' to check source files copyright and LICENSE
-- Added test 'cppcheck' to perform static code analysis on C / C++ code
-- Configured cppcheck include dirs: 
-- Configured cppcheck exclude dirs and/or files: 
-- Added test 'cpplint' to check C / C++ code against the Google style
-- Configured cpplint exclude dirs and/or files: 
-- Added test 'flake8' to check Python code syntax and style conventions
-- Added test 'lint_cmake' to check CMake code style
-- Added test 'pep257' to check Python code against some of the docstring style conventions in PEP 257
-- Added test 'uncrustify' to check C / C++ code style
-- Configured uncrustify additional arguments: 
-- Added test 'xmllint' to check XML markup files
-- Configuring done
-- Generating done
-- Build files have been written to: /ros2_ws/build/pendulum_demo
[ 50%] [32mBuilding CXX object CMakeFiles/pendulum_demo.dir/src/pendulum_demo.cpp.o[0m
[100%] [32m[1mLinking CXX executable pendulum_demo[0m
[100%] Built target pendulum_demo
-- Install configuration: "Release"
-- Execute custom install script
-- Symlinking: /ros2_ws/install/pendulum_demo/share/pendulum_demo/params/test.param.yaml
-- Symlinking: /ros2_ws/install/pendulum_demo/share/ament_index/resource_index/package_run_dependencies/pendulum_demo
-- Symlinking: /ros2_ws/install/pendulum_demo/share/ament_index/resource_index/parent_prefix_path/pendulum_demo
-- Symlinking: /ros2_ws/install/pendulum_demo/share/pendulum_demo/environment/ament_prefix_path.sh
-- Symlinking: /ros2_ws/install/pendulum_demo/share/pendulum_demo/environment/ament_prefix_path.dsv
-- Symlinking: /ros2_ws/install/pendulum_demo/share/pendulum_demo/environment/path.sh
-- Symlinking: /ros2_ws/install/pendulum_demo/share/pendulum_demo/environment/path.dsv
-- Symlinking: /ros2_ws/install/pendulum_demo/share/pendulum_demo/local_setup.bash
-- Symlinking: /ros2_ws/install/pendulum_demo/share/pendulum_demo/local_setup.sh
-- Symlinking: /ros2_ws/install/pendulum_demo/share/pendulum_demo/local_setup.zsh
-- Symlinking: /ros2_ws/install/pendulum_demo/share/pendulum_demo/local_setup.dsv
-- Symlinking: /ros2_ws/install/pendulum_demo/share/pendulum_demo/package.dsv
-- Symlinking: /ros2_ws/install/pendulum_demo/share/ament_index/resource_index/packages/pendulum_demo
-- Symlinking: /ros2_ws/install/pendulum_demo/share/pendulum_demo/cmake/pendulum_demoConfig.cmake
-- Symlinking: /ros2_ws/install/pendulum_demo/share/pendulum_demo/cmake/pendulum_demoConfig-version.cmake
-- Symlinking: /ros2_ws/install/pendulum_demo/share/pendulum_demo/package.xml
-- Installing: /ros2_ws/install/pendulum_demo/lib/pendulum_demo/pendulum_demo
-- Set runtime path of "/ros2_ws/install/pendulum_demo/lib/pendulum_demo/pendulum_demo" to ""
