[0.071s] Invoking command in '/ros2_ws/build/pendulum_demo': AMENT_PREFIX_PATH=/ros2_ws/install/pendulum_driver:/ros2_ws/install/pendulum_controller:/ros2_ws/install/pendulum_utils:/ros2_ws/install/pendulum2_msgs:${AMENT_PREFIX_PATH} CMAKE_PREFIX_PATH=/ros2_ws/install/pendulum_driver:/ros2_ws/install/pendulum_controller:/ros2_ws/install/pendulum_utils:/ros2_ws/install/pendulum2_msgs:/opt/ros/humble LD_LIBRARY_PATH=/ros2_ws/install/pendulum_driver/lib:/ros2_ws/install/pendulum_controller/lib:/ros2_ws/install/pendulum_utils/lib:/ros2_ws/install/pendulum2_msgs/lib:${LD_LIBRARY_PATH} PYTHONPATH=/ros2_ws/install/pendulum2_msgs/local/lib/python3.10/dist-packages:${PYTHONPATH} /usr/bin/cmake /ros2_ws/src/pendulum/pendulum_demo -DCMAKE_BUILD_TYPE=Release -DAMENT_CMAKE_SYMLINK_INSTALL=1 -DCMAKE_INSTALL_PREFIX=/ros2_ws/install/pendulum_demo
[0.886s] -- The C compiler identification is GNU 11.4.0
[0.886s] -- The CXX compiler identification is GNU 11.4.0
[0.886s] -- Detecting C compiler ABI info
[0.886s] -- Detecting C compiler ABI info - done
[0.886s] -- Check for working C compiler: /usr/bin/cc - skipped
[0.887s] -- Detecting C compile features
[0.887s] -- Detecting C compile features - done
[0.887s] -- Detecting CXX compiler ABI info
[0.887s] -- Detecting CXX compiler ABI info - done
[0.887s] -- Check for working CXX compiler: /usr/bin/c++ - skipped
[0.887s] -- Detecting CXX compile features
[0.887s] -- Detecting CXX compile features - done
[0.888s] -- Found ament_cmake: 1.3.12 (/opt/ros/humble/share/ament_cmake/cmake)
[1.134s] -- Found Python3: /usr/bin/python3 (found version "3.10.12") found components: Interpreter 
[1.268s] -- Override CMake install command with custom implementation using symlinks instead of copying resources
[1.388s] -- Found pendulum_controller: 0.0.1 (/ros2_ws/install/pendulum_controller/share/pendulum_controller/cmake)
[1.560s] -- Found rosidl_generator_c: 3.1.7 (/opt/ros/humble/share/rosidl_generator_c/cmake)
[1.586s] -- Found rosidl_adapter: 3.1.7 (/opt/ros/humble/share/rosidl_adapter/cmake)
[1.621s] -- Found rosidl_generator_cpp: 3.1.7 (/opt/ros/humble/share/rosidl_generator_cpp/cmake)
[1.671s] -- Using all available rosidl_typesupport_c: rosidl_typesupport_fastrtps_c;rosidl_typesupport_introspection_c
[1.739s] -- Using all available rosidl_typesupport_cpp: rosidl_typesupport_fastrtps_cpp;rosidl_typesupport_introspection_cpp
[1.923s] -- Found rmw_implementation_cmake: 6.1.2 (/opt/ros/humble/share/rmw_implementation_cmake/cmake)
[1.936s] -- Found rmw_cyclonedds_cpp: 1.3.4 (/opt/ros/humble/share/rmw_cyclonedds_cpp/cmake)
[2.012s] -- Using RMW implementation 'rmw_cyclonedds_cpp' as default
[2.048s] -- Looking for pthread.h
[2.201s] -- Looking for pthread.h - found
[2.201s] -- Performing Test CMAKE_HAVE_LIBC_PTHREAD
[2.363s] -- Performing Test CMAKE_HAVE_LIBC_PTHREAD - Success
[2.365s] -- Found Threads: TRUE  
[2.715s] -- Found pendulum_driver: 0.0.1 (/ros2_ws/install/pendulum_driver/share/pendulum_driver/cmake)
[2.730s] -- Found ament_cmake_gtest: 1.3.12 (/opt/ros/humble/share/ament_cmake_gtest/cmake)
[2.737s] -- Found ament_lint_auto: 0.12.14 (/opt/ros/humble/share/ament_lint_auto/cmake)
[2.947s] -- Found python_cmake_module: 0.10.0 (/opt/ros/humble/share/python_cmake_module/cmake)
[2.980s] -- Found PythonInterp: /usr/bin/python3 (found suitable version "3.10.12", minimum required is "3.6") 
[2.988s] -- Found PythonLibs: /usr/lib/x86_64-linux-gnu/libpython3.10.so (found suitable version "3.10.12", minimum required is "3.5") 
[2.988s] -- Using PYTHON_EXECUTABLE: /usr/bin/python3
[2.988s] -- Using PYTHON_INCLUDE_DIRS: /usr/include/python3.10
[2.988s] -- Using PYTHON_LIBRARIES: /usr/lib/x86_64-linux-gnu/libpython3.10.so
[3.022s] -- Found PythonExtra: .so  
[3.038s] -- Added test 'copyright' to check source files copyright and LICENSE
[3.040s] -- Added test 'cppcheck' to perform static code analysis on C / C++ code
[3.041s] -- Configured cppcheck include dirs: 
[3.041s] -- Configured cppcheck exclude dirs and/or files: 
[3.043s] -- Added test 'cpplint' to check C / C++ code against the Google style
[3.043s] -- Configured cpplint exclude dirs and/or files: 
[3.044s] -- Added test 'flake8' to check Python code syntax and style conventions
[3.046s] -- Added test 'lint_cmake' to check CMake code style
[3.047s] -- Added test 'pep257' to check Python code against some of the docstring style conventions in PEP 257
[3.049s] -- Added test 'uncrustify' to check C / C++ code style
[3.049s] -- Configured uncrustify additional arguments: 
[3.050s] -- Added test 'xmllint' to check XML markup files
[3.052s] -- Configuring done
[3.075s] -- Generating done
[3.082s] -- Build files have been written to: /ros2_ws/build/pendulum_demo
[3.099s] Invoked command in '/ros2_ws/build/pendulum_demo' returned '0': AMENT_PREFIX_PATH=/ros2_ws/install/pendulum_driver:/ros2_ws/install/pendulum_controller:/ros2_ws/install/pendulum_utils:/ros2_ws/install/pendulum2_msgs:${AMENT_PREFIX_PATH} CMAKE_PREFIX_PATH=/ros2_ws/install/pendulum_driver:/ros2_ws/install/pendulum_controller:/ros2_ws/install/pendulum_utils:/ros2_ws/install/pendulum2_msgs:/opt/ros/humble LD_LIBRARY_PATH=/ros2_ws/install/pendulum_driver/lib:/ros2_ws/install/pendulum_controller/lib:/ros2_ws/install/pendulum_utils/lib:/ros2_ws/install/pendulum2_msgs/lib:${LD_LIBRARY_PATH} PYTHONPATH=/ros2_ws/install/pendulum2_msgs/local/lib/python3.10/dist-packages:${PYTHONPATH} /usr/bin/cmake /ros2_ws/src/pendulum/pendulum_demo -DCMAKE_BUILD_TYPE=Release -DAMENT_CMAKE_SYMLINK_INSTALL=1 -DCMAKE_INSTALL_PREFIX=/ros2_ws/install/pendulum_demo
[3.100s] Invoking command in '/ros2_ws/build/pendulum_demo': AMENT_PREFIX_PATH=/ros2_ws/install/pendulum_driver:/ros2_ws/install/pendulum_controller:/ros2_ws/install/pendulum_utils:/ros2_ws/install/pendulum2_msgs:${AMENT_PREFIX_PATH} CMAKE_PREFIX_PATH=/ros2_ws/install/pendulum_driver:/ros2_ws/install/pendulum_controller:/ros2_ws/install/pendulum_utils:/ros2_ws/install/pendulum2_msgs:/opt/ros/humble LD_LIBRARY_PATH=/ros2_ws/install/pendulum_driver/lib:/ros2_ws/install/pendulum_controller/lib:/ros2_ws/install/pendulum_utils/lib:/ros2_ws/install/pendulum2_msgs/lib:${LD_LIBRARY_PATH} PYTHONPATH=/ros2_ws/install/pendulum2_msgs/local/lib/python3.10/dist-packages:${PYTHONPATH} /usr/bin/cmake --build /ros2_ws/build/pendulum_demo -- -j8 -l8
[3.211s] [ 50%] [32mBuilding CXX object CMakeFiles/pendulum_demo.dir/src/pendulum_demo.cpp.o[0m
[10.305s] [100%] [32m[1mLinking CXX executable pendulum_demo[0m
[10.598s] [100%] Built target pendulum_demo
[10.618s] Invoked command in '/ros2_ws/build/pendulum_demo' returned '0': AMENT_PREFIX_PATH=/ros2_ws/install/pendulum_driver:/ros2_ws/install/pendulum_controller:/ros2_ws/install/pendulum_utils:/ros2_ws/install/pendulum2_msgs:${AMENT_PREFIX_PATH} CMAKE_PREFIX_PATH=/ros2_ws/install/pendulum_driver:/ros2_ws/install/pendulum_controller:/ros2_ws/install/pendulum_utils:/ros2_ws/install/pendulum2_msgs:/opt/ros/humble LD_LIBRARY_PATH=/ros2_ws/install/pendulum_driver/lib:/ros2_ws/install/pendulum_controller/lib:/ros2_ws/install/pendulum_utils/lib:/ros2_ws/install/pendulum2_msgs/lib:${LD_LIBRARY_PATH} PYTHONPATH=/ros2_ws/install/pendulum2_msgs/local/lib/python3.10/dist-packages:${PYTHONPATH} /usr/bin/cmake --build /ros2_ws/build/pendulum_demo -- -j8 -l8
[10.620s] Invoking command in '/ros2_ws/build/pendulum_demo': AMENT_PREFIX_PATH=/ros2_ws/install/pendulum_driver:/ros2_ws/install/pendulum_controller:/ros2_ws/install/pendulum_utils:/ros2_ws/install/pendulum2_msgs:${AMENT_PREFIX_PATH} CMAKE_PREFIX_PATH=/ros2_ws/install/pendulum_driver:/ros2_ws/install/pendulum_controller:/ros2_ws/install/pendulum_utils:/ros2_ws/install/pendulum2_msgs:/opt/ros/humble LD_LIBRARY_PATH=/ros2_ws/install/pendulum_driver/lib:/ros2_ws/install/pendulum_controller/lib:/ros2_ws/install/pendulum_utils/lib:/ros2_ws/install/pendulum2_msgs/lib:${LD_LIBRARY_PATH} PYTHONPATH=/ros2_ws/install/pendulum2_msgs/local/lib/python3.10/dist-packages:${PYTHONPATH} /usr/bin/cmake --install /ros2_ws/build/pendulum_demo
[10.631s] -- Install configuration: "Release"
[10.631s] -- Execute custom install script
[10.632s] -- Symlinking: /ros2_ws/install/pendulum_demo/share/pendulum_demo/params/test.param.yaml
[10.644s] -- Symlinking: /ros2_ws/install/pendulum_demo/share/ament_index/resource_index/package_run_dependencies/pendulum_demo
[10.656s] -- Symlinking: /ros2_ws/install/pendulum_demo/share/ament_index/resource_index/parent_prefix_path/pendulum_demo
[10.669s] -- Symlinking: /ros2_ws/install/pendulum_demo/share/pendulum_demo/environment/ament_prefix_path.sh
[10.681s] -- Symlinking: /ros2_ws/install/pendulum_demo/share/pendulum_demo/environment/ament_prefix_path.dsv
[10.693s] -- Symlinking: /ros2_ws/install/pendulum_demo/share/pendulum_demo/environment/path.sh
[10.705s] -- Symlinking: /ros2_ws/install/pendulum_demo/share/pendulum_demo/environment/path.dsv
[10.718s] -- Symlinking: /ros2_ws/install/pendulum_demo/share/pendulum_demo/local_setup.bash
[10.730s] -- Symlinking: /ros2_ws/install/pendulum_demo/share/pendulum_demo/local_setup.sh
[10.742s] -- Symlinking: /ros2_ws/install/pendulum_demo/share/pendulum_demo/local_setup.zsh
[10.754s] -- Symlinking: /ros2_ws/install/pendulum_demo/share/pendulum_demo/local_setup.dsv
[10.766s] -- Symlinking: /ros2_ws/install/pendulum_demo/share/pendulum_demo/package.dsv
[10.778s] -- Symlinking: /ros2_ws/install/pendulum_demo/share/ament_index/resource_index/packages/pendulum_demo
[10.790s] -- Symlinking: /ros2_ws/install/pendulum_demo/share/pendulum_demo/cmake/pendulum_demoConfig.cmake
[10.802s] -- Symlinking: /ros2_ws/install/pendulum_demo/share/pendulum_demo/cmake/pendulum_demoConfig-version.cmake
[10.815s] -- Symlinking: /ros2_ws/install/pendulum_demo/share/pendulum_demo/package.xml
[10.829s] -- Installing: /ros2_ws/install/pendulum_demo/lib/pendulum_demo/pendulum_demo
[10.829s] -- Set runtime path of "/ros2_ws/install/pendulum_demo/lib/pendulum_demo/pendulum_demo" to ""
[10.833s] Invoked command in '/ros2_ws/build/pendulum_demo' returned '0': AMENT_PREFIX_PATH=/ros2_ws/install/pendulum_driver:/ros2_ws/install/pendulum_controller:/ros2_ws/install/pendulum_utils:/ros2_ws/install/pendulum2_msgs:${AMENT_PREFIX_PATH} CMAKE_PREFIX_PATH=/ros2_ws/install/pendulum_driver:/ros2_ws/install/pendulum_controller:/ros2_ws/install/pendulum_utils:/ros2_ws/install/pendulum2_msgs:/opt/ros/humble LD_LIBRARY_PATH=/ros2_ws/install/pendulum_driver/lib:/ros2_ws/install/pendulum_controller/lib:/ros2_ws/install/pendulum_utils/lib:/ros2_ws/install/pendulum2_msgs/lib:${LD_LIBRARY_PATH} PYTHONPATH=/ros2_ws/install/pendulum2_msgs/local/lib/python3.10/dist-packages:${PYTHONPATH} /usr/bin/cmake --install /ros2_ws/build/pendulum_demo
