[0.038s] Invoking command in '/ros2_ws/build/as2_external_object_to_tf': AMENT_PREFIX_PATH=/ros2_ws/install/as2_core:/ros2_ws/install/as2_msgs:${AMENT_PREFIX_PATH} CMAKE_PREFIX_PATH=/ros2_ws/install/as2_core:/ros2_ws/install/as2_msgs:/opt/ros/humble LD_LIBRARY_PATH=/ros2_ws/install/as2_core/lib:/ros2_ws/install/as2_msgs/lib:${LD_LIBRARY_PATH} PYTHONPATH=/ros2_ws/install/as2_core/local/lib/python3.10/dist-packages:/ros2_ws/install/as2_msgs/local/lib/python3.10/dist-packages:${PYTHONPATH} /usr/bin/cmake /ros2_ws/src/aerostack2/as2_utilities/as2_external_object_to_tf -DCMAKE_BUILD_TYPE=Release -DAMENT_CMAKE_SYMLINK_INSTALL=1 -DCMAKE_INSTALL_PREFIX=/ros2_ws/install/as2_external_object_to_tf
[0.168s] -- The C compiler identification is GNU 11.4.0
[0.299s] -- The CXX compiler identification is GNU 11.4.0
[0.316s] -- Detecting C compiler ABI info
[0.485s] -- Detecting C compiler ABI info - done
[0.506s] -- Check for working C compiler: /usr/bin/cc - skipped
[0.507s] -- Detecting C compile features
[0.508s] -- Detecting C compile features - done
[0.516s] -- Detecting CXX compiler ABI info
[0.702s] -- Detecting CXX compiler ABI info - done
[0.728s] -- Check for working CXX compiler: /usr/bin/c++ - skipped
[0.729s] -- Detecting CXX compile features
[0.730s] -- Detecting CXX compile features - done
[0.740s] -- Found ament_cmake: 1.3.12 (/opt/ros/humble/share/ament_cmake/cmake)
[1.121s] -- Found Python3: /usr/bin/python3 (found version "3.10.12") found components: Interpreter 
[1.295s] -- Override CMake install command with custom implementation using symlinks instead of copying resources
[1.406s] -- Found rclcpp: 16.0.16 (/opt/ros/humble/share/rclcpp/cmake)
[1.557s] -- Found rosidl_generator_c: 3.1.7 (/opt/ros/humble/share/rosidl_generator_c/cmake)
[1.581s] -- Found rosidl_adapter: 3.1.7 (/opt/ros/humble/share/rosidl_adapter/cmake)
[1.610s] -- Found rosidl_generator_cpp: 3.1.7 (/opt/ros/humble/share/rosidl_generator_cpp/cmake)
[1.651s] -- Using all available rosidl_typesupport_c: rosidl_typesupport_fastrtps_c;rosidl_typesupport_introspection_c
[1.712s] -- Using all available rosidl_typesupport_cpp: rosidl_typesupport_fastrtps_cpp;rosidl_typesupport_introspection_cpp
[1.882s] -- Found rmw_implementation_cmake: 6.1.2 (/opt/ros/humble/share/rmw_implementation_cmake/cmake)
[1.891s] -- Found rmw_cyclonedds_cpp: 1.3.4 (/opt/ros/humble/share/rmw_cyclonedds_cpp/cmake)
[1.960s] -- Using RMW implementation 'rmw_cyclonedds_cpp' as default
[1.994s] -- Looking for pthread.h
[2.158s] -- Looking for pthread.h - found
[2.158s] -- Performing Test CMAKE_HAVE_LIBC_PTHREAD
[2.334s] -- Performing Test CMAKE_HAVE_LIBC_PTHREAD - Success
[2.338s] -- Found Threads: TRUE  
[2.524s] -- Found as2_core: 1.1.3 (/ros2_ws/install/as2_core/share/as2_core/cmake)
[2.533s] -- Created yaml-cpp::yaml-cpp alias from yaml-cpp target
[2.537s] -- Created GeographicLib::GeographicLib target from legacy variables
[3.058s] -- Found eigen3_cmake_module: 0.1.1 (/opt/ros/humble/share/eigen3_cmake_module/cmake)
[3.061s] -- Found Eigen3: TRUE (found version "3.4.0") 
[3.061s] -- Ensuring Eigen3 include directory is part of orocos-kdl CMake target
[3.541s] -- Found mocap4r2_msgs: 0.0.6 (/opt/ros/humble/share/mocap4r2_msgs/cmake)
[3.636s] -- Found ament_lint_auto: 0.12.14 (/opt/ros/humble/share/ament_lint_auto/cmake)
[3.914s] -- Found gtest sources under '/opt/ros/humble/src/gtest_vendor': C++ tests using 'Google Test' will be built
[3.944s] -- Added test 'copyright' to check source files copyright and LICENSE
[3.948s] -- Added test 'cppcheck' to perform static code analysis on C / C++ code
[3.949s] -- Configured cppcheck include dirs: /ros2_ws/src/aerostack2/as2_utilities/as2_external_object_to_tf/include;/ros2_ws/src/aerostack2/as2_utilities/as2_external_object_to_tf/include/as2_external_object_to_tf
[3.950s] -- Configured cppcheck exclude dirs and/or files: 
[3.953s] -- Added test 'cpplint' to check C / C++ code against the Google style
[3.953s] -- Configured cpplint exclude dirs and/or files: 
[3.954s] -- Added test 'flake8' to check Python code syntax and style conventions
[3.959s] -- Added test 'lint_cmake' to check CMake code style
[3.969s] -- Added test 'pep257' to check Python code against some of the docstring style conventions in PEP 257
[3.970s] -- Added test 'uncrustify' to check C / C++ code style
[3.970s] -- Configured uncrustify additional arguments: 
[3.972s] -- Added test 'xmllint' to check XML markup files
[3.972s] -- Configuring done
[4.064s] -- Generating done
[4.112s] -- Build files have been written to: /ros2_ws/build/as2_external_object_to_tf
[4.145s] Invoked command in '/ros2_ws/build/as2_external_object_to_tf' returned '0': AMENT_PREFIX_PATH=/ros2_ws/install/as2_core:/ros2_ws/install/as2_msgs:${AMENT_PREFIX_PATH} CMAKE_PREFIX_PATH=/ros2_ws/install/as2_core:/ros2_ws/install/as2_msgs:/opt/ros/humble LD_LIBRARY_PATH=/ros2_ws/install/as2_core/lib:/ros2_ws/install/as2_msgs/lib:${LD_LIBRARY_PATH} PYTHONPATH=/ros2_ws/install/as2_core/local/lib/python3.10/dist-packages:/ros2_ws/install/as2_msgs/local/lib/python3.10/dist-packages:${PYTHONPATH} /usr/bin/cmake /ros2_ws/src/aerostack2/as2_utilities/as2_external_object_to_tf -DCMAKE_BUILD_TYPE=Release -DAMENT_CMAKE_SYMLINK_INSTALL=1 -DCMAKE_INSTALL_PREFIX=/ros2_ws/install/as2_external_object_to_tf
[4.146s] Invoking command in '/ros2_ws/build/as2_external_object_to_tf': AMENT_PREFIX_PATH=/ros2_ws/install/as2_core:/ros2_ws/install/as2_msgs:${AMENT_PREFIX_PATH} CMAKE_PREFIX_PATH=/ros2_ws/install/as2_core:/ros2_ws/install/as2_msgs:/opt/ros/humble LD_LIBRARY_PATH=/ros2_ws/install/as2_core/lib:/ros2_ws/install/as2_msgs/lib:${LD_LIBRARY_PATH} PYTHONPATH=/ros2_ws/install/as2_core/local/lib/python3.10/dist-packages:/ros2_ws/install/as2_msgs/local/lib/python3.10/dist-packages:${PYTHONPATH} /usr/bin/cmake --build /ros2_ws/build/as2_external_object_to_tf -- -j8 -l8
[4.409s] [  9%] [32mBuilding CXX object CMakeFiles/as2_external_object_to_tf.dir/src/as2_external_object_to_tf.cpp.o[0m
[4.410s] [ 18%] [32mBuilding CXX object gtest/CMakeFiles/gtest_main.dir/src/gtest_main.cc.o[0m
[4.431s] [ 27%] [32mBuilding CXX object gtest/CMakeFiles/gtest.dir/src/gtest-all.cc.o[0m
[4.443s] [ 36%] [32mBuilding CXX object CMakeFiles/as2_external_object_to_tf_node.dir/src/as2_external_object_to_tf.cpp.o[0m
[4.459s] [ 45%] [32mBuilding CXX object CMakeFiles/as2_external_object_to_tf_node.dir/src/as2_external_object_to_tf_node.cpp.o[0m
[16.479s] [ 54%] [32m[1mLinking CXX static library libgtest_main.a[0m
[16.801s] [ 54%] Built target gtest_main
[68.669s] [ 63%] [32m[1mLinking CXX static library libgtest.a[0m
[68.927s] [ 63%] Built target gtest
[121.162s] [ 72%] [32m[1mLinking CXX static library libas2_external_object_to_tf.a[0m
[121.578s] [ 72%] Built target as2_external_object_to_tf
[124.541s] [ 81%] [32m[1mLinking CXX executable as2_external_object_to_tf_node[0m
[125.587s] [ 81%] Built target as2_external_object_to_tf_node
[125.695s] [ 90%] [32mBuilding CXX object tests/CMakeFiles/as2_external_object_to_tf_as2_external_object_to_tf_gtest.dir/as2_external_object_to_tf_gtest.cpp.o[0m
[137.903s] [100%] [32m[1mLinking CXX executable as2_external_object_to_tf_as2_external_object_to_tf_gtest[0m
[138.913s] [100%] Built target as2_external_object_to_tf_as2_external_object_to_tf_gtest
[138.979s] Invoked command in '/ros2_ws/build/as2_external_object_to_tf' returned '0': AMENT_PREFIX_PATH=/ros2_ws/install/as2_core:/ros2_ws/install/as2_msgs:${AMENT_PREFIX_PATH} CMAKE_PREFIX_PATH=/ros2_ws/install/as2_core:/ros2_ws/install/as2_msgs:/opt/ros/humble LD_LIBRARY_PATH=/ros2_ws/install/as2_core/lib:/ros2_ws/install/as2_msgs/lib:${LD_LIBRARY_PATH} PYTHONPATH=/ros2_ws/install/as2_core/local/lib/python3.10/dist-packages:/ros2_ws/install/as2_msgs/local/lib/python3.10/dist-packages:${PYTHONPATH} /usr/bin/cmake --build /ros2_ws/build/as2_external_object_to_tf -- -j8 -l8
[138.983s] Invoking command in '/ros2_ws/build/as2_external_object_to_tf': AMENT_PREFIX_PATH=/ros2_ws/install/as2_core:/ros2_ws/install/as2_msgs:${AMENT_PREFIX_PATH} CMAKE_PREFIX_PATH=/ros2_ws/install/as2_core:/ros2_ws/install/as2_msgs:/opt/ros/humble LD_LIBRARY_PATH=/ros2_ws/install/as2_core/lib:/ros2_ws/install/as2_msgs/lib:${LD_LIBRARY_PATH} PYTHONPATH=/ros2_ws/install/as2_core/local/lib/python3.10/dist-packages:/ros2_ws/install/as2_msgs/local/lib/python3.10/dist-packages:${PYTHONPATH} /usr/bin/cmake --install /ros2_ws/build/as2_external_object_to_tf
[193.337s] -- Install configuration: "Release"
[193.338s] -- Execute custom install script
[193.338s] -- Symlinking: /ros2_ws/install/as2_external_object_to_tf/include/as2_external_object_to_tf/as2_external_object_to_tf.hpp
[193.339s] -- Symlinking: /ros2_ws/install/as2_external_object_to_tf/share/as2_external_object_to_tf/launch/as2_external_object_to_tf_launch.py
[193.339s] -- Symlinking: /ros2_ws/install/as2_external_object_to_tf/share/as2_external_object_to_tf/config/external_objects.yaml
[193.340s] -- Symlinking: /ros2_ws/install/as2_external_object_to_tf/lib/as2_external_object_to_tf/as2_external_object_to_tf_node
[193.342s] -- Symlinking: /ros2_ws/install/as2_external_object_to_tf/share/ament_index/resource_index/package_run_dependencies/as2_external_object_to_tf
[193.342s] -- Symlinking: /ros2_ws/install/as2_external_object_to_tf/share/ament_index/resource_index/parent_prefix_path/as2_external_object_to_tf
[193.342s] -- Symlinking: /ros2_ws/install/as2_external_object_to_tf/share/as2_external_object_to_tf/environment/ament_prefix_path.sh
[193.342s] -- Symlinking: /ros2_ws/install/as2_external_object_to_tf/share/as2_external_object_to_tf/environment/ament_prefix_path.dsv
[193.342s] -- Symlinking: /ros2_ws/install/as2_external_object_to_tf/share/as2_external_object_to_tf/environment/path.sh
[193.343s] -- Symlinking: /ros2_ws/install/as2_external_object_to_tf/share/as2_external_object_to_tf/environment/path.dsv
[193.343s] -- Symlinking: /ros2_ws/install/as2_external_object_to_tf/share/as2_external_object_to_tf/local_setup.bash
[193.343s] -- Symlinking: /ros2_ws/install/as2_external_object_to_tf/share/as2_external_object_to_tf/local_setup.sh
[193.343s] -- Symlinking: /ros2_ws/install/as2_external_object_to_tf/share/as2_external_object_to_tf/local_setup.zsh
[193.343s] -- Symlinking: /ros2_ws/install/as2_external_object_to_tf/share/as2_external_object_to_tf/local_setup.dsv
[193.343s] -- Symlinking: /ros2_ws/install/as2_external_object_to_tf/share/as2_external_object_to_tf/package.dsv
[193.343s] -- Symlinking: /ros2_ws/install/as2_external_object_to_tf/share/ament_index/resource_index/packages/as2_external_object_to_tf
[193.344s] -- Symlinking: /ros2_ws/install/as2_external_object_to_tf/share/as2_external_object_to_tf/cmake/ament_cmake_export_dependencies-extras.cmake
[193.344s] -- Symlinking: /ros2_ws/install/as2_external_object_to_tf/share/as2_external_object_to_tf/cmake/as2_external_object_to_tfConfig.cmake
[193.344s] -- Symlinking: /ros2_ws/install/as2_external_object_to_tf/share/as2_external_object_to_tf/cmake/as2_external_object_to_tfConfig-version.cmake
[193.344s] -- Symlinking: /ros2_ws/install/as2_external_object_to_tf/share/as2_external_object_to_tf/package.xml
[193.344s] -- Installing: /ros2_ws/install/as2_external_object_to_tf/lib/libas2_external_object_to_tf.a
[193.351s] Invoked command in '/ros2_ws/build/as2_external_object_to_tf' returned '0': AMENT_PREFIX_PATH=/ros2_ws/install/as2_core:/ros2_ws/install/as2_msgs:${AMENT_PREFIX_PATH} CMAKE_PREFIX_PATH=/ros2_ws/install/as2_core:/ros2_ws/install/as2_msgs:/opt/ros/humble LD_LIBRARY_PATH=/ros2_ws/install/as2_core/lib:/ros2_ws/install/as2_msgs/lib:${LD_LIBRARY_PATH} PYTHONPATH=/ros2_ws/install/as2_core/local/lib/python3.10/dist-packages:/ros2_ws/install/as2_msgs/local/lib/python3.10/dist-packages:${PYTHONPATH} /usr/bin/cmake --install /ros2_ws/build/as2_external_object_to_tf
