-- The C compiler identification is GNU 11.4.0
-- The CXX compiler identification is GNU 11.4.0
-- Detecting C compiler ABI info
-- Detecting C compiler ABI info - done
-- Check for working C compiler: /usr/bin/cc - skipped
-- Detecting C compile features
-- Detecting C compile features - done
-- Detecting CXX compiler ABI info
-- Detecting CXX compiler ABI info - done
-- Check for working CXX compiler: /usr/bin/c++ - skipped
-- Detecting CXX compile features
-- Detecting CXX compile features - done
-- Found ament_cmake: 1.3.12 (/opt/ros/humble/share/ament_cmake/cmake)
-- Found Python3: /usr/bin/python3 (found version "3.10.12") found components: Interpreter 
-- Override CMake install command with custom implementation using symlinks instead of copying resources
-- Found ament_lint_auto: 0.12.14 (/opt/ros/humble/share/ament_lint_auto/cmake)
-- Found rosidl_default_generators: 1.2.0 (/opt/ros/humble/share/rosidl_default_generators/cmake)
-- Using all available rosidl_typesupport_c: rosidl_typesupport_fastrtps_c;rosidl_typesupport_introspection_c
-- Found rosidl_adapter: 3.1.7 (/opt/ros/humble/share/rosidl_adapter/cmake)
-- Using all available rosidl_typesupport_cpp: rosidl_typesupport_fastrtps_cpp;rosidl_typesupport_introspection_cpp
-- Found ament_cmake_ros: 0.10.0 (/opt/ros/humble/share/ament_cmake_ros/cmake)
-- Using all available rosidl_typesupport_c: rosidl_typesupport_fastrtps_c;rosidl_typesupport_introspection_c
-- Using all available rosidl_typesupport_cpp: rosidl_typesupport_fastrtps_cpp;rosidl_typesupport_introspection_cpp
-- Found PythonInterp: /usr/bin/python3 (found suitable version "3.10.12", minimum required is "3.6") 
-- Found python_cmake_module: 0.10.0 (/opt/ros/humble/share/python_cmake_module/cmake)
-- Found PythonLibs: /usr/lib/x86_64-linux-gnu/libpython3.10.so (found suitable version "3.10.12", minimum required is "3.5") 
-- Using PYTHON_EXECUTABLE: /usr/bin/python3
-- Using PYTHON_INCLUDE_DIRS: /usr/include/python3.10
-- Using PYTHON_LIBRARIES: /usr/lib/x86_64-linux-gnu/libpython3.10.so
-- Found PythonExtra: .so  
-- Added test 'flake8' to check Python code syntax and style conventions
-- Added test 'lint_cmake' to check CMake code style
-- Added test 'pep257' to check Python code against some of the docstring style conventions in PEP 257
-- Added test 'xmllint' to check XML markup files
-- Configuring done
-- Generating done
-- Build files have been written to: /ros2_ws/build/ros2_robotiqgripper
[  3%] [34m[1mGenerating C++ code for ROS interfaces[0m
[  3%] Built target ros2_robotiqgripper__cpp
[  3%] Built target ament_cmake_python_symlink_ros2_robotiqgripper
[  6%] [34m[1mGenerating C++ type support dispatch for ROS interfaces[0m
[  9%] [32mBuilding CXX object CMakeFiles/ros2_robotiqgripper__rosidl_typesupport_cpp.dir/rosidl_typesupport_cpp/ros2_robotiqgripper/srv/robotiq_gripper__type_support.cpp.o[0m
[ 12%] [32m[1mLinking CXX shared library libros2_robotiqgripper__rosidl_typesupport_cpp.so[0m
[ 12%] Built target ros2_robotiqgripper__rosidl_typesupport_cpp
running egg_info
creating ros2_robotiqgripper.egg-info
writing ros2_robotiqgripper.egg-info/PKG-INFO
writing dependency_links to ros2_robotiqgripper.egg-info/dependency_links.txt
writing top-level names to ros2_robotiqgripper.egg-info/top_level.txt
writing manifest file 'ros2_robotiqgripper.egg-info/SOURCES.txt'
reading manifest file 'ros2_robotiqgripper.egg-info/SOURCES.txt'
writing manifest file 'ros2_robotiqgripper.egg-info/SOURCES.txt'
[ 12%] Built target ament_cmake_python_build_ros2_robotiqgripper_egg
[ 16%] [34m[1mGenerating C++ introspection for ROS interfaces[0m
[ 19%] [32mBuilding CXX object CMakeFiles/ros2_robotiqgripper__rosidl_typesupport_introspection_cpp.dir/rosidl_typesupport_introspection_cpp/ros2_robotiqgripper/srv/detail/robotiq_gripper__type_support.cpp.o[0m
[ 22%] [32m[1mLinking CXX shared library libros2_robotiqgripper__rosidl_typesupport_introspection_cpp.so[0m
[ 22%] Built target ros2_robotiqgripper__rosidl_typesupport_introspection_cpp
[ 25%] [34m[1mGenerating C++ type support for eProsima Fast-RTPS[0m
[ 29%] [32mBuilding CXX object CMakeFiles/ros2_robotiqgripper__rosidl_typesupport_fastrtps_cpp.dir/rosidl_typesupport_fastrtps_cpp/ros2_robotiqgripper/srv/detail/dds_fastrtps/robotiq_gripper__type_support.cpp.o[0m
[ 32%] [32m[1mLinking CXX shared library libros2_robotiqgripper__rosidl_typesupport_fastrtps_cpp.so[0m
[ 32%] Built target ros2_robotiqgripper__rosidl_typesupport_fastrtps_cpp
[ 35%] [34m[1mGenerating C code for ROS interfaces[0m
[ 38%] [32mBuilding C object CMakeFiles/ros2_robotiqgripper__rosidl_generator_c.dir/rosidl_generator_c/ros2_robotiqgripper/srv/detail/robotiq_gripper__functions.c.o[0m
[ 41%] [32m[1mLinking C shared library libros2_robotiqgripper__rosidl_generator_c.so[0m
[ 41%] Built target ros2_robotiqgripper__rosidl_generator_c
[ 45%] [34m[1mGenerating C type support for eProsima Fast-RTPS[0m
[ 48%] [32mBuilding CXX object CMakeFiles/ros2_robotiqgripper__rosidl_typesupport_fastrtps_c.dir/rosidl_typesupport_fastrtps_c/ros2_robotiqgripper/srv/detail/robotiq_gripper__type_support_c.cpp.o[0m
[ 51%] [32m[1mLinking CXX shared library libros2_robotiqgripper__rosidl_typesupport_fastrtps_c.so[0m
[ 51%] Built target ros2_robotiqgripper__rosidl_typesupport_fastrtps_c
[ 54%] [34m[1mGenerating C type support dispatch for ROS interfaces[0m
[ 58%] [32mBuilding CXX object CMakeFiles/ros2_robotiqgripper__rosidl_typesupport_c.dir/rosidl_typesupport_c/ros2_robotiqgripper/srv/robotiq_gripper__type_support.cpp.o[0m
[ 61%] [32m[1mLinking CXX shared library libros2_robotiqgripper__rosidl_typesupport_c.so[0m
[ 61%] Built target ros2_robotiqgripper__rosidl_typesupport_c
[ 64%] [34m[1mGenerating C introspection for ROS interfaces[0m
[ 67%] [32mBuilding C object CMakeFiles/ros2_robotiqgripper__rosidl_typesupport_introspection_c.dir/rosidl_typesupport_introspection_c/ros2_robotiqgripper/srv/detail/robotiq_gripper__type_support.c.o[0m
[ 70%] [32m[1mLinking C shared library libros2_robotiqgripper__rosidl_typesupport_introspection_c.so[0m
[ 70%] Built target ros2_robotiqgripper__rosidl_typesupport_introspection_c
[ 70%] Built target ros2_robotiqgripper
[ 74%] [34m[1mGenerating Python code for ROS interfaces[0m
[ 74%] Built target ros2_robotiqgripper__py
[ 77%] [32mBuilding C object CMakeFiles/ros2_robotiqgripper__rosidl_generator_py.dir/rosidl_generator_py/ros2_robotiqgripper/srv/_robotiq_gripper_s.c.o[0m
[ 80%] [32m[1mLinking C shared library rosidl_generator_py/ros2_robotiqgripper/libros2_robotiqgripper__rosidl_generator_py.so[0m
[ 80%] Built target ros2_robotiqgripper__rosidl_generator_py
[ 83%] [32mBuilding C object CMakeFiles/ros2_robotiqgripper__rosidl_typesupport_fastrtps_c__pyext.dir/rosidl_generator_py/ros2_robotiqgripper/_ros2_robotiqgripper_s.ep.rosidl_typesupport_fastrtps_c.c.o[0m
[ 87%] [32m[1mLinking C shared library rosidl_generator_py/ros2_robotiqgripper/ros2_robotiqgripper_s__rosidl_typesupport_fastrtps_c.cpython-310-x86_64-linux-gnu.so[0m
[ 87%] Built target ros2_robotiqgripper__rosidl_typesupport_fastrtps_c__pyext
[ 90%] [32mBuilding C object CMakeFiles/ros2_robotiqgripper__rosidl_typesupport_c__pyext.dir/rosidl_generator_py/ros2_robotiqgripper/_ros2_robotiqgripper_s.ep.rosidl_typesupport_c.c.o[0m
[ 93%] [32m[1mLinking C shared library rosidl_generator_py/ros2_robotiqgripper/ros2_robotiqgripper_s__rosidl_typesupport_c.cpython-310-x86_64-linux-gnu.so[0m
[ 93%] Built target ros2_robotiqgripper__rosidl_typesupport_c__pyext
[ 96%] [32mBuilding C object CMakeFiles/ros2_robotiqgripper__rosidl_typesupport_introspection_c__pyext.dir/rosidl_generator_py/ros2_robotiqgripper/_ros2_robotiqgripper_s.ep.rosidl_typesupport_introspection_c.c.o[0m
[100%] [32m[1mLinking C shared library rosidl_generator_py/ros2_robotiqgripper/ros2_robotiqgripper_s__rosidl_typesupport_introspection_c.cpython-310-x86_64-linux-gnu.so[0m
[100%] Built target ros2_robotiqgripper__rosidl_typesupport_introspection_c__pyext
-- Install configuration: "Release"
-- Execute custom install script
-- Symlinking: /ros2_ws/install/ros2_robotiqgripper/share/ros2_robotiqgripper/srv/RobotiqGripper.srv
-- Symlinking: /ros2_ws/install/ros2_robotiqgripper/share/ros2_robotiqgripper/python/server.py
-- Symlinking: /ros2_ws/install/ros2_robotiqgripper/lib/ros2_robotiqgripper/server.py
-- Symlinking: /ros2_ws/install/ros2_robotiqgripper/share/ament_index/resource_index/rosidl_interfaces/ros2_robotiqgripper
-- Symlinking: /ros2_ws/install/ros2_robotiqgripper/include/ros2_robotiqgripper/ros2_robotiqgripper/msg/rosidl_generator_c__visibility_control.h
-- Symlinking: /ros2_ws/install/ros2_robotiqgripper/include/ros2_robotiqgripper/ros2_robotiqgripper/srv/detail/robotiq_gripper__functions.h
-- Symlinking: /ros2_ws/install/ros2_robotiqgripper/include/ros2_robotiqgripper/ros2_robotiqgripper/srv/detail/robotiq_gripper__struct.h
-- Symlinking: /ros2_ws/install/ros2_robotiqgripper/include/ros2_robotiqgripper/ros2_robotiqgripper/srv/detail/robotiq_gripper__type_support.h
-- Symlinking: /ros2_ws/install/ros2_robotiqgripper/include/ros2_robotiqgripper/ros2_robotiqgripper/srv/robotiq_gripper.h
-- Symlinking: /ros2_ws/install/ros2_robotiqgripper/share/ros2_robotiqgripper/environment/library_path.sh
-- Symlinking: /ros2_ws/install/ros2_robotiqgripper/share/ros2_robotiqgripper/environment/library_path.dsv
-- Symlinking: /ros2_ws/install/ros2_robotiqgripper/include/ros2_robotiqgripper/ros2_robotiqgripper/msg/rosidl_typesupport_fastrtps_c__visibility_control.h
-- Symlinking: /ros2_ws/install/ros2_robotiqgripper/include/ros2_robotiqgripper/ros2_robotiqgripper/srv/detail/robotiq_gripper__rosidl_typesupport_fastrtps_c.h
-- Symlinking: /ros2_ws/install/ros2_robotiqgripper/include/ros2_robotiqgripper/ros2_robotiqgripper/msg/rosidl_typesupport_introspection_c__visibility_control.h
-- Symlinking: /ros2_ws/install/ros2_robotiqgripper/include/ros2_robotiqgripper/ros2_robotiqgripper/srv/detail/robotiq_gripper__rosidl_typesupport_introspection_c.h
-- Symlinking: /ros2_ws/install/ros2_robotiqgripper/include/ros2_robotiqgripper/ros2_robotiqgripper/msg/rosidl_generator_cpp__visibility_control.hpp
-- Symlinking: /ros2_ws/install/ros2_robotiqgripper/include/ros2_robotiqgripper/ros2_robotiqgripper/srv/detail/robotiq_gripper__builder.hpp
-- Symlinking: /ros2_ws/install/ros2_robotiqgripper/include/ros2_robotiqgripper/ros2_robotiqgripper/srv/detail/robotiq_gripper__struct.hpp
-- Symlinking: /ros2_ws/install/ros2_robotiqgripper/include/ros2_robotiqgripper/ros2_robotiqgripper/srv/detail/robotiq_gripper__traits.hpp
-- Symlinking: /ros2_ws/install/ros2_robotiqgripper/include/ros2_robotiqgripper/ros2_robotiqgripper/srv/detail/robotiq_gripper__type_support.hpp
-- Symlinking: /ros2_ws/install/ros2_robotiqgripper/include/ros2_robotiqgripper/ros2_robotiqgripper/srv/robotiq_gripper.hpp
-- Symlinking: /ros2_ws/install/ros2_robotiqgripper/include/ros2_robotiqgripper/ros2_robotiqgripper/msg/rosidl_typesupport_fastrtps_cpp__visibility_control.h
-- Symlinking: /ros2_ws/install/ros2_robotiqgripper/include/ros2_robotiqgripper/ros2_robotiqgripper/srv/detail/robotiq_gripper__rosidl_typesupport_fastrtps_cpp.hpp
-- Symlinking: /ros2_ws/install/ros2_robotiqgripper/include/ros2_robotiqgripper/ros2_robotiqgripper/srv/detail/robotiq_gripper__rosidl_typesupport_introspection_cpp.hpp
-- Symlinking: /ros2_ws/install/ros2_robotiqgripper/share/ros2_robotiqgripper/environment/pythonpath.sh
-- Symlinking: /ros2_ws/install/ros2_robotiqgripper/share/ros2_robotiqgripper/environment/pythonpath.dsv
-- Symlinking: /ros2_ws/install/ros2_robotiqgripper/local/lib/python3.10/dist-packages/ros2_robotiqgripper-1.0.0-py3.10.egg-info/PKG-INFO
-- Symlinking: /ros2_ws/install/ros2_robotiqgripper/local/lib/python3.10/dist-packages/ros2_robotiqgripper-1.0.0-py3.10.egg-info/SOURCES.txt
-- Symlinking: /ros2_ws/install/ros2_robotiqgripper/local/lib/python3.10/dist-packages/ros2_robotiqgripper-1.0.0-py3.10.egg-info/dependency_links.txt
-- Symlinking: /ros2_ws/install/ros2_robotiqgripper/local/lib/python3.10/dist-packages/ros2_robotiqgripper-1.0.0-py3.10.egg-info/top_level.txt
-- Symlinking: /ros2_ws/install/ros2_robotiqgripper/local/lib/python3.10/dist-packages/ros2_robotiqgripper/__init__.py
-- Symlinking: /ros2_ws/install/ros2_robotiqgripper/local/lib/python3.10/dist-packages/ros2_robotiqgripper/_ros2_robotiqgripper_s.ep.rosidl_typesupport_c.c
-- Symlinking: /ros2_ws/install/ros2_robotiqgripper/local/lib/python3.10/dist-packages/ros2_robotiqgripper/_ros2_robotiqgripper_s.ep.rosidl_typesupport_fastrtps_c.c
-- Symlinking: /ros2_ws/install/ros2_robotiqgripper/local/lib/python3.10/dist-packages/ros2_robotiqgripper/_ros2_robotiqgripper_s.ep.rosidl_typesupport_introspection_c.c
-- Symlinking: /ros2_ws/install/ros2_robotiqgripper/local/lib/python3.10/dist-packages/ros2_robotiqgripper/libros2_robotiqgripper__rosidl_generator_py.so
-- Symlinking: /ros2_ws/install/ros2_robotiqgripper/local/lib/python3.10/dist-packages/ros2_robotiqgripper/ros2_robotiqgripper_s__rosidl_typesupport_c.cpython-310-x86_64-linux-gnu.so
-- Symlinking: /ros2_ws/install/ros2_robotiqgripper/local/lib/python3.10/dist-packages/ros2_robotiqgripper/ros2_robotiqgripper_s__rosidl_typesupport_fastrtps_c.cpython-310-x86_64-linux-gnu.so
-- Symlinking: /ros2_ws/install/ros2_robotiqgripper/local/lib/python3.10/dist-packages/ros2_robotiqgripper/ros2_robotiqgripper_s__rosidl_typesupport_introspection_c.cpython-310-x86_64-linux-gnu.so
-- Symlinking: /ros2_ws/install/ros2_robotiqgripper/local/lib/python3.10/dist-packages/ros2_robotiqgripper/srv/__init__.py
-- Symlinking: /ros2_ws/install/ros2_robotiqgripper/local/lib/python3.10/dist-packages/ros2_robotiqgripper/srv/_robotiq_gripper.py
-- Symlinking: /ros2_ws/install/ros2_robotiqgripper/local/lib/python3.10/dist-packages/ros2_robotiqgripper/srv/_robotiq_gripper_s.c
-- Up-to-date symlink: /ros2_ws/install/ros2_robotiqgripper/local/lib/python3.10/dist-packages/ros2_robotiqgripper/ros2_robotiqgripper_s__rosidl_typesupport_fastrtps_c.cpython-310-x86_64-linux-gnu.so
-- Up-to-date symlink: /ros2_ws/install/ros2_robotiqgripper/local/lib/python3.10/dist-packages/ros2_robotiqgripper/ros2_robotiqgripper_s__rosidl_typesupport_introspection_c.cpython-310-x86_64-linux-gnu.so
-- Up-to-date symlink: /ros2_ws/install/ros2_robotiqgripper/local/lib/python3.10/dist-packages/ros2_robotiqgripper/ros2_robotiqgripper_s__rosidl_typesupport_c.cpython-310-x86_64-linux-gnu.so
-- Symlinking: /ros2_ws/install/ros2_robotiqgripper/share/ros2_robotiqgripper/srv/RobotiqGripper.idl
-- Up-to-date symlink: /ros2_ws/install/ros2_robotiqgripper/share/ros2_robotiqgripper/srv/RobotiqGripper.srv
-- Symlinking: /ros2_ws/install/ros2_robotiqgripper/share/ros2_robotiqgripper/srv/RobotiqGripper_Request.msg
-- Symlinking: /ros2_ws/install/ros2_robotiqgripper/share/ros2_robotiqgripper/srv/RobotiqGripper_Response.msg
-- Symlinking: /ros2_ws/install/ros2_robotiqgripper/share/ament_index/resource_index/package_run_dependencies/ros2_robotiqgripper
-- Symlinking: /ros2_ws/install/ros2_robotiqgripper/share/ament_index/resource_index/parent_prefix_path/ros2_robotiqgripper
-- Symlinking: /ros2_ws/install/ros2_robotiqgripper/share/ros2_robotiqgripper/environment/ament_prefix_path.sh
-- Symlinking: /ros2_ws/install/ros2_robotiqgripper/share/ros2_robotiqgripper/environment/ament_prefix_path.dsv
-- Symlinking: /ros2_ws/install/ros2_robotiqgripper/share/ros2_robotiqgripper/environment/path.sh
-- Symlinking: /ros2_ws/install/ros2_robotiqgripper/share/ros2_robotiqgripper/environment/path.dsv
-- Symlinking: /ros2_ws/install/ros2_robotiqgripper/share/ros2_robotiqgripper/local_setup.bash
-- Symlinking: /ros2_ws/install/ros2_robotiqgripper/share/ros2_robotiqgripper/local_setup.sh
-- Symlinking: /ros2_ws/install/ros2_robotiqgripper/share/ros2_robotiqgripper/local_setup.zsh
-- Symlinking: /ros2_ws/install/ros2_robotiqgripper/share/ros2_robotiqgripper/local_setup.dsv
-- Symlinking: /ros2_ws/install/ros2_robotiqgripper/share/ros2_robotiqgripper/package.dsv
-- Symlinking: /ros2_ws/install/ros2_robotiqgripper/share/ament_index/resource_index/packages/ros2_robotiqgripper
-- Symlinking: /ros2_ws/install/ros2_robotiqgripper/share/ros2_robotiqgripper/cmake/rosidl_cmake-extras.cmake
-- Symlinking: /ros2_ws/install/ros2_robotiqgripper/share/ros2_robotiqgripper/cmake/ament_cmake_export_include_directories-extras.cmake
-- Symlinking: /ros2_ws/install/ros2_robotiqgripper/share/ros2_robotiqgripper/cmake/ament_cmake_export_libraries-extras.cmake
-- Symlinking: /ros2_ws/install/ros2_robotiqgripper/share/ros2_robotiqgripper/cmake/ament_cmake_export_targets-extras.cmake
-- Symlinking: /ros2_ws/install/ros2_robotiqgripper/share/ros2_robotiqgripper/cmake/rosidl_cmake_export_typesupport_targets-extras.cmake
-- Symlinking: /ros2_ws/install/ros2_robotiqgripper/share/ros2_robotiqgripper/cmake/ament_cmake_export_dependencies-extras.cmake
-- Symlinking: /ros2_ws/install/ros2_robotiqgripper/share/ros2_robotiqgripper/cmake/rosidl_cmake_export_typesupport_libraries-extras.cmake
-- Symlinking: /ros2_ws/install/ros2_robotiqgripper/share/ros2_robotiqgripper/cmake/ros2_robotiqgripperConfig.cmake
-- Symlinking: /ros2_ws/install/ros2_robotiqgripper/share/ros2_robotiqgripper/cmake/ros2_robotiqgripperConfig-version.cmake
-- Symlinking: /ros2_ws/install/ros2_robotiqgripper/share/ros2_robotiqgripper/package.xml
-- Installing: /ros2_ws/install/ros2_robotiqgripper/lib/libros2_robotiqgripper__rosidl_generator_c.so
-- Set runtime path of "/ros2_ws/install/ros2_robotiqgripper/lib/libros2_robotiqgripper__rosidl_generator_c.so" to ""
-- Installing: /ros2_ws/install/ros2_robotiqgripper/lib/libros2_robotiqgripper__rosidl_typesupport_fastrtps_c.so
-- Set runtime path of "/ros2_ws/install/ros2_robotiqgripper/lib/libros2_robotiqgripper__rosidl_typesupport_fastrtps_c.so" to ""
-- Installing: /ros2_ws/install/ros2_robotiqgripper/lib/libros2_robotiqgripper__rosidl_typesupport_introspection_c.so
-- Set runtime path of "/ros2_ws/install/ros2_robotiqgripper/lib/libros2_robotiqgripper__rosidl_typesupport_introspection_c.so" to ""
-- Installing: /ros2_ws/install/ros2_robotiqgripper/lib/libros2_robotiqgripper__rosidl_typesupport_c.so
-- Set runtime path of "/ros2_ws/install/ros2_robotiqgripper/lib/libros2_robotiqgripper__rosidl_typesupport_c.so" to ""
-- Installing: /ros2_ws/install/ros2_robotiqgripper/lib/libros2_robotiqgripper__rosidl_typesupport_fastrtps_cpp.so
-- Set runtime path of "/ros2_ws/install/ros2_robotiqgripper/lib/libros2_robotiqgripper__rosidl_typesupport_fastrtps_cpp.so" to ""
-- Installing: /ros2_ws/install/ros2_robotiqgripper/lib/libros2_robotiqgripper__rosidl_typesupport_introspection_cpp.so
-- Set runtime path of "/ros2_ws/install/ros2_robotiqgripper/lib/libros2_robotiqgripper__rosidl_typesupport_introspection_cpp.so" to ""
-- Installing: /ros2_ws/install/ros2_robotiqgripper/lib/libros2_robotiqgripper__rosidl_typesupport_cpp.so
-- Set runtime path of "/ros2_ws/install/ros2_robotiqgripper/lib/libros2_robotiqgripper__rosidl_typesupport_cpp.so" to ""
Listing '/ros2_ws/install/ros2_robotiqgripper/local/lib/python3.10/dist-packages/ros2_robotiqgripper'...
Compiling '/ros2_ws/install/ros2_robotiqgripper/local/lib/python3.10/dist-packages/ros2_robotiqgripper/__init__.py'...
Listing '/ros2_ws/install/ros2_robotiqgripper/local/lib/python3.10/dist-packages/ros2_robotiqgripper/srv'...
Compiling '/ros2_ws/install/ros2_robotiqgripper/local/lib/python3.10/dist-packages/ros2_robotiqgripper/srv/__init__.py'...
Compiling '/ros2_ws/install/ros2_robotiqgripper/local/lib/python3.10/dist-packages/ros2_robotiqgripper/srv/_robotiq_gripper.py'...
-- Installing: /ros2_ws/install/ros2_robotiqgripper/lib/libros2_robotiqgripper__rosidl_generator_py.so
-- Set runtime path of "/ros2_ws/install/ros2_robotiqgripper/lib/libros2_robotiqgripper__rosidl_generator_py.so" to ""
-- Installing: /ros2_ws/install/ros2_robotiqgripper/share/ros2_robotiqgripper/cmake/export_ros2_robotiqgripper__rosidl_generator_cExport.cmake
-- Installing: /ros2_ws/install/ros2_robotiqgripper/share/ros2_robotiqgripper/cmake/export_ros2_robotiqgripper__rosidl_generator_cExport-release.cmake
-- Installing: /ros2_ws/install/ros2_robotiqgripper/share/ros2_robotiqgripper/cmake/export_ros2_robotiqgripper__rosidl_typesupport_fastrtps_cExport.cmake
-- Installing: /ros2_ws/install/ros2_robotiqgripper/share/ros2_robotiqgripper/cmake/export_ros2_robotiqgripper__rosidl_typesupport_fastrtps_cExport-release.cmake
-- Installing: /ros2_ws/install/ros2_robotiqgripper/share/ros2_robotiqgripper/cmake/ros2_robotiqgripper__rosidl_typesupport_introspection_cExport.cmake
-- Installing: /ros2_ws/install/ros2_robotiqgripper/share/ros2_robotiqgripper/cmake/ros2_robotiqgripper__rosidl_typesupport_introspection_cExport-release.cmake
-- Installing: /ros2_ws/install/ros2_robotiqgripper/share/ros2_robotiqgripper/cmake/ros2_robotiqgripper__rosidl_typesupport_cExport.cmake
-- Installing: /ros2_ws/install/ros2_robotiqgripper/share/ros2_robotiqgripper/cmake/ros2_robotiqgripper__rosidl_typesupport_cExport-release.cmake
-- Installing: /ros2_ws/install/ros2_robotiqgripper/share/ros2_robotiqgripper/cmake/export_ros2_robotiqgripper__rosidl_generator_cppExport.cmake
-- Installing: /ros2_ws/install/ros2_robotiqgripper/share/ros2_robotiqgripper/cmake/export_ros2_robotiqgripper__rosidl_typesupport_fastrtps_cppExport.cmake
-- Installing: /ros2_ws/install/ros2_robotiqgripper/share/ros2_robotiqgripper/cmake/export_ros2_robotiqgripper__rosidl_typesupport_fastrtps_cppExport-release.cmake
-- Installing: /ros2_ws/install/ros2_robotiqgripper/share/ros2_robotiqgripper/cmake/ros2_robotiqgripper__rosidl_typesupport_introspection_cppExport.cmake
-- Installing: /ros2_ws/install/ros2_robotiqgripper/share/ros2_robotiqgripper/cmake/ros2_robotiqgripper__rosidl_typesupport_introspection_cppExport-release.cmake
-- Installing: /ros2_ws/install/ros2_robotiqgripper/share/ros2_robotiqgripper/cmake/ros2_robotiqgripper__rosidl_typesupport_cppExport.cmake
-- Installing: /ros2_ws/install/ros2_robotiqgripper/share/ros2_robotiqgripper/cmake/ros2_robotiqgripper__rosidl_typesupport_cppExport-release.cmake
-- Installing: /ros2_ws/install/ros2_robotiqgripper/share/ros2_robotiqgripper/cmake/export_ros2_robotiqgripper__rosidl_generator_pyExport.cmake
-- Installing: /ros2_ws/install/ros2_robotiqgripper/share/ros2_robotiqgripper/cmake/export_ros2_robotiqgripper__rosidl_generator_pyExport-release.cmake
