[0.126s] Invoking command in '/ros2_ws/build/ros2_objectpose': AMENT_PREFIX_PATH=/ros2_ws/install/objectpose_msgs:${AMENT_PREFIX_PATH} CMAKE_PREFIX_PATH=/ros2_ws/install/objectpose_msgs:/opt/ros/humble LD_LIBRARY_PATH=/ros2_ws/install/objectpose_msgs/lib:${LD_LIBRARY_PATH} PYTHONPATH=/ros2_ws/install/objectpose_msgs/local/lib/python3.10/dist-packages:${PYTHONPATH} /usr/bin/cmake /ros2_ws/src/IFRA_ObjectPose/ros2_objectpose -DCMAKE_BUILD_TYPE=Release -DAMENT_CMAKE_SYMLINK_INSTALL=1 -DCMAKE_INSTALL_PREFIX=/ros2_ws/install/ros2_objectpose
[4.489s] -- The C compiler identification is GNU 11.4.0
[4.490s] -- The CXX compiler identification is GNU 11.4.0
[4.490s] -- Detecting C compiler ABI info
[4.490s] -- Detecting C compiler ABI info - done
[4.490s] -- Check for working C compiler: /usr/bin/cc - skipped
[4.491s] -- Detecting C compile features
[4.491s] -- Detecting C compile features - done
[4.491s] -- Detecting CXX compiler ABI info
[4.491s] -- Detecting CXX compiler ABI info - done
[4.491s] -- Check for working CXX compiler: /usr/bin/c++ - skipped
[4.491s] -- Detecting CXX compile features
[4.491s] -- Detecting CXX compile features - done
[4.492s] -- Found ament_cmake: 1.3.12 (/opt/ros/humble/share/ament_cmake/cmake)
[4.492s] -- Found Python3: /usr/bin/python3 (found version "3.10.12") found components: Interpreter 
[4.492s] -- Override CMake install command with custom implementation using symlinks instead of copying resources
[4.492s] -- Found ament_lint_auto: 0.12.14 (/opt/ros/humble/share/ament_lint_auto/cmake)
[4.492s] -- Found gazebo_ros: 3.9.0 (/opt/ros/humble/share/gazebo_ros/cmake)
[4.492s] -- Found rosidl_generator_c: 3.1.7 (/opt/ros/humble/share/rosidl_generator_c/cmake)
[4.493s] -- Found rosidl_adapter: 3.1.7 (/opt/ros/humble/share/rosidl_adapter/cmake)
[4.493s] -- Found rosidl_generator_cpp: 3.1.7 (/opt/ros/humble/share/rosidl_generator_cpp/cmake)
[4.493s] -- Using all available rosidl_typesupport_c: rosidl_typesupport_fastrtps_c;rosidl_typesupport_introspection_c
[4.493s] -- Using all available rosidl_typesupport_cpp: rosidl_typesupport_fastrtps_cpp;rosidl_typesupport_introspection_cpp
[4.493s] -- Found rmw_implementation_cmake: 6.1.2 (/opt/ros/humble/share/rmw_implementation_cmake/cmake)
[4.493s] -- Found rmw_cyclonedds_cpp: 1.3.4 (/opt/ros/humble/share/rmw_cyclonedds_cpp/cmake)
[4.494s] -- Using RMW implementation 'rmw_cyclonedds_cpp' as default
[4.494s] -- Looking for pthread.h
[4.495s] -- Looking for pthread.h - found
[4.495s] -- Performing Test CMAKE_HAVE_LIBC_PTHREAD
[4.682s] -- Performing Test CMAKE_HAVE_LIBC_PTHREAD - Success
[4.684s] -- Found Threads: TRUE  
[4.923s] -- Found PkgConfig: /usr/bin/pkg-config (found version "0.29.2") 
[4.924s] -- Checking for module 'bullet>=2.82'
[4.973s] --   Found bullet, version 3.05
[5.494s] -- Found fcl: /usr/include (found suitable version "0.7.0", minimum required is "0.5.0") 
[5.681s] -- Found assimp: /usr/include (found version "5.2.0") 
[5.748s] -- Found DART: /usr/include (Required is at least version "6.6") found components: dart 
[5.932s] -- Found Boost: /usr/lib/x86_64-linux-gnu/cmake/Boost-1.74.0/BoostConfig.cmake (found suitable version "1.74.0", minimum required is "1.40.0") found components: thread system filesystem program_options regex iostreams date_time 
[5.979s] -- Found Protobuf: /usr/lib/x86_64-linux-gnu/libprotobuf.so (found version "3.12.4") 
[5.998s] -- Looking for ignition-math6 -- found version 6.15.1
[6.017s] -- Searching for dependencies of ignition-math6
[6.020s] -- Looking for OGRE...
[6.022s] -- OGRE_PREFIX_WATCH changed.
[6.032s] -- Checking for module 'OGRE'
[6.074s] --   Found OGRE, version 1.9.0
[6.229s] -- Found Ogre Ghadamon (1.9.0)
[6.256s] -- Found OGRE: optimized;/usr/lib/x86_64-linux-gnu/libOgreMain.so;debug;/usr/lib/x86_64-linux-gnu/libOgreMain.so
[6.277s] -- Looking for OGRE_Paging...
[6.291s] -- Found OGRE_Paging: optimized;/usr/lib/x86_64-linux-gnu/libOgrePaging.so;debug;/usr/lib/x86_64-linux-gnu/libOgrePaging.so
[6.291s] -- Looking for OGRE_Terrain...
[6.306s] -- Found OGRE_Terrain: optimized;/usr/lib/x86_64-linux-gnu/libOgreTerrain.so;debug;/usr/lib/x86_64-linux-gnu/libOgreTerrain.so
[6.307s] -- Looking for OGRE_Property...
[6.318s] -- Found OGRE_Property: optimized;/usr/lib/x86_64-linux-gnu/libOgreProperty.so;debug;/usr/lib/x86_64-linux-gnu/libOgreProperty.so
[6.319s] -- Looking for OGRE_RTShaderSystem...
[6.332s] -- Found OGRE_RTShaderSystem: optimized;/usr/lib/x86_64-linux-gnu/libOgreRTShaderSystem.so;debug;/usr/lib/x86_64-linux-gnu/libOgreRTShaderSystem.so
[6.332s] -- Looking for OGRE_Volume...
[6.348s] -- Found OGRE_Volume: optimized;/usr/lib/x86_64-linux-gnu/libOgreVolume.so;debug;/usr/lib/x86_64-linux-gnu/libOgreVolume.so
[6.349s] -- Looking for OGRE_Overlay...
[6.362s] -- Found OGRE_Overlay: optimized;/usr/lib/x86_64-linux-gnu/libOgreOverlay.so;debug;/usr/lib/x86_64-linux-gnu/libOgreOverlay.so
[6.648s] -- Looking for ignition-math6 -- found version 6.15.1
[6.658s] -- Looking for ignition-transport8 -- found version 8.2.1
[6.659s] -- Searching for dependencies of ignition-transport8
[6.720s] -- Found Protobuf: /usr/lib/x86_64-linux-gnu/libprotobuf.so (found suitable version "3.12.4", minimum required is "3") 
[6.763s] -- Config-file not installed for ZeroMQ -- checking for pkg-config
[6.777s] -- Checking for module 'libzmq >= 4'
[6.829s] --   Found libzmq , version 4.3.4
[6.952s] -- Found ZeroMQ: TRUE (Required is at least version "4") 
[6.984s] -- Checking for module 'uuid'
[7.054s] --   Found uuid, version 2.37.2
[7.182s] -- Found UUID: TRUE  
[7.194s] -- Looking for ignition-msgs5 -- found version 5.8.1
[7.195s] -- Searching for dependencies of ignition-msgs5
[7.267s] -- Looking for ignition-math6 -- found version 6.15.1
[7.279s] -- Checking for module 'tinyxml2'
[7.308s] --   Found tinyxml2, version 9.0.0
[7.407s] -- Looking for ignition-msgs5 -- found version 5.8.1
[7.418s] -- Looking for ignition-common3 -- found version 3.14.0
[7.420s] -- Searching for dependencies of ignition-common3
[7.421s] -- Looking for dlfcn.h - found
[7.424s] -- Looking for libdl - found
[7.428s] -- Found DL: TRUE  
[7.465s] -- Found tinyobjloader: /usr/lib/x86_64-linux-gnu/cmake/tinyobjloader/tinyobjloader-config.cmake (found version "2.0.0") 
[7.466s] -- Searching for <ignition-common3> component [graphics]
[7.477s] -- Looking for ignition-common3-graphics -- found version 3.14.0
[7.479s] -- Searching for dependencies of ignition-common3-graphics
[7.481s] -- Looking for ignition-math6 -- found version 6.15.1
[7.494s] -- Looking for ignition-fuel_tools4 -- found version 4.4.0
[7.496s] -- Searching for dependencies of ignition-fuel_tools4
[7.689s] -- Found CURL: /usr/lib/x86_64-linux-gnu/libcurl.so (found version "7.81.0")  
[7.715s] -- Checking for module 'jsoncpp'
[7.748s] --   Found jsoncpp, version 1.9.5
[7.819s] -- Found JSONCPP: TRUE  
[7.832s] -- Checking for module 'libzip'
[7.863s] --   Found libzip, version 1.7.3
[7.928s] -- Found ZIP: TRUE  
[7.929s] -- Looking for ignition-common3 -- found version 3.14.0
[7.931s] -- Looking for ignition-math6 -- found version 6.15.1
[7.932s] -- Looking for ignition-msgs5 -- found version 5.8.1
[7.946s] -- Gazebo version: 11.10
[7.948s] -- Checking for module 'tbb'
[7.982s] --   Found tbb, version 2021.5.0
[8.057s] -- Found gazebo_msgs: 3.9.0 (/opt/ros/humble/share/gazebo_msgs/cmake)
[8.228s] -- Found objectpose_msgs: 0.0.0 (/ros2_ws/install/objectpose_msgs/share/objectpose_msgs/cmake)
[8.283s] -- Added test 'copyright' to check source files copyright and LICENSE
[8.286s] -- Added test 'cppcheck' to perform static code analysis on C / C++ code
[8.288s] -- Configured cppcheck include dirs: /ros2_ws/src/IFRA_ObjectPose/ros2_objectpose/include
[8.288s] -- Configured cppcheck exclude dirs and/or files: 
[8.290s] -- Added test 'cpplint' to check C / C++ code against the Google style
[8.290s] -- Configured cpplint exclude dirs and/or files: 
[8.291s] -- Added test 'flake8' to check Python code syntax and style conventions
[8.292s] -- Added test 'lint_cmake' to check CMake code style
[8.293s] -- Added test 'pep257' to check Python code against some of the docstring style conventions in PEP 257
[8.296s] -- Added test 'uncrustify' to check C / C++ code style
[8.296s] -- Configured uncrustify additional arguments: 
[8.296s] -- Added test 'xmllint' to check XML markup files
[8.301s] -- Configuring done
[8.472s] -- Generating done
[8.486s] -- Build files have been written to: /ros2_ws/build/ros2_objectpose
[8.520s] Invoked command in '/ros2_ws/build/ros2_objectpose' returned '0': AMENT_PREFIX_PATH=/ros2_ws/install/objectpose_msgs:${AMENT_PREFIX_PATH} CMAKE_PREFIX_PATH=/ros2_ws/install/objectpose_msgs:/opt/ros/humble LD_LIBRARY_PATH=/ros2_ws/install/objectpose_msgs/lib:${LD_LIBRARY_PATH} PYTHONPATH=/ros2_ws/install/objectpose_msgs/local/lib/python3.10/dist-packages:${PYTHONPATH} /usr/bin/cmake /ros2_ws/src/IFRA_ObjectPose/ros2_objectpose -DCMAKE_BUILD_TYPE=Release -DAMENT_CMAKE_SYMLINK_INSTALL=1 -DCMAKE_INSTALL_PREFIX=/ros2_ws/install/ros2_objectpose
[8.521s] Invoking command in '/ros2_ws/build/ros2_objectpose': AMENT_PREFIX_PATH=/ros2_ws/install/objectpose_msgs:${AMENT_PREFIX_PATH} CMAKE_PREFIX_PATH=/ros2_ws/install/objectpose_msgs:/opt/ros/humble LD_LIBRARY_PATH=/ros2_ws/install/objectpose_msgs/lib:${LD_LIBRARY_PATH} PYTHONPATH=/ros2_ws/install/objectpose_msgs/local/lib/python3.10/dist-packages:${PYTHONPATH} /usr/bin/cmake --build /ros2_ws/build/ros2_objectpose -- -j8 -l8
[8.644s] [ 50%] [32mBuilding CXX object CMakeFiles/ros2_objectpose_plugin.dir/src/ros2_objectpose_plugin.cpp.o[0m
[44.920s] [100%] [32m[1mLinking CXX shared library libros2_objectpose_plugin.so[0m
[46.092s] [100%] Built target ros2_objectpose_plugin
[46.224s] Invoked command in '/ros2_ws/build/ros2_objectpose' returned '0': AMENT_PREFIX_PATH=/ros2_ws/install/objectpose_msgs:${AMENT_PREFIX_PATH} CMAKE_PREFIX_PATH=/ros2_ws/install/objectpose_msgs:/opt/ros/humble LD_LIBRARY_PATH=/ros2_ws/install/objectpose_msgs/lib:${LD_LIBRARY_PATH} PYTHONPATH=/ros2_ws/install/objectpose_msgs/local/lib/python3.10/dist-packages:${PYTHONPATH} /usr/bin/cmake --build /ros2_ws/build/ros2_objectpose -- -j8 -l8
[46.226s] Invoking command in '/ros2_ws/build/ros2_objectpose': AMENT_PREFIX_PATH=/ros2_ws/install/objectpose_msgs:${AMENT_PREFIX_PATH} CMAKE_PREFIX_PATH=/ros2_ws/install/objectpose_msgs:/opt/ros/humble LD_LIBRARY_PATH=/ros2_ws/install/objectpose_msgs/lib:${LD_LIBRARY_PATH} PYTHONPATH=/ros2_ws/install/objectpose_msgs/local/lib/python3.10/dist-packages:${PYTHONPATH} /usr/bin/cmake --install /ros2_ws/build/ros2_objectpose
[46.261s] -- Install configuration: "Release"
[46.261s] -- Execute custom install script
[46.262s] -- Symlinking: /ros2_ws/install/ros2_objectpose/share/ros2_objectpose/environment/library_path.sh
[46.262s] -- Symlinking: /ros2_ws/install/ros2_objectpose/share/ros2_objectpose/environment/library_path.dsv
[46.262s] -- Symlinking: /ros2_ws/install/ros2_objectpose/lib/libros2_objectpose_plugin.so
[46.263s] -- Symlinking: /ros2_ws/install/ros2_objectpose/share/ros2_objectpose/python/SpawnObject.py
[46.263s] -- Symlinking: /ros2_ws/install/ros2_objectpose/lib/ros2_objectpose/SpawnObject.py
[46.268s] -- Symlinking: /ros2_ws/install/ros2_objectpose/share/ament_index/resource_index/package_run_dependencies/ros2_objectpose
[46.287s] -- Symlinking: /ros2_ws/install/ros2_objectpose/share/ament_index/resource_index/parent_prefix_path/ros2_objectpose
[46.308s] -- Symlinking: /ros2_ws/install/ros2_objectpose/share/ros2_objectpose/environment/ament_prefix_path.sh
[46.325s] -- Symlinking: /ros2_ws/install/ros2_objectpose/share/ros2_objectpose/environment/ament_prefix_path.dsv
[46.342s] -- Symlinking: /ros2_ws/install/ros2_objectpose/share/ros2_objectpose/environment/path.sh
[46.359s] -- Symlinking: /ros2_ws/install/ros2_objectpose/share/ros2_objectpose/environment/path.dsv
[46.380s] -- Symlinking: /ros2_ws/install/ros2_objectpose/share/ros2_objectpose/local_setup.bash
[46.399s] -- Symlinking: /ros2_ws/install/ros2_objectpose/share/ros2_objectpose/local_setup.sh
[46.416s] -- Symlinking: /ros2_ws/install/ros2_objectpose/share/ros2_objectpose/local_setup.zsh
[46.434s] -- Symlinking: /ros2_ws/install/ros2_objectpose/share/ros2_objectpose/local_setup.dsv
[46.452s] -- Symlinking: /ros2_ws/install/ros2_objectpose/share/ros2_objectpose/package.dsv
[46.470s] -- Symlinking: /ros2_ws/install/ros2_objectpose/share/ament_index/resource_index/packages/ros2_objectpose
[46.489s] -- Symlinking: /ros2_ws/install/ros2_objectpose/share/ros2_objectpose/cmake/ament_cmake_export_libraries-extras.cmake
[46.509s] -- Symlinking: /ros2_ws/install/ros2_objectpose/share/ros2_objectpose/cmake/ros2_objectposeConfig.cmake
[46.529s] -- Symlinking: /ros2_ws/install/ros2_objectpose/share/ros2_objectpose/cmake/ros2_objectposeConfig-version.cmake
[46.546s] -- Symlinking: /ros2_ws/install/ros2_objectpose/share/ros2_objectpose/package.xml
[46.618s] Invoked command in '/ros2_ws/build/ros2_objectpose' returned '0': AMENT_PREFIX_PATH=/ros2_ws/install/objectpose_msgs:${AMENT_PREFIX_PATH} CMAKE_PREFIX_PATH=/ros2_ws/install/objectpose_msgs:/opt/ros/humble LD_LIBRARY_PATH=/ros2_ws/install/objectpose_msgs/lib:${LD_LIBRARY_PATH} PYTHONPATH=/ros2_ws/install/objectpose_msgs/local/lib/python3.10/dist-packages:${PYTHONPATH} /usr/bin/cmake --install /ros2_ws/build/ros2_objectpose
