[0.178s] Invoking command in '/ros2_ws/build/as2_behaviors_motion': AMENT_PREFIX_PATH=/ros2_ws/install/as2_motion_reference_handlers:/ros2_ws/install/as2_behavior:/ros2_ws/install/as2_core:/ros2_ws/install/as2_msgs:${AMENT_PREFIX_PATH} CMAKE_PREFIX_PATH=/ros2_ws/install/as2_motion_reference_handlers:/ros2_ws/install/as2_behavior:/ros2_ws/install/as2_core:/ros2_ws/install/as2_msgs:/opt/ros/humble LD_LIBRARY_PATH=/ros2_ws/install/as2_motion_reference_handlers/lib:/ros2_ws/install/as2_behavior/lib:/ros2_ws/install/as2_core/lib:/ros2_ws/install/as2_msgs/lib:${LD_LIBRARY_PATH} PYTHONPATH=/ros2_ws/install/as2_motion_reference_handlers/local/lib/python3.10/dist-packages:/ros2_ws/install/as2_core/local/lib/python3.10/dist-packages:/ros2_ws/install/as2_msgs/local/lib/python3.10/dist-packages:${PYTHONPATH} /usr/bin/cmake --build /ros2_ws/build/as2_behaviors_motion -- -j8 -l8
[0.270s] [35m[1mConsolidate compiler generated dependencies of target follow_path_behavior_node[0m
[0.301s] [35m[1mConsolidate compiler generated dependencies of target as2_behaviors_motion[0m
[0.322s] [35m[1mConsolidate compiler generated dependencies of target takeoff_behavior_node[0m
[0.361s] [35m[1mConsolidate compiler generated dependencies of target go_to_behavior_node[0m
[0.387s] [35m[1mConsolidate compiler generated dependencies of target land_component[0m
[0.387s] [35m[1mConsolidate compiler generated dependencies of target land_behavior_node[0m
[0.388s] [35m[1mConsolidate compiler generated dependencies of target takeoff_component[0m
[0.402s] [35m[1mConsolidate compiler generated dependencies of target follow_reference_behavior_node[0m
[0.436s] [  8%] Built target follow_path_behavior_node
[0.463s] [ 16%] Built target takeoff_behavior_node
[0.534s] [35m[1mConsolidate compiler generated dependencies of target go_to_component[0m
[0.600s] [ 24%] Built target go_to_behavior_node
[0.613s] [ 56%] Built target as2_behaviors_motion
[0.614s] [ 64%] Built target land_behavior_node
[0.617s] [ 70%] Built target takeoff_component
[0.621s] [ 75%] Built target land_component
[0.643s] [ 83%] Built target follow_reference_behavior_node
[0.664s] [35m[1mConsolidate compiler generated dependencies of target follow_path_component[0m
[0.668s] [ 89%] Built target go_to_component
[0.696s] [35m[1mConsolidate compiler generated dependencies of target follow_reference_component[0m
[0.740s] [ 94%] Built target follow_path_component
[0.802s] [100%] Built target follow_reference_component
[0.913s] Invoked command in '/ros2_ws/build/as2_behaviors_motion' returned '0': AMENT_PREFIX_PATH=/ros2_ws/install/as2_motion_reference_handlers:/ros2_ws/install/as2_behavior:/ros2_ws/install/as2_core:/ros2_ws/install/as2_msgs:${AMENT_PREFIX_PATH} CMAKE_PREFIX_PATH=/ros2_ws/install/as2_motion_reference_handlers:/ros2_ws/install/as2_behavior:/ros2_ws/install/as2_core:/ros2_ws/install/as2_msgs:/opt/ros/humble LD_LIBRARY_PATH=/ros2_ws/install/as2_motion_reference_handlers/lib:/ros2_ws/install/as2_behavior/lib:/ros2_ws/install/as2_core/lib:/ros2_ws/install/as2_msgs/lib:${LD_LIBRARY_PATH} PYTHONPATH=/ros2_ws/install/as2_motion_reference_handlers/local/lib/python3.10/dist-packages:/ros2_ws/install/as2_core/local/lib/python3.10/dist-packages:/ros2_ws/install/as2_msgs/local/lib/python3.10/dist-packages:${PYTHONPATH} /usr/bin/cmake --build /ros2_ws/build/as2_behaviors_motion -- -j8 -l8
[0.914s] Invoking command in '/ros2_ws/build/as2_behaviors_motion': AMENT_PREFIX_PATH=/ros2_ws/install/as2_motion_reference_handlers:/ros2_ws/install/as2_behavior:/ros2_ws/install/as2_core:/ros2_ws/install/as2_msgs:${AMENT_PREFIX_PATH} CMAKE_PREFIX_PATH=/ros2_ws/install/as2_motion_reference_handlers:/ros2_ws/install/as2_behavior:/ros2_ws/install/as2_core:/ros2_ws/install/as2_msgs:/opt/ros/humble LD_LIBRARY_PATH=/ros2_ws/install/as2_motion_reference_handlers/lib:/ros2_ws/install/as2_behavior/lib:/ros2_ws/install/as2_core/lib:/ros2_ws/install/as2_msgs/lib:${LD_LIBRARY_PATH} PYTHONPATH=/ros2_ws/install/as2_motion_reference_handlers/local/lib/python3.10/dist-packages:/ros2_ws/install/as2_core/local/lib/python3.10/dist-packages:/ros2_ws/install/as2_msgs/local/lib/python3.10/dist-packages:${PYTHONPATH} /usr/bin/cmake --install /ros2_ws/build/as2_behaviors_motion
[0.943s] -- Install configuration: "Release"
[0.943s] -- Execute custom install script
[0.943s] -- Up-to-date symlink: /ros2_ws/install/as2_behaviors_motion/share/as2_behaviors_motion//plugins.xml
[0.944s] -- Up-to-date symlink: /ros2_ws/install/as2_behaviors_motion/share/as2_behaviors_motion/environment/library_path.sh
[0.944s] -- Up-to-date symlink: /ros2_ws/install/as2_behaviors_motion/share/as2_behaviors_motion/environment/library_path.dsv
[0.944s] -- Up-to-date symlink: /ros2_ws/install/as2_behaviors_motion/lib/as2_behaviors_motion/follow_path_behavior_node
[0.944s] -- Up-to-date symlink: /ros2_ws/install/as2_behaviors_motion/include/follow_path_behavior/follow_path_base.hpp
[0.945s] -- Up-to-date symlink: /ros2_ws/install/as2_behaviors_motion/include/follow_path_behavior/follow_path_behavior.hpp
[0.945s] -- Up-to-date symlink: /ros2_ws/install/as2_behaviors_motion/share/as2_behaviors_motion/follow_path_behavior/config//config_default.yaml
[0.945s] -- Up-to-date symlink: /ros2_ws/install/as2_behaviors_motion/lib/as2_behaviors_motion/go_to_behavior_node
[0.946s] -- Up-to-date symlink: /ros2_ws/install/as2_behaviors_motion/include/go_to_behavior/go_to_base.hpp
[0.946s] -- Up-to-date symlink: /ros2_ws/install/as2_behaviors_motion/include/go_to_behavior/go_to_behavior.hpp
[0.946s] -- Up-to-date symlink: /ros2_ws/install/as2_behaviors_motion/share/as2_behaviors_motion/go_to_behavior/config//config_default.yaml
[0.947s] -- Up-to-date symlink: /ros2_ws/install/as2_behaviors_motion/lib/as2_behaviors_motion/land_behavior_node
[0.947s] -- Up-to-date symlink: /ros2_ws/install/as2_behaviors_motion/include/land_behavior/land_base.hpp
[0.947s] -- Up-to-date symlink: /ros2_ws/install/as2_behaviors_motion/include/land_behavior/land_behavior.hpp
[0.948s] -- Up-to-date symlink: /ros2_ws/install/as2_behaviors_motion/share/as2_behaviors_motion/land_behavior/config//config_default.yaml
[0.948s] -- Up-to-date symlink: /ros2_ws/install/as2_behaviors_motion/lib/as2_behaviors_motion/takeoff_behavior_node
[0.949s] -- Up-to-date symlink: /ros2_ws/install/as2_behaviors_motion/include/takeoff_behavior/takeoff_base.hpp
[0.949s] -- Up-to-date symlink: /ros2_ws/install/as2_behaviors_motion/include/takeoff_behavior/takeoff_behavior.hpp
[0.949s] -- Up-to-date symlink: /ros2_ws/install/as2_behaviors_motion/share/as2_behaviors_motion/takeoff_behavior/config//config_default.yaml
[0.949s] -- Up-to-date symlink: /ros2_ws/install/as2_behaviors_motion/lib/as2_behaviors_motion/follow_reference_behavior_node
[0.950s] -- Up-to-date symlink: /ros2_ws/install/as2_behaviors_motion/include/follow_reference_behavior/follow_reference_behavior.hpp
[0.950s] -- Up-to-date symlink: /ros2_ws/install/as2_behaviors_motion/share/as2_behaviors_motion/follow_reference_behavior/config//config_default.yaml
[0.950s] -- Up-to-date symlink: /ros2_ws/install/as2_behaviors_motion/lib/libtakeoff_component.so
[0.951s] -- Up-to-date symlink: /ros2_ws/install/as2_behaviors_motion/lib/libland_component.so
[0.951s] -- Up-to-date symlink: /ros2_ws/install/as2_behaviors_motion/lib/libgo_to_component.so
[0.951s] -- Up-to-date symlink: /ros2_ws/install/as2_behaviors_motion/lib/libfollow_path_component.so
[0.951s] -- Up-to-date symlink: /ros2_ws/install/as2_behaviors_motion/lib/libfollow_reference_component.so
[0.952s] -- Up-to-date symlink: /ros2_ws/install/as2_behaviors_motion/share/as2_behaviors_motion/launch/composable_follow_reference.launch.py
[0.952s] -- Up-to-date symlink: /ros2_ws/install/as2_behaviors_motion/share/as2_behaviors_motion/launch/composable_motion_behaviors.launch.py
[0.953s] -- Up-to-date symlink: /ros2_ws/install/as2_behaviors_motion/share/as2_behaviors_motion/launch/follow_path_behavior_launch.py
[0.953s] -- Up-to-date symlink: /ros2_ws/install/as2_behaviors_motion/share/as2_behaviors_motion/launch/follow_reference_behavior_launch.py
[0.954s] -- Up-to-date symlink: /ros2_ws/install/as2_behaviors_motion/share/as2_behaviors_motion/launch/go_to_behavior_launch.py
[0.954s] -- Up-to-date symlink: /ros2_ws/install/as2_behaviors_motion/share/as2_behaviors_motion/launch/land_behavior_launch.py
[0.955s] -- Up-to-date symlink: /ros2_ws/install/as2_behaviors_motion/share/as2_behaviors_motion/launch/motion_behaviors_launch.py
[0.955s] -- Up-to-date symlink: /ros2_ws/install/as2_behaviors_motion/share/as2_behaviors_motion/launch/takeoff_behavior_launch.py
[0.955s] -- Up-to-date symlink: /ros2_ws/install/as2_behaviors_motion/share/ament_index/resource_index/package_run_dependencies/as2_behaviors_motion
[0.956s] -- Up-to-date symlink: /ros2_ws/install/as2_behaviors_motion/share/ament_index/resource_index/parent_prefix_path/as2_behaviors_motion
[0.958s] -- Up-to-date symlink: /ros2_ws/install/as2_behaviors_motion/share/as2_behaviors_motion/environment/ament_prefix_path.sh
[0.959s] -- Up-to-date symlink: /ros2_ws/install/as2_behaviors_motion/share/as2_behaviors_motion/environment/ament_prefix_path.dsv
[0.959s] -- Up-to-date symlink: /ros2_ws/install/as2_behaviors_motion/share/as2_behaviors_motion/environment/path.sh
[0.960s] -- Up-to-date symlink: /ros2_ws/install/as2_behaviors_motion/share/as2_behaviors_motion/environment/path.dsv
[0.960s] -- Up-to-date symlink: /ros2_ws/install/as2_behaviors_motion/share/as2_behaviors_motion/local_setup.bash
[0.960s] -- Up-to-date symlink: /ros2_ws/install/as2_behaviors_motion/share/as2_behaviors_motion/local_setup.sh
[0.961s] -- Up-to-date symlink: /ros2_ws/install/as2_behaviors_motion/share/as2_behaviors_motion/local_setup.zsh
[0.961s] -- Up-to-date symlink: /ros2_ws/install/as2_behaviors_motion/share/as2_behaviors_motion/local_setup.dsv
[0.962s] -- Symlinking: /ros2_ws/install/as2_behaviors_motion/share/as2_behaviors_motion/package.dsv
[0.962s] -- Up-to-date symlink: /ros2_ws/install/as2_behaviors_motion/share/ament_index/resource_index/packages/as2_behaviors_motion
[0.962s] -- Up-to-date symlink: /ros2_ws/install/as2_behaviors_motion/share/ament_index/resource_index/as2_behaviors_motion__pluginlib__plugin/as2_behaviors_motion
[0.963s] -- Up-to-date symlink: /ros2_ws/install/as2_behaviors_motion/share/ament_index/resource_index/rclcpp_components/as2_behaviors_motion
[0.963s] -- Up-to-date symlink: /ros2_ws/install/as2_behaviors_motion/share/as2_behaviors_motion/cmake/ament_cmake_export_libraries-extras.cmake
[0.964s] -- Up-to-date symlink: /ros2_ws/install/as2_behaviors_motion/share/as2_behaviors_motion/cmake/ament_cmake_export_targets-extras.cmake
[0.964s] -- Up-to-date symlink: /ros2_ws/install/as2_behaviors_motion/share/as2_behaviors_motion/cmake/ament_cmake_export_include_directories-extras.cmake
[0.964s] -- Up-to-date symlink: /ros2_ws/install/as2_behaviors_motion/share/as2_behaviors_motion/cmake/as2_behaviors_motionConfig.cmake
[0.965s] -- Up-to-date symlink: /ros2_ws/install/as2_behaviors_motion/share/as2_behaviors_motion/cmake/as2_behaviors_motionConfig-version.cmake
[0.965s] -- Up-to-date symlink: /ros2_ws/install/as2_behaviors_motion/share/as2_behaviors_motion/package.xml
[0.965s] -- Up-to-date: /ros2_ws/install/as2_behaviors_motion/lib/libas2_behaviors_motion.so
[0.966s] -- Up-to-date: /ros2_ws/install/as2_behaviors_motion/share/as2_behaviors_motion/cmake/export_as2_behaviors_motionExport.cmake
[0.966s] -- Up-to-date: /ros2_ws/install/as2_behaviors_motion/share/as2_behaviors_motion/cmake/export_as2_behaviors_motionExport-release.cmake
[1.385s] Invoked command in '/ros2_ws/build/as2_behaviors_motion' returned '0': AMENT_PREFIX_PATH=/ros2_ws/install/as2_motion_reference_handlers:/ros2_ws/install/as2_behavior:/ros2_ws/install/as2_core:/ros2_ws/install/as2_msgs:${AMENT_PREFIX_PATH} CMAKE_PREFIX_PATH=/ros2_ws/install/as2_motion_reference_handlers:/ros2_ws/install/as2_behavior:/ros2_ws/install/as2_core:/ros2_ws/install/as2_msgs:/opt/ros/humble LD_LIBRARY_PATH=/ros2_ws/install/as2_motion_reference_handlers/lib:/ros2_ws/install/as2_behavior/lib:/ros2_ws/install/as2_core/lib:/ros2_ws/install/as2_msgs/lib:${LD_LIBRARY_PATH} PYTHONPATH=/ros2_ws/install/as2_motion_reference_handlers/local/lib/python3.10/dist-packages:/ros2_ws/install/as2_core/local/lib/python3.10/dist-packages:/ros2_ws/install/as2_msgs/local/lib/python3.10/dist-packages:${PYTHONPATH} /usr/bin/cmake --install /ros2_ws/build/as2_behaviors_motion
