[0.103s] Invoking command in '/ros2_ws/build/ros2srrc_ur5': CMAKE_PREFIX_PATH=/opt/ros/humble /usr/bin/cmake --build /ros2_ws/build/ros2srrc_ur5 -- -j8 -l8
[0.196s] Invoked command in '/ros2_ws/build/ros2srrc_ur5' returned '0': CMAKE_PREFIX_PATH=/opt/ros/humble /usr/bin/cmake --build /ros2_ws/build/ros2srrc_ur5 -- -j8 -l8
[0.197s] Invoking command in '/ros2_ws/build/ros2srrc_ur5': CMAKE_PREFIX_PATH=/opt/ros/humble /usr/bin/cmake --install /ros2_ws/build/ros2srrc_ur5
[0.601s] -- Install configuration: "Release"
[0.601s] -- Execute custom install script
[0.601s] -- Up-to-date symlink: /ros2_ws/install/ros2srrc_ur5/share/ros2srrc_ur5/config/configurations.yaml
[0.602s] -- Up-to-date symlink: /ros2_ws/install/ros2srrc_ur5/share/ros2srrc_ur5/urdf/ur5.urdf.xacro
[0.602s] -- Up-to-date symlink: /ros2_ws/install/ros2srrc_ur5/share/ros2srrc_ur5/urdf/ur5_robotiq_2f85.urdf.xacro
[0.602s] -- Up-to-date symlink: /ros2_ws/install/ros2srrc_ur5/share/ros2srrc_ur5/urdf/ur5_robotiq_hande.urdf.xacro
[0.602s] -- Up-to-date symlink: /ros2_ws/install/ros2srrc_ur5/share/ament_index/resource_index/package_run_dependencies/ros2srrc_ur5
[0.602s] -- Up-to-date symlink: /ros2_ws/install/ros2srrc_ur5/share/ament_index/resource_index/parent_prefix_path/ros2srrc_ur5
[0.603s] -- Up-to-date symlink: /ros2_ws/install/ros2srrc_ur5/share/ros2srrc_ur5/environment/ament_prefix_path.sh
[0.603s] -- Up-to-date symlink: /ros2_ws/install/ros2srrc_ur5/share/ros2srrc_ur5/environment/ament_prefix_path.dsv
[0.603s] -- Up-to-date symlink: /ros2_ws/install/ros2srrc_ur5/share/ros2srrc_ur5/environment/path.sh
[0.603s] -- Up-to-date symlink: /ros2_ws/install/ros2srrc_ur5/share/ros2srrc_ur5/environment/path.dsv
[0.603s] -- Up-to-date symlink: /ros2_ws/install/ros2srrc_ur5/share/ros2srrc_ur5/local_setup.bash
[0.604s] -- Up-to-date symlink: /ros2_ws/install/ros2srrc_ur5/share/ros2srrc_ur5/local_setup.sh
[0.604s] -- Up-to-date symlink: /ros2_ws/install/ros2srrc_ur5/share/ros2srrc_ur5/local_setup.zsh
[0.604s] -- Up-to-date symlink: /ros2_ws/install/ros2srrc_ur5/share/ros2srrc_ur5/local_setup.dsv
[0.605s] -- Symlinking: /ros2_ws/install/ros2srrc_ur5/share/ros2srrc_ur5/package.dsv
[0.605s] -- Up-to-date symlink: /ros2_ws/install/ros2srrc_ur5/share/ament_index/resource_index/packages/ros2srrc_ur5
[0.605s] -- Up-to-date symlink: /ros2_ws/install/ros2srrc_ur5/share/ros2srrc_ur5/cmake/ros2srrc_ur5Config.cmake
[0.605s] -- Up-to-date symlink: /ros2_ws/install/ros2srrc_ur5/share/ros2srrc_ur5/cmake/ros2srrc_ur5Config-version.cmake
[0.606s] -- Up-to-date symlink: /ros2_ws/install/ros2srrc_ur5/share/ros2srrc_ur5/package.xml
[0.707s] Invoked command in '/ros2_ws/build/ros2srrc_ur5' returned '0': CMAKE_PREFIX_PATH=/opt/ros/humble /usr/bin/cmake --install /ros2_ws/build/ros2srrc_ur5
