[0.188s] Invoking command in '/ros2_ws/build/ros2srrc_ur16e': CMAKE_PREFIX_PATH=/opt/ros/humble /usr/bin/cmake --build /ros2_ws/build/ros2srrc_ur16e -- -j8 -l8
[0.254s] Invoked command in '/ros2_ws/build/ros2srrc_ur16e' returned '0': CMAKE_PREFIX_PATH=/opt/ros/humble /usr/bin/cmake --build /ros2_ws/build/ros2srrc_ur16e -- -j8 -l8
[0.256s] Invoking command in '/ros2_ws/build/ros2srrc_ur16e': CMAKE_PREFIX_PATH=/opt/ros/humble /usr/bin/cmake --install /ros2_ws/build/ros2srrc_ur16e
[0.304s] -- Install configuration: "Release"
[0.304s] -- Execute custom install script
[0.305s] -- Up-to-date symlink: /ros2_ws/install/ros2srrc_ur16e/share/ros2srrc_ur16e/config/configurations.yaml
[0.305s] -- Up-to-date symlink: /ros2_ws/install/ros2srrc_ur16e/share/ros2srrc_ur16e/urdf/ur16e.urdf.xacro
[0.305s] -- Up-to-date symlink: /ros2_ws/install/ros2srrc_ur16e/share/ros2srrc_ur16e/urdf/ur16e_robotiq_2f85.urdf.xacro
[0.305s] -- Up-to-date symlink: /ros2_ws/install/ros2srrc_ur16e/share/ros2srrc_ur16e/urdf/ur16e_robotiq_hande.urdf.xacro
[0.305s] -- Up-to-date symlink: /ros2_ws/install/ros2srrc_ur16e/share/ament_index/resource_index/package_run_dependencies/ros2srrc_ur16e
[0.305s] -- Up-to-date symlink: /ros2_ws/install/ros2srrc_ur16e/share/ament_index/resource_index/parent_prefix_path/ros2srrc_ur16e
[0.306s] -- Up-to-date symlink: /ros2_ws/install/ros2srrc_ur16e/share/ros2srrc_ur16e/environment/ament_prefix_path.sh
[0.306s] -- Up-to-date symlink: /ros2_ws/install/ros2srrc_ur16e/share/ros2srrc_ur16e/environment/ament_prefix_path.dsv
[0.306s] -- Up-to-date symlink: /ros2_ws/install/ros2srrc_ur16e/share/ros2srrc_ur16e/environment/path.sh
[0.306s] -- Up-to-date symlink: /ros2_ws/install/ros2srrc_ur16e/share/ros2srrc_ur16e/environment/path.dsv
[0.307s] -- Up-to-date symlink: /ros2_ws/install/ros2srrc_ur16e/share/ros2srrc_ur16e/local_setup.bash
[0.307s] -- Up-to-date symlink: /ros2_ws/install/ros2srrc_ur16e/share/ros2srrc_ur16e/local_setup.sh
[0.307s] -- Up-to-date symlink: /ros2_ws/install/ros2srrc_ur16e/share/ros2srrc_ur16e/local_setup.zsh
[0.307s] -- Up-to-date symlink: /ros2_ws/install/ros2srrc_ur16e/share/ros2srrc_ur16e/local_setup.dsv
[0.307s] -- Symlinking: /ros2_ws/install/ros2srrc_ur16e/share/ros2srrc_ur16e/package.dsv
[0.307s] -- Up-to-date symlink: /ros2_ws/install/ros2srrc_ur16e/share/ament_index/resource_index/packages/ros2srrc_ur16e
[0.307s] -- Up-to-date symlink: /ros2_ws/install/ros2srrc_ur16e/share/ros2srrc_ur16e/cmake/ros2srrc_ur16eConfig.cmake
[0.307s] -- Up-to-date symlink: /ros2_ws/install/ros2srrc_ur16e/share/ros2srrc_ur16e/cmake/ros2srrc_ur16eConfig-version.cmake
[0.307s] -- Up-to-date symlink: /ros2_ws/install/ros2srrc_ur16e/share/ros2srrc_ur16e/package.xml
[0.351s] Invoked command in '/ros2_ws/build/ros2srrc_ur16e' returned '0': CMAKE_PREFIX_PATH=/opt/ros/humble /usr/bin/cmake --install /ros2_ws/build/ros2srrc_ur16e
