[35m[1mConsolidate compiler generated dependencies of target pendulum_state_publisher[0m
[100%] Built target pendulum_state_publisher
-- Install configuration: "Release"
-- Execute custom install script
-- Up-to-date symlink: /ros2_ws/install/pendulum_state_publisher/lib/pendulum_state_publisher/pendulum_state_publisher
-- Up-to-date symlink: /ros2_ws/install/pendulum_state_publisher/share/ament_index/resource_index/package_run_dependencies/pendulum_state_publisher
-- Up-to-date symlink: /ros2_ws/install/pendulum_state_publisher/share/ament_index/resource_index/parent_prefix_path/pendulum_state_publisher
-- Up-to-date symlink: /ros2_ws/install/pendulum_state_publisher/share/pendulum_state_publisher/environment/ament_prefix_path.sh
-- Up-to-date symlink: /ros2_ws/install/pendulum_state_publisher/share/pendulum_state_publisher/environment/ament_prefix_path.dsv
-- Up-to-date symlink: /ros2_ws/install/pendulum_state_publisher/share/pendulum_state_publisher/environment/path.sh
-- Up-to-date symlink: /ros2_ws/install/pendulum_state_publisher/share/pendulum_state_publisher/environment/path.dsv
-- Up-to-date symlink: /ros2_ws/install/pendulum_state_publisher/share/pendulum_state_publisher/local_setup.bash
-- Up-to-date symlink: /ros2_ws/install/pendulum_state_publisher/share/pendulum_state_publisher/local_setup.sh
-- Up-to-date symlink: /ros2_ws/install/pendulum_state_publisher/share/pendulum_state_publisher/local_setup.zsh
-- Up-to-date symlink: /ros2_ws/install/pendulum_state_publisher/share/pendulum_state_publisher/local_setup.dsv
-- Symlinking: /ros2_ws/install/pendulum_state_publisher/share/pendulum_state_publisher/package.dsv
-- Up-to-date symlink: /ros2_ws/install/pendulum_state_publisher/share/ament_index/resource_index/packages/pendulum_state_publisher
-- Up-to-date symlink: /ros2_ws/install/pendulum_state_publisher/share/pendulum_state_publisher/cmake/pendulum_state_publisherConfig.cmake
-- Up-to-date symlink: /ros2_ws/install/pendulum_state_publisher/share/pendulum_state_publisher/cmake/pendulum_state_publisherConfig-version.cmake
-- Up-to-date symlink: /ros2_ws/install/pendulum_state_publisher/share/pendulum_state_publisher/package.xml
