[1.891s] Invoking command in '/ros2_ws/build/spot_navigation': PYTHONPATH=/ros2_ws/build/spot_navigation/prefix_override:/usr/lib/python3/dist-packages/colcon_core/task/python/colcon_distutils_commands:/ros2_ws/install/spot_navigation/lib/python3.10/site-packages:${PYTHONPATH} /usr/bin/python3 -W ignore:setup.py install is deprecated -W ignore:easy_install command is deprecated setup.py develop --editable --build-directory /ros2_ws/build/spot_navigation/build --no-deps symlink_data
[3.530s] running develop
[3.530s] running egg_info
[3.532s] creating spot_navigation.egg-info
[3.535s] writing spot_navigation.egg-info/PKG-INFO
[3.536s] writing dependency_links to spot_navigation.egg-info/dependency_links.txt
[3.536s] writing entry points to spot_navigation.egg-info/entry_points.txt
[3.536s] writing requirements to spot_navigation.egg-info/requires.txt
[3.536s] writing top-level names to spot_navigation.egg-info/top_level.txt
[3.536s] writing manifest file 'spot_navigation.egg-info/SOURCES.txt'
[3.536s] reading manifest file 'spot_navigation.egg-info/SOURCES.txt'
[3.537s] writing manifest file 'spot_navigation.egg-info/SOURCES.txt'
[3.537s] running build_ext
[3.537s] Creating /ros2_ws/install/spot_navigation/lib/python3.10/site-packages/spot-navigation.egg-link (link to .)
[3.537s] 
[3.537s] Installed /ros2_ws/build/spot_navigation
[3.537s] running symlink_data
[3.538s] creating /ros2_ws/install/spot_navigation/share/ament_index
[3.538s] creating /ros2_ws/install/spot_navigation/share/ament_index/resource_index
[3.538s] creating /ros2_ws/install/spot_navigation/share/ament_index/resource_index/packages
[3.538s] symbolically linking /ros2_ws/build/spot_navigation/resource/spot_navigation -> /ros2_ws/install/spot_navigation/share/ament_index/resource_index/packages
[3.538s] symbolically linking /ros2_ws/build/spot_navigation/package.xml -> /ros2_ws/install/spot_navigation/share/spot_navigation
[3.538s] creating /ros2_ws/install/spot_navigation/share/spot_navigation/launch
[3.539s] symbolically linking /ros2_ws/build/spot_navigation/launch/planner.launch.py -> /ros2_ws/install/spot_navigation/share/spot_navigation/launch
[3.539s] symbolically linking /ros2_ws/build/spot_navigation/launch/local_planner.launch.py -> /ros2_ws/install/spot_navigation/share/spot_navigation/launch
[3.539s] symbolically linking /ros2_ws/build/spot_navigation/launch/spot.navigation.launch.py -> /ros2_ws/install/spot_navigation/share/spot_navigation/launch
[3.539s] symbolically linking /ros2_ws/build/spot_navigation/launch/dlo.mapping.launch.py -> /ros2_ws/install/spot_navigation/share/spot_navigation/launch
[3.539s] symbolically linking /ros2_ws/build/spot_navigation/launch/dlo.localization.launch.py -> /ros2_ws/install/spot_navigation/share/spot_navigation/launch
[3.539s] symbolically linking /ros2_ws/build/spot_navigation/launch/dlo.launch.py -> /ros2_ws/install/spot_navigation/share/spot_navigation/launch
[3.539s] symbolically linking /ros2_ws/build/spot_navigation/launch/far_planner.launch.py -> /ros2_ws/install/spot_navigation/share/spot_navigation/launch
[3.540s] creating /ros2_ws/install/spot_navigation/share/spot_navigation/config
[3.540s] symbolically linking /ros2_ws/build/spot_navigation/config/localization.yaml -> /ros2_ws/install/spot_navigation/share/spot_navigation/config
[3.540s] symbolically linking /ros2_ws/build/spot_navigation/config/dlo.yaml -> /ros2_ws/install/spot_navigation/share/spot_navigation/config
[3.540s] creating /ros2_ws/install/spot_navigation/share/spot_navigation/rviz
[3.540s] symbolically linking /ros2_ws/build/spot_navigation/rviz/dlo.rviz -> /ros2_ws/install/spot_navigation/share/spot_navigation/rviz
[3.540s] symbolically linking /ros2_ws/build/spot_navigation/rviz/far_planner.rviz -> /ros2_ws/install/spot_navigation/share/spot_navigation/rviz
[3.540s] symbolically linking /ros2_ws/build/spot_navigation/rviz/dlo_localization.rviz -> /ros2_ws/install/spot_navigation/share/spot_navigation/rviz
[3.541s] creating /ros2_ws/install/spot_navigation/share/spot_navigation/maps
[3.541s] symbolically linking /ros2_ws/build/spot_navigation/maps/simple_tunnel.pcd -> /ros2_ws/install/spot_navigation/share/spot_navigation/maps
[3.542s] Invoked command in '/ros2_ws/build/spot_navigation' returned '0': PYTHONPATH=/ros2_ws/build/spot_navigation/prefix_override:/usr/lib/python3/dist-packages/colcon_core/task/python/colcon_distutils_commands:/ros2_ws/install/spot_navigation/lib/python3.10/site-packages:${PYTHONPATH} /usr/bin/python3 -W ignore:setup.py install is deprecated -W ignore:easy_install command is deprecated setup.py develop --editable --build-directory /ros2_ws/build/spot_navigation/build --no-deps symlink_data
