[0.029s] Invoking command in '/ros2_ws/build/pendulum_bringup': AMENT_PREFIX_PATH=/ros2_ws/install/pendulum_demo:/ros2_ws/install/pendulum_state_publisher:/ros2_ws/install/pendulum_driver:/ros2_ws/install/pendulum_controller:/ros2_ws/install/pendulum_utils:/ros2_ws/install/pendulum2_msgs:${AMENT_PREFIX_PATH} CMAKE_PREFIX_PATH=/ros2_ws/install/pendulum_demo:/ros2_ws/install/pendulum_state_publisher:/ros2_ws/install/pendulum_driver:/ros2_ws/install/pendulum_controller:/ros2_ws/install/pendulum_utils:/ros2_ws/install/pendulum2_msgs:/opt/ros/humble LD_LIBRARY_PATH=/ros2_ws/install/pendulum_driver/lib:/ros2_ws/install/pendulum_controller/lib:/ros2_ws/install/pendulum_utils/lib:/ros2_ws/install/pendulum2_msgs/lib:${LD_LIBRARY_PATH} PYTHONPATH=/ros2_ws/install/pendulum2_msgs/local/lib/python3.10/dist-packages:${PYTHONPATH} /usr/bin/cmake /ros2_ws/src/pendulum/pendulum_bringup -DCMAKE_BUILD_TYPE=Release -DAMENT_CMAKE_SYMLINK_INSTALL=1 -DCMAKE_INSTALL_PREFIX=/ros2_ws/install/pendulum_bringup
[0.115s] -- The C compiler identification is GNU 11.4.0
[0.208s] -- The CXX compiler identification is GNU 11.4.0
[0.220s] -- Detecting C compiler ABI info
[0.319s] -- Detecting C compiler ABI info - done
[0.334s] -- Check for working C compiler: /usr/bin/cc - skipped
[0.334s] -- Detecting C compile features
[0.335s] -- Detecting C compile features - done
[0.339s] -- Detecting CXX compiler ABI info
[0.467s] -- Detecting CXX compiler ABI info - done
[0.486s] -- Check for working CXX compiler: /usr/bin/c++ - skipped
[0.487s] -- Detecting CXX compile features
[0.488s] -- Detecting CXX compile features - done
[0.497s] -- Found ament_cmake: 1.3.12 (/opt/ros/humble/share/ament_cmake/cmake)
[0.800s] -- Found Python3: /usr/bin/python3 (found version "3.10.12") found components: Interpreter 
[0.934s] -- Override CMake install command with custom implementation using symlinks instead of copying resources
[1.044s] -- Found ament_lint_auto: 0.12.14 (/opt/ros/humble/share/ament_lint_auto/cmake)
[1.304s] -- Added test 'copyright' to check source files copyright and LICENSE
[1.310s] -- Added test 'flake8' to check Python code syntax and style conventions
[1.312s] -- Added test 'lint_cmake' to check CMake code style
[1.313s] -- Added test 'pep257' to check Python code against some of the docstring style conventions in PEP 257
[1.316s] -- Added test 'xmllint' to check XML markup files
[1.320s] -- Configuring done
[1.325s] -- Generating done
[1.327s] -- Build files have been written to: /ros2_ws/build/pendulum_bringup
[1.333s] Invoked command in '/ros2_ws/build/pendulum_bringup' returned '0': AMENT_PREFIX_PATH=/ros2_ws/install/pendulum_demo:/ros2_ws/install/pendulum_state_publisher:/ros2_ws/install/pendulum_driver:/ros2_ws/install/pendulum_controller:/ros2_ws/install/pendulum_utils:/ros2_ws/install/pendulum2_msgs:${AMENT_PREFIX_PATH} CMAKE_PREFIX_PATH=/ros2_ws/install/pendulum_demo:/ros2_ws/install/pendulum_state_publisher:/ros2_ws/install/pendulum_driver:/ros2_ws/install/pendulum_controller:/ros2_ws/install/pendulum_utils:/ros2_ws/install/pendulum2_msgs:/opt/ros/humble LD_LIBRARY_PATH=/ros2_ws/install/pendulum_driver/lib:/ros2_ws/install/pendulum_controller/lib:/ros2_ws/install/pendulum_utils/lib:/ros2_ws/install/pendulum2_msgs/lib:${LD_LIBRARY_PATH} PYTHONPATH=/ros2_ws/install/pendulum2_msgs/local/lib/python3.10/dist-packages:${PYTHONPATH} /usr/bin/cmake /ros2_ws/src/pendulum/pendulum_bringup -DCMAKE_BUILD_TYPE=Release -DAMENT_CMAKE_SYMLINK_INSTALL=1 -DCMAKE_INSTALL_PREFIX=/ros2_ws/install/pendulum_bringup
[1.336s] Invoking command in '/ros2_ws/build/pendulum_bringup': AMENT_PREFIX_PATH=/ros2_ws/install/pendulum_demo:/ros2_ws/install/pendulum_state_publisher:/ros2_ws/install/pendulum_driver:/ros2_ws/install/pendulum_controller:/ros2_ws/install/pendulum_utils:/ros2_ws/install/pendulum2_msgs:${AMENT_PREFIX_PATH} CMAKE_PREFIX_PATH=/ros2_ws/install/pendulum_demo:/ros2_ws/install/pendulum_state_publisher:/ros2_ws/install/pendulum_driver:/ros2_ws/install/pendulum_controller:/ros2_ws/install/pendulum_utils:/ros2_ws/install/pendulum2_msgs:/opt/ros/humble LD_LIBRARY_PATH=/ros2_ws/install/pendulum_driver/lib:/ros2_ws/install/pendulum_controller/lib:/ros2_ws/install/pendulum_utils/lib:/ros2_ws/install/pendulum2_msgs/lib:${LD_LIBRARY_PATH} PYTHONPATH=/ros2_ws/install/pendulum2_msgs/local/lib/python3.10/dist-packages:${PYTHONPATH} /usr/bin/cmake --build /ros2_ws/build/pendulum_bringup -- -j8 -l8
[1.412s] Invoked command in '/ros2_ws/build/pendulum_bringup' returned '0': AMENT_PREFIX_PATH=/ros2_ws/install/pendulum_demo:/ros2_ws/install/pendulum_state_publisher:/ros2_ws/install/pendulum_driver:/ros2_ws/install/pendulum_controller:/ros2_ws/install/pendulum_utils:/ros2_ws/install/pendulum2_msgs:${AMENT_PREFIX_PATH} CMAKE_PREFIX_PATH=/ros2_ws/install/pendulum_demo:/ros2_ws/install/pendulum_state_publisher:/ros2_ws/install/pendulum_driver:/ros2_ws/install/pendulum_controller:/ros2_ws/install/pendulum_utils:/ros2_ws/install/pendulum2_msgs:/opt/ros/humble LD_LIBRARY_PATH=/ros2_ws/install/pendulum_driver/lib:/ros2_ws/install/pendulum_controller/lib:/ros2_ws/install/pendulum_utils/lib:/ros2_ws/install/pendulum2_msgs/lib:${LD_LIBRARY_PATH} PYTHONPATH=/ros2_ws/install/pendulum2_msgs/local/lib/python3.10/dist-packages:${PYTHONPATH} /usr/bin/cmake --build /ros2_ws/build/pendulum_bringup -- -j8 -l8
[1.416s] Invoking command in '/ros2_ws/build/pendulum_bringup': AMENT_PREFIX_PATH=/ros2_ws/install/pendulum_demo:/ros2_ws/install/pendulum_state_publisher:/ros2_ws/install/pendulum_driver:/ros2_ws/install/pendulum_controller:/ros2_ws/install/pendulum_utils:/ros2_ws/install/pendulum2_msgs:${AMENT_PREFIX_PATH} CMAKE_PREFIX_PATH=/ros2_ws/install/pendulum_demo:/ros2_ws/install/pendulum_state_publisher:/ros2_ws/install/pendulum_driver:/ros2_ws/install/pendulum_controller:/ros2_ws/install/pendulum_utils:/ros2_ws/install/pendulum2_msgs:/opt/ros/humble LD_LIBRARY_PATH=/ros2_ws/install/pendulum_driver/lib:/ros2_ws/install/pendulum_controller/lib:/ros2_ws/install/pendulum_utils/lib:/ros2_ws/install/pendulum2_msgs/lib:${LD_LIBRARY_PATH} PYTHONPATH=/ros2_ws/install/pendulum2_msgs/local/lib/python3.10/dist-packages:${PYTHONPATH} /usr/bin/cmake --install /ros2_ws/build/pendulum_bringup
[1.430s] -- Install configuration: "Release"
[1.431s] -- Execute custom install script
[1.432s] -- Symlinking: /ros2_ws/install/pendulum_bringup/share/pendulum_bringup/rviz/pendulum.rviz
[1.450s] -- Symlinking: /ros2_ws/install/pendulum_bringup/share/pendulum_bringup/urdf/pendulum.urdf
[1.468s] -- Symlinking: /ros2_ws/install/pendulum_bringup/share/pendulum_bringup/launch/pendulum_bringup.launch.py
[1.486s] -- Symlinking: /ros2_ws/install/pendulum_bringup/share/pendulum_bringup/launch/pendulum_trace.launch.py
[1.504s] -- Symlinking: /ros2_ws/install/pendulum_bringup/share/pendulum_bringup/launch/pendulum_trace_memory.launch.py
[1.521s] -- Symlinking: /ros2_ws/install/pendulum_bringup/share/pendulum_bringup/params/pendulum.param.yaml
[1.539s] -- Symlinking: /ros2_ws/install/pendulum_bringup/share/ament_index/resource_index/package_run_dependencies/pendulum_bringup
[1.556s] -- Symlinking: /ros2_ws/install/pendulum_bringup/share/ament_index/resource_index/parent_prefix_path/pendulum_bringup
[1.574s] -- Symlinking: /ros2_ws/install/pendulum_bringup/share/pendulum_bringup/environment/ament_prefix_path.sh
[1.592s] -- Symlinking: /ros2_ws/install/pendulum_bringup/share/pendulum_bringup/environment/ament_prefix_path.dsv
[1.608s] -- Symlinking: /ros2_ws/install/pendulum_bringup/share/pendulum_bringup/environment/path.sh
[1.627s] -- Symlinking: /ros2_ws/install/pendulum_bringup/share/pendulum_bringup/environment/path.dsv
[1.644s] -- Symlinking: /ros2_ws/install/pendulum_bringup/share/pendulum_bringup/local_setup.bash
[1.661s] -- Symlinking: /ros2_ws/install/pendulum_bringup/share/pendulum_bringup/local_setup.sh
[1.679s] -- Symlinking: /ros2_ws/install/pendulum_bringup/share/pendulum_bringup/local_setup.zsh
[1.696s] -- Symlinking: /ros2_ws/install/pendulum_bringup/share/pendulum_bringup/local_setup.dsv
[1.714s] -- Symlinking: /ros2_ws/install/pendulum_bringup/share/pendulum_bringup/package.dsv
[1.745s] -- Symlinking: /ros2_ws/install/pendulum_bringup/share/ament_index/resource_index/packages/pendulum_bringup
[1.763s] -- Symlinking: /ros2_ws/install/pendulum_bringup/share/pendulum_bringup/cmake/pendulum_bringupConfig.cmake
[1.780s] -- Symlinking: /ros2_ws/install/pendulum_bringup/share/pendulum_bringup/cmake/pendulum_bringupConfig-version.cmake
[1.798s] -- Symlinking: /ros2_ws/install/pendulum_bringup/share/pendulum_bringup/package.xml
[1.823s] Invoked command in '/ros2_ws/build/pendulum_bringup' returned '0': AMENT_PREFIX_PATH=/ros2_ws/install/pendulum_demo:/ros2_ws/install/pendulum_state_publisher:/ros2_ws/install/pendulum_driver:/ros2_ws/install/pendulum_controller:/ros2_ws/install/pendulum_utils:/ros2_ws/install/pendulum2_msgs:${AMENT_PREFIX_PATH} CMAKE_PREFIX_PATH=/ros2_ws/install/pendulum_demo:/ros2_ws/install/pendulum_state_publisher:/ros2_ws/install/pendulum_driver:/ros2_ws/install/pendulum_controller:/ros2_ws/install/pendulum_utils:/ros2_ws/install/pendulum2_msgs:/opt/ros/humble LD_LIBRARY_PATH=/ros2_ws/install/pendulum_driver/lib:/ros2_ws/install/pendulum_controller/lib:/ros2_ws/install/pendulum_utils/lib:/ros2_ws/install/pendulum2_msgs/lib:${LD_LIBRARY_PATH} PYTHONPATH=/ros2_ws/install/pendulum2_msgs/local/lib/python3.10/dist-packages:${PYTHONPATH} /usr/bin/cmake --install /ros2_ws/build/pendulum_bringup
