[0.167s] Invoking command in '/ros2_ws/build/pendulum': AMENT_PREFIX_PATH=/ros2_ws/install/pendulum_bringup:/ros2_ws/install/pendulum_demo:/ros2_ws/install/pendulum_state_publisher:/ros2_ws/install/pendulum_driver:/ros2_ws/install/pendulum_controller:/ros2_ws/install/pendulum_utils:/ros2_ws/install/pendulum2_msgs:${AMENT_PREFIX_PATH} CMAKE_PREFIX_PATH=/ros2_ws/install/pendulum_bringup:/ros2_ws/install/pendulum_demo:/ros2_ws/install/pendulum_state_publisher:/ros2_ws/install/pendulum_driver:/ros2_ws/install/pendulum_controller:/ros2_ws/install/pendulum_utils:/ros2_ws/install/pendulum2_msgs:/opt/ros/humble LD_LIBRARY_PATH=/ros2_ws/install/pendulum_driver/lib:/ros2_ws/install/pendulum_controller/lib:/ros2_ws/install/pendulum_utils/lib:/ros2_ws/install/pendulum2_msgs/lib:${LD_LIBRARY_PATH} PYTHONPATH=/ros2_ws/install/pendulum2_msgs/local/lib/python3.10/dist-packages:${PYTHONPATH} /usr/bin/cmake --build /ros2_ws/build/pendulum -- -j8 -l8
[0.256s] Invoked command in '/ros2_ws/build/pendulum' returned '0': AMENT_PREFIX_PATH=/ros2_ws/install/pendulum_bringup:/ros2_ws/install/pendulum_demo:/ros2_ws/install/pendulum_state_publisher:/ros2_ws/install/pendulum_driver:/ros2_ws/install/pendulum_controller:/ros2_ws/install/pendulum_utils:/ros2_ws/install/pendulum2_msgs:${AMENT_PREFIX_PATH} CMAKE_PREFIX_PATH=/ros2_ws/install/pendulum_bringup:/ros2_ws/install/pendulum_demo:/ros2_ws/install/pendulum_state_publisher:/ros2_ws/install/pendulum_driver:/ros2_ws/install/pendulum_controller:/ros2_ws/install/pendulum_utils:/ros2_ws/install/pendulum2_msgs:/opt/ros/humble LD_LIBRARY_PATH=/ros2_ws/install/pendulum_driver/lib:/ros2_ws/install/pendulum_controller/lib:/ros2_ws/install/pendulum_utils/lib:/ros2_ws/install/pendulum2_msgs/lib:${LD_LIBRARY_PATH} PYTHONPATH=/ros2_ws/install/pendulum2_msgs/local/lib/python3.10/dist-packages:${PYTHONPATH} /usr/bin/cmake --build /ros2_ws/build/pendulum -- -j8 -l8
[0.257s] Invoking command in '/ros2_ws/build/pendulum': AMENT_PREFIX_PATH=/ros2_ws/install/pendulum_bringup:/ros2_ws/install/pendulum_demo:/ros2_ws/install/pendulum_state_publisher:/ros2_ws/install/pendulum_driver:/ros2_ws/install/pendulum_controller:/ros2_ws/install/pendulum_utils:/ros2_ws/install/pendulum2_msgs:${AMENT_PREFIX_PATH} CMAKE_PREFIX_PATH=/ros2_ws/install/pendulum_bringup:/ros2_ws/install/pendulum_demo:/ros2_ws/install/pendulum_state_publisher:/ros2_ws/install/pendulum_driver:/ros2_ws/install/pendulum_controller:/ros2_ws/install/pendulum_utils:/ros2_ws/install/pendulum2_msgs:/opt/ros/humble LD_LIBRARY_PATH=/ros2_ws/install/pendulum_driver/lib:/ros2_ws/install/pendulum_controller/lib:/ros2_ws/install/pendulum_utils/lib:/ros2_ws/install/pendulum2_msgs/lib:${LD_LIBRARY_PATH} PYTHONPATH=/ros2_ws/install/pendulum2_msgs/local/lib/python3.10/dist-packages:${PYTHONPATH} /usr/bin/cmake --install /ros2_ws/build/pendulum
[0.280s] -- Install configuration: "Release"
[0.281s] -- Execute custom install script
[0.281s] -- Up-to-date symlink: /ros2_ws/install/pendulum/share/ament_index/resource_index/package_run_dependencies/pendulum
[0.281s] -- Up-to-date symlink: /ros2_ws/install/pendulum/share/ament_index/resource_index/parent_prefix_path/pendulum
[0.281s] -- Up-to-date symlink: /ros2_ws/install/pendulum/share/pendulum/environment/ament_prefix_path.sh
[0.282s] -- Up-to-date symlink: /ros2_ws/install/pendulum/share/pendulum/environment/ament_prefix_path.dsv
[0.282s] -- Up-to-date symlink: /ros2_ws/install/pendulum/share/pendulum/environment/path.sh
[0.282s] -- Up-to-date symlink: /ros2_ws/install/pendulum/share/pendulum/environment/path.dsv
[0.283s] -- Up-to-date symlink: /ros2_ws/install/pendulum/share/pendulum/local_setup.bash
[0.283s] -- Up-to-date symlink: /ros2_ws/install/pendulum/share/pendulum/local_setup.sh
[0.283s] -- Up-to-date symlink: /ros2_ws/install/pendulum/share/pendulum/local_setup.zsh
[0.283s] -- Up-to-date symlink: /ros2_ws/install/pendulum/share/pendulum/local_setup.dsv
[0.283s] -- Symlinking: /ros2_ws/install/pendulum/share/pendulum/package.dsv
[0.295s] -- Up-to-date symlink: /ros2_ws/install/pendulum/share/ament_index/resource_index/packages/pendulum
[0.295s] -- Up-to-date symlink: /ros2_ws/install/pendulum/share/pendulum/cmake/pendulumConfig.cmake
[0.295s] -- Up-to-date symlink: /ros2_ws/install/pendulum/share/pendulum/cmake/pendulumConfig-version.cmake
[0.295s] -- Up-to-date symlink: /ros2_ws/install/pendulum/share/pendulum/package.xml
[0.299s] Invoked command in '/ros2_ws/build/pendulum' returned '0': AMENT_PREFIX_PATH=/ros2_ws/install/pendulum_bringup:/ros2_ws/install/pendulum_demo:/ros2_ws/install/pendulum_state_publisher:/ros2_ws/install/pendulum_driver:/ros2_ws/install/pendulum_controller:/ros2_ws/install/pendulum_utils:/ros2_ws/install/pendulum2_msgs:${AMENT_PREFIX_PATH} CMAKE_PREFIX_PATH=/ros2_ws/install/pendulum_bringup:/ros2_ws/install/pendulum_demo:/ros2_ws/install/pendulum_state_publisher:/ros2_ws/install/pendulum_driver:/ros2_ws/install/pendulum_controller:/ros2_ws/install/pendulum_utils:/ros2_ws/install/pendulum2_msgs:/opt/ros/humble LD_LIBRARY_PATH=/ros2_ws/install/pendulum_driver/lib:/ros2_ws/install/pendulum_controller/lib:/ros2_ws/install/pendulum_utils/lib:/ros2_ws/install/pendulum2_msgs/lib:${LD_LIBRARY_PATH} PYTHONPATH=/ros2_ws/install/pendulum2_msgs/local/lib/python3.10/dist-packages:${PYTHONPATH} /usr/bin/cmake --install /ros2_ws/build/pendulum
