-- Install configuration: "Release"
-- Execute custom install script
-- Up-to-date symlink: /ros2_ws/install/spot_gazebo/share/spot_gazebo/worlds/edgar_mine.sdf
-- Up-to-date symlink: /ros2_ws/install/spot_gazebo/share/spot_gazebo/worlds/electrical_substation.sdf
-- Up-to-date symlink: /ros2_ws/install/spot_gazebo/share/spot_gazebo/worlds/empty.sdf
-- Up-to-date symlink: /ros2_ws/install/spot_gazebo/share/spot_gazebo/worlds/empty_room.sdf
-- Up-to-date symlink: /ros2_ws/install/spot_gazebo/share/spot_gazebo/worlds/materials/textures/Asphalt.jpg
-- Up-to-date symlink: /ros2_ws/install/spot_gazebo/share/spot_gazebo/worlds/materials/textures/Cables_Albedo.jpg
-- Up-to-date symlink: /ros2_ws/install/spot_gazebo/share/spot_gazebo/worlds/materials/textures/Chainlink_Albedo.jpg
-- Up-to-date symlink: /ros2_ws/install/spot_gazebo/share/spot_gazebo/worlds/materials/textures/Chainlink_Transparency.jpg
-- Up-to-date symlink: /ros2_ws/install/spot_gazebo/share/spot_gazebo/worlds/materials/textures/Door_Albedo.jpg
-- Up-to-date symlink: /ros2_ws/install/spot_gazebo/share/spot_gazebo/worlds/materials/textures/Entrance.jpg
-- Up-to-date symlink: /ros2_ws/install/spot_gazebo/share/spot_gazebo/worlds/materials/textures/GroundDirt_Albedo.jpg
-- Up-to-date symlink: /ros2_ws/install/spot_gazebo/share/spot_gazebo/worlds/materials/textures/Light_Plastic_Albedo.jpg
-- Up-to-date symlink: /ros2_ws/install/spot_gazebo/share/spot_gazebo/worlds/materials/textures/Light_Plastic_Emissive.jpg
-- Up-to-date symlink: /ros2_ws/install/spot_gazebo/share/spot_gazebo/worlds/materials/textures/Pipes_Albedo.jpg
-- Up-to-date symlink: /ros2_ws/install/spot_gazebo/share/spot_gazebo/worlds/materials/textures/Rails_Albedo.jpg
-- Up-to-date symlink: /ros2_ws/install/spot_gazebo/share/spot_gazebo/worlds/materials/textures/RockWall_Albedo.jpg
-- Up-to-date symlink: /ros2_ws/install/spot_gazebo/share/spot_gazebo/worlds/materials/textures/RustyMetal_Albedo.jpg
-- Up-to-date symlink: /ros2_ws/install/spot_gazebo/share/spot_gazebo/worlds/materials/textures/Wood_Albedo.jpg
-- Up-to-date symlink: /ros2_ws/install/spot_gazebo/share/spot_gazebo/worlds/materials/textures/YellowPlastic_Albedo.jpg
-- Up-to-date symlink: /ros2_ws/install/spot_gazebo/share/spot_gazebo/worlds/materials/textures/tag41_12_00000.png
-- Up-to-date symlink: /ros2_ws/install/spot_gazebo/share/spot_gazebo/worlds/materials/textures/tag41_12_00001.png
-- Up-to-date symlink: /ros2_ws/install/spot_gazebo/share/spot_gazebo/worlds/materials/textures/tag41_12_00002.png
-- Up-to-date symlink: /ros2_ws/install/spot_gazebo/share/spot_gazebo/worlds/meshes/collision/Edgar_Section_01.stl
-- Up-to-date symlink: /ros2_ws/install/spot_gazebo/share/spot_gazebo/worlds/meshes/collision/Edgar_Section_02.stl
-- Up-to-date symlink: /ros2_ws/install/spot_gazebo/share/spot_gazebo/worlds/meshes/collision/Edgar_Section_03.stl
-- Up-to-date symlink: /ros2_ws/install/spot_gazebo/share/spot_gazebo/worlds/meshes/collision/Edgar_Section_04.stl
-- Up-to-date symlink: /ros2_ws/install/spot_gazebo/share/spot_gazebo/worlds/meshes/collision/Edgar_Section_05.stl
-- Up-to-date symlink: /ros2_ws/install/spot_gazebo/share/spot_gazebo/worlds/meshes/collision/Edgar_Section_06.stl
-- Up-to-date symlink: /ros2_ws/install/spot_gazebo/share/spot_gazebo/worlds/meshes/collision/Edgar_Section_07.stl
-- Up-to-date symlink: /ros2_ws/install/spot_gazebo/share/spot_gazebo/worlds/meshes/collision/Edgar_Section_08.stl
-- Up-to-date symlink: /ros2_ws/install/spot_gazebo/share/spot_gazebo/worlds/meshes/collision/Edgar_Section_09.stl
-- Up-to-date symlink: /ros2_ws/install/spot_gazebo/share/spot_gazebo/worlds/meshes/collision/Edgar_Section_10.stl
-- Up-to-date symlink: /ros2_ws/install/spot_gazebo/share/spot_gazebo/worlds/meshes/collision/Edgar_StartingArea.stl
-- Up-to-date symlink: /ros2_ws/install/spot_gazebo/share/spot_gazebo/worlds/meshes/visual/Edgar_Section_01.dae
-- Up-to-date symlink: /ros2_ws/install/spot_gazebo/share/spot_gazebo/worlds/meshes/visual/Edgar_Section_02.dae
-- Up-to-date symlink: /ros2_ws/install/spot_gazebo/share/spot_gazebo/worlds/meshes/visual/Edgar_Section_03.dae
-- Up-to-date symlink: /ros2_ws/install/spot_gazebo/share/spot_gazebo/worlds/meshes/visual/Edgar_Section_04.dae
-- Up-to-date symlink: /ros2_ws/install/spot_gazebo/share/spot_gazebo/worlds/meshes/visual/Edgar_Section_05.dae
-- Up-to-date symlink: /ros2_ws/install/spot_gazebo/share/spot_gazebo/worlds/meshes/visual/Edgar_Section_06.dae
-- Up-to-date symlink: /ros2_ws/install/spot_gazebo/share/spot_gazebo/worlds/meshes/visual/Edgar_Section_07.dae
-- Up-to-date symlink: /ros2_ws/install/spot_gazebo/share/spot_gazebo/worlds/meshes/visual/Edgar_Section_08.dae
-- Up-to-date symlink: /ros2_ws/install/spot_gazebo/share/spot_gazebo/worlds/meshes/visual/Edgar_Section_09.dae
-- Up-to-date symlink: /ros2_ws/install/spot_gazebo/share/spot_gazebo/worlds/meshes/visual/Edgar_Section_10.dae
-- Up-to-date symlink: /ros2_ws/install/spot_gazebo/share/spot_gazebo/worlds/meshes/visual/Edgar_StartingArea.dae
-- Up-to-date symlink: /ros2_ws/install/spot_gazebo/share/spot_gazebo/worlds/simple_tunnel.sdf
-- Up-to-date symlink: /ros2_ws/install/spot_gazebo/share/spot_gazebo/environment/spot_gazebo.dsv
-- Up-to-date symlink: /ros2_ws/install/spot_gazebo/share/spot_gazebo/environment/spot_gazebo.sh
-- Up-to-date symlink: /ros2_ws/install/spot_gazebo/share/ament_index/resource_index/package_run_dependencies/spot_gazebo
-- Up-to-date symlink: /ros2_ws/install/spot_gazebo/share/ament_index/resource_index/parent_prefix_path/spot_gazebo
-- Up-to-date symlink: /ros2_ws/install/spot_gazebo/share/spot_gazebo/environment/ament_prefix_path.sh
-- Up-to-date symlink: /ros2_ws/install/spot_gazebo/share/spot_gazebo/environment/ament_prefix_path.dsv
-- Up-to-date symlink: /ros2_ws/install/spot_gazebo/share/spot_gazebo/environment/path.sh
-- Up-to-date symlink: /ros2_ws/install/spot_gazebo/share/spot_gazebo/environment/path.dsv
-- Up-to-date symlink: /ros2_ws/install/spot_gazebo/share/spot_gazebo/local_setup.bash
-- Up-to-date symlink: /ros2_ws/install/spot_gazebo/share/spot_gazebo/local_setup.sh
-- Up-to-date symlink: /ros2_ws/install/spot_gazebo/share/spot_gazebo/local_setup.zsh
-- Up-to-date symlink: /ros2_ws/install/spot_gazebo/share/spot_gazebo/local_setup.dsv
-- Symlinking: /ros2_ws/install/spot_gazebo/share/spot_gazebo/package.dsv
-- Up-to-date symlink: /ros2_ws/install/spot_gazebo/share/ament_index/resource_index/packages/spot_gazebo
-- Up-to-date symlink: /ros2_ws/install/spot_gazebo/share/spot_gazebo/cmake/spot_gazeboConfig.cmake
-- Up-to-date symlink: /ros2_ws/install/spot_gazebo/share/spot_gazebo/cmake/spot_gazeboConfig-version.cmake
-- Up-to-date symlink: /ros2_ws/install/spot_gazebo/share/spot_gazebo/package.xml
