-- Install configuration: "Release"
-- Execute custom install script
-- Up-to-date symlink: /ros2_ws/install/ros2srrc_endeffectors/share/ros2srrc_endeffectors/egp64/config/controller.yaml
-- Up-to-date symlink: /ros2_ws/install/ros2srrc_endeffectors/share/ros2srrc_endeffectors/egp64/config/controller_moveit2.yaml
-- Up-to-date symlink: /ros2_ws/install/ros2srrc_endeffectors/share/ros2srrc_endeffectors/egp64/config/joint_limits.yaml
-- Up-to-date symlink: /ros2_ws/install/ros2srrc_endeffectors/share/ros2srrc_endeffectors/egp64/config/joint_specifications.yaml
-- Up-to-date symlink: /ros2_ws/install/ros2srrc_endeffectors/share/ros2srrc_endeffectors/egp64/meshes/00. Schunk Gripper - Component POSES
-- Up-to-date symlink: /ros2_ws/install/ros2srrc_endeffectors/share/ros2srrc_endeffectors/egp64/meshes/Schunk Gripper - ADAPTER.STL
-- Up-to-date symlink: /ros2_ws/install/ros2srrc_endeffectors/share/ros2srrc_endeffectors/egp64/meshes/Schunk Gripper - BASE noAdapter.STL
-- Up-to-date symlink: /ros2_ws/install/ros2srrc_endeffectors/share/ros2srrc_endeffectors/egp64/meshes/Schunk Gripper - BASE.STL
-- Up-to-date symlink: /ros2_ws/install/ros2srrc_endeffectors/share/ros2srrc_endeffectors/egp64/meshes/Schunk Gripper - Cranfield Robotics.STL
-- Up-to-date symlink: /ros2_ws/install/ros2srrc_endeffectors/share/ros2srrc_endeffectors/egp64/meshes/Schunk Gripper - LEFT FINGER BASE.STL
-- Up-to-date symlink: /ros2_ws/install/ros2srrc_endeffectors/share/ros2srrc_endeffectors/egp64/meshes/Schunk Gripper - LEFT FINGER.STL
-- Up-to-date symlink: /ros2_ws/install/ros2srrc_endeffectors/share/ros2srrc_endeffectors/egp64/meshes/Schunk Gripper - RIGHT FINGER BASE.STL
-- Up-to-date symlink: /ros2_ws/install/ros2srrc_endeffectors/share/ros2srrc_endeffectors/egp64/meshes/Schunk Gripper - RIGHT FINGER.STL
-- Up-to-date symlink: /ros2_ws/install/ros2srrc_endeffectors/share/ros2srrc_endeffectors/egp64/meshes/egp64.dae
-- Up-to-date symlink: /ros2_ws/install/ros2srrc_endeffectors/share/ros2srrc_endeffectors/egp64/meshes/egp64_Adapter.dae
-- Up-to-date symlink: /ros2_ws/install/ros2srrc_endeffectors/share/ros2srrc_endeffectors/egp64/meshes/egp64_BDFinger.dae
-- Up-to-date symlink: /ros2_ws/install/ros2srrc_endeffectors/share/ros2srrc_endeffectors/egp64/meshes/egp64_BDFinger_L.dae
-- Up-to-date symlink: /ros2_ws/install/ros2srrc_endeffectors/share/ros2srrc_endeffectors/egp64/meshes/egp64_BDFinger_R.dae
-- Up-to-date symlink: /ros2_ws/install/ros2srrc_endeffectors/share/ros2srrc_endeffectors/egp64/meshes/egp64_Base.dae
-- Up-to-date symlink: /ros2_ws/install/ros2srrc_endeffectors/share/ros2srrc_endeffectors/egp64/meshes/egp64_BaseNoAdapter.dae
-- Up-to-date symlink: /ros2_ws/install/ros2srrc_endeffectors/share/ros2srrc_endeffectors/egp64/meshes/egp64_FingerCylinder.dae
-- Up-to-date symlink: /ros2_ws/install/ros2srrc_endeffectors/share/ros2srrc_endeffectors/egp64/meshes/egp64_FingerCylinder.stl
-- Up-to-date symlink: /ros2_ws/install/ros2srrc_endeffectors/share/ros2srrc_endeffectors/egp64/meshes/egp64_FingerCylinder_L.dae
-- Up-to-date symlink: /ros2_ws/install/ros2srrc_endeffectors/share/ros2srrc_endeffectors/egp64/meshes/egp64_FingerCylinder_R.dae
-- Up-to-date symlink: /ros2_ws/install/ros2srrc_endeffectors/share/ros2srrc_endeffectors/egp64/meshes/egp64_LeftFinger.dae
-- Up-to-date symlink: /ros2_ws/install/ros2srrc_endeffectors/share/ros2srrc_endeffectors/egp64/meshes/egp64_LeftFingerBase.dae
-- Up-to-date symlink: /ros2_ws/install/ros2srrc_endeffectors/share/ros2srrc_endeffectors/egp64/meshes/egp64_RightFinger.dae
-- Up-to-date symlink: /ros2_ws/install/ros2srrc_endeffectors/share/ros2srrc_endeffectors/egp64/meshes/egp64_RightFingerBase.dae
-- Up-to-date symlink: /ros2_ws/install/ros2srrc_endeffectors/share/ros2srrc_endeffectors/egp64/urdf/egp64_macro.urdf.xacro
-- Up-to-date symlink: /ros2_ws/install/ros2srrc_endeffectors/share/ros2srrc_endeffectors/egp64/urdf/egp64_ros2control.xacro
-- Up-to-date symlink: /ros2_ws/install/ros2srrc_endeffectors/share/ros2srrc_endeffectors/egp64/urdf/egp64_transmission.xacro
-- Up-to-date symlink: /ros2_ws/install/ros2srrc_endeffectors/share/ros2srrc_endeffectors/egp64/urdf/egp64v2_macro.urdf.xacro
-- Up-to-date symlink: /ros2_ws/install/ros2srrc_endeffectors/share/ros2srrc_endeffectors/egp64/urdf/egp64v3_macro.urdf.xacro
-- Up-to-date symlink: /ros2_ws/install/ros2srrc_endeffectors/share/ros2srrc_endeffectors/gpp5010nc/config/controller.yaml
-- Up-to-date symlink: /ros2_ws/install/ros2srrc_endeffectors/share/ros2srrc_endeffectors/gpp5010nc/config/controller_moveit2.yaml
-- Up-to-date symlink: /ros2_ws/install/ros2srrc_endeffectors/share/ros2srrc_endeffectors/gpp5010nc/config/joint_limits.yaml
-- Up-to-date symlink: /ros2_ws/install/ros2srrc_endeffectors/share/ros2srrc_endeffectors/gpp5010nc/config/joint_specifications.yaml
-- Up-to-date symlink: /ros2_ws/install/ros2srrc_endeffectors/share/ros2srrc_endeffectors/gpp5010nc/meshes/gpp5010nc_LeftFinger.dae
-- Up-to-date symlink: /ros2_ws/install/ros2srrc_endeffectors/share/ros2srrc_endeffectors/gpp5010nc/meshes/gpp5010nc_LeftFinger_v2.dae
-- Up-to-date symlink: /ros2_ws/install/ros2srrc_endeffectors/share/ros2srrc_endeffectors/gpp5010nc/meshes/gpp5010nc_LeftFinger_v3.dae
-- Up-to-date symlink: /ros2_ws/install/ros2srrc_endeffectors/share/ros2srrc_endeffectors/gpp5010nc/meshes/gpp5010nc_MainBody.dae
-- Up-to-date symlink: /ros2_ws/install/ros2srrc_endeffectors/share/ros2srrc_endeffectors/gpp5010nc/meshes/gpp5010nc_RightFinger.dae
-- Up-to-date symlink: /ros2_ws/install/ros2srrc_endeffectors/share/ros2srrc_endeffectors/gpp5010nc/meshes/gpp5010nc_RightFinger_v2.dae
-- Up-to-date symlink: /ros2_ws/install/ros2srrc_endeffectors/share/ros2srrc_endeffectors/gpp5010nc/meshes/gpp5010nc_RightFinger_v3.dae
-- Up-to-date symlink: /ros2_ws/install/ros2srrc_endeffectors/share/ros2srrc_endeffectors/gpp5010nc/meshes/gpp5010nc_irb1200_Adapter.dae
-- Up-to-date symlink: /ros2_ws/install/ros2srrc_endeffectors/share/ros2srrc_endeffectors/gpp5010nc/meshes/gpp5010nc_irb6640_Adapter.dae
-- Up-to-date symlink: /ros2_ws/install/ros2srrc_endeffectors/share/ros2srrc_endeffectors/gpp5010nc/urdf/gpp5010nc_macro.urdf.xacro
-- Up-to-date symlink: /ros2_ws/install/ros2srrc_endeffectors/share/ros2srrc_endeffectors/gpp5010nc/urdf/gpp5010nc_ros2control.xacro
-- Up-to-date symlink: /ros2_ws/install/ros2srrc_endeffectors/share/ros2srrc_endeffectors/gpp5010nc/urdf/gpp5010nc_transmission.xacro
-- Up-to-date symlink: /ros2_ws/install/ros2srrc_endeffectors/share/ros2srrc_endeffectors/gpp5010nc/urdf/gpp5010ncv2_macro.urdf.xacro
-- Up-to-date symlink: /ros2_ws/install/ros2srrc_endeffectors/share/ros2srrc_endeffectors/gpp5010nc/urdf/gpp5010ncv3_macro.urdf.xacro
-- Up-to-date symlink: /ros2_ws/install/ros2srrc_endeffectors/share/ros2srrc_endeffectors/ls_vgr/meshes/ls_vgr.dae
-- Up-to-date symlink: /ros2_ws/install/ros2srrc_endeffectors/share/ros2srrc_endeffectors/ls_vgr/urdf/ls_vgr_macro.urdf.xacro
-- Up-to-date symlink: /ros2_ws/install/ros2srrc_endeffectors/share/ros2srrc_endeffectors/ls_vgr/urdf/ls_vgr_ros2control.xacro
-- Up-to-date symlink: /ros2_ws/install/ros2srrc_endeffectors/share/ros2srrc_endeffectors/ls_vgr/urdf/ls_vgr_transmission.xacro
-- Up-to-date symlink: /ros2_ws/install/ros2srrc_endeffectors/share/ros2srrc_endeffectors/ls_vgr_amrc/meshes/ls_vgr_amrc.dae
-- Up-to-date symlink: /ros2_ws/install/ros2srrc_endeffectors/share/ros2srrc_endeffectors/ls_vgr_amrc/urdf/ls_vgr_amrc_macro.urdf.xacro
-- Up-to-date symlink: /ros2_ws/install/ros2srrc_endeffectors/share/ros2srrc_endeffectors/ls_vgr_amrc/urdf/ls_vgr_amrc_ros2control.xacro
-- Up-to-date symlink: /ros2_ws/install/ros2srrc_endeffectors/share/ros2srrc_endeffectors/ls_vgr_amrc/urdf/ls_vgr_amrc_transmission.xacro
-- Up-to-date symlink: /ros2_ws/install/ros2srrc_endeffectors/share/ros2srrc_endeffectors/robotiq_2f85/config/controller.yaml
-- Up-to-date symlink: /ros2_ws/install/ros2srrc_endeffectors/share/ros2srrc_endeffectors/robotiq_2f85/config/controller_moveit2.yaml
-- Up-to-date symlink: /ros2_ws/install/ros2srrc_endeffectors/share/ros2srrc_endeffectors/robotiq_2f85/config/joint_limits.yaml
-- Up-to-date symlink: /ros2_ws/install/ros2srrc_endeffectors/share/ros2srrc_endeffectors/robotiq_2f85/config/joint_specifications.yaml
-- Up-to-date symlink: /ros2_ws/install/ros2srrc_endeffectors/share/ros2srrc_endeffectors/robotiq_2f85/meshes/collision/robotiq_85_base_link.stl
-- Up-to-date symlink: /ros2_ws/install/ros2srrc_endeffectors/share/ros2srrc_endeffectors/robotiq_2f85/meshes/collision/robotiq_85_finger_link.stl
-- Up-to-date symlink: /ros2_ws/install/ros2srrc_endeffectors/share/ros2srrc_endeffectors/robotiq_2f85/meshes/collision/robotiq_85_finger_tip_link.stl
-- Up-to-date symlink: /ros2_ws/install/ros2srrc_endeffectors/share/ros2srrc_endeffectors/robotiq_2f85/meshes/collision/robotiq_85_inner_knuckle_link.stl
-- Up-to-date symlink: /ros2_ws/install/ros2srrc_endeffectors/share/ros2srrc_endeffectors/robotiq_2f85/meshes/collision/robotiq_85_knuckle_link.stl
-- Up-to-date symlink: /ros2_ws/install/ros2srrc_endeffectors/share/ros2srrc_endeffectors/robotiq_2f85/meshes/robotiq_85_coupler.stl
-- Up-to-date symlink: /ros2_ws/install/ros2srrc_endeffectors/share/ros2srrc_endeffectors/robotiq_2f85/meshes/visual/robotiq_85_base_link.dae
-- Up-to-date symlink: /ros2_ws/install/ros2srrc_endeffectors/share/ros2srrc_endeffectors/robotiq_2f85/meshes/visual/robotiq_85_finger_link.dae
-- Up-to-date symlink: /ros2_ws/install/ros2srrc_endeffectors/share/ros2srrc_endeffectors/robotiq_2f85/meshes/visual/robotiq_85_finger_tip_link.dae
-- Up-to-date symlink: /ros2_ws/install/ros2srrc_endeffectors/share/ros2srrc_endeffectors/robotiq_2f85/meshes/visual/robotiq_85_inner_knuckle_link.dae
-- Up-to-date symlink: /ros2_ws/install/ros2srrc_endeffectors/share/ros2srrc_endeffectors/robotiq_2f85/meshes/visual/robotiq_85_knuckle_link.dae
-- Up-to-date symlink: /ros2_ws/install/ros2srrc_endeffectors/share/ros2srrc_endeffectors/robotiq_2f85/urdf/robotiq_2f85_macro.urdf.xacro
-- Up-to-date symlink: /ros2_ws/install/ros2srrc_endeffectors/share/ros2srrc_endeffectors/robotiq_2f85/urdf/robotiq_2f85_ros2control.xacro
-- Up-to-date symlink: /ros2_ws/install/ros2srrc_endeffectors/share/ros2srrc_endeffectors/robotiq_2f85/urdf/robotiq_2f85_transmission.xacro
-- Up-to-date symlink: /ros2_ws/install/ros2srrc_endeffectors/share/ros2srrc_endeffectors/robotiq_hande/config/controller.yaml
-- Up-to-date symlink: /ros2_ws/install/ros2srrc_endeffectors/share/ros2srrc_endeffectors/robotiq_hande/config/controller_moveit2.yaml
-- Up-to-date symlink: /ros2_ws/install/ros2srrc_endeffectors/share/ros2srrc_endeffectors/robotiq_hande/config/joint_limits.yaml
-- Up-to-date symlink: /ros2_ws/install/ros2srrc_endeffectors/share/ros2srrc_endeffectors/robotiq_hande/config/joint_specifications.yaml
-- Up-to-date symlink: /ros2_ws/install/ros2srrc_endeffectors/share/ros2srrc_endeffectors/robotiq_hande/meshes/finger_1.dae
-- Up-to-date symlink: /ros2_ws/install/ros2srrc_endeffectors/share/ros2srrc_endeffectors/robotiq_hande/meshes/finger_1v2.dae
-- Up-to-date symlink: /ros2_ws/install/ros2srrc_endeffectors/share/ros2srrc_endeffectors/robotiq_hande/meshes/finger_2.dae
-- Up-to-date symlink: /ros2_ws/install/ros2srrc_endeffectors/share/ros2srrc_endeffectors/robotiq_hande/meshes/finger_2v2.dae
-- Up-to-date symlink: /ros2_ws/install/ros2srrc_endeffectors/share/ros2srrc_endeffectors/robotiq_hande/meshes/hand-e.dae
-- Up-to-date symlink: /ros2_ws/install/ros2srrc_endeffectors/share/ros2srrc_endeffectors/robotiq_hande/meshes/hande_bracket.dae
-- Up-to-date symlink: /ros2_ws/install/ros2srrc_endeffectors/share/ros2srrc_endeffectors/robotiq_hande/meshes/robotiq_hande.dae
-- Up-to-date symlink: /ros2_ws/install/ros2srrc_endeffectors/share/ros2srrc_endeffectors/robotiq_hande/meshes/robotiq_hande_coupler.stl
-- Up-to-date symlink: /ros2_ws/install/ros2srrc_endeffectors/share/ros2srrc_endeffectors/robotiq_hande/urdf/robotiq_hande_macro.urdf.xacro
-- Up-to-date symlink: /ros2_ws/install/ros2srrc_endeffectors/share/ros2srrc_endeffectors/robotiq_hande/urdf/robotiq_hande_ros2control.xacro
-- Up-to-date symlink: /ros2_ws/install/ros2srrc_endeffectors/share/ros2srrc_endeffectors/robotiq_hande/urdf/robotiq_hande_transmission.xacro
-- Up-to-date symlink: /ros2_ws/install/ros2srrc_endeffectors/share/ros2srrc_endeffectors/robotiq_hande/urdf/robotiq_handev2_macro.urdf.xacro
-- Up-to-date symlink: /ros2_ws/install/ros2srrc_endeffectors/share/ros2srrc_endeffectors/ar4gripper/config/controller.yaml
-- Up-to-date symlink: /ros2_ws/install/ros2srrc_endeffectors/share/ros2srrc_endeffectors/ar4gripper/config/controller_moveit2.yaml
-- Up-to-date symlink: /ros2_ws/install/ros2srrc_endeffectors/share/ros2srrc_endeffectors/ar4gripper/config/joint_limits.yaml
-- Up-to-date symlink: /ros2_ws/install/ros2srrc_endeffectors/share/ros2srrc_endeffectors/ar4gripper/config/joint_specifications.yaml
-- Up-to-date symlink: /ros2_ws/install/ros2srrc_endeffectors/share/ros2srrc_endeffectors/ar4gripper/meshes/gripper_base_link.stl
-- Up-to-date symlink: /ros2_ws/install/ros2srrc_endeffectors/share/ros2srrc_endeffectors/ar4gripper/meshes/gripper_jaw1_link.stl
-- Up-to-date symlink: /ros2_ws/install/ros2srrc_endeffectors/share/ros2srrc_endeffectors/ar4gripper/meshes/gripper_jaw2_link.stl
-- Up-to-date symlink: /ros2_ws/install/ros2srrc_endeffectors/share/ros2srrc_endeffectors/ar4gripper/urdf/ar4gripper_macro.urdf.xacro
-- Up-to-date symlink: /ros2_ws/install/ros2srrc_endeffectors/share/ros2srrc_endeffectors/ar4gripper/urdf/ar4gripper_ros2control.xacro
-- Up-to-date symlink: /ros2_ws/install/ros2srrc_endeffectors/share/ros2srrc_endeffectors/ar4gripper/urdf/ar4gripper_transmission.xacro
-- Up-to-date symlink: /ros2_ws/install/ros2srrc_endeffectors/share/ament_index/resource_index/package_run_dependencies/ros2srrc_endeffectors
-- Up-to-date symlink: /ros2_ws/install/ros2srrc_endeffectors/share/ament_index/resource_index/parent_prefix_path/ros2srrc_endeffectors
-- Up-to-date symlink: /ros2_ws/install/ros2srrc_endeffectors/share/ros2srrc_endeffectors/environment/ament_prefix_path.sh
-- Up-to-date symlink: /ros2_ws/install/ros2srrc_endeffectors/share/ros2srrc_endeffectors/environment/ament_prefix_path.dsv
-- Up-to-date symlink: /ros2_ws/install/ros2srrc_endeffectors/share/ros2srrc_endeffectors/environment/path.sh
-- Up-to-date symlink: /ros2_ws/install/ros2srrc_endeffectors/share/ros2srrc_endeffectors/environment/path.dsv
-- Up-to-date symlink: /ros2_ws/install/ros2srrc_endeffectors/share/ros2srrc_endeffectors/local_setup.bash
-- Up-to-date symlink: /ros2_ws/install/ros2srrc_endeffectors/share/ros2srrc_endeffectors/local_setup.sh
-- Up-to-date symlink: /ros2_ws/install/ros2srrc_endeffectors/share/ros2srrc_endeffectors/local_setup.zsh
-- Up-to-date symlink: /ros2_ws/install/ros2srrc_endeffectors/share/ros2srrc_endeffectors/local_setup.dsv
-- Symlinking: /ros2_ws/install/ros2srrc_endeffectors/share/ros2srrc_endeffectors/package.dsv
-- Up-to-date symlink: /ros2_ws/install/ros2srrc_endeffectors/share/ament_index/resource_index/packages/ros2srrc_endeffectors
-- Up-to-date symlink: /ros2_ws/install/ros2srrc_endeffectors/share/ros2srrc_endeffectors/cmake/ros2srrc_endeffectorsConfig.cmake
-- Up-to-date symlink: /ros2_ws/install/ros2srrc_endeffectors/share/ros2srrc_endeffectors/cmake/ros2srrc_endeffectorsConfig-version.cmake
-- Up-to-date symlink: /ros2_ws/install/ros2srrc_endeffectors/share/ros2srrc_endeffectors/package.xml
