[0.111s] Invoking command in '/ros2_ws/build/ros2srrc_ur3e': CMAKE_PREFIX_PATH=/opt/ros/humble /usr/bin/cmake --build /ros2_ws/build/ros2srrc_ur3e -- -j8 -l8
[0.202s] Invoked command in '/ros2_ws/build/ros2srrc_ur3e' returned '0': CMAKE_PREFIX_PATH=/opt/ros/humble /usr/bin/cmake --build /ros2_ws/build/ros2srrc_ur3e -- -j8 -l8
[0.204s] Invoking command in '/ros2_ws/build/ros2srrc_ur3e': CMAKE_PREFIX_PATH=/opt/ros/humble /usr/bin/cmake --install /ros2_ws/build/ros2srrc_ur3e
[0.211s] -- Install configuration: "Release"
[0.212s] -- Execute custom install script
[0.213s] -- Up-to-date symlink: /ros2_ws/install/ros2srrc_ur3e/share/ros2srrc_ur3e/config/configurations.yaml
[0.214s] -- Up-to-date symlink: /ros2_ws/install/ros2srrc_ur3e/share/ros2srrc_ur3e/urdf/ur3e.urdf.xacro
[0.214s] -- Up-to-date symlink: /ros2_ws/install/ros2srrc_ur3e/share/ros2srrc_ur3e/urdf/ur3e_robotiq_2f85.urdf.xacro
[0.214s] -- Up-to-date symlink: /ros2_ws/install/ros2srrc_ur3e/share/ros2srrc_ur3e/urdf/ur3e_robotiq_hande.urdf.xacro
[0.223s] -- Up-to-date symlink: /ros2_ws/install/ros2srrc_ur3e/share/ament_index/resource_index/package_run_dependencies/ros2srrc_ur3e
[0.224s] -- Up-to-date symlink: /ros2_ws/install/ros2srrc_ur3e/share/ament_index/resource_index/parent_prefix_path/ros2srrc_ur3e
[0.224s] -- Up-to-date symlink: /ros2_ws/install/ros2srrc_ur3e/share/ros2srrc_ur3e/environment/ament_prefix_path.sh
[0.224s] -- Up-to-date symlink: /ros2_ws/install/ros2srrc_ur3e/share/ros2srrc_ur3e/environment/ament_prefix_path.dsv
[0.224s] -- Up-to-date symlink: /ros2_ws/install/ros2srrc_ur3e/share/ros2srrc_ur3e/environment/path.sh
[0.224s] -- Up-to-date symlink: /ros2_ws/install/ros2srrc_ur3e/share/ros2srrc_ur3e/environment/path.dsv
[0.225s] -- Up-to-date symlink: /ros2_ws/install/ros2srrc_ur3e/share/ros2srrc_ur3e/local_setup.bash
[0.225s] -- Up-to-date symlink: /ros2_ws/install/ros2srrc_ur3e/share/ros2srrc_ur3e/local_setup.sh
[0.225s] -- Up-to-date symlink: /ros2_ws/install/ros2srrc_ur3e/share/ros2srrc_ur3e/local_setup.zsh
[0.225s] -- Up-to-date symlink: /ros2_ws/install/ros2srrc_ur3e/share/ros2srrc_ur3e/local_setup.dsv
[0.225s] -- Symlinking: /ros2_ws/install/ros2srrc_ur3e/share/ros2srrc_ur3e/package.dsv
[0.238s] -- Up-to-date symlink: /ros2_ws/install/ros2srrc_ur3e/share/ament_index/resource_index/packages/ros2srrc_ur3e
[0.238s] -- Up-to-date symlink: /ros2_ws/install/ros2srrc_ur3e/share/ros2srrc_ur3e/cmake/ros2srrc_ur3eConfig.cmake
[0.238s] -- Up-to-date symlink: /ros2_ws/install/ros2srrc_ur3e/share/ros2srrc_ur3e/cmake/ros2srrc_ur3eConfig-version.cmake
[0.239s] -- Up-to-date symlink: /ros2_ws/install/ros2srrc_ur3e/share/ros2srrc_ur3e/package.xml
[0.683s] Invoked command in '/ros2_ws/build/ros2srrc_ur3e' returned '0': CMAKE_PREFIX_PATH=/opt/ros/humble /usr/bin/cmake --install /ros2_ws/build/ros2srrc_ur3e
