[35m[1mConsolidate compiler generated dependencies of target ros2srrc_data__rosidl_generator_c[0m
[  0%] Built target ros2srrc_data__cpp
[ 12%] Built target ros2srrc_data__rosidl_generator_c
[ 12%] Built target ament_cmake_python_symlink_ros2srrc_data
[35m[1mConsolidate compiler generated dependencies of target ros2srrc_data__rosidl_typesupport_fastrtps_cpp[0m
[35m[1mConsolidate compiler generated dependencies of target ros2srrc_data__rosidl_typesupport_cpp[0m
[35m[1mConsolidate compiler generated dependencies of target ros2srrc_data__rosidl_typesupport_introspection_c[0m
[35m[1mConsolidate compiler generated dependencies of target ros2srrc_data__rosidl_typesupport_c[0m
[35m[1mConsolidate compiler generated dependencies of target ros2srrc_data__rosidl_typesupport_introspection_cpp[0m
[35m[1mConsolidate compiler generated dependencies of target ros2srrc_data__rosidl_typesupport_fastrtps_c[0m
[ 24%] Built target ros2srrc_data__rosidl_typesupport_introspection_c
[ 36%] Built target ros2srrc_data__rosidl_typesupport_fastrtps_cpp
[ 48%] Built target ros2srrc_data__rosidl_typesupport_c
[ 60%] Built target ros2srrc_data__rosidl_typesupport_cpp
[ 72%] Built target ros2srrc_data__rosidl_typesupport_fastrtps_c
[ 84%] Built target ros2srrc_data__rosidl_typesupport_introspection_cpp
[ 84%] Built target ros2srrc_data
[ 85%] Built target ros2srrc_data__py
[35m[1mConsolidate compiler generated dependencies of target ros2srrc_data__rosidl_generator_py[0m
[ 96%] Built target ros2srrc_data__rosidl_generator_py
[35m[1mConsolidate compiler generated dependencies of target ros2srrc_data__rosidl_typesupport_c__pyext[0m
[35m[1mConsolidate compiler generated dependencies of target ros2srrc_data__rosidl_typesupport_introspection_c__pyext[0m
[35m[1mConsolidate compiler generated dependencies of target ros2srrc_data__rosidl_typesupport_fastrtps_c__pyext[0m
[ 97%] Built target ros2srrc_data__rosidl_typesupport_c__pyext
[ 99%] Built target ros2srrc_data__rosidl_typesupport_introspection_c__pyext
[100%] Built target ros2srrc_data__rosidl_typesupport_fastrtps_c__pyext
running egg_info
writing ros2srrc_data.egg-info/PKG-INFO
writing dependency_links to ros2srrc_data.egg-info/dependency_links.txt
writing top-level names to ros2srrc_data.egg-info/top_level.txt
reading manifest file 'ros2srrc_data.egg-info/SOURCES.txt'
writing manifest file 'ros2srrc_data.egg-info/SOURCES.txt'
[100%] Built target ament_cmake_python_build_ros2srrc_data_egg
-- Install configuration: "Release"
-- Execute custom install script
-- Up-to-date symlink: /ros2_ws/install/ros2srrc_data/share/ros2srrc_data/action/Move.action
-- Up-to-date symlink: /ros2_ws/install/ros2srrc_data/share/ros2srrc_data/action/Robmove.action
-- Up-to-date symlink: /ros2_ws/install/ros2srrc_data/share/ros2srrc_data/action/Sequence.action
-- Up-to-date symlink: /ros2_ws/install/ros2srrc_data/share/ros2srrc_data/msg/Action.msg
-- Up-to-date symlink: /ros2_ws/install/ros2srrc_data/share/ros2srrc_data/msg/Joint.msg
-- Up-to-date symlink: /ros2_ws/install/ros2srrc_data/share/ros2srrc_data/msg/Joints.msg
-- Up-to-date symlink: /ros2_ws/install/ros2srrc_data/share/ros2srrc_data/msg/Linkattacher.msg
-- Up-to-date symlink: /ros2_ws/install/ros2srrc_data/share/ros2srrc_data/msg/Robmove.msg
-- Up-to-date symlink: /ros2_ws/install/ros2srrc_data/share/ros2srrc_data/msg/Robpose.msg
-- Up-to-date symlink: /ros2_ws/install/ros2srrc_data/share/ros2srrc_data/msg/Specs.msg
-- Up-to-date symlink: /ros2_ws/install/ros2srrc_data/share/ros2srrc_data/msg/Xyz.msg
-- Up-to-date symlink: /ros2_ws/install/ros2srrc_data/share/ros2srrc_data/msg/Xyzypr.msg
-- Up-to-date symlink: /ros2_ws/install/ros2srrc_data/share/ros2srrc_data/msg/Ypr.msg
-- Up-to-date symlink: /ros2_ws/install/ros2srrc_data/share/ament_index/resource_index/rosidl_interfaces/ros2srrc_data
-- Up-to-date symlink: /ros2_ws/install/ros2srrc_data/include/ros2srrc_data/ros2srrc_data/action/detail/move__functions.h
-- Up-to-date symlink: /ros2_ws/install/ros2srrc_data/include/ros2srrc_data/ros2srrc_data/action/detail/move__struct.h
-- Up-to-date symlink: /ros2_ws/install/ros2srrc_data/include/ros2srrc_data/ros2srrc_data/action/detail/move__type_support.h
-- Up-to-date symlink: /ros2_ws/install/ros2srrc_data/include/ros2srrc_data/ros2srrc_data/action/detail/robmove__functions.h
-- Up-to-date symlink: /ros2_ws/install/ros2srrc_data/include/ros2srrc_data/ros2srrc_data/action/detail/robmove__struct.h
-- Up-to-date symlink: /ros2_ws/install/ros2srrc_data/include/ros2srrc_data/ros2srrc_data/action/detail/robmove__type_support.h
-- Up-to-date symlink: /ros2_ws/install/ros2srrc_data/include/ros2srrc_data/ros2srrc_data/action/detail/sequence__functions.h
-- Up-to-date symlink: /ros2_ws/install/ros2srrc_data/include/ros2srrc_data/ros2srrc_data/action/detail/sequence__struct.h
-- Up-to-date symlink: /ros2_ws/install/ros2srrc_data/include/ros2srrc_data/ros2srrc_data/action/detail/sequence__type_support.h
-- Up-to-date symlink: /ros2_ws/install/ros2srrc_data/include/ros2srrc_data/ros2srrc_data/action/move.h
-- Up-to-date symlink: /ros2_ws/install/ros2srrc_data/include/ros2srrc_data/ros2srrc_data/action/robmove.h
-- Up-to-date symlink: /ros2_ws/install/ros2srrc_data/include/ros2srrc_data/ros2srrc_data/action/sequence.h
-- Up-to-date symlink: /ros2_ws/install/ros2srrc_data/include/ros2srrc_data/ros2srrc_data/msg/action.h
-- Up-to-date symlink: /ros2_ws/install/ros2srrc_data/include/ros2srrc_data/ros2srrc_data/msg/detail/action__functions.h
-- Up-to-date symlink: /ros2_ws/install/ros2srrc_data/include/ros2srrc_data/ros2srrc_data/msg/detail/action__struct.h
-- Up-to-date symlink: /ros2_ws/install/ros2srrc_data/include/ros2srrc_data/ros2srrc_data/msg/detail/action__type_support.h
-- Up-to-date symlink: /ros2_ws/install/ros2srrc_data/include/ros2srrc_data/ros2srrc_data/msg/detail/joint__functions.h
-- Up-to-date symlink: /ros2_ws/install/ros2srrc_data/include/ros2srrc_data/ros2srrc_data/msg/detail/joint__struct.h
-- Up-to-date symlink: /ros2_ws/install/ros2srrc_data/include/ros2srrc_data/ros2srrc_data/msg/detail/joint__type_support.h
-- Up-to-date symlink: /ros2_ws/install/ros2srrc_data/include/ros2srrc_data/ros2srrc_data/msg/detail/joints__functions.h
-- Up-to-date symlink: /ros2_ws/install/ros2srrc_data/include/ros2srrc_data/ros2srrc_data/msg/detail/joints__struct.h
-- Up-to-date symlink: /ros2_ws/install/ros2srrc_data/include/ros2srrc_data/ros2srrc_data/msg/detail/joints__type_support.h
-- Up-to-date symlink: /ros2_ws/install/ros2srrc_data/include/ros2srrc_data/ros2srrc_data/msg/detail/linkattacher__functions.h
-- Up-to-date symlink: /ros2_ws/install/ros2srrc_data/include/ros2srrc_data/ros2srrc_data/msg/detail/linkattacher__struct.h
-- Up-to-date symlink: /ros2_ws/install/ros2srrc_data/include/ros2srrc_data/ros2srrc_data/msg/detail/linkattacher__type_support.h
-- Up-to-date symlink: /ros2_ws/install/ros2srrc_data/include/ros2srrc_data/ros2srrc_data/msg/detail/robmove__functions.h
-- Up-to-date symlink: /ros2_ws/install/ros2srrc_data/include/ros2srrc_data/ros2srrc_data/msg/detail/robmove__struct.h
-- Up-to-date symlink: /ros2_ws/install/ros2srrc_data/include/ros2srrc_data/ros2srrc_data/msg/detail/robmove__type_support.h
-- Up-to-date symlink: /ros2_ws/install/ros2srrc_data/include/ros2srrc_data/ros2srrc_data/msg/detail/robpose__functions.h
-- Up-to-date symlink: /ros2_ws/install/ros2srrc_data/include/ros2srrc_data/ros2srrc_data/msg/detail/robpose__struct.h
-- Up-to-date symlink: /ros2_ws/install/ros2srrc_data/include/ros2srrc_data/ros2srrc_data/msg/detail/robpose__type_support.h
-- Up-to-date symlink: /ros2_ws/install/ros2srrc_data/include/ros2srrc_data/ros2srrc_data/msg/detail/specs__functions.h
-- Up-to-date symlink: /ros2_ws/install/ros2srrc_data/include/ros2srrc_data/ros2srrc_data/msg/detail/specs__struct.h
-- Up-to-date symlink: /ros2_ws/install/ros2srrc_data/include/ros2srrc_data/ros2srrc_data/msg/detail/specs__type_support.h
-- Up-to-date symlink: /ros2_ws/install/ros2srrc_data/include/ros2srrc_data/ros2srrc_data/msg/detail/xyz__functions.h
-- Up-to-date symlink: /ros2_ws/install/ros2srrc_data/include/ros2srrc_data/ros2srrc_data/msg/detail/xyz__struct.h
-- Up-to-date symlink: /ros2_ws/install/ros2srrc_data/include/ros2srrc_data/ros2srrc_data/msg/detail/xyz__type_support.h
-- Up-to-date symlink: /ros2_ws/install/ros2srrc_data/include/ros2srrc_data/ros2srrc_data/msg/detail/xyzypr__functions.h
-- Up-to-date symlink: /ros2_ws/install/ros2srrc_data/include/ros2srrc_data/ros2srrc_data/msg/detail/xyzypr__struct.h
-- Up-to-date symlink: /ros2_ws/install/ros2srrc_data/include/ros2srrc_data/ros2srrc_data/msg/detail/xyzypr__type_support.h
-- Up-to-date symlink: /ros2_ws/install/ros2srrc_data/include/ros2srrc_data/ros2srrc_data/msg/detail/ypr__functions.h
-- Up-to-date symlink: /ros2_ws/install/ros2srrc_data/include/ros2srrc_data/ros2srrc_data/msg/detail/ypr__struct.h
-- Up-to-date symlink: /ros2_ws/install/ros2srrc_data/include/ros2srrc_data/ros2srrc_data/msg/detail/ypr__type_support.h
-- Up-to-date symlink: /ros2_ws/install/ros2srrc_data/include/ros2srrc_data/ros2srrc_data/msg/joint.h
-- Up-to-date symlink: /ros2_ws/install/ros2srrc_data/include/ros2srrc_data/ros2srrc_data/msg/joints.h
-- Up-to-date symlink: /ros2_ws/install/ros2srrc_data/include/ros2srrc_data/ros2srrc_data/msg/linkattacher.h
-- Up-to-date symlink: /ros2_ws/install/ros2srrc_data/include/ros2srrc_data/ros2srrc_data/msg/robmove.h
-- Up-to-date symlink: /ros2_ws/install/ros2srrc_data/include/ros2srrc_data/ros2srrc_data/msg/robpose.h
-- Up-to-date symlink: /ros2_ws/install/ros2srrc_data/include/ros2srrc_data/ros2srrc_data/msg/rosidl_generator_c__visibility_control.h
-- Up-to-date symlink: /ros2_ws/install/ros2srrc_data/include/ros2srrc_data/ros2srrc_data/msg/specs.h
-- Up-to-date symlink: /ros2_ws/install/ros2srrc_data/include/ros2srrc_data/ros2srrc_data/msg/xyz.h
-- Up-to-date symlink: /ros2_ws/install/ros2srrc_data/include/ros2srrc_data/ros2srrc_data/msg/xyzypr.h
-- Up-to-date symlink: /ros2_ws/install/ros2srrc_data/include/ros2srrc_data/ros2srrc_data/msg/ypr.h
-- Up-to-date symlink: /ros2_ws/install/ros2srrc_data/share/ros2srrc_data/environment/library_path.sh
-- Up-to-date symlink: /ros2_ws/install/ros2srrc_data/share/ros2srrc_data/environment/library_path.dsv
-- Up-to-date symlink: /ros2_ws/install/ros2srrc_data/include/ros2srrc_data/ros2srrc_data/action/detail/move__rosidl_typesupport_fastrtps_c.h
-- Up-to-date symlink: /ros2_ws/install/ros2srrc_data/include/ros2srrc_data/ros2srrc_data/action/detail/robmove__rosidl_typesupport_fastrtps_c.h
-- Up-to-date symlink: /ros2_ws/install/ros2srrc_data/include/ros2srrc_data/ros2srrc_data/action/detail/sequence__rosidl_typesupport_fastrtps_c.h
-- Up-to-date symlink: /ros2_ws/install/ros2srrc_data/include/ros2srrc_data/ros2srrc_data/msg/detail/action__rosidl_typesupport_fastrtps_c.h
-- Up-to-date symlink: /ros2_ws/install/ros2srrc_data/include/ros2srrc_data/ros2srrc_data/msg/detail/joint__rosidl_typesupport_fastrtps_c.h
-- Up-to-date symlink: /ros2_ws/install/ros2srrc_data/include/ros2srrc_data/ros2srrc_data/msg/detail/joints__rosidl_typesupport_fastrtps_c.h
-- Up-to-date symlink: /ros2_ws/install/ros2srrc_data/include/ros2srrc_data/ros2srrc_data/msg/detail/linkattacher__rosidl_typesupport_fastrtps_c.h
-- Up-to-date symlink: /ros2_ws/install/ros2srrc_data/include/ros2srrc_data/ros2srrc_data/msg/detail/robmove__rosidl_typesupport_fastrtps_c.h
-- Up-to-date symlink: /ros2_ws/install/ros2srrc_data/include/ros2srrc_data/ros2srrc_data/msg/detail/robpose__rosidl_typesupport_fastrtps_c.h
-- Up-to-date symlink: /ros2_ws/install/ros2srrc_data/include/ros2srrc_data/ros2srrc_data/msg/detail/specs__rosidl_typesupport_fastrtps_c.h
-- Up-to-date symlink: /ros2_ws/install/ros2srrc_data/include/ros2srrc_data/ros2srrc_data/msg/detail/xyz__rosidl_typesupport_fastrtps_c.h
-- Up-to-date symlink: /ros2_ws/install/ros2srrc_data/include/ros2srrc_data/ros2srrc_data/msg/detail/xyzypr__rosidl_typesupport_fastrtps_c.h
-- Up-to-date symlink: /ros2_ws/install/ros2srrc_data/include/ros2srrc_data/ros2srrc_data/msg/detail/ypr__rosidl_typesupport_fastrtps_c.h
-- Up-to-date symlink: /ros2_ws/install/ros2srrc_data/include/ros2srrc_data/ros2srrc_data/msg/rosidl_typesupport_fastrtps_c__visibility_control.h
-- Up-to-date symlink: /ros2_ws/install/ros2srrc_data/include/ros2srrc_data/ros2srrc_data/action/detail/move__rosidl_typesupport_introspection_c.h
-- Up-to-date symlink: /ros2_ws/install/ros2srrc_data/include/ros2srrc_data/ros2srrc_data/action/detail/robmove__rosidl_typesupport_introspection_c.h
-- Up-to-date symlink: /ros2_ws/install/ros2srrc_data/include/ros2srrc_data/ros2srrc_data/action/detail/sequence__rosidl_typesupport_introspection_c.h
-- Up-to-date symlink: /ros2_ws/install/ros2srrc_data/include/ros2srrc_data/ros2srrc_data/msg/detail/action__rosidl_typesupport_introspection_c.h
-- Up-to-date symlink: /ros2_ws/install/ros2srrc_data/include/ros2srrc_data/ros2srrc_data/msg/detail/joint__rosidl_typesupport_introspection_c.h
-- Up-to-date symlink: /ros2_ws/install/ros2srrc_data/include/ros2srrc_data/ros2srrc_data/msg/detail/joints__rosidl_typesupport_introspection_c.h
-- Up-to-date symlink: /ros2_ws/install/ros2srrc_data/include/ros2srrc_data/ros2srrc_data/msg/detail/linkattacher__rosidl_typesupport_introspection_c.h
-- Up-to-date symlink: /ros2_ws/install/ros2srrc_data/include/ros2srrc_data/ros2srrc_data/msg/detail/robmove__rosidl_typesupport_introspection_c.h
-- Up-to-date symlink: /ros2_ws/install/ros2srrc_data/include/ros2srrc_data/ros2srrc_data/msg/detail/robpose__rosidl_typesupport_introspection_c.h
-- Up-to-date symlink: /ros2_ws/install/ros2srrc_data/include/ros2srrc_data/ros2srrc_data/msg/detail/specs__rosidl_typesupport_introspection_c.h
-- Up-to-date symlink: /ros2_ws/install/ros2srrc_data/include/ros2srrc_data/ros2srrc_data/msg/detail/xyz__rosidl_typesupport_introspection_c.h
-- Up-to-date symlink: /ros2_ws/install/ros2srrc_data/include/ros2srrc_data/ros2srrc_data/msg/detail/xyzypr__rosidl_typesupport_introspection_c.h
-- Up-to-date symlink: /ros2_ws/install/ros2srrc_data/include/ros2srrc_data/ros2srrc_data/msg/detail/ypr__rosidl_typesupport_introspection_c.h
-- Up-to-date symlink: /ros2_ws/install/ros2srrc_data/include/ros2srrc_data/ros2srrc_data/msg/rosidl_typesupport_introspection_c__visibility_control.h
-- Up-to-date symlink: /ros2_ws/install/ros2srrc_data/include/ros2srrc_data/ros2srrc_data/action/detail/move__builder.hpp
-- Up-to-date symlink: /ros2_ws/install/ros2srrc_data/include/ros2srrc_data/ros2srrc_data/action/detail/move__struct.hpp
-- Up-to-date symlink: /ros2_ws/install/ros2srrc_data/include/ros2srrc_data/ros2srrc_data/action/detail/move__traits.hpp
-- Up-to-date symlink: /ros2_ws/install/ros2srrc_data/include/ros2srrc_data/ros2srrc_data/action/detail/move__type_support.hpp
-- Up-to-date symlink: /ros2_ws/install/ros2srrc_data/include/ros2srrc_data/ros2srrc_data/action/detail/robmove__builder.hpp
-- Up-to-date symlink: /ros2_ws/install/ros2srrc_data/include/ros2srrc_data/ros2srrc_data/action/detail/robmove__struct.hpp
-- Up-to-date symlink: /ros2_ws/install/ros2srrc_data/include/ros2srrc_data/ros2srrc_data/action/detail/robmove__traits.hpp
-- Up-to-date symlink: /ros2_ws/install/ros2srrc_data/include/ros2srrc_data/ros2srrc_data/action/detail/robmove__type_support.hpp
-- Up-to-date symlink: /ros2_ws/install/ros2srrc_data/include/ros2srrc_data/ros2srrc_data/action/detail/sequence__builder.hpp
-- Up-to-date symlink: /ros2_ws/install/ros2srrc_data/include/ros2srrc_data/ros2srrc_data/action/detail/sequence__struct.hpp
-- Up-to-date symlink: /ros2_ws/install/ros2srrc_data/include/ros2srrc_data/ros2srrc_data/action/detail/sequence__traits.hpp
-- Up-to-date symlink: /ros2_ws/install/ros2srrc_data/include/ros2srrc_data/ros2srrc_data/action/detail/sequence__type_support.hpp
-- Up-to-date symlink: /ros2_ws/install/ros2srrc_data/include/ros2srrc_data/ros2srrc_data/action/move.hpp
-- Up-to-date symlink: /ros2_ws/install/ros2srrc_data/include/ros2srrc_data/ros2srrc_data/action/robmove.hpp
-- Up-to-date symlink: /ros2_ws/install/ros2srrc_data/include/ros2srrc_data/ros2srrc_data/action/sequence.hpp
-- Up-to-date symlink: /ros2_ws/install/ros2srrc_data/include/ros2srrc_data/ros2srrc_data/msg/action.hpp
-- Up-to-date symlink: /ros2_ws/install/ros2srrc_data/include/ros2srrc_data/ros2srrc_data/msg/detail/action__builder.hpp
-- Up-to-date symlink: /ros2_ws/install/ros2srrc_data/include/ros2srrc_data/ros2srrc_data/msg/detail/action__struct.hpp
-- Up-to-date symlink: /ros2_ws/install/ros2srrc_data/include/ros2srrc_data/ros2srrc_data/msg/detail/action__traits.hpp
-- Up-to-date symlink: /ros2_ws/install/ros2srrc_data/include/ros2srrc_data/ros2srrc_data/msg/detail/action__type_support.hpp
-- Up-to-date symlink: /ros2_ws/install/ros2srrc_data/include/ros2srrc_data/ros2srrc_data/msg/detail/joint__builder.hpp
-- Up-to-date symlink: /ros2_ws/install/ros2srrc_data/include/ros2srrc_data/ros2srrc_data/msg/detail/joint__struct.hpp
-- Up-to-date symlink: /ros2_ws/install/ros2srrc_data/include/ros2srrc_data/ros2srrc_data/msg/detail/joint__traits.hpp
-- Up-to-date symlink: /ros2_ws/install/ros2srrc_data/include/ros2srrc_data/ros2srrc_data/msg/detail/joint__type_support.hpp
-- Up-to-date symlink: /ros2_ws/install/ros2srrc_data/include/ros2srrc_data/ros2srrc_data/msg/detail/joints__builder.hpp
-- Up-to-date symlink: /ros2_ws/install/ros2srrc_data/include/ros2srrc_data/ros2srrc_data/msg/detail/joints__struct.hpp
-- Up-to-date symlink: /ros2_ws/install/ros2srrc_data/include/ros2srrc_data/ros2srrc_data/msg/detail/joints__traits.hpp
-- Up-to-date symlink: /ros2_ws/install/ros2srrc_data/include/ros2srrc_data/ros2srrc_data/msg/detail/joints__type_support.hpp
-- Up-to-date symlink: /ros2_ws/install/ros2srrc_data/include/ros2srrc_data/ros2srrc_data/msg/detail/linkattacher__builder.hpp
-- Up-to-date symlink: /ros2_ws/install/ros2srrc_data/include/ros2srrc_data/ros2srrc_data/msg/detail/linkattacher__struct.hpp
-- Up-to-date symlink: /ros2_ws/install/ros2srrc_data/include/ros2srrc_data/ros2srrc_data/msg/detail/linkattacher__traits.hpp
-- Up-to-date symlink: /ros2_ws/install/ros2srrc_data/include/ros2srrc_data/ros2srrc_data/msg/detail/linkattacher__type_support.hpp
-- Up-to-date symlink: /ros2_ws/install/ros2srrc_data/include/ros2srrc_data/ros2srrc_data/msg/detail/robmove__builder.hpp
-- Up-to-date symlink: /ros2_ws/install/ros2srrc_data/include/ros2srrc_data/ros2srrc_data/msg/detail/robmove__struct.hpp
-- Up-to-date symlink: /ros2_ws/install/ros2srrc_data/include/ros2srrc_data/ros2srrc_data/msg/detail/robmove__traits.hpp
-- Up-to-date symlink: /ros2_ws/install/ros2srrc_data/include/ros2srrc_data/ros2srrc_data/msg/detail/robmove__type_support.hpp
-- Up-to-date symlink: /ros2_ws/install/ros2srrc_data/include/ros2srrc_data/ros2srrc_data/msg/detail/robpose__builder.hpp
-- Up-to-date symlink: /ros2_ws/install/ros2srrc_data/include/ros2srrc_data/ros2srrc_data/msg/detail/robpose__struct.hpp
-- Up-to-date symlink: /ros2_ws/install/ros2srrc_data/include/ros2srrc_data/ros2srrc_data/msg/detail/robpose__traits.hpp
-- Up-to-date symlink: /ros2_ws/install/ros2srrc_data/include/ros2srrc_data/ros2srrc_data/msg/detail/robpose__type_support.hpp
-- Up-to-date symlink: /ros2_ws/install/ros2srrc_data/include/ros2srrc_data/ros2srrc_data/msg/detail/specs__builder.hpp
-- Up-to-date symlink: /ros2_ws/install/ros2srrc_data/include/ros2srrc_data/ros2srrc_data/msg/detail/specs__struct.hpp
-- Up-to-date symlink: /ros2_ws/install/ros2srrc_data/include/ros2srrc_data/ros2srrc_data/msg/detail/specs__traits.hpp
-- Up-to-date symlink: /ros2_ws/install/ros2srrc_data/include/ros2srrc_data/ros2srrc_data/msg/detail/specs__type_support.hpp
-- Up-to-date symlink: /ros2_ws/install/ros2srrc_data/include/ros2srrc_data/ros2srrc_data/msg/detail/xyz__builder.hpp
-- Up-to-date symlink: /ros2_ws/install/ros2srrc_data/include/ros2srrc_data/ros2srrc_data/msg/detail/xyz__struct.hpp
-- Up-to-date symlink: /ros2_ws/install/ros2srrc_data/include/ros2srrc_data/ros2srrc_data/msg/detail/xyz__traits.hpp
-- Up-to-date symlink: /ros2_ws/install/ros2srrc_data/include/ros2srrc_data/ros2srrc_data/msg/detail/xyz__type_support.hpp
-- Up-to-date symlink: /ros2_ws/install/ros2srrc_data/include/ros2srrc_data/ros2srrc_data/msg/detail/xyzypr__builder.hpp
-- Up-to-date symlink: /ros2_ws/install/ros2srrc_data/include/ros2srrc_data/ros2srrc_data/msg/detail/xyzypr__struct.hpp
-- Up-to-date symlink: /ros2_ws/install/ros2srrc_data/include/ros2srrc_data/ros2srrc_data/msg/detail/xyzypr__traits.hpp
-- Up-to-date symlink: /ros2_ws/install/ros2srrc_data/include/ros2srrc_data/ros2srrc_data/msg/detail/xyzypr__type_support.hpp
-- Up-to-date symlink: /ros2_ws/install/ros2srrc_data/include/ros2srrc_data/ros2srrc_data/msg/detail/ypr__builder.hpp
-- Up-to-date symlink: /ros2_ws/install/ros2srrc_data/include/ros2srrc_data/ros2srrc_data/msg/detail/ypr__struct.hpp
-- Up-to-date symlink: /ros2_ws/install/ros2srrc_data/include/ros2srrc_data/ros2srrc_data/msg/detail/ypr__traits.hpp
-- Up-to-date symlink: /ros2_ws/install/ros2srrc_data/include/ros2srrc_data/ros2srrc_data/msg/detail/ypr__type_support.hpp
-- Up-to-date symlink: /ros2_ws/install/ros2srrc_data/include/ros2srrc_data/ros2srrc_data/msg/joint.hpp
-- Up-to-date symlink: /ros2_ws/install/ros2srrc_data/include/ros2srrc_data/ros2srrc_data/msg/joints.hpp
-- Up-to-date symlink: /ros2_ws/install/ros2srrc_data/include/ros2srrc_data/ros2srrc_data/msg/linkattacher.hpp
-- Up-to-date symlink: /ros2_ws/install/ros2srrc_data/include/ros2srrc_data/ros2srrc_data/msg/robmove.hpp
-- Up-to-date symlink: /ros2_ws/install/ros2srrc_data/include/ros2srrc_data/ros2srrc_data/msg/robpose.hpp
-- Up-to-date symlink: /ros2_ws/install/ros2srrc_data/include/ros2srrc_data/ros2srrc_data/msg/rosidl_generator_cpp__visibility_control.hpp
-- Up-to-date symlink: /ros2_ws/install/ros2srrc_data/include/ros2srrc_data/ros2srrc_data/msg/specs.hpp
-- Up-to-date symlink: /ros2_ws/install/ros2srrc_data/include/ros2srrc_data/ros2srrc_data/msg/xyz.hpp
-- Up-to-date symlink: /ros2_ws/install/ros2srrc_data/include/ros2srrc_data/ros2srrc_data/msg/xyzypr.hpp
-- Up-to-date symlink: /ros2_ws/install/ros2srrc_data/include/ros2srrc_data/ros2srrc_data/msg/ypr.hpp
-- Up-to-date symlink: /ros2_ws/install/ros2srrc_data/include/ros2srrc_data/ros2srrc_data/action/detail/move__rosidl_typesupport_fastrtps_cpp.hpp
-- Up-to-date symlink: /ros2_ws/install/ros2srrc_data/include/ros2srrc_data/ros2srrc_data/action/detail/robmove__rosidl_typesupport_fastrtps_cpp.hpp
-- Up-to-date symlink: /ros2_ws/install/ros2srrc_data/include/ros2srrc_data/ros2srrc_data/action/detail/sequence__rosidl_typesupport_fastrtps_cpp.hpp
-- Up-to-date symlink: /ros2_ws/install/ros2srrc_data/include/ros2srrc_data/ros2srrc_data/msg/detail/action__rosidl_typesupport_fastrtps_cpp.hpp
-- Up-to-date symlink: /ros2_ws/install/ros2srrc_data/include/ros2srrc_data/ros2srrc_data/msg/detail/joint__rosidl_typesupport_fastrtps_cpp.hpp
-- Up-to-date symlink: /ros2_ws/install/ros2srrc_data/include/ros2srrc_data/ros2srrc_data/msg/detail/joints__rosidl_typesupport_fastrtps_cpp.hpp
-- Up-to-date symlink: /ros2_ws/install/ros2srrc_data/include/ros2srrc_data/ros2srrc_data/msg/detail/linkattacher__rosidl_typesupport_fastrtps_cpp.hpp
-- Up-to-date symlink: /ros2_ws/install/ros2srrc_data/include/ros2srrc_data/ros2srrc_data/msg/detail/robmove__rosidl_typesupport_fastrtps_cpp.hpp
-- Up-to-date symlink: /ros2_ws/install/ros2srrc_data/include/ros2srrc_data/ros2srrc_data/msg/detail/robpose__rosidl_typesupport_fastrtps_cpp.hpp
-- Up-to-date symlink: /ros2_ws/install/ros2srrc_data/include/ros2srrc_data/ros2srrc_data/msg/detail/specs__rosidl_typesupport_fastrtps_cpp.hpp
-- Up-to-date symlink: /ros2_ws/install/ros2srrc_data/include/ros2srrc_data/ros2srrc_data/msg/detail/xyz__rosidl_typesupport_fastrtps_cpp.hpp
-- Up-to-date symlink: /ros2_ws/install/ros2srrc_data/include/ros2srrc_data/ros2srrc_data/msg/detail/xyzypr__rosidl_typesupport_fastrtps_cpp.hpp
-- Up-to-date symlink: /ros2_ws/install/ros2srrc_data/include/ros2srrc_data/ros2srrc_data/msg/detail/ypr__rosidl_typesupport_fastrtps_cpp.hpp
-- Up-to-date symlink: /ros2_ws/install/ros2srrc_data/include/ros2srrc_data/ros2srrc_data/msg/rosidl_typesupport_fastrtps_cpp__visibility_control.h
-- Up-to-date symlink: /ros2_ws/install/ros2srrc_data/include/ros2srrc_data/ros2srrc_data/action/detail/move__rosidl_typesupport_introspection_cpp.hpp
-- Up-to-date symlink: /ros2_ws/install/ros2srrc_data/include/ros2srrc_data/ros2srrc_data/action/detail/robmove__rosidl_typesupport_introspection_cpp.hpp
-- Up-to-date symlink: /ros2_ws/install/ros2srrc_data/include/ros2srrc_data/ros2srrc_data/action/detail/sequence__rosidl_typesupport_introspection_cpp.hpp
-- Up-to-date symlink: /ros2_ws/install/ros2srrc_data/include/ros2srrc_data/ros2srrc_data/msg/detail/action__rosidl_typesupport_introspection_cpp.hpp
-- Up-to-date symlink: /ros2_ws/install/ros2srrc_data/include/ros2srrc_data/ros2srrc_data/msg/detail/joint__rosidl_typesupport_introspection_cpp.hpp
-- Up-to-date symlink: /ros2_ws/install/ros2srrc_data/include/ros2srrc_data/ros2srrc_data/msg/detail/joints__rosidl_typesupport_introspection_cpp.hpp
-- Up-to-date symlink: /ros2_ws/install/ros2srrc_data/include/ros2srrc_data/ros2srrc_data/msg/detail/linkattacher__rosidl_typesupport_introspection_cpp.hpp
-- Up-to-date symlink: /ros2_ws/install/ros2srrc_data/include/ros2srrc_data/ros2srrc_data/msg/detail/robmove__rosidl_typesupport_introspection_cpp.hpp
-- Up-to-date symlink: /ros2_ws/install/ros2srrc_data/include/ros2srrc_data/ros2srrc_data/msg/detail/robpose__rosidl_typesupport_introspection_cpp.hpp
-- Up-to-date symlink: /ros2_ws/install/ros2srrc_data/include/ros2srrc_data/ros2srrc_data/msg/detail/specs__rosidl_typesupport_introspection_cpp.hpp
-- Up-to-date symlink: /ros2_ws/install/ros2srrc_data/include/ros2srrc_data/ros2srrc_data/msg/detail/xyz__rosidl_typesupport_introspection_cpp.hpp
-- Up-to-date symlink: /ros2_ws/install/ros2srrc_data/include/ros2srrc_data/ros2srrc_data/msg/detail/xyzypr__rosidl_typesupport_introspection_cpp.hpp
-- Up-to-date symlink: /ros2_ws/install/ros2srrc_data/include/ros2srrc_data/ros2srrc_data/msg/detail/ypr__rosidl_typesupport_introspection_cpp.hpp
-- Up-to-date symlink: /ros2_ws/install/ros2srrc_data/share/ros2srrc_data/environment/pythonpath.sh
-- Up-to-date symlink: /ros2_ws/install/ros2srrc_data/share/ros2srrc_data/environment/pythonpath.dsv
-- Up-to-date symlink: /ros2_ws/install/ros2srrc_data/local/lib/python3.10/dist-packages/ros2srrc_data-0.0.0-py3.10.egg-info/PKG-INFO
-- Up-to-date symlink: /ros2_ws/install/ros2srrc_data/local/lib/python3.10/dist-packages/ros2srrc_data-0.0.0-py3.10.egg-info/SOURCES.txt
-- Up-to-date symlink: /ros2_ws/install/ros2srrc_data/local/lib/python3.10/dist-packages/ros2srrc_data-0.0.0-py3.10.egg-info/dependency_links.txt
-- Up-to-date symlink: /ros2_ws/install/ros2srrc_data/local/lib/python3.10/dist-packages/ros2srrc_data-0.0.0-py3.10.egg-info/top_level.txt
-- Up-to-date symlink: /ros2_ws/install/ros2srrc_data/local/lib/python3.10/dist-packages/ros2srrc_data/__init__.py
-- Up-to-date symlink: /ros2_ws/install/ros2srrc_data/local/lib/python3.10/dist-packages/ros2srrc_data/_ros2srrc_data_s.ep.rosidl_typesupport_c.c
-- Up-to-date symlink: /ros2_ws/install/ros2srrc_data/local/lib/python3.10/dist-packages/ros2srrc_data/_ros2srrc_data_s.ep.rosidl_typesupport_fastrtps_c.c
-- Up-to-date symlink: /ros2_ws/install/ros2srrc_data/local/lib/python3.10/dist-packages/ros2srrc_data/_ros2srrc_data_s.ep.rosidl_typesupport_introspection_c.c
-- Up-to-date symlink: /ros2_ws/install/ros2srrc_data/local/lib/python3.10/dist-packages/ros2srrc_data/action/__init__.py
-- Up-to-date symlink: /ros2_ws/install/ros2srrc_data/local/lib/python3.10/dist-packages/ros2srrc_data/action/_move.py
-- Up-to-date symlink: /ros2_ws/install/ros2srrc_data/local/lib/python3.10/dist-packages/ros2srrc_data/action/_move_s.c
-- Up-to-date symlink: /ros2_ws/install/ros2srrc_data/local/lib/python3.10/dist-packages/ros2srrc_data/action/_robmove.py
-- Up-to-date symlink: /ros2_ws/install/ros2srrc_data/local/lib/python3.10/dist-packages/ros2srrc_data/action/_robmove_s.c
-- Up-to-date symlink: /ros2_ws/install/ros2srrc_data/local/lib/python3.10/dist-packages/ros2srrc_data/action/_sequence.py
-- Up-to-date symlink: /ros2_ws/install/ros2srrc_data/local/lib/python3.10/dist-packages/ros2srrc_data/action/_sequence_s.c
-- Up-to-date symlink: /ros2_ws/install/ros2srrc_data/local/lib/python3.10/dist-packages/ros2srrc_data/libros2srrc_data__rosidl_generator_py.so
-- Up-to-date symlink: /ros2_ws/install/ros2srrc_data/local/lib/python3.10/dist-packages/ros2srrc_data/msg/__init__.py
-- Up-to-date symlink: /ros2_ws/install/ros2srrc_data/local/lib/python3.10/dist-packages/ros2srrc_data/msg/_action.py
-- Up-to-date symlink: /ros2_ws/install/ros2srrc_data/local/lib/python3.10/dist-packages/ros2srrc_data/msg/_action_s.c
-- Up-to-date symlink: /ros2_ws/install/ros2srrc_data/local/lib/python3.10/dist-packages/ros2srrc_data/msg/_joint.py
-- Up-to-date symlink: /ros2_ws/install/ros2srrc_data/local/lib/python3.10/dist-packages/ros2srrc_data/msg/_joint_s.c
-- Up-to-date symlink: /ros2_ws/install/ros2srrc_data/local/lib/python3.10/dist-packages/ros2srrc_data/msg/_joints.py
-- Up-to-date symlink: /ros2_ws/install/ros2srrc_data/local/lib/python3.10/dist-packages/ros2srrc_data/msg/_joints_s.c
-- Up-to-date symlink: /ros2_ws/install/ros2srrc_data/local/lib/python3.10/dist-packages/ros2srrc_data/msg/_linkattacher.py
-- Up-to-date symlink: /ros2_ws/install/ros2srrc_data/local/lib/python3.10/dist-packages/ros2srrc_data/msg/_linkattacher_s.c
-- Up-to-date symlink: /ros2_ws/install/ros2srrc_data/local/lib/python3.10/dist-packages/ros2srrc_data/msg/_robmove.py
-- Up-to-date symlink: /ros2_ws/install/ros2srrc_data/local/lib/python3.10/dist-packages/ros2srrc_data/msg/_robmove_s.c
-- Up-to-date symlink: /ros2_ws/install/ros2srrc_data/local/lib/python3.10/dist-packages/ros2srrc_data/msg/_robpose.py
-- Up-to-date symlink: /ros2_ws/install/ros2srrc_data/local/lib/python3.10/dist-packages/ros2srrc_data/msg/_robpose_s.c
-- Up-to-date symlink: /ros2_ws/install/ros2srrc_data/local/lib/python3.10/dist-packages/ros2srrc_data/msg/_specs.py
-- Up-to-date symlink: /ros2_ws/install/ros2srrc_data/local/lib/python3.10/dist-packages/ros2srrc_data/msg/_specs_s.c
-- Up-to-date symlink: /ros2_ws/install/ros2srrc_data/local/lib/python3.10/dist-packages/ros2srrc_data/msg/_xyz.py
-- Up-to-date symlink: /ros2_ws/install/ros2srrc_data/local/lib/python3.10/dist-packages/ros2srrc_data/msg/_xyz_s.c
-- Up-to-date symlink: /ros2_ws/install/ros2srrc_data/local/lib/python3.10/dist-packages/ros2srrc_data/msg/_xyzypr.py
-- Up-to-date symlink: /ros2_ws/install/ros2srrc_data/local/lib/python3.10/dist-packages/ros2srrc_data/msg/_xyzypr_s.c
-- Up-to-date symlink: /ros2_ws/install/ros2srrc_data/local/lib/python3.10/dist-packages/ros2srrc_data/msg/_ypr.py
-- Up-to-date symlink: /ros2_ws/install/ros2srrc_data/local/lib/python3.10/dist-packages/ros2srrc_data/msg/_ypr_s.c
-- Up-to-date symlink: /ros2_ws/install/ros2srrc_data/local/lib/python3.10/dist-packages/ros2srrc_data/ros2srrc_data_s__rosidl_typesupport_c.cpython-310-x86_64-linux-gnu.so
-- Up-to-date symlink: /ros2_ws/install/ros2srrc_data/local/lib/python3.10/dist-packages/ros2srrc_data/ros2srrc_data_s__rosidl_typesupport_fastrtps_c.cpython-310-x86_64-linux-gnu.so
-- Up-to-date symlink: /ros2_ws/install/ros2srrc_data/local/lib/python3.10/dist-packages/ros2srrc_data/ros2srrc_data_s__rosidl_typesupport_introspection_c.cpython-310-x86_64-linux-gnu.so
-- Up-to-date symlink: /ros2_ws/install/ros2srrc_data/local/lib/python3.10/dist-packages/ros2srrc_data/ros2srrc_data_s__rosidl_typesupport_fastrtps_c.cpython-310-x86_64-linux-gnu.so
-- Up-to-date symlink: /ros2_ws/install/ros2srrc_data/local/lib/python3.10/dist-packages/ros2srrc_data/ros2srrc_data_s__rosidl_typesupport_introspection_c.cpython-310-x86_64-linux-gnu.so
-- Up-to-date symlink: /ros2_ws/install/ros2srrc_data/local/lib/python3.10/dist-packages/ros2srrc_data/ros2srrc_data_s__rosidl_typesupport_c.cpython-310-x86_64-linux-gnu.so
-- Up-to-date symlink: /ros2_ws/install/ros2srrc_data/share/ros2srrc_data/msg/Specs.idl
-- Up-to-date symlink: /ros2_ws/install/ros2srrc_data/share/ros2srrc_data/msg/Robmove.idl
-- Up-to-date symlink: /ros2_ws/install/ros2srrc_data/share/ros2srrc_data/msg/Joint.idl
-- Up-to-date symlink: /ros2_ws/install/ros2srrc_data/share/ros2srrc_data/msg/Joints.idl
-- Up-to-date symlink: /ros2_ws/install/ros2srrc_data/share/ros2srrc_data/msg/Xyz.idl
-- Up-to-date symlink: /ros2_ws/install/ros2srrc_data/share/ros2srrc_data/msg/Xyzypr.idl
-- Up-to-date symlink: /ros2_ws/install/ros2srrc_data/share/ros2srrc_data/msg/Ypr.idl
-- Up-to-date symlink: /ros2_ws/install/ros2srrc_data/share/ros2srrc_data/msg/Action.idl
-- Up-to-date symlink: /ros2_ws/install/ros2srrc_data/share/ros2srrc_data/msg/Linkattacher.idl
-- Up-to-date symlink: /ros2_ws/install/ros2srrc_data/share/ros2srrc_data/msg/Robpose.idl
-- Up-to-date symlink: /ros2_ws/install/ros2srrc_data/share/ros2srrc_data/action/Move.idl
-- Up-to-date symlink: /ros2_ws/install/ros2srrc_data/share/ros2srrc_data/action/Sequence.idl
-- Up-to-date symlink: /ros2_ws/install/ros2srrc_data/share/ros2srrc_data/action/Robmove.idl
-- Up-to-date symlink: /ros2_ws/install/ros2srrc_data/share/ros2srrc_data/msg/Specs.msg
-- Up-to-date symlink: /ros2_ws/install/ros2srrc_data/share/ros2srrc_data/msg/Robmove.msg
-- Up-to-date symlink: /ros2_ws/install/ros2srrc_data/share/ros2srrc_data/msg/Joint.msg
-- Up-to-date symlink: /ros2_ws/install/ros2srrc_data/share/ros2srrc_data/msg/Joints.msg
-- Up-to-date symlink: /ros2_ws/install/ros2srrc_data/share/ros2srrc_data/msg/Xyz.msg
-- Up-to-date symlink: /ros2_ws/install/ros2srrc_data/share/ros2srrc_data/msg/Xyzypr.msg
-- Up-to-date symlink: /ros2_ws/install/ros2srrc_data/share/ros2srrc_data/msg/Ypr.msg
-- Up-to-date symlink: /ros2_ws/install/ros2srrc_data/share/ros2srrc_data/msg/Action.msg
-- Up-to-date symlink: /ros2_ws/install/ros2srrc_data/share/ros2srrc_data/msg/Linkattacher.msg
-- Up-to-date symlink: /ros2_ws/install/ros2srrc_data/share/ros2srrc_data/msg/Robpose.msg
-- Up-to-date symlink: /ros2_ws/install/ros2srrc_data/share/ros2srrc_data/action/Move.action
-- Up-to-date symlink: /ros2_ws/install/ros2srrc_data/share/ros2srrc_data/action/Sequence.action
-- Up-to-date symlink: /ros2_ws/install/ros2srrc_data/share/ros2srrc_data/action/Robmove.action
-- Up-to-date symlink: /ros2_ws/install/ros2srrc_data/share/ament_index/resource_index/package_run_dependencies/ros2srrc_data
-- Up-to-date symlink: /ros2_ws/install/ros2srrc_data/share/ament_index/resource_index/parent_prefix_path/ros2srrc_data
-- Up-to-date symlink: /ros2_ws/install/ros2srrc_data/share/ros2srrc_data/environment/ament_prefix_path.sh
-- Up-to-date symlink: /ros2_ws/install/ros2srrc_data/share/ros2srrc_data/environment/ament_prefix_path.dsv
-- Up-to-date symlink: /ros2_ws/install/ros2srrc_data/share/ros2srrc_data/environment/path.sh
-- Up-to-date symlink: /ros2_ws/install/ros2srrc_data/share/ros2srrc_data/environment/path.dsv
-- Up-to-date symlink: /ros2_ws/install/ros2srrc_data/share/ros2srrc_data/local_setup.bash
-- Up-to-date symlink: /ros2_ws/install/ros2srrc_data/share/ros2srrc_data/local_setup.sh
-- Up-to-date symlink: /ros2_ws/install/ros2srrc_data/share/ros2srrc_data/local_setup.zsh
-- Up-to-date symlink: /ros2_ws/install/ros2srrc_data/share/ros2srrc_data/local_setup.dsv
-- Symlinking: /ros2_ws/install/ros2srrc_data/share/ros2srrc_data/package.dsv
-- Up-to-date symlink: /ros2_ws/install/ros2srrc_data/share/ament_index/resource_index/packages/ros2srrc_data
-- Up-to-date symlink: /ros2_ws/install/ros2srrc_data/share/ros2srrc_data/cmake/rosidl_cmake-extras.cmake
-- Up-to-date symlink: /ros2_ws/install/ros2srrc_data/share/ros2srrc_data/cmake/ament_cmake_export_dependencies-extras.cmake
-- Up-to-date symlink: /ros2_ws/install/ros2srrc_data/share/ros2srrc_data/cmake/ament_cmake_export_include_directories-extras.cmake
-- Up-to-date symlink: /ros2_ws/install/ros2srrc_data/share/ros2srrc_data/cmake/ament_cmake_export_libraries-extras.cmake
-- Up-to-date symlink: /ros2_ws/install/ros2srrc_data/share/ros2srrc_data/cmake/ament_cmake_export_targets-extras.cmake
-- Up-to-date symlink: /ros2_ws/install/ros2srrc_data/share/ros2srrc_data/cmake/rosidl_cmake_export_typesupport_targets-extras.cmake
-- Up-to-date symlink: /ros2_ws/install/ros2srrc_data/share/ros2srrc_data/cmake/rosidl_cmake_export_typesupport_libraries-extras.cmake
-- Up-to-date symlink: /ros2_ws/install/ros2srrc_data/share/ros2srrc_data/cmake/ros2srrc_dataConfig.cmake
-- Up-to-date symlink: /ros2_ws/install/ros2srrc_data/share/ros2srrc_data/cmake/ros2srrc_dataConfig-version.cmake
-- Up-to-date symlink: /ros2_ws/install/ros2srrc_data/share/ros2srrc_data/package.xml
-- Up-to-date: /ros2_ws/install/ros2srrc_data/lib/libros2srrc_data__rosidl_generator_c.so
-- Up-to-date: /ros2_ws/install/ros2srrc_data/lib/libros2srrc_data__rosidl_typesupport_fastrtps_c.so
-- Up-to-date: /ros2_ws/install/ros2srrc_data/lib/libros2srrc_data__rosidl_typesupport_introspection_c.so
-- Up-to-date: /ros2_ws/install/ros2srrc_data/lib/libros2srrc_data__rosidl_typesupport_c.so
-- Up-to-date: /ros2_ws/install/ros2srrc_data/lib/libros2srrc_data__rosidl_typesupport_fastrtps_cpp.so
-- Up-to-date: /ros2_ws/install/ros2srrc_data/lib/libros2srrc_data__rosidl_typesupport_introspection_cpp.so
-- Up-to-date: /ros2_ws/install/ros2srrc_data/lib/libros2srrc_data__rosidl_typesupport_cpp.so
Listing '/ros2_ws/install/ros2srrc_data/local/lib/python3.10/dist-packages/ros2srrc_data'...
Listing '/ros2_ws/install/ros2srrc_data/local/lib/python3.10/dist-packages/ros2srrc_data/action'...
Listing '/ros2_ws/install/ros2srrc_data/local/lib/python3.10/dist-packages/ros2srrc_data/msg'...
-- Up-to-date: /ros2_ws/install/ros2srrc_data/lib/libros2srrc_data__rosidl_generator_py.so
-- Up-to-date: /ros2_ws/install/ros2srrc_data/share/ros2srrc_data/cmake/export_ros2srrc_data__rosidl_generator_cExport.cmake
-- Up-to-date: /ros2_ws/install/ros2srrc_data/share/ros2srrc_data/cmake/export_ros2srrc_data__rosidl_generator_cExport-release.cmake
-- Up-to-date: /ros2_ws/install/ros2srrc_data/share/ros2srrc_data/cmake/export_ros2srrc_data__rosidl_typesupport_fastrtps_cExport.cmake
-- Up-to-date: /ros2_ws/install/ros2srrc_data/share/ros2srrc_data/cmake/export_ros2srrc_data__rosidl_typesupport_fastrtps_cExport-release.cmake
-- Up-to-date: /ros2_ws/install/ros2srrc_data/share/ros2srrc_data/cmake/ros2srrc_data__rosidl_typesupport_introspection_cExport.cmake
-- Up-to-date: /ros2_ws/install/ros2srrc_data/share/ros2srrc_data/cmake/ros2srrc_data__rosidl_typesupport_introspection_cExport-release.cmake
-- Up-to-date: /ros2_ws/install/ros2srrc_data/share/ros2srrc_data/cmake/ros2srrc_data__rosidl_typesupport_cExport.cmake
-- Up-to-date: /ros2_ws/install/ros2srrc_data/share/ros2srrc_data/cmake/ros2srrc_data__rosidl_typesupport_cExport-release.cmake
-- Up-to-date: /ros2_ws/install/ros2srrc_data/share/ros2srrc_data/cmake/export_ros2srrc_data__rosidl_generator_cppExport.cmake
-- Up-to-date: /ros2_ws/install/ros2srrc_data/share/ros2srrc_data/cmake/export_ros2srrc_data__rosidl_typesupport_fastrtps_cppExport.cmake
-- Up-to-date: /ros2_ws/install/ros2srrc_data/share/ros2srrc_data/cmake/export_ros2srrc_data__rosidl_typesupport_fastrtps_cppExport-release.cmake
-- Up-to-date: /ros2_ws/install/ros2srrc_data/share/ros2srrc_data/cmake/ros2srrc_data__rosidl_typesupport_introspection_cppExport.cmake
-- Up-to-date: /ros2_ws/install/ros2srrc_data/share/ros2srrc_data/cmake/ros2srrc_data__rosidl_typesupport_introspection_cppExport-release.cmake
-- Up-to-date: /ros2_ws/install/ros2srrc_data/share/ros2srrc_data/cmake/ros2srrc_data__rosidl_typesupport_cppExport.cmake
-- Up-to-date: /ros2_ws/install/ros2srrc_data/share/ros2srrc_data/cmake/ros2srrc_data__rosidl_typesupport_cppExport-release.cmake
-- Up-to-date: /ros2_ws/install/ros2srrc_data/share/ros2srrc_data/cmake/export_ros2srrc_data__rosidl_generator_pyExport.cmake
-- Up-to-date: /ros2_ws/install/ros2srrc_data/share/ros2srrc_data/cmake/export_ros2srrc_data__rosidl_generator_pyExport-release.cmake
