[0.025s] Invoking command in '/ros2_ws/build/ros2srrc_data': CMAKE_PREFIX_PATH=/opt/ros/humble /usr/bin/cmake --build /ros2_ws/build/ros2srrc_data -- -j8 -l8
[0.198s] [35m[1mConsolidate compiler generated dependencies of target ros2srrc_data__rosidl_generator_c[0m
[0.230s] [  0%] Built target ros2srrc_data__cpp
[0.250s] [ 12%] Built target ros2srrc_data__rosidl_generator_c
[0.287s] [ 12%] Built target ament_cmake_python_symlink_ros2srrc_data
[0.328s] [35m[1mConsolidate compiler generated dependencies of target ros2srrc_data__rosidl_typesupport_fastrtps_cpp[0m
[0.328s] [35m[1mConsolidate compiler generated dependencies of target ros2srrc_data__rosidl_typesupport_cpp[0m
[0.337s] [35m[1mConsolidate compiler generated dependencies of target ros2srrc_data__rosidl_typesupport_introspection_c[0m
[0.350s] [35m[1mConsolidate compiler generated dependencies of target ros2srrc_data__rosidl_typesupport_c[0m
[0.351s] [35m[1mConsolidate compiler generated dependencies of target ros2srrc_data__rosidl_typesupport_introspection_cpp[0m
[0.358s] [35m[1mConsolidate compiler generated dependencies of target ros2srrc_data__rosidl_typesupport_fastrtps_c[0m
[0.426s] [ 24%] Built target ros2srrc_data__rosidl_typesupport_introspection_c
[0.427s] [ 36%] Built target ros2srrc_data__rosidl_typesupport_fastrtps_cpp
[0.442s] [ 48%] Built target ros2srrc_data__rosidl_typesupport_c
[0.442s] [ 60%] Built target ros2srrc_data__rosidl_typesupport_cpp
[0.449s] [ 72%] Built target ros2srrc_data__rosidl_typesupport_fastrtps_c
[0.466s] [ 84%] Built target ros2srrc_data__rosidl_typesupport_introspection_cpp
[0.539s] [ 84%] Built target ros2srrc_data
[0.589s] [ 85%] Built target ros2srrc_data__py
[0.646s] [35m[1mConsolidate compiler generated dependencies of target ros2srrc_data__rosidl_generator_py[0m
[0.737s] [ 96%] Built target ros2srrc_data__rosidl_generator_py
[0.775s] [35m[1mConsolidate compiler generated dependencies of target ros2srrc_data__rosidl_typesupport_c__pyext[0m
[0.780s] [35m[1mConsolidate compiler generated dependencies of target ros2srrc_data__rosidl_typesupport_introspection_c__pyext[0m
[0.802s] [35m[1mConsolidate compiler generated dependencies of target ros2srrc_data__rosidl_typesupport_fastrtps_c__pyext[0m
[0.806s] [ 97%] Built target ros2srrc_data__rosidl_typesupport_c__pyext
[0.832s] [ 99%] Built target ros2srrc_data__rosidl_typesupport_introspection_c__pyext
[0.834s] [100%] Built target ros2srrc_data__rosidl_typesupport_fastrtps_c__pyext
[1.013s] running egg_info
[1.014s] writing ros2srrc_data.egg-info/PKG-INFO
[1.014s] writing dependency_links to ros2srrc_data.egg-info/dependency_links.txt
[1.014s] writing top-level names to ros2srrc_data.egg-info/top_level.txt
[1.018s] reading manifest file 'ros2srrc_data.egg-info/SOURCES.txt'
[1.022s] writing manifest file 'ros2srrc_data.egg-info/SOURCES.txt'
[1.063s] [100%] Built target ament_cmake_python_build_ros2srrc_data_egg
[1.191s] Invoked command in '/ros2_ws/build/ros2srrc_data' returned '0': CMAKE_PREFIX_PATH=/opt/ros/humble /usr/bin/cmake --build /ros2_ws/build/ros2srrc_data -- -j8 -l8
[1.194s] Invoking command in '/ros2_ws/build/ros2srrc_data': CMAKE_PREFIX_PATH=/opt/ros/humble /usr/bin/cmake --install /ros2_ws/build/ros2srrc_data
[1.266s] -- Install configuration: "Release"
[1.267s] -- Execute custom install script
[1.280s] -- Up-to-date symlink: /ros2_ws/install/ros2srrc_data/share/ros2srrc_data/action/Move.action
[1.281s] -- Up-to-date symlink: /ros2_ws/install/ros2srrc_data/share/ros2srrc_data/action/Robmove.action
[1.291s] -- Up-to-date symlink: /ros2_ws/install/ros2srrc_data/share/ros2srrc_data/action/Sequence.action
[1.296s] -- Up-to-date symlink: /ros2_ws/install/ros2srrc_data/share/ros2srrc_data/msg/Action.msg
[1.297s] -- Up-to-date symlink: /ros2_ws/install/ros2srrc_data/share/ros2srrc_data/msg/Joint.msg
[1.297s] -- Up-to-date symlink: /ros2_ws/install/ros2srrc_data/share/ros2srrc_data/msg/Joints.msg
[1.297s] -- Up-to-date symlink: /ros2_ws/install/ros2srrc_data/share/ros2srrc_data/msg/Linkattacher.msg
[1.299s] -- Up-to-date symlink: /ros2_ws/install/ros2srrc_data/share/ros2srrc_data/msg/Robmove.msg
[1.299s] -- Up-to-date symlink: /ros2_ws/install/ros2srrc_data/share/ros2srrc_data/msg/Robpose.msg
[1.299s] -- Up-to-date symlink: /ros2_ws/install/ros2srrc_data/share/ros2srrc_data/msg/Specs.msg
[1.303s] -- Up-to-date symlink: /ros2_ws/install/ros2srrc_data/share/ros2srrc_data/msg/Xyz.msg
[1.303s] -- Up-to-date symlink: /ros2_ws/install/ros2srrc_data/share/ros2srrc_data/msg/Xyzypr.msg
[1.304s] -- Up-to-date symlink: /ros2_ws/install/ros2srrc_data/share/ros2srrc_data/msg/Ypr.msg
[1.305s] -- Up-to-date symlink: /ros2_ws/install/ros2srrc_data/share/ament_index/resource_index/rosidl_interfaces/ros2srrc_data
[1.310s] -- Up-to-date symlink: /ros2_ws/install/ros2srrc_data/include/ros2srrc_data/ros2srrc_data/action/detail/move__functions.h
[1.310s] -- Up-to-date symlink: /ros2_ws/install/ros2srrc_data/include/ros2srrc_data/ros2srrc_data/action/detail/move__struct.h
[1.313s] -- Up-to-date symlink: /ros2_ws/install/ros2srrc_data/include/ros2srrc_data/ros2srrc_data/action/detail/move__type_support.h
[1.315s] -- Up-to-date symlink: /ros2_ws/install/ros2srrc_data/include/ros2srrc_data/ros2srrc_data/action/detail/robmove__functions.h
[1.316s] -- Up-to-date symlink: /ros2_ws/install/ros2srrc_data/include/ros2srrc_data/ros2srrc_data/action/detail/robmove__struct.h
[1.319s] -- Up-to-date symlink: /ros2_ws/install/ros2srrc_data/include/ros2srrc_data/ros2srrc_data/action/detail/robmove__type_support.h
[1.319s] -- Up-to-date symlink: /ros2_ws/install/ros2srrc_data/include/ros2srrc_data/ros2srrc_data/action/detail/sequence__functions.h
[1.320s] -- Up-to-date symlink: /ros2_ws/install/ros2srrc_data/include/ros2srrc_data/ros2srrc_data/action/detail/sequence__struct.h
[1.321s] -- Up-to-date symlink: /ros2_ws/install/ros2srrc_data/include/ros2srrc_data/ros2srrc_data/action/detail/sequence__type_support.h
[1.321s] -- Up-to-date symlink: /ros2_ws/install/ros2srrc_data/include/ros2srrc_data/ros2srrc_data/action/move.h
[1.322s] -- Up-to-date symlink: /ros2_ws/install/ros2srrc_data/include/ros2srrc_data/ros2srrc_data/action/robmove.h
[1.323s] -- Up-to-date symlink: /ros2_ws/install/ros2srrc_data/include/ros2srrc_data/ros2srrc_data/action/sequence.h
[1.325s] -- Up-to-date symlink: /ros2_ws/install/ros2srrc_data/include/ros2srrc_data/ros2srrc_data/msg/action.h
[1.325s] -- Up-to-date symlink: /ros2_ws/install/ros2srrc_data/include/ros2srrc_data/ros2srrc_data/msg/detail/action__functions.h
[1.326s] -- Up-to-date symlink: /ros2_ws/install/ros2srrc_data/include/ros2srrc_data/ros2srrc_data/msg/detail/action__struct.h
[1.326s] -- Up-to-date symlink: /ros2_ws/install/ros2srrc_data/include/ros2srrc_data/ros2srrc_data/msg/detail/action__type_support.h
[1.327s] -- Up-to-date symlink: /ros2_ws/install/ros2srrc_data/include/ros2srrc_data/ros2srrc_data/msg/detail/joint__functions.h
[1.328s] -- Up-to-date symlink: /ros2_ws/install/ros2srrc_data/include/ros2srrc_data/ros2srrc_data/msg/detail/joint__struct.h
[1.331s] -- Up-to-date symlink: /ros2_ws/install/ros2srrc_data/include/ros2srrc_data/ros2srrc_data/msg/detail/joint__type_support.h
[1.331s] -- Up-to-date symlink: /ros2_ws/install/ros2srrc_data/include/ros2srrc_data/ros2srrc_data/msg/detail/joints__functions.h
[1.332s] -- Up-to-date symlink: /ros2_ws/install/ros2srrc_data/include/ros2srrc_data/ros2srrc_data/msg/detail/joints__struct.h
[1.332s] -- Up-to-date symlink: /ros2_ws/install/ros2srrc_data/include/ros2srrc_data/ros2srrc_data/msg/detail/joints__type_support.h
[1.333s] -- Up-to-date symlink: /ros2_ws/install/ros2srrc_data/include/ros2srrc_data/ros2srrc_data/msg/detail/linkattacher__functions.h
[1.334s] -- Up-to-date symlink: /ros2_ws/install/ros2srrc_data/include/ros2srrc_data/ros2srrc_data/msg/detail/linkattacher__struct.h
[1.334s] -- Up-to-date symlink: /ros2_ws/install/ros2srrc_data/include/ros2srrc_data/ros2srrc_data/msg/detail/linkattacher__type_support.h
[1.335s] -- Up-to-date symlink: /ros2_ws/install/ros2srrc_data/include/ros2srrc_data/ros2srrc_data/msg/detail/robmove__functions.h
[1.338s] -- Up-to-date symlink: /ros2_ws/install/ros2srrc_data/include/ros2srrc_data/ros2srrc_data/msg/detail/robmove__struct.h
[1.339s] -- Up-to-date symlink: /ros2_ws/install/ros2srrc_data/include/ros2srrc_data/ros2srrc_data/msg/detail/robmove__type_support.h
[1.340s] -- Up-to-date symlink: /ros2_ws/install/ros2srrc_data/include/ros2srrc_data/ros2srrc_data/msg/detail/robpose__functions.h
[1.341s] -- Up-to-date symlink: /ros2_ws/install/ros2srrc_data/include/ros2srrc_data/ros2srrc_data/msg/detail/robpose__struct.h
[1.341s] -- Up-to-date symlink: /ros2_ws/install/ros2srrc_data/include/ros2srrc_data/ros2srrc_data/msg/detail/robpose__type_support.h
[1.342s] -- Up-to-date symlink: /ros2_ws/install/ros2srrc_data/include/ros2srrc_data/ros2srrc_data/msg/detail/specs__functions.h
[1.342s] -- Up-to-date symlink: /ros2_ws/install/ros2srrc_data/include/ros2srrc_data/ros2srrc_data/msg/detail/specs__struct.h
[1.343s] -- Up-to-date symlink: /ros2_ws/install/ros2srrc_data/include/ros2srrc_data/ros2srrc_data/msg/detail/specs__type_support.h
[1.343s] -- Up-to-date symlink: /ros2_ws/install/ros2srrc_data/include/ros2srrc_data/ros2srrc_data/msg/detail/xyz__functions.h
[1.343s] -- Up-to-date symlink: /ros2_ws/install/ros2srrc_data/include/ros2srrc_data/ros2srrc_data/msg/detail/xyz__struct.h
[1.344s] -- Up-to-date symlink: /ros2_ws/install/ros2srrc_data/include/ros2srrc_data/ros2srrc_data/msg/detail/xyz__type_support.h
[1.345s] -- Up-to-date symlink: /ros2_ws/install/ros2srrc_data/include/ros2srrc_data/ros2srrc_data/msg/detail/xyzypr__functions.h
[1.345s] -- Up-to-date symlink: /ros2_ws/install/ros2srrc_data/include/ros2srrc_data/ros2srrc_data/msg/detail/xyzypr__struct.h
[1.345s] -- Up-to-date symlink: /ros2_ws/install/ros2srrc_data/include/ros2srrc_data/ros2srrc_data/msg/detail/xyzypr__type_support.h
[1.346s] -- Up-to-date symlink: /ros2_ws/install/ros2srrc_data/include/ros2srrc_data/ros2srrc_data/msg/detail/ypr__functions.h
[1.346s] -- Up-to-date symlink: /ros2_ws/install/ros2srrc_data/include/ros2srrc_data/ros2srrc_data/msg/detail/ypr__struct.h
[1.347s] -- Up-to-date symlink: /ros2_ws/install/ros2srrc_data/include/ros2srrc_data/ros2srrc_data/msg/detail/ypr__type_support.h
[1.348s] -- Up-to-date symlink: /ros2_ws/install/ros2srrc_data/include/ros2srrc_data/ros2srrc_data/msg/joint.h
[1.349s] -- Up-to-date symlink: /ros2_ws/install/ros2srrc_data/include/ros2srrc_data/ros2srrc_data/msg/joints.h
[1.349s] -- Up-to-date symlink: /ros2_ws/install/ros2srrc_data/include/ros2srrc_data/ros2srrc_data/msg/linkattacher.h
[1.349s] -- Up-to-date symlink: /ros2_ws/install/ros2srrc_data/include/ros2srrc_data/ros2srrc_data/msg/robmove.h
[1.350s] -- Up-to-date symlink: /ros2_ws/install/ros2srrc_data/include/ros2srrc_data/ros2srrc_data/msg/robpose.h
[1.350s] -- Up-to-date symlink: /ros2_ws/install/ros2srrc_data/include/ros2srrc_data/ros2srrc_data/msg/rosidl_generator_c__visibility_control.h
[1.350s] -- Up-to-date symlink: /ros2_ws/install/ros2srrc_data/include/ros2srrc_data/ros2srrc_data/msg/specs.h
[1.351s] -- Up-to-date symlink: /ros2_ws/install/ros2srrc_data/include/ros2srrc_data/ros2srrc_data/msg/xyz.h
[1.352s] -- Up-to-date symlink: /ros2_ws/install/ros2srrc_data/include/ros2srrc_data/ros2srrc_data/msg/xyzypr.h
[1.352s] -- Up-to-date symlink: /ros2_ws/install/ros2srrc_data/include/ros2srrc_data/ros2srrc_data/msg/ypr.h
[1.353s] -- Up-to-date symlink: /ros2_ws/install/ros2srrc_data/share/ros2srrc_data/environment/library_path.sh
[1.353s] -- Up-to-date symlink: /ros2_ws/install/ros2srrc_data/share/ros2srrc_data/environment/library_path.dsv
[1.355s] -- Up-to-date symlink: /ros2_ws/install/ros2srrc_data/include/ros2srrc_data/ros2srrc_data/action/detail/move__rosidl_typesupport_fastrtps_c.h
[1.355s] -- Up-to-date symlink: /ros2_ws/install/ros2srrc_data/include/ros2srrc_data/ros2srrc_data/action/detail/robmove__rosidl_typesupport_fastrtps_c.h
[1.355s] -- Up-to-date symlink: /ros2_ws/install/ros2srrc_data/include/ros2srrc_data/ros2srrc_data/action/detail/sequence__rosidl_typesupport_fastrtps_c.h
[1.356s] -- Up-to-date symlink: /ros2_ws/install/ros2srrc_data/include/ros2srrc_data/ros2srrc_data/msg/detail/action__rosidl_typesupport_fastrtps_c.h
[1.357s] -- Up-to-date symlink: /ros2_ws/install/ros2srrc_data/include/ros2srrc_data/ros2srrc_data/msg/detail/joint__rosidl_typesupport_fastrtps_c.h
[1.357s] -- Up-to-date symlink: /ros2_ws/install/ros2srrc_data/include/ros2srrc_data/ros2srrc_data/msg/detail/joints__rosidl_typesupport_fastrtps_c.h
[1.357s] -- Up-to-date symlink: /ros2_ws/install/ros2srrc_data/include/ros2srrc_data/ros2srrc_data/msg/detail/linkattacher__rosidl_typesupport_fastrtps_c.h
[1.358s] -- Up-to-date symlink: /ros2_ws/install/ros2srrc_data/include/ros2srrc_data/ros2srrc_data/msg/detail/robmove__rosidl_typesupport_fastrtps_c.h
[1.358s] -- Up-to-date symlink: /ros2_ws/install/ros2srrc_data/include/ros2srrc_data/ros2srrc_data/msg/detail/robpose__rosidl_typesupport_fastrtps_c.h
[1.359s] -- Up-to-date symlink: /ros2_ws/install/ros2srrc_data/include/ros2srrc_data/ros2srrc_data/msg/detail/specs__rosidl_typesupport_fastrtps_c.h
[1.359s] -- Up-to-date symlink: /ros2_ws/install/ros2srrc_data/include/ros2srrc_data/ros2srrc_data/msg/detail/xyz__rosidl_typesupport_fastrtps_c.h
[1.359s] -- Up-to-date symlink: /ros2_ws/install/ros2srrc_data/include/ros2srrc_data/ros2srrc_data/msg/detail/xyzypr__rosidl_typesupport_fastrtps_c.h
[1.360s] -- Up-to-date symlink: /ros2_ws/install/ros2srrc_data/include/ros2srrc_data/ros2srrc_data/msg/detail/ypr__rosidl_typesupport_fastrtps_c.h
[1.360s] -- Up-to-date symlink: /ros2_ws/install/ros2srrc_data/include/ros2srrc_data/ros2srrc_data/msg/rosidl_typesupport_fastrtps_c__visibility_control.h
[1.364s] -- Up-to-date symlink: /ros2_ws/install/ros2srrc_data/include/ros2srrc_data/ros2srrc_data/action/detail/move__rosidl_typesupport_introspection_c.h
[1.364s] -- Up-to-date symlink: /ros2_ws/install/ros2srrc_data/include/ros2srrc_data/ros2srrc_data/action/detail/robmove__rosidl_typesupport_introspection_c.h
[1.365s] -- Up-to-date symlink: /ros2_ws/install/ros2srrc_data/include/ros2srrc_data/ros2srrc_data/action/detail/sequence__rosidl_typesupport_introspection_c.h
[1.365s] -- Up-to-date symlink: /ros2_ws/install/ros2srrc_data/include/ros2srrc_data/ros2srrc_data/msg/detail/action__rosidl_typesupport_introspection_c.h
[1.365s] -- Up-to-date symlink: /ros2_ws/install/ros2srrc_data/include/ros2srrc_data/ros2srrc_data/msg/detail/joint__rosidl_typesupport_introspection_c.h
[1.366s] -- Up-to-date symlink: /ros2_ws/install/ros2srrc_data/include/ros2srrc_data/ros2srrc_data/msg/detail/joints__rosidl_typesupport_introspection_c.h
[1.367s] -- Up-to-date symlink: /ros2_ws/install/ros2srrc_data/include/ros2srrc_data/ros2srrc_data/msg/detail/linkattacher__rosidl_typesupport_introspection_c.h
[1.367s] -- Up-to-date symlink: /ros2_ws/install/ros2srrc_data/include/ros2srrc_data/ros2srrc_data/msg/detail/robmove__rosidl_typesupport_introspection_c.h
[1.368s] -- Up-to-date symlink: /ros2_ws/install/ros2srrc_data/include/ros2srrc_data/ros2srrc_data/msg/detail/robpose__rosidl_typesupport_introspection_c.h
[1.371s] -- Up-to-date symlink: /ros2_ws/install/ros2srrc_data/include/ros2srrc_data/ros2srrc_data/msg/detail/specs__rosidl_typesupport_introspection_c.h
[1.371s] -- Up-to-date symlink: /ros2_ws/install/ros2srrc_data/include/ros2srrc_data/ros2srrc_data/msg/detail/xyz__rosidl_typesupport_introspection_c.h
[1.371s] -- Up-to-date symlink: /ros2_ws/install/ros2srrc_data/include/ros2srrc_data/ros2srrc_data/msg/detail/xyzypr__rosidl_typesupport_introspection_c.h
[1.371s] -- Up-to-date symlink: /ros2_ws/install/ros2srrc_data/include/ros2srrc_data/ros2srrc_data/msg/detail/ypr__rosidl_typesupport_introspection_c.h
[1.372s] -- Up-to-date symlink: /ros2_ws/install/ros2srrc_data/include/ros2srrc_data/ros2srrc_data/msg/rosidl_typesupport_introspection_c__visibility_control.h
[1.372s] -- Up-to-date symlink: /ros2_ws/install/ros2srrc_data/include/ros2srrc_data/ros2srrc_data/action/detail/move__builder.hpp
[1.372s] -- Up-to-date symlink: /ros2_ws/install/ros2srrc_data/include/ros2srrc_data/ros2srrc_data/action/detail/move__struct.hpp
[1.373s] -- Up-to-date symlink: /ros2_ws/install/ros2srrc_data/include/ros2srrc_data/ros2srrc_data/action/detail/move__traits.hpp
[1.373s] -- Up-to-date symlink: /ros2_ws/install/ros2srrc_data/include/ros2srrc_data/ros2srrc_data/action/detail/move__type_support.hpp
[1.374s] -- Up-to-date symlink: /ros2_ws/install/ros2srrc_data/include/ros2srrc_data/ros2srrc_data/action/detail/robmove__builder.hpp
[1.374s] -- Up-to-date symlink: /ros2_ws/install/ros2srrc_data/include/ros2srrc_data/ros2srrc_data/action/detail/robmove__struct.hpp
[1.374s] -- Up-to-date symlink: /ros2_ws/install/ros2srrc_data/include/ros2srrc_data/ros2srrc_data/action/detail/robmove__traits.hpp
[1.375s] -- Up-to-date symlink: /ros2_ws/install/ros2srrc_data/include/ros2srrc_data/ros2srrc_data/action/detail/robmove__type_support.hpp
[1.376s] -- Up-to-date symlink: /ros2_ws/install/ros2srrc_data/include/ros2srrc_data/ros2srrc_data/action/detail/sequence__builder.hpp
[1.376s] -- Up-to-date symlink: /ros2_ws/install/ros2srrc_data/include/ros2srrc_data/ros2srrc_data/action/detail/sequence__struct.hpp
[1.376s] -- Up-to-date symlink: /ros2_ws/install/ros2srrc_data/include/ros2srrc_data/ros2srrc_data/action/detail/sequence__traits.hpp
[1.377s] -- Up-to-date symlink: /ros2_ws/install/ros2srrc_data/include/ros2srrc_data/ros2srrc_data/action/detail/sequence__type_support.hpp
[1.378s] -- Up-to-date symlink: /ros2_ws/install/ros2srrc_data/include/ros2srrc_data/ros2srrc_data/action/move.hpp
[1.378s] -- Up-to-date symlink: /ros2_ws/install/ros2srrc_data/include/ros2srrc_data/ros2srrc_data/action/robmove.hpp
[1.379s] -- Up-to-date symlink: /ros2_ws/install/ros2srrc_data/include/ros2srrc_data/ros2srrc_data/action/sequence.hpp
[1.379s] -- Up-to-date symlink: /ros2_ws/install/ros2srrc_data/include/ros2srrc_data/ros2srrc_data/msg/action.hpp
[1.380s] -- Up-to-date symlink: /ros2_ws/install/ros2srrc_data/include/ros2srrc_data/ros2srrc_data/msg/detail/action__builder.hpp
[1.380s] -- Up-to-date symlink: /ros2_ws/install/ros2srrc_data/include/ros2srrc_data/ros2srrc_data/msg/detail/action__struct.hpp
[1.381s] -- Up-to-date symlink: /ros2_ws/install/ros2srrc_data/include/ros2srrc_data/ros2srrc_data/msg/detail/action__traits.hpp
[1.381s] -- Up-to-date symlink: /ros2_ws/install/ros2srrc_data/include/ros2srrc_data/ros2srrc_data/msg/detail/action__type_support.hpp
[1.382s] -- Up-to-date symlink: /ros2_ws/install/ros2srrc_data/include/ros2srrc_data/ros2srrc_data/msg/detail/joint__builder.hpp
[1.382s] -- Up-to-date symlink: /ros2_ws/install/ros2srrc_data/include/ros2srrc_data/ros2srrc_data/msg/detail/joint__struct.hpp
[1.382s] -- Up-to-date symlink: /ros2_ws/install/ros2srrc_data/include/ros2srrc_data/ros2srrc_data/msg/detail/joint__traits.hpp
[1.383s] -- Up-to-date symlink: /ros2_ws/install/ros2srrc_data/include/ros2srrc_data/ros2srrc_data/msg/detail/joint__type_support.hpp
[1.384s] -- Up-to-date symlink: /ros2_ws/install/ros2srrc_data/include/ros2srrc_data/ros2srrc_data/msg/detail/joints__builder.hpp
[1.384s] -- Up-to-date symlink: /ros2_ws/install/ros2srrc_data/include/ros2srrc_data/ros2srrc_data/msg/detail/joints__struct.hpp
[1.384s] -- Up-to-date symlink: /ros2_ws/install/ros2srrc_data/include/ros2srrc_data/ros2srrc_data/msg/detail/joints__traits.hpp
[1.385s] -- Up-to-date symlink: /ros2_ws/install/ros2srrc_data/include/ros2srrc_data/ros2srrc_data/msg/detail/joints__type_support.hpp
[1.386s] -- Up-to-date symlink: /ros2_ws/install/ros2srrc_data/include/ros2srrc_data/ros2srrc_data/msg/detail/linkattacher__builder.hpp
[1.386s] -- Up-to-date symlink: /ros2_ws/install/ros2srrc_data/include/ros2srrc_data/ros2srrc_data/msg/detail/linkattacher__struct.hpp
[1.387s] -- Up-to-date symlink: /ros2_ws/install/ros2srrc_data/include/ros2srrc_data/ros2srrc_data/msg/detail/linkattacher__traits.hpp
[1.388s] -- Up-to-date symlink: /ros2_ws/install/ros2srrc_data/include/ros2srrc_data/ros2srrc_data/msg/detail/linkattacher__type_support.hpp
[1.388s] -- Up-to-date symlink: /ros2_ws/install/ros2srrc_data/include/ros2srrc_data/ros2srrc_data/msg/detail/robmove__builder.hpp
[1.389s] -- Up-to-date symlink: /ros2_ws/install/ros2srrc_data/include/ros2srrc_data/ros2srrc_data/msg/detail/robmove__struct.hpp
[1.389s] -- Up-to-date symlink: /ros2_ws/install/ros2srrc_data/include/ros2srrc_data/ros2srrc_data/msg/detail/robmove__traits.hpp
[1.389s] -- Up-to-date symlink: /ros2_ws/install/ros2srrc_data/include/ros2srrc_data/ros2srrc_data/msg/detail/robmove__type_support.hpp
[1.389s] -- Up-to-date symlink: /ros2_ws/install/ros2srrc_data/include/ros2srrc_data/ros2srrc_data/msg/detail/robpose__builder.hpp
[1.389s] -- Up-to-date symlink: /ros2_ws/install/ros2srrc_data/include/ros2srrc_data/ros2srrc_data/msg/detail/robpose__struct.hpp
[1.389s] -- Up-to-date symlink: /ros2_ws/install/ros2srrc_data/include/ros2srrc_data/ros2srrc_data/msg/detail/robpose__traits.hpp
[1.390s] -- Up-to-date symlink: /ros2_ws/install/ros2srrc_data/include/ros2srrc_data/ros2srrc_data/msg/detail/robpose__type_support.hpp
[1.390s] -- Up-to-date symlink: /ros2_ws/install/ros2srrc_data/include/ros2srrc_data/ros2srrc_data/msg/detail/specs__builder.hpp
[1.390s] -- Up-to-date symlink: /ros2_ws/install/ros2srrc_data/include/ros2srrc_data/ros2srrc_data/msg/detail/specs__struct.hpp
[1.390s] -- Up-to-date symlink: /ros2_ws/install/ros2srrc_data/include/ros2srrc_data/ros2srrc_data/msg/detail/specs__traits.hpp
[1.390s] -- Up-to-date symlink: /ros2_ws/install/ros2srrc_data/include/ros2srrc_data/ros2srrc_data/msg/detail/specs__type_support.hpp
[1.390s] -- Up-to-date symlink: /ros2_ws/install/ros2srrc_data/include/ros2srrc_data/ros2srrc_data/msg/detail/xyz__builder.hpp
[1.390s] -- Up-to-date symlink: /ros2_ws/install/ros2srrc_data/include/ros2srrc_data/ros2srrc_data/msg/detail/xyz__struct.hpp
[1.390s] -- Up-to-date symlink: /ros2_ws/install/ros2srrc_data/include/ros2srrc_data/ros2srrc_data/msg/detail/xyz__traits.hpp
[1.390s] -- Up-to-date symlink: /ros2_ws/install/ros2srrc_data/include/ros2srrc_data/ros2srrc_data/msg/detail/xyz__type_support.hpp
[1.391s] -- Up-to-date symlink: /ros2_ws/install/ros2srrc_data/include/ros2srrc_data/ros2srrc_data/msg/detail/xyzypr__builder.hpp
[1.391s] -- Up-to-date symlink: /ros2_ws/install/ros2srrc_data/include/ros2srrc_data/ros2srrc_data/msg/detail/xyzypr__struct.hpp
[1.391s] -- Up-to-date symlink: /ros2_ws/install/ros2srrc_data/include/ros2srrc_data/ros2srrc_data/msg/detail/xyzypr__traits.hpp
[1.391s] -- Up-to-date symlink: /ros2_ws/install/ros2srrc_data/include/ros2srrc_data/ros2srrc_data/msg/detail/xyzypr__type_support.hpp
[1.391s] -- Up-to-date symlink: /ros2_ws/install/ros2srrc_data/include/ros2srrc_data/ros2srrc_data/msg/detail/ypr__builder.hpp
[1.391s] -- Up-to-date symlink: /ros2_ws/install/ros2srrc_data/include/ros2srrc_data/ros2srrc_data/msg/detail/ypr__struct.hpp
[1.391s] -- Up-to-date symlink: /ros2_ws/install/ros2srrc_data/include/ros2srrc_data/ros2srrc_data/msg/detail/ypr__traits.hpp
[1.391s] -- Up-to-date symlink: /ros2_ws/install/ros2srrc_data/include/ros2srrc_data/ros2srrc_data/msg/detail/ypr__type_support.hpp
[1.391s] -- Up-to-date symlink: /ros2_ws/install/ros2srrc_data/include/ros2srrc_data/ros2srrc_data/msg/joint.hpp
[1.392s] -- Up-to-date symlink: /ros2_ws/install/ros2srrc_data/include/ros2srrc_data/ros2srrc_data/msg/joints.hpp
[1.392s] -- Up-to-date symlink: /ros2_ws/install/ros2srrc_data/include/ros2srrc_data/ros2srrc_data/msg/linkattacher.hpp
[1.392s] -- Up-to-date symlink: /ros2_ws/install/ros2srrc_data/include/ros2srrc_data/ros2srrc_data/msg/robmove.hpp
[1.392s] -- Up-to-date symlink: /ros2_ws/install/ros2srrc_data/include/ros2srrc_data/ros2srrc_data/msg/robpose.hpp
[1.392s] -- Up-to-date symlink: /ros2_ws/install/ros2srrc_data/include/ros2srrc_data/ros2srrc_data/msg/rosidl_generator_cpp__visibility_control.hpp
[1.392s] -- Up-to-date symlink: /ros2_ws/install/ros2srrc_data/include/ros2srrc_data/ros2srrc_data/msg/specs.hpp
[1.392s] -- Up-to-date symlink: /ros2_ws/install/ros2srrc_data/include/ros2srrc_data/ros2srrc_data/msg/xyz.hpp
[1.392s] -- Up-to-date symlink: /ros2_ws/install/ros2srrc_data/include/ros2srrc_data/ros2srrc_data/msg/xyzypr.hpp
[1.392s] -- Up-to-date symlink: /ros2_ws/install/ros2srrc_data/include/ros2srrc_data/ros2srrc_data/msg/ypr.hpp
[1.392s] -- Up-to-date symlink: /ros2_ws/install/ros2srrc_data/include/ros2srrc_data/ros2srrc_data/action/detail/move__rosidl_typesupport_fastrtps_cpp.hpp
[1.392s] -- Up-to-date symlink: /ros2_ws/install/ros2srrc_data/include/ros2srrc_data/ros2srrc_data/action/detail/robmove__rosidl_typesupport_fastrtps_cpp.hpp
[1.393s] -- Up-to-date symlink: /ros2_ws/install/ros2srrc_data/include/ros2srrc_data/ros2srrc_data/action/detail/sequence__rosidl_typesupport_fastrtps_cpp.hpp
[1.393s] -- Up-to-date symlink: /ros2_ws/install/ros2srrc_data/include/ros2srrc_data/ros2srrc_data/msg/detail/action__rosidl_typesupport_fastrtps_cpp.hpp
[1.393s] -- Up-to-date symlink: /ros2_ws/install/ros2srrc_data/include/ros2srrc_data/ros2srrc_data/msg/detail/joint__rosidl_typesupport_fastrtps_cpp.hpp
[1.393s] -- Up-to-date symlink: /ros2_ws/install/ros2srrc_data/include/ros2srrc_data/ros2srrc_data/msg/detail/joints__rosidl_typesupport_fastrtps_cpp.hpp
[1.393s] -- Up-to-date symlink: /ros2_ws/install/ros2srrc_data/include/ros2srrc_data/ros2srrc_data/msg/detail/linkattacher__rosidl_typesupport_fastrtps_cpp.hpp
[1.393s] -- Up-to-date symlink: /ros2_ws/install/ros2srrc_data/include/ros2srrc_data/ros2srrc_data/msg/detail/robmove__rosidl_typesupport_fastrtps_cpp.hpp
[1.393s] -- Up-to-date symlink: /ros2_ws/install/ros2srrc_data/include/ros2srrc_data/ros2srrc_data/msg/detail/robpose__rosidl_typesupport_fastrtps_cpp.hpp
[1.393s] -- Up-to-date symlink: /ros2_ws/install/ros2srrc_data/include/ros2srrc_data/ros2srrc_data/msg/detail/specs__rosidl_typesupport_fastrtps_cpp.hpp
[1.393s] -- Up-to-date symlink: /ros2_ws/install/ros2srrc_data/include/ros2srrc_data/ros2srrc_data/msg/detail/xyz__rosidl_typesupport_fastrtps_cpp.hpp
[1.393s] -- Up-to-date symlink: /ros2_ws/install/ros2srrc_data/include/ros2srrc_data/ros2srrc_data/msg/detail/xyzypr__rosidl_typesupport_fastrtps_cpp.hpp
[1.393s] -- Up-to-date symlink: /ros2_ws/install/ros2srrc_data/include/ros2srrc_data/ros2srrc_data/msg/detail/ypr__rosidl_typesupport_fastrtps_cpp.hpp
[1.393s] -- Up-to-date symlink: /ros2_ws/install/ros2srrc_data/include/ros2srrc_data/ros2srrc_data/msg/rosidl_typesupport_fastrtps_cpp__visibility_control.h
[1.393s] -- Up-to-date symlink: /ros2_ws/install/ros2srrc_data/include/ros2srrc_data/ros2srrc_data/action/detail/move__rosidl_typesupport_introspection_cpp.hpp
[1.393s] -- Up-to-date symlink: /ros2_ws/install/ros2srrc_data/include/ros2srrc_data/ros2srrc_data/action/detail/robmove__rosidl_typesupport_introspection_cpp.hpp
[1.394s] -- Up-to-date symlink: /ros2_ws/install/ros2srrc_data/include/ros2srrc_data/ros2srrc_data/action/detail/sequence__rosidl_typesupport_introspection_cpp.hpp
[1.394s] -- Up-to-date symlink: /ros2_ws/install/ros2srrc_data/include/ros2srrc_data/ros2srrc_data/msg/detail/action__rosidl_typesupport_introspection_cpp.hpp
[1.394s] -- Up-to-date symlink: /ros2_ws/install/ros2srrc_data/include/ros2srrc_data/ros2srrc_data/msg/detail/joint__rosidl_typesupport_introspection_cpp.hpp
[1.394s] -- Up-to-date symlink: /ros2_ws/install/ros2srrc_data/include/ros2srrc_data/ros2srrc_data/msg/detail/joints__rosidl_typesupport_introspection_cpp.hpp
[1.394s] -- Up-to-date symlink: /ros2_ws/install/ros2srrc_data/include/ros2srrc_data/ros2srrc_data/msg/detail/linkattacher__rosidl_typesupport_introspection_cpp.hpp
[1.394s] -- Up-to-date symlink: /ros2_ws/install/ros2srrc_data/include/ros2srrc_data/ros2srrc_data/msg/detail/robmove__rosidl_typesupport_introspection_cpp.hpp
[1.394s] -- Up-to-date symlink: /ros2_ws/install/ros2srrc_data/include/ros2srrc_data/ros2srrc_data/msg/detail/robpose__rosidl_typesupport_introspection_cpp.hpp
[1.394s] -- Up-to-date symlink: /ros2_ws/install/ros2srrc_data/include/ros2srrc_data/ros2srrc_data/msg/detail/specs__rosidl_typesupport_introspection_cpp.hpp
[1.394s] -- Up-to-date symlink: /ros2_ws/install/ros2srrc_data/include/ros2srrc_data/ros2srrc_data/msg/detail/xyz__rosidl_typesupport_introspection_cpp.hpp
[1.394s] -- Up-to-date symlink: /ros2_ws/install/ros2srrc_data/include/ros2srrc_data/ros2srrc_data/msg/detail/xyzypr__rosidl_typesupport_introspection_cpp.hpp
[1.395s] -- Up-to-date symlink: /ros2_ws/install/ros2srrc_data/include/ros2srrc_data/ros2srrc_data/msg/detail/ypr__rosidl_typesupport_introspection_cpp.hpp
[1.395s] -- Up-to-date symlink: /ros2_ws/install/ros2srrc_data/share/ros2srrc_data/environment/pythonpath.sh
[1.395s] -- Up-to-date symlink: /ros2_ws/install/ros2srrc_data/share/ros2srrc_data/environment/pythonpath.dsv
[1.395s] -- Up-to-date symlink: /ros2_ws/install/ros2srrc_data/local/lib/python3.10/dist-packages/ros2srrc_data-0.0.0-py3.10.egg-info/PKG-INFO
[1.395s] -- Up-to-date symlink: /ros2_ws/install/ros2srrc_data/local/lib/python3.10/dist-packages/ros2srrc_data-0.0.0-py3.10.egg-info/SOURCES.txt
[1.395s] -- Up-to-date symlink: /ros2_ws/install/ros2srrc_data/local/lib/python3.10/dist-packages/ros2srrc_data-0.0.0-py3.10.egg-info/dependency_links.txt
[1.395s] -- Up-to-date symlink: /ros2_ws/install/ros2srrc_data/local/lib/python3.10/dist-packages/ros2srrc_data-0.0.0-py3.10.egg-info/top_level.txt
[1.395s] -- Up-to-date symlink: /ros2_ws/install/ros2srrc_data/local/lib/python3.10/dist-packages/ros2srrc_data/__init__.py
[1.395s] -- Up-to-date symlink: /ros2_ws/install/ros2srrc_data/local/lib/python3.10/dist-packages/ros2srrc_data/_ros2srrc_data_s.ep.rosidl_typesupport_c.c
[1.395s] -- Up-to-date symlink: /ros2_ws/install/ros2srrc_data/local/lib/python3.10/dist-packages/ros2srrc_data/_ros2srrc_data_s.ep.rosidl_typesupport_fastrtps_c.c
[1.395s] -- Up-to-date symlink: /ros2_ws/install/ros2srrc_data/local/lib/python3.10/dist-packages/ros2srrc_data/_ros2srrc_data_s.ep.rosidl_typesupport_introspection_c.c
[1.395s] -- Up-to-date symlink: /ros2_ws/install/ros2srrc_data/local/lib/python3.10/dist-packages/ros2srrc_data/action/__init__.py
[1.395s] -- Up-to-date symlink: /ros2_ws/install/ros2srrc_data/local/lib/python3.10/dist-packages/ros2srrc_data/action/_move.py
[1.395s] -- Up-to-date symlink: /ros2_ws/install/ros2srrc_data/local/lib/python3.10/dist-packages/ros2srrc_data/action/_move_s.c
[1.396s] -- Up-to-date symlink: /ros2_ws/install/ros2srrc_data/local/lib/python3.10/dist-packages/ros2srrc_data/action/_robmove.py
[1.396s] -- Up-to-date symlink: /ros2_ws/install/ros2srrc_data/local/lib/python3.10/dist-packages/ros2srrc_data/action/_robmove_s.c
[1.396s] -- Up-to-date symlink: /ros2_ws/install/ros2srrc_data/local/lib/python3.10/dist-packages/ros2srrc_data/action/_sequence.py
[1.396s] -- Up-to-date symlink: /ros2_ws/install/ros2srrc_data/local/lib/python3.10/dist-packages/ros2srrc_data/action/_sequence_s.c
[1.396s] -- Up-to-date symlink: /ros2_ws/install/ros2srrc_data/local/lib/python3.10/dist-packages/ros2srrc_data/libros2srrc_data__rosidl_generator_py.so
[1.396s] -- Up-to-date symlink: /ros2_ws/install/ros2srrc_data/local/lib/python3.10/dist-packages/ros2srrc_data/msg/__init__.py
[1.396s] -- Up-to-date symlink: /ros2_ws/install/ros2srrc_data/local/lib/python3.10/dist-packages/ros2srrc_data/msg/_action.py
[1.396s] -- Up-to-date symlink: /ros2_ws/install/ros2srrc_data/local/lib/python3.10/dist-packages/ros2srrc_data/msg/_action_s.c
[1.396s] -- Up-to-date symlink: /ros2_ws/install/ros2srrc_data/local/lib/python3.10/dist-packages/ros2srrc_data/msg/_joint.py
[1.396s] -- Up-to-date symlink: /ros2_ws/install/ros2srrc_data/local/lib/python3.10/dist-packages/ros2srrc_data/msg/_joint_s.c
[1.396s] -- Up-to-date symlink: /ros2_ws/install/ros2srrc_data/local/lib/python3.10/dist-packages/ros2srrc_data/msg/_joints.py
[1.396s] -- Up-to-date symlink: /ros2_ws/install/ros2srrc_data/local/lib/python3.10/dist-packages/ros2srrc_data/msg/_joints_s.c
[1.397s] -- Up-to-date symlink: /ros2_ws/install/ros2srrc_data/local/lib/python3.10/dist-packages/ros2srrc_data/msg/_linkattacher.py
[1.397s] -- Up-to-date symlink: /ros2_ws/install/ros2srrc_data/local/lib/python3.10/dist-packages/ros2srrc_data/msg/_linkattacher_s.c
[1.397s] -- Up-to-date symlink: /ros2_ws/install/ros2srrc_data/local/lib/python3.10/dist-packages/ros2srrc_data/msg/_robmove.py
[1.397s] -- Up-to-date symlink: /ros2_ws/install/ros2srrc_data/local/lib/python3.10/dist-packages/ros2srrc_data/msg/_robmove_s.c
[1.397s] -- Up-to-date symlink: /ros2_ws/install/ros2srrc_data/local/lib/python3.10/dist-packages/ros2srrc_data/msg/_robpose.py
[1.397s] -- Up-to-date symlink: /ros2_ws/install/ros2srrc_data/local/lib/python3.10/dist-packages/ros2srrc_data/msg/_robpose_s.c
[1.398s] -- Up-to-date symlink: /ros2_ws/install/ros2srrc_data/local/lib/python3.10/dist-packages/ros2srrc_data/msg/_specs.py
[1.398s] -- Up-to-date symlink: /ros2_ws/install/ros2srrc_data/local/lib/python3.10/dist-packages/ros2srrc_data/msg/_specs_s.c
[1.398s] -- Up-to-date symlink: /ros2_ws/install/ros2srrc_data/local/lib/python3.10/dist-packages/ros2srrc_data/msg/_xyz.py
[1.398s] -- Up-to-date symlink: /ros2_ws/install/ros2srrc_data/local/lib/python3.10/dist-packages/ros2srrc_data/msg/_xyz_s.c
[1.398s] -- Up-to-date symlink: /ros2_ws/install/ros2srrc_data/local/lib/python3.10/dist-packages/ros2srrc_data/msg/_xyzypr.py
[1.398s] -- Up-to-date symlink: /ros2_ws/install/ros2srrc_data/local/lib/python3.10/dist-packages/ros2srrc_data/msg/_xyzypr_s.c
[1.398s] -- Up-to-date symlink: /ros2_ws/install/ros2srrc_data/local/lib/python3.10/dist-packages/ros2srrc_data/msg/_ypr.py
[1.398s] -- Up-to-date symlink: /ros2_ws/install/ros2srrc_data/local/lib/python3.10/dist-packages/ros2srrc_data/msg/_ypr_s.c
[1.398s] -- Up-to-date symlink: /ros2_ws/install/ros2srrc_data/local/lib/python3.10/dist-packages/ros2srrc_data/ros2srrc_data_s__rosidl_typesupport_c.cpython-310-x86_64-linux-gnu.so
[1.398s] -- Up-to-date symlink: /ros2_ws/install/ros2srrc_data/local/lib/python3.10/dist-packages/ros2srrc_data/ros2srrc_data_s__rosidl_typesupport_fastrtps_c.cpython-310-x86_64-linux-gnu.so
[1.398s] -- Up-to-date symlink: /ros2_ws/install/ros2srrc_data/local/lib/python3.10/dist-packages/ros2srrc_data/ros2srrc_data_s__rosidl_typesupport_introspection_c.cpython-310-x86_64-linux-gnu.so
[1.398s] -- Up-to-date symlink: /ros2_ws/install/ros2srrc_data/local/lib/python3.10/dist-packages/ros2srrc_data/ros2srrc_data_s__rosidl_typesupport_fastrtps_c.cpython-310-x86_64-linux-gnu.so
[1.398s] -- Up-to-date symlink: /ros2_ws/install/ros2srrc_data/local/lib/python3.10/dist-packages/ros2srrc_data/ros2srrc_data_s__rosidl_typesupport_introspection_c.cpython-310-x86_64-linux-gnu.so
[1.399s] -- Up-to-date symlink: /ros2_ws/install/ros2srrc_data/local/lib/python3.10/dist-packages/ros2srrc_data/ros2srrc_data_s__rosidl_typesupport_c.cpython-310-x86_64-linux-gnu.so
[1.399s] -- Up-to-date symlink: /ros2_ws/install/ros2srrc_data/share/ros2srrc_data/msg/Specs.idl
[1.401s] -- Up-to-date symlink: /ros2_ws/install/ros2srrc_data/share/ros2srrc_data/msg/Robmove.idl
[1.402s] -- Up-to-date symlink: /ros2_ws/install/ros2srrc_data/share/ros2srrc_data/msg/Joint.idl
[1.402s] -- Up-to-date symlink: /ros2_ws/install/ros2srrc_data/share/ros2srrc_data/msg/Joints.idl
[1.402s] -- Up-to-date symlink: /ros2_ws/install/ros2srrc_data/share/ros2srrc_data/msg/Xyz.idl
[1.402s] -- Up-to-date symlink: /ros2_ws/install/ros2srrc_data/share/ros2srrc_data/msg/Xyzypr.idl
[1.402s] -- Up-to-date symlink: /ros2_ws/install/ros2srrc_data/share/ros2srrc_data/msg/Ypr.idl
[1.402s] -- Up-to-date symlink: /ros2_ws/install/ros2srrc_data/share/ros2srrc_data/msg/Action.idl
[1.403s] -- Up-to-date symlink: /ros2_ws/install/ros2srrc_data/share/ros2srrc_data/msg/Linkattacher.idl
[1.403s] -- Up-to-date symlink: /ros2_ws/install/ros2srrc_data/share/ros2srrc_data/msg/Robpose.idl
[1.403s] -- Up-to-date symlink: /ros2_ws/install/ros2srrc_data/share/ros2srrc_data/action/Move.idl
[1.403s] -- Up-to-date symlink: /ros2_ws/install/ros2srrc_data/share/ros2srrc_data/action/Sequence.idl
[1.403s] -- Up-to-date symlink: /ros2_ws/install/ros2srrc_data/share/ros2srrc_data/action/Robmove.idl
[1.403s] -- Up-to-date symlink: /ros2_ws/install/ros2srrc_data/share/ros2srrc_data/msg/Specs.msg
[1.403s] -- Up-to-date symlink: /ros2_ws/install/ros2srrc_data/share/ros2srrc_data/msg/Robmove.msg
[1.403s] -- Up-to-date symlink: /ros2_ws/install/ros2srrc_data/share/ros2srrc_data/msg/Joint.msg
[1.403s] -- Up-to-date symlink: /ros2_ws/install/ros2srrc_data/share/ros2srrc_data/msg/Joints.msg
[1.403s] -- Up-to-date symlink: /ros2_ws/install/ros2srrc_data/share/ros2srrc_data/msg/Xyz.msg
[1.403s] -- Up-to-date symlink: /ros2_ws/install/ros2srrc_data/share/ros2srrc_data/msg/Xyzypr.msg
[1.403s] -- Up-to-date symlink: /ros2_ws/install/ros2srrc_data/share/ros2srrc_data/msg/Ypr.msg
[1.404s] -- Up-to-date symlink: /ros2_ws/install/ros2srrc_data/share/ros2srrc_data/msg/Action.msg
[1.404s] -- Up-to-date symlink: /ros2_ws/install/ros2srrc_data/share/ros2srrc_data/msg/Linkattacher.msg
[1.404s] -- Up-to-date symlink: /ros2_ws/install/ros2srrc_data/share/ros2srrc_data/msg/Robpose.msg
[1.404s] -- Up-to-date symlink: /ros2_ws/install/ros2srrc_data/share/ros2srrc_data/action/Move.action
[1.404s] -- Up-to-date symlink: /ros2_ws/install/ros2srrc_data/share/ros2srrc_data/action/Sequence.action
[1.404s] -- Up-to-date symlink: /ros2_ws/install/ros2srrc_data/share/ros2srrc_data/action/Robmove.action
[1.404s] -- Up-to-date symlink: /ros2_ws/install/ros2srrc_data/share/ament_index/resource_index/package_run_dependencies/ros2srrc_data
[1.404s] -- Up-to-date symlink: /ros2_ws/install/ros2srrc_data/share/ament_index/resource_index/parent_prefix_path/ros2srrc_data
[1.404s] -- Up-to-date symlink: /ros2_ws/install/ros2srrc_data/share/ros2srrc_data/environment/ament_prefix_path.sh
[1.404s] -- Up-to-date symlink: /ros2_ws/install/ros2srrc_data/share/ros2srrc_data/environment/ament_prefix_path.dsv
[1.404s] -- Up-to-date symlink: /ros2_ws/install/ros2srrc_data/share/ros2srrc_data/environment/path.sh
[1.404s] -- Up-to-date symlink: /ros2_ws/install/ros2srrc_data/share/ros2srrc_data/environment/path.dsv
[1.404s] -- Up-to-date symlink: /ros2_ws/install/ros2srrc_data/share/ros2srrc_data/local_setup.bash
[1.405s] -- Up-to-date symlink: /ros2_ws/install/ros2srrc_data/share/ros2srrc_data/local_setup.sh
[1.406s] -- Up-to-date symlink: /ros2_ws/install/ros2srrc_data/share/ros2srrc_data/local_setup.zsh
[1.406s] -- Up-to-date symlink: /ros2_ws/install/ros2srrc_data/share/ros2srrc_data/local_setup.dsv
[1.406s] -- Symlinking: /ros2_ws/install/ros2srrc_data/share/ros2srrc_data/package.dsv
[1.406s] -- Up-to-date symlink: /ros2_ws/install/ros2srrc_data/share/ament_index/resource_index/packages/ros2srrc_data
[1.406s] -- Up-to-date symlink: /ros2_ws/install/ros2srrc_data/share/ros2srrc_data/cmake/rosidl_cmake-extras.cmake
[1.406s] -- Up-to-date symlink: /ros2_ws/install/ros2srrc_data/share/ros2srrc_data/cmake/ament_cmake_export_dependencies-extras.cmake
[1.407s] -- Up-to-date symlink: /ros2_ws/install/ros2srrc_data/share/ros2srrc_data/cmake/ament_cmake_export_include_directories-extras.cmake
[1.407s] -- Up-to-date symlink: /ros2_ws/install/ros2srrc_data/share/ros2srrc_data/cmake/ament_cmake_export_libraries-extras.cmake
[1.408s] -- Up-to-date symlink: /ros2_ws/install/ros2srrc_data/share/ros2srrc_data/cmake/ament_cmake_export_targets-extras.cmake
[1.408s] -- Up-to-date symlink: /ros2_ws/install/ros2srrc_data/share/ros2srrc_data/cmake/rosidl_cmake_export_typesupport_targets-extras.cmake
[1.408s] -- Up-to-date symlink: /ros2_ws/install/ros2srrc_data/share/ros2srrc_data/cmake/rosidl_cmake_export_typesupport_libraries-extras.cmake
[1.408s] -- Up-to-date symlink: /ros2_ws/install/ros2srrc_data/share/ros2srrc_data/cmake/ros2srrc_dataConfig.cmake
[1.408s] -- Up-to-date symlink: /ros2_ws/install/ros2srrc_data/share/ros2srrc_data/cmake/ros2srrc_dataConfig-version.cmake
[1.408s] -- Up-to-date symlink: /ros2_ws/install/ros2srrc_data/share/ros2srrc_data/package.xml
[1.408s] -- Up-to-date: /ros2_ws/install/ros2srrc_data/lib/libros2srrc_data__rosidl_generator_c.so
[1.408s] -- Up-to-date: /ros2_ws/install/ros2srrc_data/lib/libros2srrc_data__rosidl_typesupport_fastrtps_c.so
[1.408s] -- Up-to-date: /ros2_ws/install/ros2srrc_data/lib/libros2srrc_data__rosidl_typesupport_introspection_c.so
[1.408s] -- Up-to-date: /ros2_ws/install/ros2srrc_data/lib/libros2srrc_data__rosidl_typesupport_c.so
[1.408s] -- Up-to-date: /ros2_ws/install/ros2srrc_data/lib/libros2srrc_data__rosidl_typesupport_fastrtps_cpp.so
[1.409s] -- Up-to-date: /ros2_ws/install/ros2srrc_data/lib/libros2srrc_data__rosidl_typesupport_introspection_cpp.so
[1.409s] -- Up-to-date: /ros2_ws/install/ros2srrc_data/lib/libros2srrc_data__rosidl_typesupport_cpp.so
[1.416s] Listing '/ros2_ws/install/ros2srrc_data/local/lib/python3.10/dist-packages/ros2srrc_data'...
[1.416s] Listing '/ros2_ws/install/ros2srrc_data/local/lib/python3.10/dist-packages/ros2srrc_data/action'...
[1.417s] Listing '/ros2_ws/install/ros2srrc_data/local/lib/python3.10/dist-packages/ros2srrc_data/msg'...
[1.418s] -- Up-to-date: /ros2_ws/install/ros2srrc_data/lib/libros2srrc_data__rosidl_generator_py.so
[1.418s] -- Up-to-date: /ros2_ws/install/ros2srrc_data/share/ros2srrc_data/cmake/export_ros2srrc_data__rosidl_generator_cExport.cmake
[1.419s] -- Up-to-date: /ros2_ws/install/ros2srrc_data/share/ros2srrc_data/cmake/export_ros2srrc_data__rosidl_generator_cExport-release.cmake
[1.419s] -- Up-to-date: /ros2_ws/install/ros2srrc_data/share/ros2srrc_data/cmake/export_ros2srrc_data__rosidl_typesupport_fastrtps_cExport.cmake
[1.419s] -- Up-to-date: /ros2_ws/install/ros2srrc_data/share/ros2srrc_data/cmake/export_ros2srrc_data__rosidl_typesupport_fastrtps_cExport-release.cmake
[1.419s] -- Up-to-date: /ros2_ws/install/ros2srrc_data/share/ros2srrc_data/cmake/ros2srrc_data__rosidl_typesupport_introspection_cExport.cmake
[1.420s] -- Up-to-date: /ros2_ws/install/ros2srrc_data/share/ros2srrc_data/cmake/ros2srrc_data__rosidl_typesupport_introspection_cExport-release.cmake
[1.420s] -- Up-to-date: /ros2_ws/install/ros2srrc_data/share/ros2srrc_data/cmake/ros2srrc_data__rosidl_typesupport_cExport.cmake
[1.420s] -- Up-to-date: /ros2_ws/install/ros2srrc_data/share/ros2srrc_data/cmake/ros2srrc_data__rosidl_typesupport_cExport-release.cmake
[1.421s] -- Up-to-date: /ros2_ws/install/ros2srrc_data/share/ros2srrc_data/cmake/export_ros2srrc_data__rosidl_generator_cppExport.cmake
[1.421s] -- Up-to-date: /ros2_ws/install/ros2srrc_data/share/ros2srrc_data/cmake/export_ros2srrc_data__rosidl_typesupport_fastrtps_cppExport.cmake
[1.421s] -- Up-to-date: /ros2_ws/install/ros2srrc_data/share/ros2srrc_data/cmake/export_ros2srrc_data__rosidl_typesupport_fastrtps_cppExport-release.cmake
[1.422s] -- Up-to-date: /ros2_ws/install/ros2srrc_data/share/ros2srrc_data/cmake/ros2srrc_data__rosidl_typesupport_introspection_cppExport.cmake
[1.422s] -- Up-to-date: /ros2_ws/install/ros2srrc_data/share/ros2srrc_data/cmake/ros2srrc_data__rosidl_typesupport_introspection_cppExport-release.cmake
[1.423s] -- Up-to-date: /ros2_ws/install/ros2srrc_data/share/ros2srrc_data/cmake/ros2srrc_data__rosidl_typesupport_cppExport.cmake
[1.423s] -- Up-to-date: /ros2_ws/install/ros2srrc_data/share/ros2srrc_data/cmake/ros2srrc_data__rosidl_typesupport_cppExport-release.cmake
[1.423s] -- Up-to-date: /ros2_ws/install/ros2srrc_data/share/ros2srrc_data/cmake/export_ros2srrc_data__rosidl_generator_pyExport.cmake
[1.424s] -- Up-to-date: /ros2_ws/install/ros2srrc_data/share/ros2srrc_data/cmake/export_ros2srrc_data__rosidl_generator_pyExport-release.cmake
[1.546s] Invoked command in '/ros2_ws/build/ros2srrc_data' returned '0': CMAKE_PREFIX_PATH=/opt/ros/humble /usr/bin/cmake --install /ros2_ws/build/ros2srrc_data
