-- The C compiler identification is GNU 11.4.0
-- The CXX compiler identification is GNU 11.4.0
-- Detecting C compiler ABI info
-- Detecting C compiler ABI info - done
-- Check for working C compiler: /usr/bin/cc - skipped
-- Detecting C compile features
-- Detecting C compile features - done
-- Detecting CXX compiler ABI info
-- Detecting CXX compiler ABI info - done
-- Check for working CXX compiler: /usr/bin/c++ - skipped
-- Detecting CXX compile features
-- Detecting CXX compile features - done
-- Found ament_cmake: 1.3.12 (/opt/ros/humble/share/ament_cmake/cmake)
-- Found Python3: /usr/bin/python3 (found version "3.10.12") found components: Interpreter 
-- Override CMake install command with custom implementation using symlinks instead of copying resources
-- Found std_msgs: 4.9.0 (/opt/ros/humble/share/std_msgs/cmake)
-- Found rosidl_generator_c: 3.1.7 (/opt/ros/humble/share/rosidl_generator_c/cmake)
-- Found rosidl_adapter: 3.1.7 (/opt/ros/humble/share/rosidl_adapter/cmake)
-- Found rosidl_generator_cpp: 3.1.7 (/opt/ros/humble/share/rosidl_generator_cpp/cmake)
-- Using all available rosidl_typesupport_c: rosidl_typesupport_fastrtps_c;rosidl_typesupport_introspection_c
-- Using all available rosidl_typesupport_cpp: rosidl_typesupport_fastrtps_cpp;rosidl_typesupport_introspection_cpp
-- Found rosidl_default_generators: 1.2.0 (/opt/ros/humble/share/rosidl_default_generators/cmake)
-- Found ament_cmake_ros: 0.10.0 (/opt/ros/humble/share/ament_cmake_ros/cmake)
-- Using all available rosidl_typesupport_c: rosidl_typesupport_fastrtps_c;rosidl_typesupport_introspection_c
-- Using all available rosidl_typesupport_cpp: rosidl_typesupport_fastrtps_cpp;rosidl_typesupport_introspection_cpp
-- Found PythonInterp: /usr/bin/python3 (found suitable version "3.10.12", minimum required is "3.6") 
-- Found python_cmake_module: 0.10.0 (/opt/ros/humble/share/python_cmake_module/cmake)
-- Found PythonLibs: /usr/lib/x86_64-linux-gnu/libpython3.10.so (found suitable version "3.10.12", minimum required is "3.5") 
-- Using PYTHON_EXECUTABLE: /usr/bin/python3
-- Using PYTHON_INCLUDE_DIRS: /usr/include/python3.10
-- Using PYTHON_LIBRARIES: /usr/lib/x86_64-linux-gnu/libpython3.10.so
-- Found PythonExtra: .so  
-- Configuring done
-- Generating done
-- Build files have been written to: /ros2_ws/build/pendulum2_msgs
[  1%] [34m[1mGenerating C++ code for ROS interfaces[0m
[  3%] [34m[1mGenerating C code for ROS interfaces[0m
[  3%] Built target ament_cmake_python_symlink_pendulum2_msgs
running egg_info
creating pendulum2_msgs.egg-info
writing pendulum2_msgs.egg-info/PKG-INFO
writing dependency_links to pendulum2_msgs.egg-info/dependency_links.txt
writing top-level names to pendulum2_msgs.egg-info/top_level.txt
writing manifest file 'pendulum2_msgs.egg-info/SOURCES.txt'
reading manifest file 'pendulum2_msgs.egg-info/SOURCES.txt'
writing manifest file 'pendulum2_msgs.egg-info/SOURCES.txt'
[  3%] Built target ament_cmake_python_build_pendulum2_msgs_egg
[  5%] [32mBuilding C object CMakeFiles/pendulum2_msgs__rosidl_generator_c.dir/rosidl_generator_c/pendulum2_msgs/msg/detail/joint_command__functions.c.o[0m
[  7%] [32mBuilding C object CMakeFiles/pendulum2_msgs__rosidl_generator_c.dir/rosidl_generator_c/pendulum2_msgs/msg/detail/joint_state__functions.c.o[0m
[  9%] [32mBuilding C object CMakeFiles/pendulum2_msgs__rosidl_generator_c.dir/rosidl_generator_c/pendulum2_msgs/msg/detail/joint_command_stamped__functions.c.o[0m
[ 10%] [32mBuilding C object CMakeFiles/pendulum2_msgs__rosidl_generator_c.dir/rosidl_generator_c/pendulum2_msgs/msg/detail/pendulum_teleop__functions.c.o[0m
[ 10%] Built target pendulum2_msgs__cpp
[ 12%] [32m[1mLinking C shared library libpendulum2_msgs__rosidl_generator_c.so[0m
[ 14%] [34m[1mGenerating C++ type support for eProsima Fast-RTPS[0m
[ 16%] [34m[1mGenerating C++ type support dispatch for ROS interfaces[0m
[ 18%] [34m[1mGenerating C++ introspection for ROS interfaces[0m
[ 18%] Built target pendulum2_msgs__rosidl_generator_c
[ 20%] [34m[1mGenerating C type support for eProsima Fast-RTPS[0m
[ 21%] [34m[1mGenerating C type support dispatch for ROS interfaces[0m
[ 23%] [34m[1mGenerating C introspection for ROS interfaces[0m
[ 25%] [32mBuilding CXX object CMakeFiles/pendulum2_msgs__rosidl_typesupport_c.dir/rosidl_typesupport_c/pendulum2_msgs/msg/joint_state__type_support.cpp.o[0m
[ 27%] [32mBuilding CXX object CMakeFiles/pendulum2_msgs__rosidl_typesupport_c.dir/rosidl_typesupport_c/pendulum2_msgs/msg/joint_command__type_support.cpp.o[0m
[ 29%] [32mBuilding CXX object CMakeFiles/pendulum2_msgs__rosidl_typesupport_c.dir/rosidl_typesupport_c/pendulum2_msgs/msg/joint_command_stamped__type_support.cpp.o[0m
[ 30%] [32mBuilding CXX object CMakeFiles/pendulum2_msgs__rosidl_typesupport_c.dir/rosidl_typesupport_c/pendulum2_msgs/msg/pendulum_teleop__type_support.cpp.o[0m
[ 32%] [32m[1mLinking CXX shared library libpendulum2_msgs__rosidl_typesupport_c.so[0m
[ 32%] Built target pendulum2_msgs__rosidl_typesupport_c
[ 34%] [32mBuilding CXX object CMakeFiles/pendulum2_msgs__rosidl_typesupport_introspection_cpp.dir/rosidl_typesupport_introspection_cpp/pendulum2_msgs/msg/detail/joint_state__type_support.cpp.o[0m
[ 36%] [32mBuilding CXX object CMakeFiles/pendulum2_msgs__rosidl_typesupport_introspection_cpp.dir/rosidl_typesupport_introspection_cpp/pendulum2_msgs/msg/detail/joint_command_stamped__type_support.cpp.o[0m
[ 38%] [32mBuilding CXX object CMakeFiles/pendulum2_msgs__rosidl_typesupport_introspection_cpp.dir/rosidl_typesupport_introspection_cpp/pendulum2_msgs/msg/detail/joint_command__type_support.cpp.o[0m
[ 40%] [32mBuilding CXX object CMakeFiles/pendulum2_msgs__rosidl_typesupport_introspection_cpp.dir/rosidl_typesupport_introspection_cpp/pendulum2_msgs/msg/detail/pendulum_teleop__type_support.cpp.o[0m
[ 41%] [32mBuilding CXX object CMakeFiles/pendulum2_msgs__rosidl_typesupport_cpp.dir/rosidl_typesupport_cpp/pendulum2_msgs/msg/joint_state__type_support.cpp.o[0m
[ 43%] [32mBuilding C object CMakeFiles/pendulum2_msgs__rosidl_typesupport_introspection_c.dir/rosidl_typesupport_introspection_c/pendulum2_msgs/msg/detail/joint_state__type_support.c.o[0m
[ 45%] [32mBuilding CXX object CMakeFiles/pendulum2_msgs__rosidl_typesupport_fastrtps_c.dir/rosidl_typesupport_fastrtps_c/pendulum2_msgs/msg/detail/joint_state__type_support_c.cpp.o[0m
[ 47%] [32mBuilding C object CMakeFiles/pendulum2_msgs__rosidl_typesupport_introspection_c.dir/rosidl_typesupport_introspection_c/pendulum2_msgs/msg/detail/joint_command__type_support.c.o[0m
[ 49%] [32mBuilding CXX object CMakeFiles/pendulum2_msgs__rosidl_typesupport_fastrtps_cpp.dir/rosidl_typesupport_fastrtps_cpp/pendulum2_msgs/msg/detail/dds_fastrtps/joint_state__type_support.cpp.o[0m
[ 50%] [32mBuilding C object CMakeFiles/pendulum2_msgs__rosidl_typesupport_introspection_c.dir/rosidl_typesupport_introspection_c/pendulum2_msgs/msg/detail/joint_command_stamped__type_support.c.o[0m
[ 52%] [32mBuilding C object CMakeFiles/pendulum2_msgs__rosidl_typesupport_introspection_c.dir/rosidl_typesupport_introspection_c/pendulum2_msgs/msg/detail/pendulum_teleop__type_support.c.o[0m
[ 54%] [32m[1mLinking C shared library libpendulum2_msgs__rosidl_typesupport_introspection_c.so[0m
[ 56%] [32mBuilding CXX object CMakeFiles/pendulum2_msgs__rosidl_typesupport_cpp.dir/rosidl_typesupport_cpp/pendulum2_msgs/msg/joint_command__type_support.cpp.o[0m
[ 56%] Built target pendulum2_msgs__rosidl_typesupport_introspection_c
[ 58%] [32mBuilding CXX object CMakeFiles/pendulum2_msgs__rosidl_typesupport_cpp.dir/rosidl_typesupport_cpp/pendulum2_msgs/msg/joint_command_stamped__type_support.cpp.o[0m
[ 60%] [32mBuilding CXX object CMakeFiles/pendulum2_msgs__rosidl_typesupport_cpp.dir/rosidl_typesupport_cpp/pendulum2_msgs/msg/pendulum_teleop__type_support.cpp.o[0m
[ 61%] [32mBuilding CXX object CMakeFiles/pendulum2_msgs__rosidl_typesupport_fastrtps_cpp.dir/rosidl_typesupport_fastrtps_cpp/pendulum2_msgs/msg/detail/dds_fastrtps/joint_command__type_support.cpp.o[0m
[ 63%] [32mBuilding CXX object CMakeFiles/pendulum2_msgs__rosidl_typesupport_fastrtps_cpp.dir/rosidl_typesupport_fastrtps_cpp/pendulum2_msgs/msg/detail/dds_fastrtps/joint_command_stamped__type_support.cpp.o[0m
[ 65%] [32m[1mLinking CXX shared library libpendulum2_msgs__rosidl_typesupport_introspection_cpp.so[0m
[ 67%] [32mBuilding CXX object CMakeFiles/pendulum2_msgs__rosidl_typesupport_fastrtps_c.dir/rosidl_typesupport_fastrtps_c/pendulum2_msgs/msg/detail/joint_command__type_support_c.cpp.o[0m
[ 67%] Built target pendulum2_msgs__rosidl_typesupport_introspection_cpp
[ 69%] [32mBuilding CXX object CMakeFiles/pendulum2_msgs__rosidl_typesupport_fastrtps_c.dir/rosidl_typesupport_fastrtps_c/pendulum2_msgs/msg/detail/joint_command_stamped__type_support_c.cpp.o[0m
[ 70%] [32mBuilding CXX object CMakeFiles/pendulum2_msgs__rosidl_typesupport_fastrtps_cpp.dir/rosidl_typesupport_fastrtps_cpp/pendulum2_msgs/msg/detail/dds_fastrtps/pendulum_teleop__type_support.cpp.o[0m
[ 72%] [32mBuilding CXX object CMakeFiles/pendulum2_msgs__rosidl_typesupport_fastrtps_c.dir/rosidl_typesupport_fastrtps_c/pendulum2_msgs/msg/detail/pendulum_teleop__type_support_c.cpp.o[0m
[ 74%] [32m[1mLinking CXX shared library libpendulum2_msgs__rosidl_typesupport_cpp.so[0m
[ 74%] Built target pendulum2_msgs__rosidl_typesupport_cpp
[ 76%] [32m[1mLinking CXX shared library libpendulum2_msgs__rosidl_typesupport_fastrtps_c.so[0m
[ 78%] [32m[1mLinking CXX shared library libpendulum2_msgs__rosidl_typesupport_fastrtps_cpp.so[0m
[ 78%] Built target pendulum2_msgs__rosidl_typesupport_fastrtps_c
[ 78%] Built target pendulum2_msgs__rosidl_typesupport_fastrtps_cpp
[ 78%] Built target pendulum2_msgs
[ 80%] [34m[1mGenerating Python code for ROS interfaces[0m
[ 80%] Built target pendulum2_msgs__py
[ 81%] [32mBuilding C object CMakeFiles/pendulum2_msgs__rosidl_generator_py.dir/rosidl_generator_py/pendulum2_msgs/msg/_joint_state_s.c.o[0m
[ 83%] [32mBuilding C object CMakeFiles/pendulum2_msgs__rosidl_generator_py.dir/rosidl_generator_py/pendulum2_msgs/msg/_pendulum_teleop_s.c.o[0m
[ 85%] [32mBuilding C object CMakeFiles/pendulum2_msgs__rosidl_generator_py.dir/rosidl_generator_py/pendulum2_msgs/msg/_joint_command_stamped_s.c.o[0m
[ 87%] [32mBuilding C object CMakeFiles/pendulum2_msgs__rosidl_generator_py.dir/rosidl_generator_py/pendulum2_msgs/msg/_joint_command_s.c.o[0m
[ 89%] [32m[1mLinking C shared library rosidl_generator_py/pendulum2_msgs/libpendulum2_msgs__rosidl_generator_py.so[0m
[ 89%] Built target pendulum2_msgs__rosidl_generator_py
[ 90%] [32mBuilding C object CMakeFiles/pendulum2_msgs__rosidl_typesupport_fastrtps_c__pyext.dir/rosidl_generator_py/pendulum2_msgs/_pendulum2_msgs_s.ep.rosidl_typesupport_fastrtps_c.c.o[0m
[ 92%] [32m[1mLinking C shared library rosidl_generator_py/pendulum2_msgs/pendulum2_msgs_s__rosidl_typesupport_fastrtps_c.cpython-310-x86_64-linux-gnu.so[0m
[ 92%] Built target pendulum2_msgs__rosidl_typesupport_fastrtps_c__pyext
[ 94%] [32mBuilding C object CMakeFiles/pendulum2_msgs__rosidl_typesupport_c__pyext.dir/rosidl_generator_py/pendulum2_msgs/_pendulum2_msgs_s.ep.rosidl_typesupport_c.c.o[0m
[ 96%] [32m[1mLinking C shared library rosidl_generator_py/pendulum2_msgs/pendulum2_msgs_s__rosidl_typesupport_c.cpython-310-x86_64-linux-gnu.so[0m
[ 96%] Built target pendulum2_msgs__rosidl_typesupport_c__pyext
[ 98%] [32mBuilding C object CMakeFiles/pendulum2_msgs__rosidl_typesupport_introspection_c__pyext.dir/rosidl_generator_py/pendulum2_msgs/_pendulum2_msgs_s.ep.rosidl_typesupport_introspection_c.c.o[0m
[100%] [32m[1mLinking C shared library rosidl_generator_py/pendulum2_msgs/pendulum2_msgs_s__rosidl_typesupport_introspection_c.cpython-310-x86_64-linux-gnu.so[0m
[100%] Built target pendulum2_msgs__rosidl_typesupport_introspection_c__pyext
-- Install configuration: "Release"
-- Execute custom install script
-- Symlinking: /ros2_ws/install/pendulum2_msgs/share/ament_index/resource_index/rosidl_interfaces/pendulum2_msgs
-- Symlinking: /ros2_ws/install/pendulum2_msgs/include/pendulum2_msgs/pendulum2_msgs/msg/detail/joint_command__functions.h
-- Symlinking: /ros2_ws/install/pendulum2_msgs/include/pendulum2_msgs/pendulum2_msgs/msg/detail/joint_command__struct.h
-- Symlinking: /ros2_ws/install/pendulum2_msgs/include/pendulum2_msgs/pendulum2_msgs/msg/detail/joint_command__type_support.h
-- Symlinking: /ros2_ws/install/pendulum2_msgs/include/pendulum2_msgs/pendulum2_msgs/msg/detail/joint_command_stamped__functions.h
-- Symlinking: /ros2_ws/install/pendulum2_msgs/include/pendulum2_msgs/pendulum2_msgs/msg/detail/joint_command_stamped__struct.h
-- Symlinking: /ros2_ws/install/pendulum2_msgs/include/pendulum2_msgs/pendulum2_msgs/msg/detail/joint_command_stamped__type_support.h
-- Symlinking: /ros2_ws/install/pendulum2_msgs/include/pendulum2_msgs/pendulum2_msgs/msg/detail/joint_state__functions.h
-- Symlinking: /ros2_ws/install/pendulum2_msgs/include/pendulum2_msgs/pendulum2_msgs/msg/detail/joint_state__struct.h
-- Symlinking: /ros2_ws/install/pendulum2_msgs/include/pendulum2_msgs/pendulum2_msgs/msg/detail/joint_state__type_support.h
-- Symlinking: /ros2_ws/install/pendulum2_msgs/include/pendulum2_msgs/pendulum2_msgs/msg/detail/pendulum_teleop__functions.h
-- Symlinking: /ros2_ws/install/pendulum2_msgs/include/pendulum2_msgs/pendulum2_msgs/msg/detail/pendulum_teleop__struct.h
-- Symlinking: /ros2_ws/install/pendulum2_msgs/include/pendulum2_msgs/pendulum2_msgs/msg/detail/pendulum_teleop__type_support.h
-- Symlinking: /ros2_ws/install/pendulum2_msgs/include/pendulum2_msgs/pendulum2_msgs/msg/joint_command.h
-- Symlinking: /ros2_ws/install/pendulum2_msgs/include/pendulum2_msgs/pendulum2_msgs/msg/joint_command_stamped.h
-- Symlinking: /ros2_ws/install/pendulum2_msgs/include/pendulum2_msgs/pendulum2_msgs/msg/joint_state.h
-- Symlinking: /ros2_ws/install/pendulum2_msgs/include/pendulum2_msgs/pendulum2_msgs/msg/pendulum_teleop.h
-- Symlinking: /ros2_ws/install/pendulum2_msgs/include/pendulum2_msgs/pendulum2_msgs/msg/rosidl_generator_c__visibility_control.h
-- Symlinking: /ros2_ws/install/pendulum2_msgs/share/pendulum2_msgs/environment/library_path.sh
-- Symlinking: /ros2_ws/install/pendulum2_msgs/share/pendulum2_msgs/environment/library_path.dsv
-- Symlinking: /ros2_ws/install/pendulum2_msgs/include/pendulum2_msgs/pendulum2_msgs/msg/detail/joint_command__rosidl_typesupport_fastrtps_c.h
-- Symlinking: /ros2_ws/install/pendulum2_msgs/include/pendulum2_msgs/pendulum2_msgs/msg/detail/joint_command_stamped__rosidl_typesupport_fastrtps_c.h
-- Symlinking: /ros2_ws/install/pendulum2_msgs/include/pendulum2_msgs/pendulum2_msgs/msg/detail/joint_state__rosidl_typesupport_fastrtps_c.h
-- Symlinking: /ros2_ws/install/pendulum2_msgs/include/pendulum2_msgs/pendulum2_msgs/msg/detail/pendulum_teleop__rosidl_typesupport_fastrtps_c.h
-- Symlinking: /ros2_ws/install/pendulum2_msgs/include/pendulum2_msgs/pendulum2_msgs/msg/rosidl_typesupport_fastrtps_c__visibility_control.h
-- Symlinking: /ros2_ws/install/pendulum2_msgs/include/pendulum2_msgs/pendulum2_msgs/msg/detail/joint_command__builder.hpp
-- Symlinking: /ros2_ws/install/pendulum2_msgs/include/pendulum2_msgs/pendulum2_msgs/msg/detail/joint_command__struct.hpp
-- Symlinking: /ros2_ws/install/pendulum2_msgs/include/pendulum2_msgs/pendulum2_msgs/msg/detail/joint_command__traits.hpp
-- Symlinking: /ros2_ws/install/pendulum2_msgs/include/pendulum2_msgs/pendulum2_msgs/msg/detail/joint_command__type_support.hpp
-- Symlinking: /ros2_ws/install/pendulum2_msgs/include/pendulum2_msgs/pendulum2_msgs/msg/detail/joint_command_stamped__builder.hpp
-- Symlinking: /ros2_ws/install/pendulum2_msgs/include/pendulum2_msgs/pendulum2_msgs/msg/detail/joint_command_stamped__struct.hpp
-- Symlinking: /ros2_ws/install/pendulum2_msgs/include/pendulum2_msgs/pendulum2_msgs/msg/detail/joint_command_stamped__traits.hpp
-- Symlinking: /ros2_ws/install/pendulum2_msgs/include/pendulum2_msgs/pendulum2_msgs/msg/detail/joint_command_stamped__type_support.hpp
-- Symlinking: /ros2_ws/install/pendulum2_msgs/include/pendulum2_msgs/pendulum2_msgs/msg/detail/joint_state__builder.hpp
-- Symlinking: /ros2_ws/install/pendulum2_msgs/include/pendulum2_msgs/pendulum2_msgs/msg/detail/joint_state__struct.hpp
-- Symlinking: /ros2_ws/install/pendulum2_msgs/include/pendulum2_msgs/pendulum2_msgs/msg/detail/joint_state__traits.hpp
-- Symlinking: /ros2_ws/install/pendulum2_msgs/include/pendulum2_msgs/pendulum2_msgs/msg/detail/joint_state__type_support.hpp
-- Symlinking: /ros2_ws/install/pendulum2_msgs/include/pendulum2_msgs/pendulum2_msgs/msg/detail/pendulum_teleop__builder.hpp
-- Symlinking: /ros2_ws/install/pendulum2_msgs/include/pendulum2_msgs/pendulum2_msgs/msg/detail/pendulum_teleop__struct.hpp
-- Symlinking: /ros2_ws/install/pendulum2_msgs/include/pendulum2_msgs/pendulum2_msgs/msg/detail/pendulum_teleop__traits.hpp
-- Symlinking: /ros2_ws/install/pendulum2_msgs/include/pendulum2_msgs/pendulum2_msgs/msg/detail/pendulum_teleop__type_support.hpp
-- Symlinking: /ros2_ws/install/pendulum2_msgs/include/pendulum2_msgs/pendulum2_msgs/msg/joint_command.hpp
-- Symlinking: /ros2_ws/install/pendulum2_msgs/include/pendulum2_msgs/pendulum2_msgs/msg/joint_command_stamped.hpp
-- Symlinking: /ros2_ws/install/pendulum2_msgs/include/pendulum2_msgs/pendulum2_msgs/msg/joint_state.hpp
-- Symlinking: /ros2_ws/install/pendulum2_msgs/include/pendulum2_msgs/pendulum2_msgs/msg/pendulum_teleop.hpp
-- Symlinking: /ros2_ws/install/pendulum2_msgs/include/pendulum2_msgs/pendulum2_msgs/msg/rosidl_generator_cpp__visibility_control.hpp
-- Symlinking: /ros2_ws/install/pendulum2_msgs/include/pendulum2_msgs/pendulum2_msgs/msg/detail/joint_command__rosidl_typesupport_fastrtps_cpp.hpp
-- Symlinking: /ros2_ws/install/pendulum2_msgs/include/pendulum2_msgs/pendulum2_msgs/msg/detail/joint_command_stamped__rosidl_typesupport_fastrtps_cpp.hpp
-- Symlinking: /ros2_ws/install/pendulum2_msgs/include/pendulum2_msgs/pendulum2_msgs/msg/detail/joint_state__rosidl_typesupport_fastrtps_cpp.hpp
-- Symlinking: /ros2_ws/install/pendulum2_msgs/include/pendulum2_msgs/pendulum2_msgs/msg/detail/pendulum_teleop__rosidl_typesupport_fastrtps_cpp.hpp
-- Symlinking: /ros2_ws/install/pendulum2_msgs/include/pendulum2_msgs/pendulum2_msgs/msg/rosidl_typesupport_fastrtps_cpp__visibility_control.h
-- Symlinking: /ros2_ws/install/pendulum2_msgs/include/pendulum2_msgs/pendulum2_msgs/msg/detail/joint_command__rosidl_typesupport_introspection_c.h
-- Symlinking: /ros2_ws/install/pendulum2_msgs/include/pendulum2_msgs/pendulum2_msgs/msg/detail/joint_command_stamped__rosidl_typesupport_introspection_c.h
-- Symlinking: /ros2_ws/install/pendulum2_msgs/include/pendulum2_msgs/pendulum2_msgs/msg/detail/joint_state__rosidl_typesupport_introspection_c.h
-- Symlinking: /ros2_ws/install/pendulum2_msgs/include/pendulum2_msgs/pendulum2_msgs/msg/detail/pendulum_teleop__rosidl_typesupport_introspection_c.h
-- Symlinking: /ros2_ws/install/pendulum2_msgs/include/pendulum2_msgs/pendulum2_msgs/msg/rosidl_typesupport_introspection_c__visibility_control.h
-- Symlinking: /ros2_ws/install/pendulum2_msgs/include/pendulum2_msgs/pendulum2_msgs/msg/detail/joint_command__rosidl_typesupport_introspection_cpp.hpp
-- Symlinking: /ros2_ws/install/pendulum2_msgs/include/pendulum2_msgs/pendulum2_msgs/msg/detail/joint_command_stamped__rosidl_typesupport_introspection_cpp.hpp
-- Symlinking: /ros2_ws/install/pendulum2_msgs/include/pendulum2_msgs/pendulum2_msgs/msg/detail/joint_state__rosidl_typesupport_introspection_cpp.hpp
-- Symlinking: /ros2_ws/install/pendulum2_msgs/include/pendulum2_msgs/pendulum2_msgs/msg/detail/pendulum_teleop__rosidl_typesupport_introspection_cpp.hpp
-- Symlinking: /ros2_ws/install/pendulum2_msgs/share/pendulum2_msgs/environment/pythonpath.sh
-- Symlinking: /ros2_ws/install/pendulum2_msgs/share/pendulum2_msgs/environment/pythonpath.dsv
-- Symlinking: /ros2_ws/install/pendulum2_msgs/local/lib/python3.10/dist-packages/pendulum2_msgs-0.0.1-py3.10.egg-info/PKG-INFO
-- Symlinking: /ros2_ws/install/pendulum2_msgs/local/lib/python3.10/dist-packages/pendulum2_msgs-0.0.1-py3.10.egg-info/SOURCES.txt
-- Symlinking: /ros2_ws/install/pendulum2_msgs/local/lib/python3.10/dist-packages/pendulum2_msgs-0.0.1-py3.10.egg-info/dependency_links.txt
-- Symlinking: /ros2_ws/install/pendulum2_msgs/local/lib/python3.10/dist-packages/pendulum2_msgs-0.0.1-py3.10.egg-info/top_level.txt
-- Symlinking: /ros2_ws/install/pendulum2_msgs/local/lib/python3.10/dist-packages/pendulum2_msgs/__init__.py
-- Symlinking: /ros2_ws/install/pendulum2_msgs/local/lib/python3.10/dist-packages/pendulum2_msgs/_pendulum2_msgs_s.ep.rosidl_typesupport_c.c
-- Symlinking: /ros2_ws/install/pendulum2_msgs/local/lib/python3.10/dist-packages/pendulum2_msgs/_pendulum2_msgs_s.ep.rosidl_typesupport_fastrtps_c.c
-- Symlinking: /ros2_ws/install/pendulum2_msgs/local/lib/python3.10/dist-packages/pendulum2_msgs/_pendulum2_msgs_s.ep.rosidl_typesupport_introspection_c.c
-- Symlinking: /ros2_ws/install/pendulum2_msgs/local/lib/python3.10/dist-packages/pendulum2_msgs/libpendulum2_msgs__rosidl_generator_py.so
-- Symlinking: /ros2_ws/install/pendulum2_msgs/local/lib/python3.10/dist-packages/pendulum2_msgs/msg/__init__.py
-- Symlinking: /ros2_ws/install/pendulum2_msgs/local/lib/python3.10/dist-packages/pendulum2_msgs/msg/_joint_command.py
-- Symlinking: /ros2_ws/install/pendulum2_msgs/local/lib/python3.10/dist-packages/pendulum2_msgs/msg/_joint_command_s.c
-- Symlinking: /ros2_ws/install/pendulum2_msgs/local/lib/python3.10/dist-packages/pendulum2_msgs/msg/_joint_command_stamped.py
-- Symlinking: /ros2_ws/install/pendulum2_msgs/local/lib/python3.10/dist-packages/pendulum2_msgs/msg/_joint_command_stamped_s.c
-- Symlinking: /ros2_ws/install/pendulum2_msgs/local/lib/python3.10/dist-packages/pendulum2_msgs/msg/_joint_state.py
-- Symlinking: /ros2_ws/install/pendulum2_msgs/local/lib/python3.10/dist-packages/pendulum2_msgs/msg/_joint_state_s.c
-- Symlinking: /ros2_ws/install/pendulum2_msgs/local/lib/python3.10/dist-packages/pendulum2_msgs/msg/_pendulum_teleop.py
-- Symlinking: /ros2_ws/install/pendulum2_msgs/local/lib/python3.10/dist-packages/pendulum2_msgs/msg/_pendulum_teleop_s.c
-- Symlinking: /ros2_ws/install/pendulum2_msgs/local/lib/python3.10/dist-packages/pendulum2_msgs/pendulum2_msgs_s__rosidl_typesupport_c.cpython-310-x86_64-linux-gnu.so
-- Symlinking: /ros2_ws/install/pendulum2_msgs/local/lib/python3.10/dist-packages/pendulum2_msgs/pendulum2_msgs_s__rosidl_typesupport_fastrtps_c.cpython-310-x86_64-linux-gnu.so
-- Symlinking: /ros2_ws/install/pendulum2_msgs/local/lib/python3.10/dist-packages/pendulum2_msgs/pendulum2_msgs_s__rosidl_typesupport_introspection_c.cpython-310-x86_64-linux-gnu.so
-- Up-to-date symlink: /ros2_ws/install/pendulum2_msgs/local/lib/python3.10/dist-packages/pendulum2_msgs/pendulum2_msgs_s__rosidl_typesupport_fastrtps_c.cpython-310-x86_64-linux-gnu.so
-- Up-to-date symlink: /ros2_ws/install/pendulum2_msgs/local/lib/python3.10/dist-packages/pendulum2_msgs/pendulum2_msgs_s__rosidl_typesupport_introspection_c.cpython-310-x86_64-linux-gnu.so
-- Up-to-date symlink: /ros2_ws/install/pendulum2_msgs/local/lib/python3.10/dist-packages/pendulum2_msgs/pendulum2_msgs_s__rosidl_typesupport_c.cpython-310-x86_64-linux-gnu.so
-- Symlinking: /ros2_ws/install/pendulum2_msgs/share/pendulum2_msgs/msg/JointState.idl
-- Symlinking: /ros2_ws/install/pendulum2_msgs/share/pendulum2_msgs/msg/JointCommand.idl
-- Symlinking: /ros2_ws/install/pendulum2_msgs/share/pendulum2_msgs/msg/JointCommandStamped.idl
-- Symlinking: /ros2_ws/install/pendulum2_msgs/share/pendulum2_msgs/msg/PendulumTeleop.idl
-- Symlinking: /ros2_ws/install/pendulum2_msgs/share/pendulum2_msgs/msg/JointState.msg
-- Symlinking: /ros2_ws/install/pendulum2_msgs/share/pendulum2_msgs/msg/JointCommand.msg
-- Symlinking: /ros2_ws/install/pendulum2_msgs/share/pendulum2_msgs/msg/JointCommandStamped.msg
-- Symlinking: /ros2_ws/install/pendulum2_msgs/share/pendulum2_msgs/msg/PendulumTeleop.msg
-- Symlinking: /ros2_ws/install/pendulum2_msgs/share/ament_index/resource_index/package_run_dependencies/pendulum2_msgs
-- Symlinking: /ros2_ws/install/pendulum2_msgs/share/ament_index/resource_index/parent_prefix_path/pendulum2_msgs
-- Symlinking: /ros2_ws/install/pendulum2_msgs/share/pendulum2_msgs/environment/ament_prefix_path.sh
-- Symlinking: /ros2_ws/install/pendulum2_msgs/share/pendulum2_msgs/environment/ament_prefix_path.dsv
-- Symlinking: /ros2_ws/install/pendulum2_msgs/share/pendulum2_msgs/environment/path.sh
-- Symlinking: /ros2_ws/install/pendulum2_msgs/share/pendulum2_msgs/environment/path.dsv
-- Symlinking: /ros2_ws/install/pendulum2_msgs/share/pendulum2_msgs/local_setup.bash
-- Symlinking: /ros2_ws/install/pendulum2_msgs/share/pendulum2_msgs/local_setup.sh
-- Symlinking: /ros2_ws/install/pendulum2_msgs/share/pendulum2_msgs/local_setup.zsh
-- Symlinking: /ros2_ws/install/pendulum2_msgs/share/pendulum2_msgs/local_setup.dsv
-- Symlinking: /ros2_ws/install/pendulum2_msgs/share/pendulum2_msgs/package.dsv
-- Symlinking: /ros2_ws/install/pendulum2_msgs/share/ament_index/resource_index/packages/pendulum2_msgs
-- Symlinking: /ros2_ws/install/pendulum2_msgs/share/pendulum2_msgs/cmake/rosidl_cmake-extras.cmake
-- Symlinking: /ros2_ws/install/pendulum2_msgs/share/pendulum2_msgs/cmake/ament_cmake_export_dependencies-extras.cmake
-- Symlinking: /ros2_ws/install/pendulum2_msgs/share/pendulum2_msgs/cmake/ament_cmake_export_include_directories-extras.cmake
-- Symlinking: /ros2_ws/install/pendulum2_msgs/share/pendulum2_msgs/cmake/ament_cmake_export_libraries-extras.cmake
-- Symlinking: /ros2_ws/install/pendulum2_msgs/share/pendulum2_msgs/cmake/ament_cmake_export_targets-extras.cmake
-- Symlinking: /ros2_ws/install/pendulum2_msgs/share/pendulum2_msgs/cmake/rosidl_cmake_export_typesupport_targets-extras.cmake
-- Symlinking: /ros2_ws/install/pendulum2_msgs/share/pendulum2_msgs/cmake/rosidl_cmake_export_typesupport_libraries-extras.cmake
-- Symlinking: /ros2_ws/install/pendulum2_msgs/share/pendulum2_msgs/cmake/pendulum2_msgsConfig.cmake
-- Symlinking: /ros2_ws/install/pendulum2_msgs/share/pendulum2_msgs/cmake/pendulum2_msgsConfig-version.cmake
-- Symlinking: /ros2_ws/install/pendulum2_msgs/share/pendulum2_msgs/package.xml
-- Installing: /ros2_ws/install/pendulum2_msgs/lib/libpendulum2_msgs__rosidl_generator_c.so
-- Set runtime path of "/ros2_ws/install/pendulum2_msgs/lib/libpendulum2_msgs__rosidl_generator_c.so" to ""
-- Installing: /ros2_ws/install/pendulum2_msgs/lib/libpendulum2_msgs__rosidl_typesupport_fastrtps_c.so
-- Set runtime path of "/ros2_ws/install/pendulum2_msgs/lib/libpendulum2_msgs__rosidl_typesupport_fastrtps_c.so" to ""
-- Installing: /ros2_ws/install/pendulum2_msgs/lib/libpendulum2_msgs__rosidl_typesupport_fastrtps_cpp.so
-- Set runtime path of "/ros2_ws/install/pendulum2_msgs/lib/libpendulum2_msgs__rosidl_typesupport_fastrtps_cpp.so" to ""
-- Installing: /ros2_ws/install/pendulum2_msgs/lib/libpendulum2_msgs__rosidl_typesupport_introspection_c.so
-- Set runtime path of "/ros2_ws/install/pendulum2_msgs/lib/libpendulum2_msgs__rosidl_typesupport_introspection_c.so" to ""
-- Installing: /ros2_ws/install/pendulum2_msgs/lib/libpendulum2_msgs__rosidl_typesupport_c.so
-- Set runtime path of "/ros2_ws/install/pendulum2_msgs/lib/libpendulum2_msgs__rosidl_typesupport_c.so" to ""
-- Installing: /ros2_ws/install/pendulum2_msgs/lib/libpendulum2_msgs__rosidl_typesupport_introspection_cpp.so
-- Set runtime path of "/ros2_ws/install/pendulum2_msgs/lib/libpendulum2_msgs__rosidl_typesupport_introspection_cpp.so" to ""
-- Installing: /ros2_ws/install/pendulum2_msgs/lib/libpendulum2_msgs__rosidl_typesupport_cpp.so
-- Set runtime path of "/ros2_ws/install/pendulum2_msgs/lib/libpendulum2_msgs__rosidl_typesupport_cpp.so" to ""
Listing '/ros2_ws/install/pendulum2_msgs/local/lib/python3.10/dist-packages/pendulum2_msgs'...
Compiling '/ros2_ws/install/pendulum2_msgs/local/lib/python3.10/dist-packages/pendulum2_msgs/__init__.py'...
Listing '/ros2_ws/install/pendulum2_msgs/local/lib/python3.10/dist-packages/pendulum2_msgs/msg'...
Compiling '/ros2_ws/install/pendulum2_msgs/local/lib/python3.10/dist-packages/pendulum2_msgs/msg/__init__.py'...
Compiling '/ros2_ws/install/pendulum2_msgs/local/lib/python3.10/dist-packages/pendulum2_msgs/msg/_joint_command.py'...
Compiling '/ros2_ws/install/pendulum2_msgs/local/lib/python3.10/dist-packages/pendulum2_msgs/msg/_joint_command_stamped.py'...
Compiling '/ros2_ws/install/pendulum2_msgs/local/lib/python3.10/dist-packages/pendulum2_msgs/msg/_joint_state.py'...
Compiling '/ros2_ws/install/pendulum2_msgs/local/lib/python3.10/dist-packages/pendulum2_msgs/msg/_pendulum_teleop.py'...
-- Installing: /ros2_ws/install/pendulum2_msgs/lib/libpendulum2_msgs__rosidl_generator_py.so
-- Set runtime path of "/ros2_ws/install/pendulum2_msgs/lib/libpendulum2_msgs__rosidl_generator_py.so" to ""
-- Installing: /ros2_ws/install/pendulum2_msgs/share/pendulum2_msgs/cmake/export_pendulum2_msgs__rosidl_generator_cExport.cmake
-- Installing: /ros2_ws/install/pendulum2_msgs/share/pendulum2_msgs/cmake/export_pendulum2_msgs__rosidl_generator_cExport-release.cmake
-- Installing: /ros2_ws/install/pendulum2_msgs/share/pendulum2_msgs/cmake/export_pendulum2_msgs__rosidl_typesupport_fastrtps_cExport.cmake
-- Installing: /ros2_ws/install/pendulum2_msgs/share/pendulum2_msgs/cmake/export_pendulum2_msgs__rosidl_typesupport_fastrtps_cExport-release.cmake
-- Installing: /ros2_ws/install/pendulum2_msgs/share/pendulum2_msgs/cmake/export_pendulum2_msgs__rosidl_generator_cppExport.cmake
-- Installing: /ros2_ws/install/pendulum2_msgs/share/pendulum2_msgs/cmake/export_pendulum2_msgs__rosidl_typesupport_fastrtps_cppExport.cmake
-- Installing: /ros2_ws/install/pendulum2_msgs/share/pendulum2_msgs/cmake/export_pendulum2_msgs__rosidl_typesupport_fastrtps_cppExport-release.cmake
-- Installing: /ros2_ws/install/pendulum2_msgs/share/pendulum2_msgs/cmake/pendulum2_msgs__rosidl_typesupport_introspection_cExport.cmake
-- Installing: /ros2_ws/install/pendulum2_msgs/share/pendulum2_msgs/cmake/pendulum2_msgs__rosidl_typesupport_introspection_cExport-release.cmake
-- Installing: /ros2_ws/install/pendulum2_msgs/share/pendulum2_msgs/cmake/pendulum2_msgs__rosidl_typesupport_cExport.cmake
-- Installing: /ros2_ws/install/pendulum2_msgs/share/pendulum2_msgs/cmake/pendulum2_msgs__rosidl_typesupport_cExport-release.cmake
-- Installing: /ros2_ws/install/pendulum2_msgs/share/pendulum2_msgs/cmake/pendulum2_msgs__rosidl_typesupport_introspection_cppExport.cmake
-- Installing: /ros2_ws/install/pendulum2_msgs/share/pendulum2_msgs/cmake/pendulum2_msgs__rosidl_typesupport_introspection_cppExport-release.cmake
-- Installing: /ros2_ws/install/pendulum2_msgs/share/pendulum2_msgs/cmake/pendulum2_msgs__rosidl_typesupport_cppExport.cmake
-- Installing: /ros2_ws/install/pendulum2_msgs/share/pendulum2_msgs/cmake/pendulum2_msgs__rosidl_typesupport_cppExport-release.cmake
-- Installing: /ros2_ws/install/pendulum2_msgs/share/pendulum2_msgs/cmake/export_pendulum2_msgs__rosidl_generator_pyExport.cmake
-- Installing: /ros2_ws/install/pendulum2_msgs/share/pendulum2_msgs/cmake/export_pendulum2_msgs__rosidl_generator_pyExport-release.cmake
