[0.052s] Invoking command in '/ros2_ws/build/pendulum2_msgs': CMAKE_PREFIX_PATH=/opt/ros/humble /usr/bin/cmake /ros2_ws/src/pendulum/pendulum2_msgs -DCMAKE_BUILD_TYPE=Release -DAMENT_CMAKE_SYMLINK_INSTALL=1 -DCMAKE_INSTALL_PREFIX=/ros2_ws/install/pendulum2_msgs
[0.415s] -- The C compiler identification is GNU 11.4.0
[0.582s] -- The CXX compiler identification is GNU 11.4.0
[0.598s] -- Detecting C compiler ABI info
[0.751s] -- Detecting C compiler ABI info - done
[0.772s] -- Check for working C compiler: /usr/bin/cc - skipped
[0.773s] -- Detecting C compile features
[0.774s] -- Detecting C compile features - done
[0.782s] -- Detecting CXX compiler ABI info
[0.961s] -- Detecting CXX compiler ABI info - done
[0.983s] -- Check for working CXX compiler: /usr/bin/c++ - skipped
[0.984s] -- Detecting CXX compile features
[0.986s] -- Detecting CXX compile features - done
[0.995s] -- Found ament_cmake: 1.3.12 (/opt/ros/humble/share/ament_cmake/cmake)
[1.396s] -- Found Python3: /usr/bin/python3 (found version "3.10.12") found components: Interpreter 
[1.669s] -- Override CMake install command with custom implementation using symlinks instead of copying resources
[1.780s] -- Found std_msgs: 4.9.0 (/opt/ros/humble/share/std_msgs/cmake)
[2.045s] -- Found rosidl_generator_c: 3.1.7 (/opt/ros/humble/share/rosidl_generator_c/cmake)
[2.062s] -- Found rosidl_adapter: 3.1.7 (/opt/ros/humble/share/rosidl_adapter/cmake)
[2.083s] -- Found rosidl_generator_cpp: 3.1.7 (/opt/ros/humble/share/rosidl_generator_cpp/cmake)
[2.113s] -- Using all available rosidl_typesupport_c: rosidl_typesupport_fastrtps_c;rosidl_typesupport_introspection_c
[2.154s] -- Using all available rosidl_typesupport_cpp: rosidl_typesupport_fastrtps_cpp;rosidl_typesupport_introspection_cpp
[2.226s] -- Found rosidl_default_generators: 1.2.0 (/opt/ros/humble/share/rosidl_default_generators/cmake)
[2.834s] -- Found ament_cmake_ros: 0.10.0 (/opt/ros/humble/share/ament_cmake_ros/cmake)
[3.608s] -- Using all available rosidl_typesupport_c: rosidl_typesupport_fastrtps_c;rosidl_typesupport_introspection_c
[3.926s] -- Using all available rosidl_typesupport_cpp: rosidl_typesupport_fastrtps_cpp;rosidl_typesupport_introspection_cpp
[4.031s] -- Found PythonInterp: /usr/bin/python3 (found suitable version "3.10.12", minimum required is "3.6") 
[4.038s] -- Found python_cmake_module: 0.10.0 (/opt/ros/humble/share/python_cmake_module/cmake)
[4.136s] -- Found PythonLibs: /usr/lib/x86_64-linux-gnu/libpython3.10.so (found suitable version "3.10.12", minimum required is "3.5") 
[4.149s] -- Using PYTHON_EXECUTABLE: /usr/bin/python3
[4.149s] -- Using PYTHON_INCLUDE_DIRS: /usr/include/python3.10
[4.149s] -- Using PYTHON_LIBRARIES: /usr/lib/x86_64-linux-gnu/libpython3.10.so
[4.244s] -- Found PythonExtra: .so  
[4.480s] -- Configuring done
[4.632s] -- Generating done
[4.681s] -- Build files have been written to: /ros2_ws/build/pendulum2_msgs
[4.715s] Invoked command in '/ros2_ws/build/pendulum2_msgs' returned '0': CMAKE_PREFIX_PATH=/opt/ros/humble /usr/bin/cmake /ros2_ws/src/pendulum/pendulum2_msgs -DCMAKE_BUILD_TYPE=Release -DAMENT_CMAKE_SYMLINK_INSTALL=1 -DCMAKE_INSTALL_PREFIX=/ros2_ws/install/pendulum2_msgs
[4.715s] Invoking command in '/ros2_ws/build/pendulum2_msgs': CMAKE_PREFIX_PATH=/opt/ros/humble /usr/bin/cmake --build /ros2_ws/build/pendulum2_msgs -- -j8 -l8
[5.173s] [  1%] [34m[1mGenerating C++ code for ROS interfaces[0m
[5.174s] [  3%] [34m[1mGenerating C code for ROS interfaces[0m
[5.174s] [  3%] Built target ament_cmake_python_symlink_pendulum2_msgs
[6.506s] running egg_info
[6.517s] creating pendulum2_msgs.egg-info
[6.517s] writing pendulum2_msgs.egg-info/PKG-INFO
[6.518s] writing dependency_links to pendulum2_msgs.egg-info/dependency_links.txt
[6.519s] writing top-level names to pendulum2_msgs.egg-info/top_level.txt
[6.519s] writing manifest file 'pendulum2_msgs.egg-info/SOURCES.txt'
[6.529s] reading manifest file 'pendulum2_msgs.egg-info/SOURCES.txt'
[6.541s] writing manifest file 'pendulum2_msgs.egg-info/SOURCES.txt'
[6.672s] [  3%] Built target ament_cmake_python_build_pendulum2_msgs_egg
[7.685s] [  5%] [32mBuilding C object CMakeFiles/pendulum2_msgs__rosidl_generator_c.dir/rosidl_generator_c/pendulum2_msgs/msg/detail/joint_command__functions.c.o[0m
[7.708s] [  7%] [32mBuilding C object CMakeFiles/pendulum2_msgs__rosidl_generator_c.dir/rosidl_generator_c/pendulum2_msgs/msg/detail/joint_state__functions.c.o[0m
[7.717s] [  9%] [32mBuilding C object CMakeFiles/pendulum2_msgs__rosidl_generator_c.dir/rosidl_generator_c/pendulum2_msgs/msg/detail/joint_command_stamped__functions.c.o[0m
[7.719s] [ 10%] [32mBuilding C object CMakeFiles/pendulum2_msgs__rosidl_generator_c.dir/rosidl_generator_c/pendulum2_msgs/msg/detail/pendulum_teleop__functions.c.o[0m
[8.369s] [ 10%] Built target pendulum2_msgs__cpp
[8.430s] [ 12%] [32m[1mLinking C shared library libpendulum2_msgs__rosidl_generator_c.so[0m
[8.460s] [ 14%] [34m[1mGenerating C++ type support for eProsima Fast-RTPS[0m
[8.479s] [ 16%] [34m[1mGenerating C++ type support dispatch for ROS interfaces[0m
[8.531s] [ 18%] [34m[1mGenerating C++ introspection for ROS interfaces[0m
[8.724s] [ 18%] Built target pendulum2_msgs__rosidl_generator_c
[8.801s] [ 20%] [34m[1mGenerating C type support for eProsima Fast-RTPS[0m
[8.836s] [ 21%] [34m[1mGenerating C type support dispatch for ROS interfaces[0m
[8.841s] [ 23%] [34m[1mGenerating C introspection for ROS interfaces[0m
[9.909s] [ 25%] [32mBuilding CXX object CMakeFiles/pendulum2_msgs__rosidl_typesupport_c.dir/rosidl_typesupport_c/pendulum2_msgs/msg/joint_state__type_support.cpp.o[0m
[9.963s] [ 27%] [32mBuilding CXX object CMakeFiles/pendulum2_msgs__rosidl_typesupport_c.dir/rosidl_typesupport_c/pendulum2_msgs/msg/joint_command__type_support.cpp.o[0m
[9.989s] [ 29%] [32mBuilding CXX object CMakeFiles/pendulum2_msgs__rosidl_typesupport_c.dir/rosidl_typesupport_c/pendulum2_msgs/msg/joint_command_stamped__type_support.cpp.o[0m
[10.198s] [ 30%] [32mBuilding CXX object CMakeFiles/pendulum2_msgs__rosidl_typesupport_c.dir/rosidl_typesupport_c/pendulum2_msgs/msg/pendulum_teleop__type_support.cpp.o[0m
[10.477s] [ 32%] [32m[1mLinking CXX shared library libpendulum2_msgs__rosidl_typesupport_c.so[0m
[10.752s] [ 32%] Built target pendulum2_msgs__rosidl_typesupport_c
[10.794s] [ 34%] [32mBuilding CXX object CMakeFiles/pendulum2_msgs__rosidl_typesupport_introspection_cpp.dir/rosidl_typesupport_introspection_cpp/pendulum2_msgs/msg/detail/joint_state__type_support.cpp.o[0m
[10.820s] [ 36%] [32mBuilding CXX object CMakeFiles/pendulum2_msgs__rosidl_typesupport_introspection_cpp.dir/rosidl_typesupport_introspection_cpp/pendulum2_msgs/msg/detail/joint_command_stamped__type_support.cpp.o[0m
[10.841s] [ 38%] [32mBuilding CXX object CMakeFiles/pendulum2_msgs__rosidl_typesupport_introspection_cpp.dir/rosidl_typesupport_introspection_cpp/pendulum2_msgs/msg/detail/joint_command__type_support.cpp.o[0m
[10.954s] [ 40%] [32mBuilding CXX object CMakeFiles/pendulum2_msgs__rosidl_typesupport_introspection_cpp.dir/rosidl_typesupport_introspection_cpp/pendulum2_msgs/msg/detail/pendulum_teleop__type_support.cpp.o[0m
[11.141s] [ 41%] [32mBuilding CXX object CMakeFiles/pendulum2_msgs__rosidl_typesupport_cpp.dir/rosidl_typesupport_cpp/pendulum2_msgs/msg/joint_state__type_support.cpp.o[0m
[11.540s] [ 43%] [32mBuilding C object CMakeFiles/pendulum2_msgs__rosidl_typesupport_introspection_c.dir/rosidl_typesupport_introspection_c/pendulum2_msgs/msg/detail/joint_state__type_support.c.o[0m
[11.665s] [ 45%] [32mBuilding CXX object CMakeFiles/pendulum2_msgs__rosidl_typesupport_fastrtps_c.dir/rosidl_typesupport_fastrtps_c/pendulum2_msgs/msg/detail/joint_state__type_support_c.cpp.o[0m
[11.930s] [ 47%] [32mBuilding C object CMakeFiles/pendulum2_msgs__rosidl_typesupport_introspection_c.dir/rosidl_typesupport_introspection_c/pendulum2_msgs/msg/detail/joint_command__type_support.c.o[0m
[12.214s] [ 49%] [32mBuilding CXX object CMakeFiles/pendulum2_msgs__rosidl_typesupport_fastrtps_cpp.dir/rosidl_typesupport_fastrtps_cpp/pendulum2_msgs/msg/detail/dds_fastrtps/joint_state__type_support.cpp.o[0m
[12.349s] [ 50%] [32mBuilding C object CMakeFiles/pendulum2_msgs__rosidl_typesupport_introspection_c.dir/rosidl_typesupport_introspection_c/pendulum2_msgs/msg/detail/joint_command_stamped__type_support.c.o[0m
[12.693s] [ 52%] [32mBuilding C object CMakeFiles/pendulum2_msgs__rosidl_typesupport_introspection_c.dir/rosidl_typesupport_introspection_c/pendulum2_msgs/msg/detail/pendulum_teleop__type_support.c.o[0m
[13.173s] [ 54%] [32m[1mLinking C shared library libpendulum2_msgs__rosidl_typesupport_introspection_c.so[0m
[13.481s] [ 56%] [32mBuilding CXX object CMakeFiles/pendulum2_msgs__rosidl_typesupport_cpp.dir/rosidl_typesupport_cpp/pendulum2_msgs/msg/joint_command__type_support.cpp.o[0m
[13.516s] [ 56%] Built target pendulum2_msgs__rosidl_typesupport_introspection_c
[13.544s] [ 58%] [32mBuilding CXX object CMakeFiles/pendulum2_msgs__rosidl_typesupport_cpp.dir/rosidl_typesupport_cpp/pendulum2_msgs/msg/joint_command_stamped__type_support.cpp.o[0m
[13.575s] [ 60%] [32mBuilding CXX object CMakeFiles/pendulum2_msgs__rosidl_typesupport_cpp.dir/rosidl_typesupport_cpp/pendulum2_msgs/msg/pendulum_teleop__type_support.cpp.o[0m
[13.696s] [ 61%] [32mBuilding CXX object CMakeFiles/pendulum2_msgs__rosidl_typesupport_fastrtps_cpp.dir/rosidl_typesupport_fastrtps_cpp/pendulum2_msgs/msg/detail/dds_fastrtps/joint_command__type_support.cpp.o[0m
[14.673s] [ 63%] [32mBuilding CXX object CMakeFiles/pendulum2_msgs__rosidl_typesupport_fastrtps_cpp.dir/rosidl_typesupport_fastrtps_cpp/pendulum2_msgs/msg/detail/dds_fastrtps/joint_command_stamped__type_support.cpp.o[0m
[14.921s] [ 65%] [32m[1mLinking CXX shared library libpendulum2_msgs__rosidl_typesupport_introspection_cpp.so[0m
[15.009s] [ 67%] [32mBuilding CXX object CMakeFiles/pendulum2_msgs__rosidl_typesupport_fastrtps_c.dir/rosidl_typesupport_fastrtps_c/pendulum2_msgs/msg/detail/joint_command__type_support_c.cpp.o[0m
[15.461s] [ 67%] Built target pendulum2_msgs__rosidl_typesupport_introspection_cpp
[15.509s] [ 69%] [32mBuilding CXX object CMakeFiles/pendulum2_msgs__rosidl_typesupport_fastrtps_c.dir/rosidl_typesupport_fastrtps_c/pendulum2_msgs/msg/detail/joint_command_stamped__type_support_c.cpp.o[0m
[15.530s] [ 70%] [32mBuilding CXX object CMakeFiles/pendulum2_msgs__rosidl_typesupport_fastrtps_cpp.dir/rosidl_typesupport_fastrtps_cpp/pendulum2_msgs/msg/detail/dds_fastrtps/pendulum_teleop__type_support.cpp.o[0m
[15.960s] [ 72%] [32mBuilding CXX object CMakeFiles/pendulum2_msgs__rosidl_typesupport_fastrtps_c.dir/rosidl_typesupport_fastrtps_c/pendulum2_msgs/msg/detail/pendulum_teleop__type_support_c.cpp.o[0m
[16.075s] [ 74%] [32m[1mLinking CXX shared library libpendulum2_msgs__rosidl_typesupport_cpp.so[0m
[16.413s] [ 74%] Built target pendulum2_msgs__rosidl_typesupport_cpp
[18.177s] [ 76%] [32m[1mLinking CXX shared library libpendulum2_msgs__rosidl_typesupport_fastrtps_c.so[0m
[18.662s] [ 78%] [32m[1mLinking CXX shared library libpendulum2_msgs__rosidl_typesupport_fastrtps_cpp.so[0m
[18.710s] [ 78%] Built target pendulum2_msgs__rosidl_typesupport_fastrtps_c
[19.137s] [ 78%] Built target pendulum2_msgs__rosidl_typesupport_fastrtps_cpp
[19.280s] [ 78%] Built target pendulum2_msgs
[19.459s] [ 80%] [34m[1mGenerating Python code for ROS interfaces[0m
[23.747s] [ 80%] Built target pendulum2_msgs__py
[23.843s] [ 81%] [32mBuilding C object CMakeFiles/pendulum2_msgs__rosidl_generator_py.dir/rosidl_generator_py/pendulum2_msgs/msg/_joint_state_s.c.o[0m
[24.249s] [ 83%] [32mBuilding C object CMakeFiles/pendulum2_msgs__rosidl_generator_py.dir/rosidl_generator_py/pendulum2_msgs/msg/_pendulum_teleop_s.c.o[0m
[24.670s] [ 85%] [32mBuilding C object CMakeFiles/pendulum2_msgs__rosidl_generator_py.dir/rosidl_generator_py/pendulum2_msgs/msg/_joint_command_stamped_s.c.o[0m
[25.070s] [ 87%] [32mBuilding C object CMakeFiles/pendulum2_msgs__rosidl_generator_py.dir/rosidl_generator_py/pendulum2_msgs/msg/_joint_command_s.c.o[0m
[25.413s] [ 89%] [32m[1mLinking C shared library rosidl_generator_py/pendulum2_msgs/libpendulum2_msgs__rosidl_generator_py.so[0m
[25.580s] [ 89%] Built target pendulum2_msgs__rosidl_generator_py
[25.626s] [ 90%] [32mBuilding C object CMakeFiles/pendulum2_msgs__rosidl_typesupport_fastrtps_c__pyext.dir/rosidl_generator_py/pendulum2_msgs/_pendulum2_msgs_s.ep.rosidl_typesupport_fastrtps_c.c.o[0m
[26.132s] [ 92%] [32m[1mLinking C shared library rosidl_generator_py/pendulum2_msgs/pendulum2_msgs_s__rosidl_typesupport_fastrtps_c.cpython-310-x86_64-linux-gnu.so[0m
[26.259s] [ 92%] Built target pendulum2_msgs__rosidl_typesupport_fastrtps_c__pyext
[26.300s] [ 94%] [32mBuilding C object CMakeFiles/pendulum2_msgs__rosidl_typesupport_c__pyext.dir/rosidl_generator_py/pendulum2_msgs/_pendulum2_msgs_s.ep.rosidl_typesupport_c.c.o[0m
[26.723s] [ 96%] [32m[1mLinking C shared library rosidl_generator_py/pendulum2_msgs/pendulum2_msgs_s__rosidl_typesupport_c.cpython-310-x86_64-linux-gnu.so[0m
[26.800s] [ 96%] Built target pendulum2_msgs__rosidl_typesupport_c__pyext
[26.834s] [ 98%] [32mBuilding C object CMakeFiles/pendulum2_msgs__rosidl_typesupport_introspection_c__pyext.dir/rosidl_generator_py/pendulum2_msgs/_pendulum2_msgs_s.ep.rosidl_typesupport_introspection_c.c.o[0m
[27.209s] [100%] [32m[1mLinking C shared library rosidl_generator_py/pendulum2_msgs/pendulum2_msgs_s__rosidl_typesupport_introspection_c.cpython-310-x86_64-linux-gnu.so[0m
[27.327s] [100%] Built target pendulum2_msgs__rosidl_typesupport_introspection_c__pyext
[27.384s] Invoked command in '/ros2_ws/build/pendulum2_msgs' returned '0': CMAKE_PREFIX_PATH=/opt/ros/humble /usr/bin/cmake --build /ros2_ws/build/pendulum2_msgs -- -j8 -l8
[27.394s] Invoking command in '/ros2_ws/build/pendulum2_msgs': CMAKE_PREFIX_PATH=/opt/ros/humble /usr/bin/cmake --install /ros2_ws/build/pendulum2_msgs
[29.153s] -- Install configuration: "Release"
[29.153s] -- Execute custom install script
[29.154s] -- Symlinking: /ros2_ws/install/pendulum2_msgs/share/ament_index/resource_index/rosidl_interfaces/pendulum2_msgs
[29.154s] -- Symlinking: /ros2_ws/install/pendulum2_msgs/include/pendulum2_msgs/pendulum2_msgs/msg/detail/joint_command__functions.h
[29.154s] -- Symlinking: /ros2_ws/install/pendulum2_msgs/include/pendulum2_msgs/pendulum2_msgs/msg/detail/joint_command__struct.h
[29.154s] -- Symlinking: /ros2_ws/install/pendulum2_msgs/include/pendulum2_msgs/pendulum2_msgs/msg/detail/joint_command__type_support.h
[29.154s] -- Symlinking: /ros2_ws/install/pendulum2_msgs/include/pendulum2_msgs/pendulum2_msgs/msg/detail/joint_command_stamped__functions.h
[29.154s] -- Symlinking: /ros2_ws/install/pendulum2_msgs/include/pendulum2_msgs/pendulum2_msgs/msg/detail/joint_command_stamped__struct.h
[29.154s] -- Symlinking: /ros2_ws/install/pendulum2_msgs/include/pendulum2_msgs/pendulum2_msgs/msg/detail/joint_command_stamped__type_support.h
[29.155s] -- Symlinking: /ros2_ws/install/pendulum2_msgs/include/pendulum2_msgs/pendulum2_msgs/msg/detail/joint_state__functions.h
[29.155s] -- Symlinking: /ros2_ws/install/pendulum2_msgs/include/pendulum2_msgs/pendulum2_msgs/msg/detail/joint_state__struct.h
[29.155s] -- Symlinking: /ros2_ws/install/pendulum2_msgs/include/pendulum2_msgs/pendulum2_msgs/msg/detail/joint_state__type_support.h
[29.155s] -- Symlinking: /ros2_ws/install/pendulum2_msgs/include/pendulum2_msgs/pendulum2_msgs/msg/detail/pendulum_teleop__functions.h
[29.155s] -- Symlinking: /ros2_ws/install/pendulum2_msgs/include/pendulum2_msgs/pendulum2_msgs/msg/detail/pendulum_teleop__struct.h
[29.155s] -- Symlinking: /ros2_ws/install/pendulum2_msgs/include/pendulum2_msgs/pendulum2_msgs/msg/detail/pendulum_teleop__type_support.h
[29.155s] -- Symlinking: /ros2_ws/install/pendulum2_msgs/include/pendulum2_msgs/pendulum2_msgs/msg/joint_command.h
[29.156s] -- Symlinking: /ros2_ws/install/pendulum2_msgs/include/pendulum2_msgs/pendulum2_msgs/msg/joint_command_stamped.h
[29.156s] -- Symlinking: /ros2_ws/install/pendulum2_msgs/include/pendulum2_msgs/pendulum2_msgs/msg/joint_state.h
[29.156s] -- Symlinking: /ros2_ws/install/pendulum2_msgs/include/pendulum2_msgs/pendulum2_msgs/msg/pendulum_teleop.h
[29.156s] -- Symlinking: /ros2_ws/install/pendulum2_msgs/include/pendulum2_msgs/pendulum2_msgs/msg/rosidl_generator_c__visibility_control.h
[29.156s] -- Symlinking: /ros2_ws/install/pendulum2_msgs/share/pendulum2_msgs/environment/library_path.sh
[29.156s] -- Symlinking: /ros2_ws/install/pendulum2_msgs/share/pendulum2_msgs/environment/library_path.dsv
[29.156s] -- Symlinking: /ros2_ws/install/pendulum2_msgs/include/pendulum2_msgs/pendulum2_msgs/msg/detail/joint_command__rosidl_typesupport_fastrtps_c.h
[29.157s] -- Symlinking: /ros2_ws/install/pendulum2_msgs/include/pendulum2_msgs/pendulum2_msgs/msg/detail/joint_command_stamped__rosidl_typesupport_fastrtps_c.h
[29.157s] -- Symlinking: /ros2_ws/install/pendulum2_msgs/include/pendulum2_msgs/pendulum2_msgs/msg/detail/joint_state__rosidl_typesupport_fastrtps_c.h
[29.157s] -- Symlinking: /ros2_ws/install/pendulum2_msgs/include/pendulum2_msgs/pendulum2_msgs/msg/detail/pendulum_teleop__rosidl_typesupport_fastrtps_c.h
[29.157s] -- Symlinking: /ros2_ws/install/pendulum2_msgs/include/pendulum2_msgs/pendulum2_msgs/msg/rosidl_typesupport_fastrtps_c__visibility_control.h
[29.157s] -- Symlinking: /ros2_ws/install/pendulum2_msgs/include/pendulum2_msgs/pendulum2_msgs/msg/detail/joint_command__builder.hpp
[29.157s] -- Symlinking: /ros2_ws/install/pendulum2_msgs/include/pendulum2_msgs/pendulum2_msgs/msg/detail/joint_command__struct.hpp
[29.157s] -- Symlinking: /ros2_ws/install/pendulum2_msgs/include/pendulum2_msgs/pendulum2_msgs/msg/detail/joint_command__traits.hpp
[29.158s] -- Symlinking: /ros2_ws/install/pendulum2_msgs/include/pendulum2_msgs/pendulum2_msgs/msg/detail/joint_command__type_support.hpp
[29.158s] -- Symlinking: /ros2_ws/install/pendulum2_msgs/include/pendulum2_msgs/pendulum2_msgs/msg/detail/joint_command_stamped__builder.hpp
[29.158s] -- Symlinking: /ros2_ws/install/pendulum2_msgs/include/pendulum2_msgs/pendulum2_msgs/msg/detail/joint_command_stamped__struct.hpp
[29.158s] -- Symlinking: /ros2_ws/install/pendulum2_msgs/include/pendulum2_msgs/pendulum2_msgs/msg/detail/joint_command_stamped__traits.hpp
[29.210s] -- Symlinking: /ros2_ws/install/pendulum2_msgs/include/pendulum2_msgs/pendulum2_msgs/msg/detail/joint_command_stamped__type_support.hpp
[29.211s] -- Symlinking: /ros2_ws/install/pendulum2_msgs/include/pendulum2_msgs/pendulum2_msgs/msg/detail/joint_state__builder.hpp
[29.211s] -- Symlinking: /ros2_ws/install/pendulum2_msgs/include/pendulum2_msgs/pendulum2_msgs/msg/detail/joint_state__struct.hpp
[29.211s] -- Symlinking: /ros2_ws/install/pendulum2_msgs/include/pendulum2_msgs/pendulum2_msgs/msg/detail/joint_state__traits.hpp
[29.211s] -- Symlinking: /ros2_ws/install/pendulum2_msgs/include/pendulum2_msgs/pendulum2_msgs/msg/detail/joint_state__type_support.hpp
[29.211s] -- Symlinking: /ros2_ws/install/pendulum2_msgs/include/pendulum2_msgs/pendulum2_msgs/msg/detail/pendulum_teleop__builder.hpp
[29.211s] -- Symlinking: /ros2_ws/install/pendulum2_msgs/include/pendulum2_msgs/pendulum2_msgs/msg/detail/pendulum_teleop__struct.hpp
[29.211s] -- Symlinking: /ros2_ws/install/pendulum2_msgs/include/pendulum2_msgs/pendulum2_msgs/msg/detail/pendulum_teleop__traits.hpp
[29.212s] -- Symlinking: /ros2_ws/install/pendulum2_msgs/include/pendulum2_msgs/pendulum2_msgs/msg/detail/pendulum_teleop__type_support.hpp
[29.212s] -- Symlinking: /ros2_ws/install/pendulum2_msgs/include/pendulum2_msgs/pendulum2_msgs/msg/joint_command.hpp
[29.212s] -- Symlinking: /ros2_ws/install/pendulum2_msgs/include/pendulum2_msgs/pendulum2_msgs/msg/joint_command_stamped.hpp
[29.212s] -- Symlinking: /ros2_ws/install/pendulum2_msgs/include/pendulum2_msgs/pendulum2_msgs/msg/joint_state.hpp
[29.212s] -- Symlinking: /ros2_ws/install/pendulum2_msgs/include/pendulum2_msgs/pendulum2_msgs/msg/pendulum_teleop.hpp
[29.212s] -- Symlinking: /ros2_ws/install/pendulum2_msgs/include/pendulum2_msgs/pendulum2_msgs/msg/rosidl_generator_cpp__visibility_control.hpp
[29.212s] -- Symlinking: /ros2_ws/install/pendulum2_msgs/include/pendulum2_msgs/pendulum2_msgs/msg/detail/joint_command__rosidl_typesupport_fastrtps_cpp.hpp
[29.213s] -- Symlinking: /ros2_ws/install/pendulum2_msgs/include/pendulum2_msgs/pendulum2_msgs/msg/detail/joint_command_stamped__rosidl_typesupport_fastrtps_cpp.hpp
[29.213s] -- Symlinking: /ros2_ws/install/pendulum2_msgs/include/pendulum2_msgs/pendulum2_msgs/msg/detail/joint_state__rosidl_typesupport_fastrtps_cpp.hpp
[29.213s] -- Symlinking: /ros2_ws/install/pendulum2_msgs/include/pendulum2_msgs/pendulum2_msgs/msg/detail/pendulum_teleop__rosidl_typesupport_fastrtps_cpp.hpp
[29.213s] -- Symlinking: /ros2_ws/install/pendulum2_msgs/include/pendulum2_msgs/pendulum2_msgs/msg/rosidl_typesupport_fastrtps_cpp__visibility_control.h
[29.213s] -- Symlinking: /ros2_ws/install/pendulum2_msgs/include/pendulum2_msgs/pendulum2_msgs/msg/detail/joint_command__rosidl_typesupport_introspection_c.h
[29.213s] -- Symlinking: /ros2_ws/install/pendulum2_msgs/include/pendulum2_msgs/pendulum2_msgs/msg/detail/joint_command_stamped__rosidl_typesupport_introspection_c.h
[29.214s] -- Symlinking: /ros2_ws/install/pendulum2_msgs/include/pendulum2_msgs/pendulum2_msgs/msg/detail/joint_state__rosidl_typesupport_introspection_c.h
[29.214s] -- Symlinking: /ros2_ws/install/pendulum2_msgs/include/pendulum2_msgs/pendulum2_msgs/msg/detail/pendulum_teleop__rosidl_typesupport_introspection_c.h
[29.214s] -- Symlinking: /ros2_ws/install/pendulum2_msgs/include/pendulum2_msgs/pendulum2_msgs/msg/rosidl_typesupport_introspection_c__visibility_control.h
[29.214s] -- Symlinking: /ros2_ws/install/pendulum2_msgs/include/pendulum2_msgs/pendulum2_msgs/msg/detail/joint_command__rosidl_typesupport_introspection_cpp.hpp
[29.214s] -- Symlinking: /ros2_ws/install/pendulum2_msgs/include/pendulum2_msgs/pendulum2_msgs/msg/detail/joint_command_stamped__rosidl_typesupport_introspection_cpp.hpp
[29.214s] -- Symlinking: /ros2_ws/install/pendulum2_msgs/include/pendulum2_msgs/pendulum2_msgs/msg/detail/joint_state__rosidl_typesupport_introspection_cpp.hpp
[29.214s] -- Symlinking: /ros2_ws/install/pendulum2_msgs/include/pendulum2_msgs/pendulum2_msgs/msg/detail/pendulum_teleop__rosidl_typesupport_introspection_cpp.hpp
[29.215s] -- Symlinking: /ros2_ws/install/pendulum2_msgs/share/pendulum2_msgs/environment/pythonpath.sh
[29.215s] -- Symlinking: /ros2_ws/install/pendulum2_msgs/share/pendulum2_msgs/environment/pythonpath.dsv
[29.215s] -- Symlinking: /ros2_ws/install/pendulum2_msgs/local/lib/python3.10/dist-packages/pendulum2_msgs-0.0.1-py3.10.egg-info/PKG-INFO
[29.215s] -- Symlinking: /ros2_ws/install/pendulum2_msgs/local/lib/python3.10/dist-packages/pendulum2_msgs-0.0.1-py3.10.egg-info/SOURCES.txt
[29.215s] -- Symlinking: /ros2_ws/install/pendulum2_msgs/local/lib/python3.10/dist-packages/pendulum2_msgs-0.0.1-py3.10.egg-info/dependency_links.txt
[29.215s] -- Symlinking: /ros2_ws/install/pendulum2_msgs/local/lib/python3.10/dist-packages/pendulum2_msgs-0.0.1-py3.10.egg-info/top_level.txt
[29.216s] -- Symlinking: /ros2_ws/install/pendulum2_msgs/local/lib/python3.10/dist-packages/pendulum2_msgs/__init__.py
[29.216s] -- Symlinking: /ros2_ws/install/pendulum2_msgs/local/lib/python3.10/dist-packages/pendulum2_msgs/_pendulum2_msgs_s.ep.rosidl_typesupport_c.c
[29.216s] -- Symlinking: /ros2_ws/install/pendulum2_msgs/local/lib/python3.10/dist-packages/pendulum2_msgs/_pendulum2_msgs_s.ep.rosidl_typesupport_fastrtps_c.c
[29.216s] -- Symlinking: /ros2_ws/install/pendulum2_msgs/local/lib/python3.10/dist-packages/pendulum2_msgs/_pendulum2_msgs_s.ep.rosidl_typesupport_introspection_c.c
[29.216s] -- Symlinking: /ros2_ws/install/pendulum2_msgs/local/lib/python3.10/dist-packages/pendulum2_msgs/libpendulum2_msgs__rosidl_generator_py.so
[29.216s] -- Symlinking: /ros2_ws/install/pendulum2_msgs/local/lib/python3.10/dist-packages/pendulum2_msgs/msg/__init__.py
[29.216s] -- Symlinking: /ros2_ws/install/pendulum2_msgs/local/lib/python3.10/dist-packages/pendulum2_msgs/msg/_joint_command.py
[29.217s] -- Symlinking: /ros2_ws/install/pendulum2_msgs/local/lib/python3.10/dist-packages/pendulum2_msgs/msg/_joint_command_s.c
[29.232s] -- Symlinking: /ros2_ws/install/pendulum2_msgs/local/lib/python3.10/dist-packages/pendulum2_msgs/msg/_joint_command_stamped.py
[29.232s] -- Symlinking: /ros2_ws/install/pendulum2_msgs/local/lib/python3.10/dist-packages/pendulum2_msgs/msg/_joint_command_stamped_s.c
[29.244s] -- Symlinking: /ros2_ws/install/pendulum2_msgs/local/lib/python3.10/dist-packages/pendulum2_msgs/msg/_joint_state.py
[29.244s] -- Symlinking: /ros2_ws/install/pendulum2_msgs/local/lib/python3.10/dist-packages/pendulum2_msgs/msg/_joint_state_s.c
[29.245s] -- Symlinking: /ros2_ws/install/pendulum2_msgs/local/lib/python3.10/dist-packages/pendulum2_msgs/msg/_pendulum_teleop.py
[29.245s] -- Symlinking: /ros2_ws/install/pendulum2_msgs/local/lib/python3.10/dist-packages/pendulum2_msgs/msg/_pendulum_teleop_s.c
[29.245s] -- Symlinking: /ros2_ws/install/pendulum2_msgs/local/lib/python3.10/dist-packages/pendulum2_msgs/pendulum2_msgs_s__rosidl_typesupport_c.cpython-310-x86_64-linux-gnu.so
[29.245s] -- Symlinking: /ros2_ws/install/pendulum2_msgs/local/lib/python3.10/dist-packages/pendulum2_msgs/pendulum2_msgs_s__rosidl_typesupport_fastrtps_c.cpython-310-x86_64-linux-gnu.so
[29.245s] -- Symlinking: /ros2_ws/install/pendulum2_msgs/local/lib/python3.10/dist-packages/pendulum2_msgs/pendulum2_msgs_s__rosidl_typesupport_introspection_c.cpython-310-x86_64-linux-gnu.so
[29.245s] -- Up-to-date symlink: /ros2_ws/install/pendulum2_msgs/local/lib/python3.10/dist-packages/pendulum2_msgs/pendulum2_msgs_s__rosidl_typesupport_fastrtps_c.cpython-310-x86_64-linux-gnu.so
[29.245s] -- Up-to-date symlink: /ros2_ws/install/pendulum2_msgs/local/lib/python3.10/dist-packages/pendulum2_msgs/pendulum2_msgs_s__rosidl_typesupport_introspection_c.cpython-310-x86_64-linux-gnu.so
[29.246s] -- Up-to-date symlink: /ros2_ws/install/pendulum2_msgs/local/lib/python3.10/dist-packages/pendulum2_msgs/pendulum2_msgs_s__rosidl_typesupport_c.cpython-310-x86_64-linux-gnu.so
[29.246s] -- Symlinking: /ros2_ws/install/pendulum2_msgs/share/pendulum2_msgs/msg/JointState.idl
[29.246s] -- Symlinking: /ros2_ws/install/pendulum2_msgs/share/pendulum2_msgs/msg/JointCommand.idl
[29.246s] -- Symlinking: /ros2_ws/install/pendulum2_msgs/share/pendulum2_msgs/msg/JointCommandStamped.idl
[29.246s] -- Symlinking: /ros2_ws/install/pendulum2_msgs/share/pendulum2_msgs/msg/PendulumTeleop.idl
[29.246s] -- Symlinking: /ros2_ws/install/pendulum2_msgs/share/pendulum2_msgs/msg/JointState.msg
[29.246s] -- Symlinking: /ros2_ws/install/pendulum2_msgs/share/pendulum2_msgs/msg/JointCommand.msg
[29.247s] -- Symlinking: /ros2_ws/install/pendulum2_msgs/share/pendulum2_msgs/msg/JointCommandStamped.msg
[29.247s] -- Symlinking: /ros2_ws/install/pendulum2_msgs/share/pendulum2_msgs/msg/PendulumTeleop.msg
[29.247s] -- Symlinking: /ros2_ws/install/pendulum2_msgs/share/ament_index/resource_index/package_run_dependencies/pendulum2_msgs
[29.247s] -- Symlinking: /ros2_ws/install/pendulum2_msgs/share/ament_index/resource_index/parent_prefix_path/pendulum2_msgs
[29.247s] -- Symlinking: /ros2_ws/install/pendulum2_msgs/share/pendulum2_msgs/environment/ament_prefix_path.sh
[29.247s] -- Symlinking: /ros2_ws/install/pendulum2_msgs/share/pendulum2_msgs/environment/ament_prefix_path.dsv
[29.247s] -- Symlinking: /ros2_ws/install/pendulum2_msgs/share/pendulum2_msgs/environment/path.sh
[29.260s] -- Symlinking: /ros2_ws/install/pendulum2_msgs/share/pendulum2_msgs/environment/path.dsv
[29.260s] -- Symlinking: /ros2_ws/install/pendulum2_msgs/share/pendulum2_msgs/local_setup.bash
[29.260s] -- Symlinking: /ros2_ws/install/pendulum2_msgs/share/pendulum2_msgs/local_setup.sh
[29.260s] -- Symlinking: /ros2_ws/install/pendulum2_msgs/share/pendulum2_msgs/local_setup.zsh
[29.261s] -- Symlinking: /ros2_ws/install/pendulum2_msgs/share/pendulum2_msgs/local_setup.dsv
[29.261s] -- Symlinking: /ros2_ws/install/pendulum2_msgs/share/pendulum2_msgs/package.dsv
[29.261s] -- Symlinking: /ros2_ws/install/pendulum2_msgs/share/ament_index/resource_index/packages/pendulum2_msgs
[29.262s] -- Symlinking: /ros2_ws/install/pendulum2_msgs/share/pendulum2_msgs/cmake/rosidl_cmake-extras.cmake
[29.262s] -- Symlinking: /ros2_ws/install/pendulum2_msgs/share/pendulum2_msgs/cmake/ament_cmake_export_dependencies-extras.cmake
[29.265s] -- Symlinking: /ros2_ws/install/pendulum2_msgs/share/pendulum2_msgs/cmake/ament_cmake_export_include_directories-extras.cmake
[29.278s] -- Symlinking: /ros2_ws/install/pendulum2_msgs/share/pendulum2_msgs/cmake/ament_cmake_export_libraries-extras.cmake
[29.304s] -- Symlinking: /ros2_ws/install/pendulum2_msgs/share/pendulum2_msgs/cmake/ament_cmake_export_targets-extras.cmake
[29.321s] -- Symlinking: /ros2_ws/install/pendulum2_msgs/share/pendulum2_msgs/cmake/rosidl_cmake_export_typesupport_targets-extras.cmake
[29.339s] -- Symlinking: /ros2_ws/install/pendulum2_msgs/share/pendulum2_msgs/cmake/rosidl_cmake_export_typesupport_libraries-extras.cmake
[29.358s] -- Symlinking: /ros2_ws/install/pendulum2_msgs/share/pendulum2_msgs/cmake/pendulum2_msgsConfig.cmake
[29.376s] -- Symlinking: /ros2_ws/install/pendulum2_msgs/share/pendulum2_msgs/cmake/pendulum2_msgsConfig-version.cmake
[29.393s] -- Symlinking: /ros2_ws/install/pendulum2_msgs/share/pendulum2_msgs/package.xml
[29.410s] -- Installing: /ros2_ws/install/pendulum2_msgs/lib/libpendulum2_msgs__rosidl_generator_c.so
[29.411s] -- Set runtime path of "/ros2_ws/install/pendulum2_msgs/lib/libpendulum2_msgs__rosidl_generator_c.so" to ""
[29.412s] -- Installing: /ros2_ws/install/pendulum2_msgs/lib/libpendulum2_msgs__rosidl_typesupport_fastrtps_c.so
[29.414s] -- Set runtime path of "/ros2_ws/install/pendulum2_msgs/lib/libpendulum2_msgs__rosidl_typesupport_fastrtps_c.so" to ""
[29.414s] -- Installing: /ros2_ws/install/pendulum2_msgs/lib/libpendulum2_msgs__rosidl_typesupport_fastrtps_cpp.so
[29.415s] -- Set runtime path of "/ros2_ws/install/pendulum2_msgs/lib/libpendulum2_msgs__rosidl_typesupport_fastrtps_cpp.so" to ""
[29.416s] -- Installing: /ros2_ws/install/pendulum2_msgs/lib/libpendulum2_msgs__rosidl_typesupport_introspection_c.so
[29.417s] -- Set runtime path of "/ros2_ws/install/pendulum2_msgs/lib/libpendulum2_msgs__rosidl_typesupport_introspection_c.so" to ""
[29.418s] -- Installing: /ros2_ws/install/pendulum2_msgs/lib/libpendulum2_msgs__rosidl_typesupport_c.so
[29.419s] -- Set runtime path of "/ros2_ws/install/pendulum2_msgs/lib/libpendulum2_msgs__rosidl_typesupport_c.so" to ""
[29.419s] -- Installing: /ros2_ws/install/pendulum2_msgs/lib/libpendulum2_msgs__rosidl_typesupport_introspection_cpp.so
[29.421s] -- Set runtime path of "/ros2_ws/install/pendulum2_msgs/lib/libpendulum2_msgs__rosidl_typesupport_introspection_cpp.so" to ""
[29.421s] -- Installing: /ros2_ws/install/pendulum2_msgs/lib/libpendulum2_msgs__rosidl_typesupport_cpp.so
[29.422s] -- Set runtime path of "/ros2_ws/install/pendulum2_msgs/lib/libpendulum2_msgs__rosidl_typesupport_cpp.so" to ""
[29.512s] Listing '/ros2_ws/install/pendulum2_msgs/local/lib/python3.10/dist-packages/pendulum2_msgs'...
[29.512s] Compiling '/ros2_ws/install/pendulum2_msgs/local/lib/python3.10/dist-packages/pendulum2_msgs/__init__.py'...
[29.512s] Listing '/ros2_ws/install/pendulum2_msgs/local/lib/python3.10/dist-packages/pendulum2_msgs/msg'...
[29.512s] Compiling '/ros2_ws/install/pendulum2_msgs/local/lib/python3.10/dist-packages/pendulum2_msgs/msg/__init__.py'...
[29.512s] Compiling '/ros2_ws/install/pendulum2_msgs/local/lib/python3.10/dist-packages/pendulum2_msgs/msg/_joint_command.py'...
[29.512s] Compiling '/ros2_ws/install/pendulum2_msgs/local/lib/python3.10/dist-packages/pendulum2_msgs/msg/_joint_command_stamped.py'...
[29.513s] Compiling '/ros2_ws/install/pendulum2_msgs/local/lib/python3.10/dist-packages/pendulum2_msgs/msg/_joint_state.py'...
[29.513s] Compiling '/ros2_ws/install/pendulum2_msgs/local/lib/python3.10/dist-packages/pendulum2_msgs/msg/_pendulum_teleop.py'...
[29.522s] -- Installing: /ros2_ws/install/pendulum2_msgs/lib/libpendulum2_msgs__rosidl_generator_py.so
[29.522s] -- Set runtime path of "/ros2_ws/install/pendulum2_msgs/lib/libpendulum2_msgs__rosidl_generator_py.so" to ""
[29.523s] -- Installing: /ros2_ws/install/pendulum2_msgs/share/pendulum2_msgs/cmake/export_pendulum2_msgs__rosidl_generator_cExport.cmake
[29.523s] -- Installing: /ros2_ws/install/pendulum2_msgs/share/pendulum2_msgs/cmake/export_pendulum2_msgs__rosidl_generator_cExport-release.cmake
[29.523s] -- Installing: /ros2_ws/install/pendulum2_msgs/share/pendulum2_msgs/cmake/export_pendulum2_msgs__rosidl_typesupport_fastrtps_cExport.cmake
[29.524s] -- Installing: /ros2_ws/install/pendulum2_msgs/share/pendulum2_msgs/cmake/export_pendulum2_msgs__rosidl_typesupport_fastrtps_cExport-release.cmake
[29.524s] -- Installing: /ros2_ws/install/pendulum2_msgs/share/pendulum2_msgs/cmake/export_pendulum2_msgs__rosidl_generator_cppExport.cmake
[29.524s] -- Installing: /ros2_ws/install/pendulum2_msgs/share/pendulum2_msgs/cmake/export_pendulum2_msgs__rosidl_typesupport_fastrtps_cppExport.cmake
[29.524s] -- Installing: /ros2_ws/install/pendulum2_msgs/share/pendulum2_msgs/cmake/export_pendulum2_msgs__rosidl_typesupport_fastrtps_cppExport-release.cmake
[29.525s] -- Installing: /ros2_ws/install/pendulum2_msgs/share/pendulum2_msgs/cmake/pendulum2_msgs__rosidl_typesupport_introspection_cExport.cmake
[29.525s] -- Installing: /ros2_ws/install/pendulum2_msgs/share/pendulum2_msgs/cmake/pendulum2_msgs__rosidl_typesupport_introspection_cExport-release.cmake
[29.525s] -- Installing: /ros2_ws/install/pendulum2_msgs/share/pendulum2_msgs/cmake/pendulum2_msgs__rosidl_typesupport_cExport.cmake
[29.526s] -- Installing: /ros2_ws/install/pendulum2_msgs/share/pendulum2_msgs/cmake/pendulum2_msgs__rosidl_typesupport_cExport-release.cmake
[29.526s] -- Installing: /ros2_ws/install/pendulum2_msgs/share/pendulum2_msgs/cmake/pendulum2_msgs__rosidl_typesupport_introspection_cppExport.cmake
[29.526s] -- Installing: /ros2_ws/install/pendulum2_msgs/share/pendulum2_msgs/cmake/pendulum2_msgs__rosidl_typesupport_introspection_cppExport-release.cmake
[29.526s] -- Installing: /ros2_ws/install/pendulum2_msgs/share/pendulum2_msgs/cmake/pendulum2_msgs__rosidl_typesupport_cppExport.cmake
[29.527s] -- Installing: /ros2_ws/install/pendulum2_msgs/share/pendulum2_msgs/cmake/pendulum2_msgs__rosidl_typesupport_cppExport-release.cmake
[29.527s] -- Installing: /ros2_ws/install/pendulum2_msgs/share/pendulum2_msgs/cmake/export_pendulum2_msgs__rosidl_generator_pyExport.cmake
[29.527s] -- Installing: /ros2_ws/install/pendulum2_msgs/share/pendulum2_msgs/cmake/export_pendulum2_msgs__rosidl_generator_pyExport-release.cmake
[29.533s] Invoked command in '/ros2_ws/build/pendulum2_msgs' returned '0': CMAKE_PREFIX_PATH=/opt/ros/humble /usr/bin/cmake --install /ros2_ws/build/pendulum2_msgs
