[0.109s] Invoking command in '/ros2_ws/build/ros2_linkpose': AMENT_PREFIX_PATH=/ros2_ws/install/linkpose_msgs:${AMENT_PREFIX_PATH} CMAKE_PREFIX_PATH=/ros2_ws/install/linkpose_msgs:/opt/ros/humble LD_LIBRARY_PATH=/ros2_ws/install/linkpose_msgs/lib:${LD_LIBRARY_PATH} PYTHONPATH=/ros2_ws/install/linkpose_msgs/local/lib/python3.10/dist-packages:${PYTHONPATH} /usr/bin/cmake /ros2_ws/src/IFRA_LinkPose/ros2_linkpose -DCMAKE_BUILD_TYPE=Release -DAMENT_CMAKE_SYMLINK_INSTALL=1 -DCMAKE_INSTALL_PREFIX=/ros2_ws/install/ros2_linkpose
[4.156s] -- The C compiler identification is GNU 11.4.0
[4.156s] -- The CXX compiler identification is GNU 11.4.0
[4.156s] -- Detecting C compiler ABI info
[4.156s] -- Detecting C compiler ABI info - done
[4.167s] -- Check for working C compiler: /usr/bin/cc - skipped
[4.167s] -- Detecting C compile features
[4.167s] -- Detecting C compile features - done
[4.168s] -- Detecting CXX compiler ABI info
[4.168s] -- Detecting CXX compiler ABI info - done
[4.169s] -- Check for working CXX compiler: /usr/bin/c++ - skipped
[4.169s] -- Detecting CXX compile features
[4.169s] -- Detecting CXX compile features - done
[4.169s] -- Found ament_cmake: 1.3.12 (/opt/ros/humble/share/ament_cmake/cmake)
[4.169s] -- Found Python3: /usr/bin/python3 (found version "3.10.12") found components: Interpreter 
[4.169s] -- Override CMake install command with custom implementation using symlinks instead of copying resources
[4.170s] -- Found ament_lint_auto: 0.12.14 (/opt/ros/humble/share/ament_lint_auto/cmake)
[4.170s] -- Found gazebo_ros: 3.9.0 (/opt/ros/humble/share/gazebo_ros/cmake)
[4.170s] -- Found rosidl_generator_c: 3.1.7 (/opt/ros/humble/share/rosidl_generator_c/cmake)
[4.170s] -- Found rosidl_adapter: 3.1.7 (/opt/ros/humble/share/rosidl_adapter/cmake)
[4.170s] -- Found rosidl_generator_cpp: 3.1.7 (/opt/ros/humble/share/rosidl_generator_cpp/cmake)
[4.170s] -- Using all available rosidl_typesupport_c: rosidl_typesupport_fastrtps_c;rosidl_typesupport_introspection_c
[4.170s] -- Using all available rosidl_typesupport_cpp: rosidl_typesupport_fastrtps_cpp;rosidl_typesupport_introspection_cpp
[4.171s] -- Found rmw_implementation_cmake: 6.1.2 (/opt/ros/humble/share/rmw_implementation_cmake/cmake)
[4.171s] -- Found rmw_cyclonedds_cpp: 1.3.4 (/opt/ros/humble/share/rmw_cyclonedds_cpp/cmake)
[4.171s] -- Using RMW implementation 'rmw_cyclonedds_cpp' as default
[4.171s] -- Looking for pthread.h
[4.171s] -- Looking for pthread.h - found
[4.171s] -- Performing Test CMAKE_HAVE_LIBC_PTHREAD
[4.171s] -- Performing Test CMAKE_HAVE_LIBC_PTHREAD - Success
[4.171s] -- Found Threads: TRUE  
[4.172s] -- Found PkgConfig: /usr/bin/pkg-config (found version "0.29.2") 
[4.172s] -- Checking for module 'bullet>=2.82'
[4.234s] --   Found bullet, version 3.05
[4.700s] -- Found fcl: /usr/include (found suitable version "0.7.0", minimum required is "0.5.0") 
[4.940s] -- Found assimp: /usr/include (found version "5.2.0") 
[5.001s] -- Found DART: /usr/include (Required is at least version "6.6") found components: dart 
[5.113s] -- Found Boost: /usr/lib/x86_64-linux-gnu/cmake/Boost-1.74.0/BoostConfig.cmake (found suitable version "1.74.0", minimum required is "1.40.0") found components: thread system filesystem program_options regex iostreams date_time 
[5.148s] -- Found Protobuf: /usr/lib/x86_64-linux-gnu/libprotobuf.so (found version "3.12.4") 
[5.170s] -- Looking for ignition-math6 -- found version 6.15.1
[5.203s] -- Searching for dependencies of ignition-math6
[5.207s] -- Looking for OGRE...
[5.208s] -- OGRE_PREFIX_WATCH changed.
[5.221s] -- Checking for module 'OGRE'
[5.272s] --   Found OGRE, version 1.9.0
[5.427s] -- Found Ogre Ghadamon (1.9.0)
[5.470s] -- Found OGRE: optimized;/usr/lib/x86_64-linux-gnu/libOgreMain.so;debug;/usr/lib/x86_64-linux-gnu/libOgreMain.so
[5.495s] -- Looking for OGRE_Paging...
[5.516s] -- Found OGRE_Paging: optimized;/usr/lib/x86_64-linux-gnu/libOgrePaging.so;debug;/usr/lib/x86_64-linux-gnu/libOgrePaging.so
[5.516s] -- Looking for OGRE_Terrain...
[5.535s] -- Found OGRE_Terrain: optimized;/usr/lib/x86_64-linux-gnu/libOgreTerrain.so;debug;/usr/lib/x86_64-linux-gnu/libOgreTerrain.so
[5.535s] -- Looking for OGRE_Property...
[5.552s] -- Found OGRE_Property: optimized;/usr/lib/x86_64-linux-gnu/libOgreProperty.so;debug;/usr/lib/x86_64-linux-gnu/libOgreProperty.so
[5.552s] -- Looking for OGRE_RTShaderSystem...
[5.570s] -- Found OGRE_RTShaderSystem: optimized;/usr/lib/x86_64-linux-gnu/libOgreRTShaderSystem.so;debug;/usr/lib/x86_64-linux-gnu/libOgreRTShaderSystem.so
[5.570s] -- Looking for OGRE_Volume...
[5.591s] -- Found OGRE_Volume: optimized;/usr/lib/x86_64-linux-gnu/libOgreVolume.so;debug;/usr/lib/x86_64-linux-gnu/libOgreVolume.so
[5.591s] -- Looking for OGRE_Overlay...
[5.608s] -- Found OGRE_Overlay: optimized;/usr/lib/x86_64-linux-gnu/libOgreOverlay.so;debug;/usr/lib/x86_64-linux-gnu/libOgreOverlay.so
[6.011s] -- Looking for ignition-math6 -- found version 6.15.1
[6.024s] -- Looking for ignition-transport8 -- found version 8.2.1
[6.025s] -- Searching for dependencies of ignition-transport8
[6.131s] -- Found Protobuf: /usr/lib/x86_64-linux-gnu/libprotobuf.so (found suitable version "3.12.4", minimum required is "3") 
[6.190s] -- Config-file not installed for ZeroMQ -- checking for pkg-config
[6.197s] -- Checking for module 'libzmq >= 4'
[6.224s] --   Found libzmq , version 4.3.4
[6.304s] -- Found ZeroMQ: TRUE (Required is at least version "4") 
[6.326s] -- Checking for module 'uuid'
[6.352s] --   Found uuid, version 2.37.2
[6.423s] -- Found UUID: TRUE  
[6.434s] -- Looking for ignition-msgs5 -- found version 5.8.1
[6.436s] -- Searching for dependencies of ignition-msgs5
[6.502s] -- Looking for ignition-math6 -- found version 6.15.1
[6.516s] -- Checking for module 'tinyxml2'
[6.544s] --   Found tinyxml2, version 9.0.0
[6.615s] -- Looking for ignition-msgs5 -- found version 5.8.1
[6.626s] -- Looking for ignition-common3 -- found version 3.14.0
[6.628s] -- Searching for dependencies of ignition-common3
[6.630s] -- Looking for dlfcn.h - found
[6.633s] -- Looking for libdl - found
[6.637s] -- Found DL: TRUE  
[6.674s] -- Found tinyobjloader: /usr/lib/x86_64-linux-gnu/cmake/tinyobjloader/tinyobjloader-config.cmake (found version "2.0.0") 
[6.675s] -- Searching for <ignition-common3> component [graphics]
[6.685s] -- Looking for ignition-common3-graphics -- found version 3.14.0
[6.687s] -- Searching for dependencies of ignition-common3-graphics
[6.690s] -- Looking for ignition-math6 -- found version 6.15.1
[6.705s] -- Looking for ignition-fuel_tools4 -- found version 4.4.0
[6.707s] -- Searching for dependencies of ignition-fuel_tools4
[6.902s] -- Found CURL: /usr/lib/x86_64-linux-gnu/libcurl.so (found version "7.81.0")  
[6.935s] -- Checking for module 'jsoncpp'
[6.973s] --   Found jsoncpp, version 1.9.5
[7.042s] -- Found JSONCPP: TRUE  
[7.056s] -- Checking for module 'libzip'
[7.086s] --   Found libzip, version 1.7.3
[7.154s] -- Found ZIP: TRUE  
[7.156s] -- Looking for ignition-common3 -- found version 3.14.0
[7.158s] -- Looking for ignition-math6 -- found version 6.15.1
[7.160s] -- Looking for ignition-msgs5 -- found version 5.8.1
[7.176s] -- Gazebo version: 11.10
[7.178s] -- Checking for module 'tbb'
[7.224s] --   Found tbb, version 2021.5.0
[7.297s] -- Found gazebo_msgs: 3.9.0 (/opt/ros/humble/share/gazebo_msgs/cmake)
[7.495s] -- Found linkpose_msgs: 0.0.0 (/ros2_ws/install/linkpose_msgs/share/linkpose_msgs/cmake)
[7.509s] -- Added test 'copyright' to check source files copyright and LICENSE
[7.511s] -- Added test 'cppcheck' to perform static code analysis on C / C++ code
[7.514s] -- Configured cppcheck include dirs: /ros2_ws/src/IFRA_LinkPose/ros2_linkpose/include
[7.514s] -- Configured cppcheck exclude dirs and/or files: 
[7.523s] -- Added test 'cpplint' to check C / C++ code against the Google style
[7.523s] -- Configured cpplint exclude dirs and/or files: 
[7.523s] -- Added test 'flake8' to check Python code syntax and style conventions
[7.524s] -- Added test 'lint_cmake' to check CMake code style
[7.524s] -- Added test 'pep257' to check Python code against some of the docstring style conventions in PEP 257
[7.526s] -- Added test 'uncrustify' to check C / C++ code style
[7.526s] -- Configured uncrustify additional arguments: 
[7.527s] -- Added test 'xmllint' to check XML markup files
[7.532s] -- Configuring done
[7.629s] -- Generating done
[7.642s] -- Build files have been written to: /ros2_ws/build/ros2_linkpose
[7.673s] Invoked command in '/ros2_ws/build/ros2_linkpose' returned '0': AMENT_PREFIX_PATH=/ros2_ws/install/linkpose_msgs:${AMENT_PREFIX_PATH} CMAKE_PREFIX_PATH=/ros2_ws/install/linkpose_msgs:/opt/ros/humble LD_LIBRARY_PATH=/ros2_ws/install/linkpose_msgs/lib:${LD_LIBRARY_PATH} PYTHONPATH=/ros2_ws/install/linkpose_msgs/local/lib/python3.10/dist-packages:${PYTHONPATH} /usr/bin/cmake /ros2_ws/src/IFRA_LinkPose/ros2_linkpose -DCMAKE_BUILD_TYPE=Release -DAMENT_CMAKE_SYMLINK_INSTALL=1 -DCMAKE_INSTALL_PREFIX=/ros2_ws/install/ros2_linkpose
[7.674s] Invoking command in '/ros2_ws/build/ros2_linkpose': AMENT_PREFIX_PATH=/ros2_ws/install/linkpose_msgs:${AMENT_PREFIX_PATH} CMAKE_PREFIX_PATH=/ros2_ws/install/linkpose_msgs:/opt/ros/humble LD_LIBRARY_PATH=/ros2_ws/install/linkpose_msgs/lib:${LD_LIBRARY_PATH} PYTHONPATH=/ros2_ws/install/linkpose_msgs/local/lib/python3.10/dist-packages:${PYTHONPATH} /usr/bin/cmake --build /ros2_ws/build/ros2_linkpose -- -j8 -l8
[12.528s] [ 50%] [32mBuilding CXX object CMakeFiles/ros2_linkpose_plugin.dir/src/ros2_linkpose_plugin.cpp.o[0m
[43.806s] [100%] [32m[1mLinking CXX shared library libros2_linkpose_plugin.so[0m
[44.977s] [100%] Built target ros2_linkpose_plugin
[45.023s] Invoked command in '/ros2_ws/build/ros2_linkpose' returned '0': AMENT_PREFIX_PATH=/ros2_ws/install/linkpose_msgs:${AMENT_PREFIX_PATH} CMAKE_PREFIX_PATH=/ros2_ws/install/linkpose_msgs:/opt/ros/humble LD_LIBRARY_PATH=/ros2_ws/install/linkpose_msgs/lib:${LD_LIBRARY_PATH} PYTHONPATH=/ros2_ws/install/linkpose_msgs/local/lib/python3.10/dist-packages:${PYTHONPATH} /usr/bin/cmake --build /ros2_ws/build/ros2_linkpose -- -j8 -l8
[45.088s] Invoking command in '/ros2_ws/build/ros2_linkpose': AMENT_PREFIX_PATH=/ros2_ws/install/linkpose_msgs:${AMENT_PREFIX_PATH} CMAKE_PREFIX_PATH=/ros2_ws/install/linkpose_msgs:/opt/ros/humble LD_LIBRARY_PATH=/ros2_ws/install/linkpose_msgs/lib:${LD_LIBRARY_PATH} PYTHONPATH=/ros2_ws/install/linkpose_msgs/local/lib/python3.10/dist-packages:${PYTHONPATH} /usr/bin/cmake --install /ros2_ws/build/ros2_linkpose
[45.093s] -- Install configuration: "Release"
[45.093s] -- Execute custom install script
[45.100s] -- Symlinking: /ros2_ws/install/ros2_linkpose/share/ros2_linkpose/environment/library_path.sh
[45.100s] -- Symlinking: /ros2_ws/install/ros2_linkpose/share/ros2_linkpose/environment/library_path.dsv
[45.101s] -- Symlinking: /ros2_ws/install/ros2_linkpose/lib/libros2_linkpose_plugin.so
[45.101s] -- Symlinking: /ros2_ws/install/ros2_linkpose/share/ros2_linkpose/python/SpawnObject.py
[45.108s] -- Symlinking: /ros2_ws/install/ros2_linkpose/lib/ros2_linkpose/SpawnObject.py
[45.121s] -- Symlinking: /ros2_ws/install/ros2_linkpose/share/ament_index/resource_index/package_run_dependencies/ros2_linkpose
[45.149s] -- Symlinking: /ros2_ws/install/ros2_linkpose/share/ament_index/resource_index/parent_prefix_path/ros2_linkpose
[45.167s] -- Symlinking: /ros2_ws/install/ros2_linkpose/share/ros2_linkpose/environment/ament_prefix_path.sh
[45.188s] -- Symlinking: /ros2_ws/install/ros2_linkpose/share/ros2_linkpose/environment/ament_prefix_path.dsv
[45.206s] -- Symlinking: /ros2_ws/install/ros2_linkpose/share/ros2_linkpose/environment/path.sh
[45.225s] -- Symlinking: /ros2_ws/install/ros2_linkpose/share/ros2_linkpose/environment/path.dsv
[45.245s] -- Symlinking: /ros2_ws/install/ros2_linkpose/share/ros2_linkpose/local_setup.bash
[45.264s] -- Symlinking: /ros2_ws/install/ros2_linkpose/share/ros2_linkpose/local_setup.sh
[45.280s] -- Symlinking: /ros2_ws/install/ros2_linkpose/share/ros2_linkpose/local_setup.zsh
[45.299s] -- Symlinking: /ros2_ws/install/ros2_linkpose/share/ros2_linkpose/local_setup.dsv
[45.315s] -- Symlinking: /ros2_ws/install/ros2_linkpose/share/ros2_linkpose/package.dsv
[45.332s] -- Symlinking: /ros2_ws/install/ros2_linkpose/share/ament_index/resource_index/packages/ros2_linkpose
[45.351s] -- Symlinking: /ros2_ws/install/ros2_linkpose/share/ros2_linkpose/cmake/ament_cmake_export_libraries-extras.cmake
[45.370s] -- Symlinking: /ros2_ws/install/ros2_linkpose/share/ros2_linkpose/cmake/ros2_linkposeConfig.cmake
[45.388s] -- Symlinking: /ros2_ws/install/ros2_linkpose/share/ros2_linkpose/cmake/ros2_linkposeConfig-version.cmake
[45.406s] -- Symlinking: /ros2_ws/install/ros2_linkpose/share/ros2_linkpose/package.xml
[45.430s] Invoked command in '/ros2_ws/build/ros2_linkpose' returned '0': AMENT_PREFIX_PATH=/ros2_ws/install/linkpose_msgs:${AMENT_PREFIX_PATH} CMAKE_PREFIX_PATH=/ros2_ws/install/linkpose_msgs:/opt/ros/humble LD_LIBRARY_PATH=/ros2_ws/install/linkpose_msgs/lib:${LD_LIBRARY_PATH} PYTHONPATH=/ros2_ws/install/linkpose_msgs/local/lib/python3.10/dist-packages:${PYTHONPATH} /usr/bin/cmake --install /ros2_ws/build/ros2_linkpose
