[0.051s] Invoking command in '/ros2_ws/build/as2_platform_gazebo': AMENT_PREFIX_PATH=/ros2_ws/install/as2_gazebo_assets:/ros2_ws/install/as2_core:/ros2_ws/install/as2_msgs:${AMENT_PREFIX_PATH} CMAKE_PREFIX_PATH=/ros2_ws/install/as2_gazebo_assets:/ros2_ws/install/as2_core:/ros2_ws/install/as2_msgs:/opt/ros/humble GZ_SIM_RESOURCE_PATH=/ros2_ws/install/as2_gazebo_assets/share/as2_ign_gazebo_assets/worlds:/ros2_ws/install/as2_gazebo_assets/share/as2_ign_gazebo_assets/models GZ_SIM_SYSTEM_PLUGIN_PATH=/ros2_ws/install/as2_gazebo_assets/lib GZ_VERSION=@GZ_VERSION@ LD_LIBRARY_PATH=/ros2_ws/install/as2_gazebo_assets/lib:/ros2_ws/install/as2_core/lib:/ros2_ws/install/as2_msgs/lib:${LD_LIBRARY_PATH} PYTHONPATH=/ros2_ws/install/as2_gazebo_assets/local/lib/python3.10/dist-packages:/ros2_ws/install/as2_core/local/lib/python3.10/dist-packages:/ros2_ws/install/as2_msgs/local/lib/python3.10/dist-packages:${PYTHONPATH} /usr/bin/cmake /ros2_ws/src/aerostack2/as2_aerial_platforms/as2_platform_gazebo -DCMAKE_BUILD_TYPE=Release -DAMENT_CMAKE_SYMLINK_INSTALL=1 -DCMAKE_INSTALL_PREFIX=/ros2_ws/install/as2_platform_gazebo
[31.757s] -- The C compiler identification is GNU 11.4.0
[31.757s] -- The CXX compiler identification is GNU 11.4.0
[31.757s] -- Detecting C compiler ABI info
[31.758s] -- Detecting C compiler ABI info - done
[31.758s] -- Check for working C compiler: /usr/bin/cc - skipped
[31.758s] -- Detecting C compile features
[31.759s] -- Detecting C compile features - done
[31.759s] -- Detecting CXX compiler ABI info
[31.760s] -- Detecting CXX compiler ABI info - done
[31.760s] -- Check for working CXX compiler: /usr/bin/c++ - skipped
[31.775s] -- Detecting CXX compile features
[31.775s] -- Detecting CXX compile features - done
[31.775s] -- Found ament_cmake: 1.3.12 (/opt/ros/humble/share/ament_cmake/cmake)
[31.775s] -- Found Python3: /usr/bin/python3 (found version "3.10.12") found components: Interpreter 
[31.775s] -- Override CMake install command with custom implementation using symlinks instead of copying resources
[31.776s] -- Found ament_cmake_ros: 0.10.0 (/opt/ros/humble/share/ament_cmake_ros/cmake)
[31.776s] -- Found rclcpp: 16.0.16 (/opt/ros/humble/share/rclcpp/cmake)
[31.776s] -- Found rosidl_generator_c: 3.1.7 (/opt/ros/humble/share/rosidl_generator_c/cmake)
[31.776s] -- Found rosidl_adapter: 3.1.7 (/opt/ros/humble/share/rosidl_adapter/cmake)
[31.776s] -- Found rosidl_generator_cpp: 3.1.7 (/opt/ros/humble/share/rosidl_generator_cpp/cmake)
[31.776s] -- Using all available rosidl_typesupport_c: rosidl_typesupport_fastrtps_c;rosidl_typesupport_introspection_c
[31.777s] -- Using all available rosidl_typesupport_cpp: rosidl_typesupport_fastrtps_cpp;rosidl_typesupport_introspection_cpp
[31.777s] -- Found rmw_implementation_cmake: 6.1.2 (/opt/ros/humble/share/rmw_implementation_cmake/cmake)
[31.777s] -- Found rmw_cyclonedds_cpp: 1.3.4 (/opt/ros/humble/share/rmw_cyclonedds_cpp/cmake)
[31.777s] -- Using RMW implementation 'rmw_cyclonedds_cpp' as default
[31.777s] -- Looking for pthread.h
[31.778s] -- Looking for pthread.h - found
[31.778s] -- Performing Test CMAKE_HAVE_LIBC_PTHREAD
[31.778s] -- Performing Test CMAKE_HAVE_LIBC_PTHREAD - Success
[31.778s] -- Found Threads: TRUE  
[31.779s] -- Found as2_core: 1.1.3 (/ros2_ws/install/as2_core/share/as2_core/cmake)
[31.779s] -- Created yaml-cpp::yaml-cpp alias from yaml-cpp target
[31.780s] -- Created GeographicLib::GeographicLib target from legacy variables
[31.780s] -- Found eigen3_cmake_module: 0.1.1 (/opt/ros/humble/share/eigen3_cmake_module/cmake)
[31.780s] -- Found Eigen3: TRUE (found version "3.4.0") 
[31.780s] -- Ensuring Eigen3 include directory is part of orocos-kdl CMake target
[31.780s] -- Found as2_gazebo_assets: 1.1.3 (/ros2_ws/install/as2_gazebo_assets/share/as2_gazebo_assets/cmake)
[31.780s] -- Found ament_lint_auto: 0.12.14 (/opt/ros/humble/share/ament_lint_auto/cmake)
[31.781s] -- Found gtest sources under '/opt/ros/humble/src/gtest_vendor': C++ tests using 'Google Test' will be built
[31.781s] -- Added test 'copyright' to check source files copyright and LICENSE
[31.781s] -- Added test 'cppcheck' to perform static code analysis on C / C++ code
[31.781s] -- Configured cppcheck include dirs: /ros2_ws/src/aerostack2/as2_aerial_platforms/as2_platform_gazebo/include;/ros2_ws/src/aerostack2/as2_aerial_platforms/as2_platform_gazebo/include/as2_platform_gazebo
[31.781s] -- Configured cppcheck exclude dirs and/or files: 
[31.781s] -- Added test 'cpplint' to check C / C++ code against the Google style
[31.781s] -- Configured cpplint exclude dirs and/or files: 
[31.782s] -- Added test 'flake8' to check Python code syntax and style conventions
[31.782s] -- Added test 'lint_cmake' to check CMake code style
[31.782s] -- Added test 'pep257' to check Python code against some of the docstring style conventions in PEP 257
[31.782s] -- Added test 'uncrustify' to check C / C++ code style
[31.782s] -- Configured uncrustify additional arguments: 
[31.782s] -- Added test 'xmllint' to check XML markup files
[31.783s] -- Configuring done
[31.783s] -- Generating done
[31.783s] -- Build files have been written to: /ros2_ws/build/as2_platform_gazebo
[31.786s] Invoked command in '/ros2_ws/build/as2_platform_gazebo' returned '0': AMENT_PREFIX_PATH=/ros2_ws/install/as2_gazebo_assets:/ros2_ws/install/as2_core:/ros2_ws/install/as2_msgs:${AMENT_PREFIX_PATH} CMAKE_PREFIX_PATH=/ros2_ws/install/as2_gazebo_assets:/ros2_ws/install/as2_core:/ros2_ws/install/as2_msgs:/opt/ros/humble GZ_SIM_RESOURCE_PATH=/ros2_ws/install/as2_gazebo_assets/share/as2_ign_gazebo_assets/worlds:/ros2_ws/install/as2_gazebo_assets/share/as2_ign_gazebo_assets/models GZ_SIM_SYSTEM_PLUGIN_PATH=/ros2_ws/install/as2_gazebo_assets/lib GZ_VERSION=@GZ_VERSION@ LD_LIBRARY_PATH=/ros2_ws/install/as2_gazebo_assets/lib:/ros2_ws/install/as2_core/lib:/ros2_ws/install/as2_msgs/lib:${LD_LIBRARY_PATH} PYTHONPATH=/ros2_ws/install/as2_gazebo_assets/local/lib/python3.10/dist-packages:/ros2_ws/install/as2_core/local/lib/python3.10/dist-packages:/ros2_ws/install/as2_msgs/local/lib/python3.10/dist-packages:${PYTHONPATH} /usr/bin/cmake /ros2_ws/src/aerostack2/as2_aerial_platforms/as2_platform_gazebo -DCMAKE_BUILD_TYPE=Release -DAMENT_CMAKE_SYMLINK_INSTALL=1 -DCMAKE_INSTALL_PREFIX=/ros2_ws/install/as2_platform_gazebo
[31.786s] Invoking command in '/ros2_ws/build/as2_platform_gazebo': AMENT_PREFIX_PATH=/ros2_ws/install/as2_gazebo_assets:/ros2_ws/install/as2_core:/ros2_ws/install/as2_msgs:${AMENT_PREFIX_PATH} CMAKE_PREFIX_PATH=/ros2_ws/install/as2_gazebo_assets:/ros2_ws/install/as2_core:/ros2_ws/install/as2_msgs:/opt/ros/humble GZ_SIM_RESOURCE_PATH=/ros2_ws/install/as2_gazebo_assets/share/as2_ign_gazebo_assets/worlds:/ros2_ws/install/as2_gazebo_assets/share/as2_ign_gazebo_assets/models GZ_SIM_SYSTEM_PLUGIN_PATH=/ros2_ws/install/as2_gazebo_assets/lib GZ_VERSION=@GZ_VERSION@ LD_LIBRARY_PATH=/ros2_ws/install/as2_gazebo_assets/lib:/ros2_ws/install/as2_core/lib:/ros2_ws/install/as2_msgs/lib:${LD_LIBRARY_PATH} PYTHONPATH=/ros2_ws/install/as2_gazebo_assets/local/lib/python3.10/dist-packages:/ros2_ws/install/as2_core/local/lib/python3.10/dist-packages:/ros2_ws/install/as2_msgs/local/lib/python3.10/dist-packages:${PYTHONPATH} /usr/bin/cmake --build /ros2_ws/build/as2_platform_gazebo -- -j8 -l8
[32.730s] [  9%] [32mBuilding CXX object CMakeFiles/as2_platform_gazebo_node.dir/src/as2_platform_gazebo_node.cpp.o[0m
[43.259s] [ 18%] [32mBuilding CXX object CMakeFiles/as2_platform_gazebo_node.dir/src/as2_platform_gazebo.cpp.o[0m
[74.263s] [ 27%] [32m[1mLinking CXX executable as2_platform_gazebo_node[0m
[75.340s] [ 27%] Built target as2_platform_gazebo_node
[75.383s] [ 36%] [32mBuilding CXX object gtest/CMakeFiles/gtest.dir/src/gtest-all.cc.o[0m
[94.880s] [ 45%] [32m[1mLinking CXX static library libgtest.a[0m
[94.991s] [ 45%] Built target gtest
[95.032s] [ 54%] [32mBuilding CXX object gtest/CMakeFiles/gtest_main.dir/src/gtest_main.cc.o[0m
[97.459s] [ 63%] [32m[1mLinking CXX static library libgtest_main.a[0m
[97.524s] [ 63%] Built target gtest_main
[97.567s] [ 72%] [32mBuilding CXX object CMakeFiles/as2_platform_gazebo.dir/src/as2_platform_gazebo.cpp.o[0m
[128.264s] [ 81%] [32m[1mLinking CXX static library libas2_platform_gazebo.a[0m
[128.413s] [ 81%] Built target as2_platform_gazebo
[128.461s] [ 90%] [32mBuilding CXX object tests/CMakeFiles/as2_platform_gazebo_as2_platform_gazebo_gtest.dir/as2_platform_gazebo_gtest.cpp.o[0m
[140.774s] [100%] [32m[1mLinking CXX executable as2_platform_gazebo_as2_platform_gazebo_gtest[0m
[141.495s] [100%] Built target as2_platform_gazebo_as2_platform_gazebo_gtest
[141.557s] Invoked command in '/ros2_ws/build/as2_platform_gazebo' returned '0': AMENT_PREFIX_PATH=/ros2_ws/install/as2_gazebo_assets:/ros2_ws/install/as2_core:/ros2_ws/install/as2_msgs:${AMENT_PREFIX_PATH} CMAKE_PREFIX_PATH=/ros2_ws/install/as2_gazebo_assets:/ros2_ws/install/as2_core:/ros2_ws/install/as2_msgs:/opt/ros/humble GZ_SIM_RESOURCE_PATH=/ros2_ws/install/as2_gazebo_assets/share/as2_ign_gazebo_assets/worlds:/ros2_ws/install/as2_gazebo_assets/share/as2_ign_gazebo_assets/models GZ_SIM_SYSTEM_PLUGIN_PATH=/ros2_ws/install/as2_gazebo_assets/lib GZ_VERSION=@GZ_VERSION@ LD_LIBRARY_PATH=/ros2_ws/install/as2_gazebo_assets/lib:/ros2_ws/install/as2_core/lib:/ros2_ws/install/as2_msgs/lib:${LD_LIBRARY_PATH} PYTHONPATH=/ros2_ws/install/as2_gazebo_assets/local/lib/python3.10/dist-packages:/ros2_ws/install/as2_core/local/lib/python3.10/dist-packages:/ros2_ws/install/as2_msgs/local/lib/python3.10/dist-packages:${PYTHONPATH} /usr/bin/cmake --build /ros2_ws/build/as2_platform_gazebo -- -j8 -l8
[141.559s] Invoking command in '/ros2_ws/build/as2_platform_gazebo': AMENT_PREFIX_PATH=/ros2_ws/install/as2_gazebo_assets:/ros2_ws/install/as2_core:/ros2_ws/install/as2_msgs:${AMENT_PREFIX_PATH} CMAKE_PREFIX_PATH=/ros2_ws/install/as2_gazebo_assets:/ros2_ws/install/as2_core:/ros2_ws/install/as2_msgs:/opt/ros/humble GZ_SIM_RESOURCE_PATH=/ros2_ws/install/as2_gazebo_assets/share/as2_ign_gazebo_assets/worlds:/ros2_ws/install/as2_gazebo_assets/share/as2_ign_gazebo_assets/models GZ_SIM_SYSTEM_PLUGIN_PATH=/ros2_ws/install/as2_gazebo_assets/lib GZ_VERSION=@GZ_VERSION@ LD_LIBRARY_PATH=/ros2_ws/install/as2_gazebo_assets/lib:/ros2_ws/install/as2_core/lib:/ros2_ws/install/as2_msgs/lib:${LD_LIBRARY_PATH} PYTHONPATH=/ros2_ws/install/as2_gazebo_assets/local/lib/python3.10/dist-packages:/ros2_ws/install/as2_core/local/lib/python3.10/dist-packages:/ros2_ws/install/as2_msgs/local/lib/python3.10/dist-packages:${PYTHONPATH} /usr/bin/cmake --install /ros2_ws/build/as2_platform_gazebo
[141.573s] -- Install configuration: "Release"
[141.574s] -- Execute custom install script
[141.575s] -- Symlinking: /ros2_ws/install/as2_platform_gazebo/include/as2_platform_gazebo/as2_platform_gazebo.hpp
[141.593s] -- Symlinking: /ros2_ws/install/as2_platform_gazebo/lib/as2_platform_gazebo/as2_platform_gazebo_node
[141.611s] -- Symlinking: /ros2_ws/install/as2_platform_gazebo/share/as2_platform_gazebo/launch/platform_gazebo_launch.py
[141.630s] -- Symlinking: /ros2_ws/install/as2_platform_gazebo/share/as2_platform_gazebo/config/control_modes.yaml
[141.646s] -- Symlinking: /ros2_ws/install/as2_platform_gazebo/share/as2_platform_gazebo/config/control_modes_acro.yaml
[141.662s] -- Symlinking: /ros2_ws/install/as2_platform_gazebo/share/as2_platform_gazebo/config/platform_config_file.yaml
[141.678s] -- Symlinking: /ros2_ws/install/as2_platform_gazebo/share/ament_index/resource_index/package_run_dependencies/as2_platform_gazebo
[141.697s] -- Symlinking: /ros2_ws/install/as2_platform_gazebo/share/ament_index/resource_index/parent_prefix_path/as2_platform_gazebo
[141.713s] -- Symlinking: /ros2_ws/install/as2_platform_gazebo/share/as2_platform_gazebo/environment/ament_prefix_path.sh
[141.729s] -- Symlinking: /ros2_ws/install/as2_platform_gazebo/share/as2_platform_gazebo/environment/ament_prefix_path.dsv
[141.745s] -- Symlinking: /ros2_ws/install/as2_platform_gazebo/share/as2_platform_gazebo/environment/path.sh
[141.761s] -- Symlinking: /ros2_ws/install/as2_platform_gazebo/share/as2_platform_gazebo/environment/path.dsv
[141.778s] -- Symlinking: /ros2_ws/install/as2_platform_gazebo/share/as2_platform_gazebo/local_setup.bash
[141.796s] -- Symlinking: /ros2_ws/install/as2_platform_gazebo/share/as2_platform_gazebo/local_setup.sh
[141.812s] -- Symlinking: /ros2_ws/install/as2_platform_gazebo/share/as2_platform_gazebo/local_setup.zsh
[141.828s] -- Symlinking: /ros2_ws/install/as2_platform_gazebo/share/as2_platform_gazebo/local_setup.dsv
[141.844s] -- Symlinking: /ros2_ws/install/as2_platform_gazebo/share/as2_platform_gazebo/package.dsv
[141.861s] -- Symlinking: /ros2_ws/install/as2_platform_gazebo/share/ament_index/resource_index/packages/as2_platform_gazebo
[141.877s] -- Symlinking: /ros2_ws/install/as2_platform_gazebo/share/as2_platform_gazebo/cmake/as2_platform_gazeboConfig.cmake
[141.895s] -- Symlinking: /ros2_ws/install/as2_platform_gazebo/share/as2_platform_gazebo/cmake/as2_platform_gazeboConfig-version.cmake
[141.912s] -- Symlinking: /ros2_ws/install/as2_platform_gazebo/share/as2_platform_gazebo/package.xml
[141.928s] -- Installing: /ros2_ws/install/as2_platform_gazebo/lib/libas2_platform_gazebo.a
[141.937s] Invoked command in '/ros2_ws/build/as2_platform_gazebo' returned '0': AMENT_PREFIX_PATH=/ros2_ws/install/as2_gazebo_assets:/ros2_ws/install/as2_core:/ros2_ws/install/as2_msgs:${AMENT_PREFIX_PATH} CMAKE_PREFIX_PATH=/ros2_ws/install/as2_gazebo_assets:/ros2_ws/install/as2_core:/ros2_ws/install/as2_msgs:/opt/ros/humble GZ_SIM_RESOURCE_PATH=/ros2_ws/install/as2_gazebo_assets/share/as2_ign_gazebo_assets/worlds:/ros2_ws/install/as2_gazebo_assets/share/as2_ign_gazebo_assets/models GZ_SIM_SYSTEM_PLUGIN_PATH=/ros2_ws/install/as2_gazebo_assets/lib GZ_VERSION=@GZ_VERSION@ LD_LIBRARY_PATH=/ros2_ws/install/as2_gazebo_assets/lib:/ros2_ws/install/as2_core/lib:/ros2_ws/install/as2_msgs/lib:${LD_LIBRARY_PATH} PYTHONPATH=/ros2_ws/install/as2_gazebo_assets/local/lib/python3.10/dist-packages:/ros2_ws/install/as2_core/local/lib/python3.10/dist-packages:/ros2_ws/install/as2_msgs/local/lib/python3.10/dist-packages:${PYTHONPATH} /usr/bin/cmake --install /ros2_ws/build/as2_platform_gazebo
