-- The C compiler identification is GNU 11.4.0
-- The CXX compiler identification is GNU 11.4.0
-- Detecting C compiler ABI info
-- Detecting C compiler ABI info - done
-- Check for working C compiler: /usr/bin/cc - skipped
-- Detecting C compile features
-- Detecting C compile features - done
-- Detecting CXX compiler ABI info
-- Detecting CXX compiler ABI info - done
-- Check for working CXX compiler: /usr/bin/c++ - skipped
-- Detecting CXX compile features
-- Detecting CXX compile features - done
-- Found ament_cmake: 1.3.12 (/opt/ros/humble/share/ament_cmake/cmake)
-- Found Python3: /usr/bin/python3 (found version "3.10.12") found components: Interpreter 
-- Override CMake install command with custom implementation using symlinks instead of copying resources
-- Found rclcpp: 16.0.16 (/opt/ros/humble/share/rclcpp/cmake)
-- Found rosidl_generator_c: 3.1.7 (/opt/ros/humble/share/rosidl_generator_c/cmake)
-- Found rosidl_adapter: 3.1.7 (/opt/ros/humble/share/rosidl_adapter/cmake)
-- Found rosidl_generator_cpp: 3.1.7 (/opt/ros/humble/share/rosidl_generator_cpp/cmake)
-- Using all available rosidl_typesupport_c: rosidl_typesupport_fastrtps_c;rosidl_typesupport_introspection_c
-- Using all available rosidl_typesupport_cpp: rosidl_typesupport_fastrtps_cpp;rosidl_typesupport_introspection_cpp
-- Found rmw_implementation_cmake: 6.1.2 (/opt/ros/humble/share/rmw_implementation_cmake/cmake)
-- Found rmw_cyclonedds_cpp: 1.3.4 (/opt/ros/humble/share/rmw_cyclonedds_cpp/cmake)
-- Using RMW implementation 'rmw_cyclonedds_cpp' as default
-- Looking for pthread.h
-- Looking for pthread.h - found
-- Performing Test CMAKE_HAVE_LIBC_PTHREAD
-- Performing Test CMAKE_HAVE_LIBC_PTHREAD - Success
-- Found Threads: TRUE  
-- Found ament_lint_auto: 0.12.14 (/opt/ros/humble/share/ament_lint_auto/cmake)
-- Configuring done
-- Generating done
-- Build files have been written to: /ros2_ws/build/nav2_demo
-- Install configuration: "Release"
-- Execute custom install script
-- Symlinking: /ros2_ws/install/nav2_demo/share/nav2_demo/launch/nav2_demo.launch.py
-- Symlinking: /ros2_ws/install/nav2_demo/share/ament_index/resource_index/package_run_dependencies/nav2_demo
-- Symlinking: /ros2_ws/install/nav2_demo/share/ament_index/resource_index/parent_prefix_path/nav2_demo
-- Symlinking: /ros2_ws/install/nav2_demo/share/nav2_demo/environment/ament_prefix_path.sh
-- Symlinking: /ros2_ws/install/nav2_demo/share/nav2_demo/environment/ament_prefix_path.dsv
-- Symlinking: /ros2_ws/install/nav2_demo/share/nav2_demo/environment/path.sh
-- Symlinking: /ros2_ws/install/nav2_demo/share/nav2_demo/environment/path.dsv
-- Symlinking: /ros2_ws/install/nav2_demo/share/nav2_demo/local_setup.bash
-- Symlinking: /ros2_ws/install/nav2_demo/share/nav2_demo/local_setup.sh
-- Symlinking: /ros2_ws/install/nav2_demo/share/nav2_demo/local_setup.zsh
-- Symlinking: /ros2_ws/install/nav2_demo/share/nav2_demo/local_setup.dsv
-- Symlinking: /ros2_ws/install/nav2_demo/share/nav2_demo/package.dsv
-- Symlinking: /ros2_ws/install/nav2_demo/share/ament_index/resource_index/packages/nav2_demo
-- Symlinking: /ros2_ws/install/nav2_demo/share/nav2_demo/cmake/nav2_demoConfig.cmake
-- Symlinking: /ros2_ws/install/nav2_demo/share/nav2_demo/cmake/nav2_demoConfig-version.cmake
-- Symlinking: /ros2_ws/install/nav2_demo/share/nav2_demo/package.xml
