[35m[1mConsolidate compiler generated dependencies of target gtest[0m
[35m[1mConsolidate compiler generated dependencies of target pendulum_controller[0m
[35m[1mConsolidate compiler generated dependencies of target gtest_main[0m
[ 15%] Built target gtest
[ 30%] Built target gtest_main
[ 53%] Built target pendulum_controller
[35m[1mConsolidate compiler generated dependencies of target pendulum_controller_exe[0m
[35m[1mConsolidate compiler generated dependencies of target test_pendulum_controller[0m
[35m[1mConsolidate compiler generated dependencies of target test_pendulum_controller_node[0m
[ 69%] Built target pendulum_controller_exe
[ 84%] Built target test_pendulum_controller
[100%] Built target test_pendulum_controller_node
-- Install configuration: "Release"
-- Execute custom install script
-- Up-to-date symlink: /ros2_ws/install/pendulum_controller/share/pendulum_controller/environment/library_path.sh
-- Up-to-date symlink: /ros2_ws/install/pendulum_controller/share/pendulum_controller/environment/library_path.dsv
-- Up-to-date symlink: /ros2_ws/install/pendulum_controller/include/pendulum_controller/pendulum_controller.hpp
-- Up-to-date symlink: /ros2_ws/install/pendulum_controller/include/pendulum_controller/pendulum_controller_node.hpp
-- Up-to-date symlink: /ros2_ws/install/pendulum_controller/include/pendulum_controller/visibility_control.hpp
-- Up-to-date symlink: /ros2_ws/install/pendulum_controller/share/pendulum_controller/params/test.param.yaml
-- Up-to-date symlink: /ros2_ws/install/pendulum_controller/share/ament_index/resource_index/package_run_dependencies/pendulum_controller
-- Up-to-date symlink: /ros2_ws/install/pendulum_controller/share/ament_index/resource_index/parent_prefix_path/pendulum_controller
-- Up-to-date symlink: /ros2_ws/install/pendulum_controller/share/pendulum_controller/environment/ament_prefix_path.sh
-- Up-to-date symlink: /ros2_ws/install/pendulum_controller/share/pendulum_controller/environment/ament_prefix_path.dsv
-- Up-to-date symlink: /ros2_ws/install/pendulum_controller/share/pendulum_controller/environment/path.sh
-- Up-to-date symlink: /ros2_ws/install/pendulum_controller/share/pendulum_controller/environment/path.dsv
-- Up-to-date symlink: /ros2_ws/install/pendulum_controller/share/pendulum_controller/local_setup.bash
-- Up-to-date symlink: /ros2_ws/install/pendulum_controller/share/pendulum_controller/local_setup.sh
-- Up-to-date symlink: /ros2_ws/install/pendulum_controller/share/pendulum_controller/local_setup.zsh
-- Up-to-date symlink: /ros2_ws/install/pendulum_controller/share/pendulum_controller/local_setup.dsv
-- Symlinking: /ros2_ws/install/pendulum_controller/share/pendulum_controller/package.dsv
-- Up-to-date symlink: /ros2_ws/install/pendulum_controller/share/ament_index/resource_index/packages/pendulum_controller
-- Up-to-date symlink: /ros2_ws/install/pendulum_controller/share/ament_index/resource_index/rclcpp_components/pendulum_controller
-- Up-to-date symlink: /ros2_ws/install/pendulum_controller/share/pendulum_controller/cmake/ament_cmake_export_targets-extras.cmake
-- Up-to-date symlink: /ros2_ws/install/pendulum_controller/share/pendulum_controller/cmake/ament_cmake_export_dependencies-extras.cmake
-- Up-to-date symlink: /ros2_ws/install/pendulum_controller/share/pendulum_controller/cmake/pendulum_controllerConfig.cmake
-- Up-to-date symlink: /ros2_ws/install/pendulum_controller/share/pendulum_controller/cmake/pendulum_controllerConfig-version.cmake
-- Up-to-date symlink: /ros2_ws/install/pendulum_controller/share/pendulum_controller/package.xml
-- Up-to-date: /ros2_ws/install/pendulum_controller/lib/libpendulum_controller.so
-- Up-to-date: /ros2_ws/install/pendulum_controller/lib/pendulum_controller/pendulum_controller_exe
-- Up-to-date: /ros2_ws/install/pendulum_controller/share/pendulum_controller/cmake/export_pendulum_controllerExport.cmake
-- Up-to-date: /ros2_ws/install/pendulum_controller/share/pendulum_controller/cmake/export_pendulum_controllerExport-release.cmake
