[35m[1mConsolidate compiler generated dependencies of target pendulum2_msgs__rosidl_generator_c[0m
[  1%] Built target pendulum2_msgs__cpp
[  1%] Built target ament_cmake_python_symlink_pendulum2_msgs
[ 12%] Built target pendulum2_msgs__rosidl_generator_c
[35m[1mConsolidate compiler generated dependencies of target pendulum2_msgs__rosidl_typesupport_fastrtps_cpp[0m
[35m[1mConsolidate compiler generated dependencies of target pendulum2_msgs__rosidl_typesupport_introspection_cpp[0m
[35m[1mConsolidate compiler generated dependencies of target pendulum2_msgs__rosidl_typesupport_cpp[0m
[35m[1mConsolidate compiler generated dependencies of target pendulum2_msgs__rosidl_typesupport_c[0m
[35m[1mConsolidate compiler generated dependencies of target pendulum2_msgs__rosidl_typesupport_fastrtps_c[0m
[35m[1mConsolidate compiler generated dependencies of target pendulum2_msgs__rosidl_typesupport_introspection_c[0m
[ 23%] Built target pendulum2_msgs__rosidl_typesupport_cpp
[ 34%] Built target pendulum2_msgs__rosidl_typesupport_fastrtps_c
[ 45%] Built target pendulum2_msgs__rosidl_typesupport_introspection_cpp
[ 56%] Built target pendulum2_msgs__rosidl_typesupport_fastrtps_cpp
[ 67%] Built target pendulum2_msgs__rosidl_typesupport_c
[ 78%] Built target pendulum2_msgs__rosidl_typesupport_introspection_c
[ 78%] Built target pendulum2_msgs
[ 80%] Built target pendulum2_msgs__py
[35m[1mConsolidate compiler generated dependencies of target pendulum2_msgs__rosidl_generator_py[0m
[ 89%] Built target pendulum2_msgs__rosidl_generator_py
[35m[1mConsolidate compiler generated dependencies of target pendulum2_msgs__rosidl_typesupport_fastrtps_c__pyext[0m
[35m[1mConsolidate compiler generated dependencies of target pendulum2_msgs__rosidl_typesupport_introspection_c__pyext[0m
[35m[1mConsolidate compiler generated dependencies of target pendulum2_msgs__rosidl_typesupport_c__pyext[0m
[ 92%] Built target pendulum2_msgs__rosidl_typesupport_fastrtps_c__pyext
[ 96%] Built target pendulum2_msgs__rosidl_typesupport_introspection_c__pyext
[100%] Built target pendulum2_msgs__rosidl_typesupport_c__pyext
running egg_info
writing pendulum2_msgs.egg-info/PKG-INFO
writing dependency_links to pendulum2_msgs.egg-info/dependency_links.txt
writing top-level names to pendulum2_msgs.egg-info/top_level.txt
reading manifest file 'pendulum2_msgs.egg-info/SOURCES.txt'
writing manifest file 'pendulum2_msgs.egg-info/SOURCES.txt'
[100%] Built target ament_cmake_python_build_pendulum2_msgs_egg
-- Install configuration: "Release"
-- Execute custom install script
-- Up-to-date symlink: /ros2_ws/install/pendulum2_msgs/share/ament_index/resource_index/rosidl_interfaces/pendulum2_msgs
-- Up-to-date symlink: /ros2_ws/install/pendulum2_msgs/include/pendulum2_msgs/pendulum2_msgs/msg/detail/joint_command__functions.h
-- Up-to-date symlink: /ros2_ws/install/pendulum2_msgs/include/pendulum2_msgs/pendulum2_msgs/msg/detail/joint_command__struct.h
-- Up-to-date symlink: /ros2_ws/install/pendulum2_msgs/include/pendulum2_msgs/pendulum2_msgs/msg/detail/joint_command__type_support.h
-- Up-to-date symlink: /ros2_ws/install/pendulum2_msgs/include/pendulum2_msgs/pendulum2_msgs/msg/detail/joint_command_stamped__functions.h
-- Up-to-date symlink: /ros2_ws/install/pendulum2_msgs/include/pendulum2_msgs/pendulum2_msgs/msg/detail/joint_command_stamped__struct.h
-- Up-to-date symlink: /ros2_ws/install/pendulum2_msgs/include/pendulum2_msgs/pendulum2_msgs/msg/detail/joint_command_stamped__type_support.h
-- Up-to-date symlink: /ros2_ws/install/pendulum2_msgs/include/pendulum2_msgs/pendulum2_msgs/msg/detail/joint_state__functions.h
-- Up-to-date symlink: /ros2_ws/install/pendulum2_msgs/include/pendulum2_msgs/pendulum2_msgs/msg/detail/joint_state__struct.h
-- Up-to-date symlink: /ros2_ws/install/pendulum2_msgs/include/pendulum2_msgs/pendulum2_msgs/msg/detail/joint_state__type_support.h
-- Up-to-date symlink: /ros2_ws/install/pendulum2_msgs/include/pendulum2_msgs/pendulum2_msgs/msg/detail/pendulum_teleop__functions.h
-- Up-to-date symlink: /ros2_ws/install/pendulum2_msgs/include/pendulum2_msgs/pendulum2_msgs/msg/detail/pendulum_teleop__struct.h
-- Up-to-date symlink: /ros2_ws/install/pendulum2_msgs/include/pendulum2_msgs/pendulum2_msgs/msg/detail/pendulum_teleop__type_support.h
-- Up-to-date symlink: /ros2_ws/install/pendulum2_msgs/include/pendulum2_msgs/pendulum2_msgs/msg/joint_command.h
-- Up-to-date symlink: /ros2_ws/install/pendulum2_msgs/include/pendulum2_msgs/pendulum2_msgs/msg/joint_command_stamped.h
-- Up-to-date symlink: /ros2_ws/install/pendulum2_msgs/include/pendulum2_msgs/pendulum2_msgs/msg/joint_state.h
-- Up-to-date symlink: /ros2_ws/install/pendulum2_msgs/include/pendulum2_msgs/pendulum2_msgs/msg/pendulum_teleop.h
-- Up-to-date symlink: /ros2_ws/install/pendulum2_msgs/include/pendulum2_msgs/pendulum2_msgs/msg/rosidl_generator_c__visibility_control.h
-- Up-to-date symlink: /ros2_ws/install/pendulum2_msgs/share/pendulum2_msgs/environment/library_path.sh
-- Up-to-date symlink: /ros2_ws/install/pendulum2_msgs/share/pendulum2_msgs/environment/library_path.dsv
-- Up-to-date symlink: /ros2_ws/install/pendulum2_msgs/include/pendulum2_msgs/pendulum2_msgs/msg/detail/joint_command__rosidl_typesupport_fastrtps_c.h
-- Up-to-date symlink: /ros2_ws/install/pendulum2_msgs/include/pendulum2_msgs/pendulum2_msgs/msg/detail/joint_command_stamped__rosidl_typesupport_fastrtps_c.h
-- Up-to-date symlink: /ros2_ws/install/pendulum2_msgs/include/pendulum2_msgs/pendulum2_msgs/msg/detail/joint_state__rosidl_typesupport_fastrtps_c.h
-- Up-to-date symlink: /ros2_ws/install/pendulum2_msgs/include/pendulum2_msgs/pendulum2_msgs/msg/detail/pendulum_teleop__rosidl_typesupport_fastrtps_c.h
-- Up-to-date symlink: /ros2_ws/install/pendulum2_msgs/include/pendulum2_msgs/pendulum2_msgs/msg/rosidl_typesupport_fastrtps_c__visibility_control.h
-- Up-to-date symlink: /ros2_ws/install/pendulum2_msgs/include/pendulum2_msgs/pendulum2_msgs/msg/detail/joint_command__builder.hpp
-- Up-to-date symlink: /ros2_ws/install/pendulum2_msgs/include/pendulum2_msgs/pendulum2_msgs/msg/detail/joint_command__struct.hpp
-- Up-to-date symlink: /ros2_ws/install/pendulum2_msgs/include/pendulum2_msgs/pendulum2_msgs/msg/detail/joint_command__traits.hpp
-- Up-to-date symlink: /ros2_ws/install/pendulum2_msgs/include/pendulum2_msgs/pendulum2_msgs/msg/detail/joint_command__type_support.hpp
-- Up-to-date symlink: /ros2_ws/install/pendulum2_msgs/include/pendulum2_msgs/pendulum2_msgs/msg/detail/joint_command_stamped__builder.hpp
-- Up-to-date symlink: /ros2_ws/install/pendulum2_msgs/include/pendulum2_msgs/pendulum2_msgs/msg/detail/joint_command_stamped__struct.hpp
-- Up-to-date symlink: /ros2_ws/install/pendulum2_msgs/include/pendulum2_msgs/pendulum2_msgs/msg/detail/joint_command_stamped__traits.hpp
-- Up-to-date symlink: /ros2_ws/install/pendulum2_msgs/include/pendulum2_msgs/pendulum2_msgs/msg/detail/joint_command_stamped__type_support.hpp
-- Up-to-date symlink: /ros2_ws/install/pendulum2_msgs/include/pendulum2_msgs/pendulum2_msgs/msg/detail/joint_state__builder.hpp
-- Up-to-date symlink: /ros2_ws/install/pendulum2_msgs/include/pendulum2_msgs/pendulum2_msgs/msg/detail/joint_state__struct.hpp
-- Up-to-date symlink: /ros2_ws/install/pendulum2_msgs/include/pendulum2_msgs/pendulum2_msgs/msg/detail/joint_state__traits.hpp
-- Up-to-date symlink: /ros2_ws/install/pendulum2_msgs/include/pendulum2_msgs/pendulum2_msgs/msg/detail/joint_state__type_support.hpp
-- Up-to-date symlink: /ros2_ws/install/pendulum2_msgs/include/pendulum2_msgs/pendulum2_msgs/msg/detail/pendulum_teleop__builder.hpp
-- Up-to-date symlink: /ros2_ws/install/pendulum2_msgs/include/pendulum2_msgs/pendulum2_msgs/msg/detail/pendulum_teleop__struct.hpp
-- Up-to-date symlink: /ros2_ws/install/pendulum2_msgs/include/pendulum2_msgs/pendulum2_msgs/msg/detail/pendulum_teleop__traits.hpp
-- Up-to-date symlink: /ros2_ws/install/pendulum2_msgs/include/pendulum2_msgs/pendulum2_msgs/msg/detail/pendulum_teleop__type_support.hpp
-- Up-to-date symlink: /ros2_ws/install/pendulum2_msgs/include/pendulum2_msgs/pendulum2_msgs/msg/joint_command.hpp
-- Up-to-date symlink: /ros2_ws/install/pendulum2_msgs/include/pendulum2_msgs/pendulum2_msgs/msg/joint_command_stamped.hpp
-- Up-to-date symlink: /ros2_ws/install/pendulum2_msgs/include/pendulum2_msgs/pendulum2_msgs/msg/joint_state.hpp
-- Up-to-date symlink: /ros2_ws/install/pendulum2_msgs/include/pendulum2_msgs/pendulum2_msgs/msg/pendulum_teleop.hpp
-- Up-to-date symlink: /ros2_ws/install/pendulum2_msgs/include/pendulum2_msgs/pendulum2_msgs/msg/rosidl_generator_cpp__visibility_control.hpp
-- Up-to-date symlink: /ros2_ws/install/pendulum2_msgs/include/pendulum2_msgs/pendulum2_msgs/msg/detail/joint_command__rosidl_typesupport_fastrtps_cpp.hpp
-- Up-to-date symlink: /ros2_ws/install/pendulum2_msgs/include/pendulum2_msgs/pendulum2_msgs/msg/detail/joint_command_stamped__rosidl_typesupport_fastrtps_cpp.hpp
-- Up-to-date symlink: /ros2_ws/install/pendulum2_msgs/include/pendulum2_msgs/pendulum2_msgs/msg/detail/joint_state__rosidl_typesupport_fastrtps_cpp.hpp
-- Up-to-date symlink: /ros2_ws/install/pendulum2_msgs/include/pendulum2_msgs/pendulum2_msgs/msg/detail/pendulum_teleop__rosidl_typesupport_fastrtps_cpp.hpp
-- Up-to-date symlink: /ros2_ws/install/pendulum2_msgs/include/pendulum2_msgs/pendulum2_msgs/msg/rosidl_typesupport_fastrtps_cpp__visibility_control.h
-- Up-to-date symlink: /ros2_ws/install/pendulum2_msgs/include/pendulum2_msgs/pendulum2_msgs/msg/detail/joint_command__rosidl_typesupport_introspection_c.h
-- Up-to-date symlink: /ros2_ws/install/pendulum2_msgs/include/pendulum2_msgs/pendulum2_msgs/msg/detail/joint_command_stamped__rosidl_typesupport_introspection_c.h
-- Up-to-date symlink: /ros2_ws/install/pendulum2_msgs/include/pendulum2_msgs/pendulum2_msgs/msg/detail/joint_state__rosidl_typesupport_introspection_c.h
-- Up-to-date symlink: /ros2_ws/install/pendulum2_msgs/include/pendulum2_msgs/pendulum2_msgs/msg/detail/pendulum_teleop__rosidl_typesupport_introspection_c.h
-- Up-to-date symlink: /ros2_ws/install/pendulum2_msgs/include/pendulum2_msgs/pendulum2_msgs/msg/rosidl_typesupport_introspection_c__visibility_control.h
-- Up-to-date symlink: /ros2_ws/install/pendulum2_msgs/include/pendulum2_msgs/pendulum2_msgs/msg/detail/joint_command__rosidl_typesupport_introspection_cpp.hpp
-- Up-to-date symlink: /ros2_ws/install/pendulum2_msgs/include/pendulum2_msgs/pendulum2_msgs/msg/detail/joint_command_stamped__rosidl_typesupport_introspection_cpp.hpp
-- Up-to-date symlink: /ros2_ws/install/pendulum2_msgs/include/pendulum2_msgs/pendulum2_msgs/msg/detail/joint_state__rosidl_typesupport_introspection_cpp.hpp
-- Up-to-date symlink: /ros2_ws/install/pendulum2_msgs/include/pendulum2_msgs/pendulum2_msgs/msg/detail/pendulum_teleop__rosidl_typesupport_introspection_cpp.hpp
-- Up-to-date symlink: /ros2_ws/install/pendulum2_msgs/share/pendulum2_msgs/environment/pythonpath.sh
-- Up-to-date symlink: /ros2_ws/install/pendulum2_msgs/share/pendulum2_msgs/environment/pythonpath.dsv
-- Up-to-date symlink: /ros2_ws/install/pendulum2_msgs/local/lib/python3.10/dist-packages/pendulum2_msgs-0.0.1-py3.10.egg-info/PKG-INFO
-- Up-to-date symlink: /ros2_ws/install/pendulum2_msgs/local/lib/python3.10/dist-packages/pendulum2_msgs-0.0.1-py3.10.egg-info/SOURCES.txt
-- Up-to-date symlink: /ros2_ws/install/pendulum2_msgs/local/lib/python3.10/dist-packages/pendulum2_msgs-0.0.1-py3.10.egg-info/dependency_links.txt
-- Up-to-date symlink: /ros2_ws/install/pendulum2_msgs/local/lib/python3.10/dist-packages/pendulum2_msgs-0.0.1-py3.10.egg-info/top_level.txt
-- Up-to-date symlink: /ros2_ws/install/pendulum2_msgs/local/lib/python3.10/dist-packages/pendulum2_msgs/__init__.py
-- Up-to-date symlink: /ros2_ws/install/pendulum2_msgs/local/lib/python3.10/dist-packages/pendulum2_msgs/_pendulum2_msgs_s.ep.rosidl_typesupport_c.c
-- Up-to-date symlink: /ros2_ws/install/pendulum2_msgs/local/lib/python3.10/dist-packages/pendulum2_msgs/_pendulum2_msgs_s.ep.rosidl_typesupport_fastrtps_c.c
-- Up-to-date symlink: /ros2_ws/install/pendulum2_msgs/local/lib/python3.10/dist-packages/pendulum2_msgs/_pendulum2_msgs_s.ep.rosidl_typesupport_introspection_c.c
-- Up-to-date symlink: /ros2_ws/install/pendulum2_msgs/local/lib/python3.10/dist-packages/pendulum2_msgs/libpendulum2_msgs__rosidl_generator_py.so
-- Up-to-date symlink: /ros2_ws/install/pendulum2_msgs/local/lib/python3.10/dist-packages/pendulum2_msgs/msg/__init__.py
-- Up-to-date symlink: /ros2_ws/install/pendulum2_msgs/local/lib/python3.10/dist-packages/pendulum2_msgs/msg/_joint_command.py
-- Up-to-date symlink: /ros2_ws/install/pendulum2_msgs/local/lib/python3.10/dist-packages/pendulum2_msgs/msg/_joint_command_s.c
-- Up-to-date symlink: /ros2_ws/install/pendulum2_msgs/local/lib/python3.10/dist-packages/pendulum2_msgs/msg/_joint_command_stamped.py
-- Up-to-date symlink: /ros2_ws/install/pendulum2_msgs/local/lib/python3.10/dist-packages/pendulum2_msgs/msg/_joint_command_stamped_s.c
-- Up-to-date symlink: /ros2_ws/install/pendulum2_msgs/local/lib/python3.10/dist-packages/pendulum2_msgs/msg/_joint_state.py
-- Up-to-date symlink: /ros2_ws/install/pendulum2_msgs/local/lib/python3.10/dist-packages/pendulum2_msgs/msg/_joint_state_s.c
-- Up-to-date symlink: /ros2_ws/install/pendulum2_msgs/local/lib/python3.10/dist-packages/pendulum2_msgs/msg/_pendulum_teleop.py
-- Up-to-date symlink: /ros2_ws/install/pendulum2_msgs/local/lib/python3.10/dist-packages/pendulum2_msgs/msg/_pendulum_teleop_s.c
-- Up-to-date symlink: /ros2_ws/install/pendulum2_msgs/local/lib/python3.10/dist-packages/pendulum2_msgs/pendulum2_msgs_s__rosidl_typesupport_c.cpython-310-x86_64-linux-gnu.so
-- Up-to-date symlink: /ros2_ws/install/pendulum2_msgs/local/lib/python3.10/dist-packages/pendulum2_msgs/pendulum2_msgs_s__rosidl_typesupport_fastrtps_c.cpython-310-x86_64-linux-gnu.so
-- Up-to-date symlink: /ros2_ws/install/pendulum2_msgs/local/lib/python3.10/dist-packages/pendulum2_msgs/pendulum2_msgs_s__rosidl_typesupport_introspection_c.cpython-310-x86_64-linux-gnu.so
-- Up-to-date symlink: /ros2_ws/install/pendulum2_msgs/local/lib/python3.10/dist-packages/pendulum2_msgs/pendulum2_msgs_s__rosidl_typesupport_fastrtps_c.cpython-310-x86_64-linux-gnu.so
-- Up-to-date symlink: /ros2_ws/install/pendulum2_msgs/local/lib/python3.10/dist-packages/pendulum2_msgs/pendulum2_msgs_s__rosidl_typesupport_introspection_c.cpython-310-x86_64-linux-gnu.so
-- Up-to-date symlink: /ros2_ws/install/pendulum2_msgs/local/lib/python3.10/dist-packages/pendulum2_msgs/pendulum2_msgs_s__rosidl_typesupport_c.cpython-310-x86_64-linux-gnu.so
-- Up-to-date symlink: /ros2_ws/install/pendulum2_msgs/share/pendulum2_msgs/msg/JointState.idl
-- Up-to-date symlink: /ros2_ws/install/pendulum2_msgs/share/pendulum2_msgs/msg/JointCommand.idl
-- Up-to-date symlink: /ros2_ws/install/pendulum2_msgs/share/pendulum2_msgs/msg/JointCommandStamped.idl
-- Up-to-date symlink: /ros2_ws/install/pendulum2_msgs/share/pendulum2_msgs/msg/PendulumTeleop.idl
-- Up-to-date symlink: /ros2_ws/install/pendulum2_msgs/share/pendulum2_msgs/msg/JointState.msg
-- Up-to-date symlink: /ros2_ws/install/pendulum2_msgs/share/pendulum2_msgs/msg/JointCommand.msg
-- Up-to-date symlink: /ros2_ws/install/pendulum2_msgs/share/pendulum2_msgs/msg/JointCommandStamped.msg
-- Up-to-date symlink: /ros2_ws/install/pendulum2_msgs/share/pendulum2_msgs/msg/PendulumTeleop.msg
-- Up-to-date symlink: /ros2_ws/install/pendulum2_msgs/share/ament_index/resource_index/package_run_dependencies/pendulum2_msgs
-- Up-to-date symlink: /ros2_ws/install/pendulum2_msgs/share/ament_index/resource_index/parent_prefix_path/pendulum2_msgs
-- Up-to-date symlink: /ros2_ws/install/pendulum2_msgs/share/pendulum2_msgs/environment/ament_prefix_path.sh
-- Up-to-date symlink: /ros2_ws/install/pendulum2_msgs/share/pendulum2_msgs/environment/ament_prefix_path.dsv
-- Up-to-date symlink: /ros2_ws/install/pendulum2_msgs/share/pendulum2_msgs/environment/path.sh
-- Up-to-date symlink: /ros2_ws/install/pendulum2_msgs/share/pendulum2_msgs/environment/path.dsv
-- Up-to-date symlink: /ros2_ws/install/pendulum2_msgs/share/pendulum2_msgs/local_setup.bash
-- Up-to-date symlink: /ros2_ws/install/pendulum2_msgs/share/pendulum2_msgs/local_setup.sh
-- Up-to-date symlink: /ros2_ws/install/pendulum2_msgs/share/pendulum2_msgs/local_setup.zsh
-- Up-to-date symlink: /ros2_ws/install/pendulum2_msgs/share/pendulum2_msgs/local_setup.dsv
-- Symlinking: /ros2_ws/install/pendulum2_msgs/share/pendulum2_msgs/package.dsv
-- Up-to-date symlink: /ros2_ws/install/pendulum2_msgs/share/ament_index/resource_index/packages/pendulum2_msgs
-- Up-to-date symlink: /ros2_ws/install/pendulum2_msgs/share/pendulum2_msgs/cmake/rosidl_cmake-extras.cmake
-- Up-to-date symlink: /ros2_ws/install/pendulum2_msgs/share/pendulum2_msgs/cmake/ament_cmake_export_dependencies-extras.cmake
-- Up-to-date symlink: /ros2_ws/install/pendulum2_msgs/share/pendulum2_msgs/cmake/ament_cmake_export_include_directories-extras.cmake
-- Up-to-date symlink: /ros2_ws/install/pendulum2_msgs/share/pendulum2_msgs/cmake/ament_cmake_export_libraries-extras.cmake
-- Up-to-date symlink: /ros2_ws/install/pendulum2_msgs/share/pendulum2_msgs/cmake/ament_cmake_export_targets-extras.cmake
-- Up-to-date symlink: /ros2_ws/install/pendulum2_msgs/share/pendulum2_msgs/cmake/rosidl_cmake_export_typesupport_targets-extras.cmake
-- Up-to-date symlink: /ros2_ws/install/pendulum2_msgs/share/pendulum2_msgs/cmake/rosidl_cmake_export_typesupport_libraries-extras.cmake
-- Up-to-date symlink: /ros2_ws/install/pendulum2_msgs/share/pendulum2_msgs/cmake/pendulum2_msgsConfig.cmake
-- Up-to-date symlink: /ros2_ws/install/pendulum2_msgs/share/pendulum2_msgs/cmake/pendulum2_msgsConfig-version.cmake
-- Up-to-date symlink: /ros2_ws/install/pendulum2_msgs/share/pendulum2_msgs/package.xml
-- Up-to-date: /ros2_ws/install/pendulum2_msgs/lib/libpendulum2_msgs__rosidl_generator_c.so
-- Up-to-date: /ros2_ws/install/pendulum2_msgs/lib/libpendulum2_msgs__rosidl_typesupport_fastrtps_c.so
-- Up-to-date: /ros2_ws/install/pendulum2_msgs/lib/libpendulum2_msgs__rosidl_typesupport_fastrtps_cpp.so
-- Up-to-date: /ros2_ws/install/pendulum2_msgs/lib/libpendulum2_msgs__rosidl_typesupport_introspection_c.so
-- Up-to-date: /ros2_ws/install/pendulum2_msgs/lib/libpendulum2_msgs__rosidl_typesupport_c.so
-- Up-to-date: /ros2_ws/install/pendulum2_msgs/lib/libpendulum2_msgs__rosidl_typesupport_introspection_cpp.so
-- Up-to-date: /ros2_ws/install/pendulum2_msgs/lib/libpendulum2_msgs__rosidl_typesupport_cpp.so
Listing '/ros2_ws/install/pendulum2_msgs/local/lib/python3.10/dist-packages/pendulum2_msgs'...
Listing '/ros2_ws/install/pendulum2_msgs/local/lib/python3.10/dist-packages/pendulum2_msgs/msg'...
-- Up-to-date: /ros2_ws/install/pendulum2_msgs/lib/libpendulum2_msgs__rosidl_generator_py.so
-- Up-to-date: /ros2_ws/install/pendulum2_msgs/share/pendulum2_msgs/cmake/export_pendulum2_msgs__rosidl_generator_cExport.cmake
-- Up-to-date: /ros2_ws/install/pendulum2_msgs/share/pendulum2_msgs/cmake/export_pendulum2_msgs__rosidl_generator_cExport-release.cmake
-- Up-to-date: /ros2_ws/install/pendulum2_msgs/share/pendulum2_msgs/cmake/export_pendulum2_msgs__rosidl_typesupport_fastrtps_cExport.cmake
-- Up-to-date: /ros2_ws/install/pendulum2_msgs/share/pendulum2_msgs/cmake/export_pendulum2_msgs__rosidl_typesupport_fastrtps_cExport-release.cmake
-- Up-to-date: /ros2_ws/install/pendulum2_msgs/share/pendulum2_msgs/cmake/export_pendulum2_msgs__rosidl_generator_cppExport.cmake
-- Up-to-date: /ros2_ws/install/pendulum2_msgs/share/pendulum2_msgs/cmake/export_pendulum2_msgs__rosidl_typesupport_fastrtps_cppExport.cmake
-- Up-to-date: /ros2_ws/install/pendulum2_msgs/share/pendulum2_msgs/cmake/export_pendulum2_msgs__rosidl_typesupport_fastrtps_cppExport-release.cmake
-- Up-to-date: /ros2_ws/install/pendulum2_msgs/share/pendulum2_msgs/cmake/pendulum2_msgs__rosidl_typesupport_introspection_cExport.cmake
-- Up-to-date: /ros2_ws/install/pendulum2_msgs/share/pendulum2_msgs/cmake/pendulum2_msgs__rosidl_typesupport_introspection_cExport-release.cmake
-- Up-to-date: /ros2_ws/install/pendulum2_msgs/share/pendulum2_msgs/cmake/pendulum2_msgs__rosidl_typesupport_cExport.cmake
-- Up-to-date: /ros2_ws/install/pendulum2_msgs/share/pendulum2_msgs/cmake/pendulum2_msgs__rosidl_typesupport_cExport-release.cmake
-- Up-to-date: /ros2_ws/install/pendulum2_msgs/share/pendulum2_msgs/cmake/pendulum2_msgs__rosidl_typesupport_introspection_cppExport.cmake
-- Up-to-date: /ros2_ws/install/pendulum2_msgs/share/pendulum2_msgs/cmake/pendulum2_msgs__rosidl_typesupport_introspection_cppExport-release.cmake
-- Up-to-date: /ros2_ws/install/pendulum2_msgs/share/pendulum2_msgs/cmake/pendulum2_msgs__rosidl_typesupport_cppExport.cmake
-- Up-to-date: /ros2_ws/install/pendulum2_msgs/share/pendulum2_msgs/cmake/pendulum2_msgs__rosidl_typesupport_cppExport-release.cmake
-- Up-to-date: /ros2_ws/install/pendulum2_msgs/share/pendulum2_msgs/cmake/export_pendulum2_msgs__rosidl_generator_pyExport.cmake
-- Up-to-date: /ros2_ws/install/pendulum2_msgs/share/pendulum2_msgs/cmake/export_pendulum2_msgs__rosidl_generator_pyExport-release.cmake
