[0.054s] Invoking command in '/ros2_ws/build/pendulum2_msgs': CMAKE_PREFIX_PATH=/opt/ros/humble /usr/bin/cmake --build /ros2_ws/build/pendulum2_msgs -- -j8 -l8
[0.149s] [35m[1mConsolidate compiler generated dependencies of target pendulum2_msgs__rosidl_generator_c[0m
[0.170s] [  1%] Built target pendulum2_msgs__cpp
[0.189s] [  1%] Built target ament_cmake_python_symlink_pendulum2_msgs
[0.201s] [ 12%] Built target pendulum2_msgs__rosidl_generator_c
[0.208s] [35m[1mConsolidate compiler generated dependencies of target pendulum2_msgs__rosidl_typesupport_fastrtps_cpp[0m
[0.241s] [35m[1mConsolidate compiler generated dependencies of target pendulum2_msgs__rosidl_typesupport_introspection_cpp[0m
[0.247s] [35m[1mConsolidate compiler generated dependencies of target pendulum2_msgs__rosidl_typesupport_cpp[0m
[0.269s] [35m[1mConsolidate compiler generated dependencies of target pendulum2_msgs__rosidl_typesupport_c[0m
[0.270s] [35m[1mConsolidate compiler generated dependencies of target pendulum2_msgs__rosidl_typesupport_fastrtps_c[0m
[0.306s] [35m[1mConsolidate compiler generated dependencies of target pendulum2_msgs__rosidl_typesupport_introspection_c[0m
[0.391s] [ 23%] Built target pendulum2_msgs__rosidl_typesupport_cpp
[0.397s] [ 34%] Built target pendulum2_msgs__rosidl_typesupport_fastrtps_c
[0.399s] [ 45%] Built target pendulum2_msgs__rosidl_typesupport_introspection_cpp
[0.411s] [ 56%] Built target pendulum2_msgs__rosidl_typesupport_fastrtps_cpp
[0.413s] [ 67%] Built target pendulum2_msgs__rosidl_typesupport_c
[0.418s] [ 78%] Built target pendulum2_msgs__rosidl_typesupport_introspection_c
[0.584s] [ 78%] Built target pendulum2_msgs
[0.736s] [ 80%] Built target pendulum2_msgs__py
[0.835s] [35m[1mConsolidate compiler generated dependencies of target pendulum2_msgs__rosidl_generator_py[0m
[0.911s] [ 89%] Built target pendulum2_msgs__rosidl_generator_py
[0.962s] [35m[1mConsolidate compiler generated dependencies of target pendulum2_msgs__rosidl_typesupport_fastrtps_c__pyext[0m
[0.967s] [35m[1mConsolidate compiler generated dependencies of target pendulum2_msgs__rosidl_typesupport_introspection_c__pyext[0m
[0.995s] [35m[1mConsolidate compiler generated dependencies of target pendulum2_msgs__rosidl_typesupport_c__pyext[0m
[1.012s] [ 92%] Built target pendulum2_msgs__rosidl_typesupport_fastrtps_c__pyext
[1.044s] [ 96%] Built target pendulum2_msgs__rosidl_typesupport_introspection_c__pyext
[1.077s] [100%] Built target pendulum2_msgs__rosidl_typesupport_c__pyext
[1.360s] running egg_info
[1.362s] writing pendulum2_msgs.egg-info/PKG-INFO
[1.363s] writing dependency_links to pendulum2_msgs.egg-info/dependency_links.txt
[1.363s] writing top-level names to pendulum2_msgs.egg-info/top_level.txt
[1.371s] reading manifest file 'pendulum2_msgs.egg-info/SOURCES.txt'
[1.375s] writing manifest file 'pendulum2_msgs.egg-info/SOURCES.txt'
[1.433s] [100%] Built target ament_cmake_python_build_pendulum2_msgs_egg
[1.467s] Invoked command in '/ros2_ws/build/pendulum2_msgs' returned '0': CMAKE_PREFIX_PATH=/opt/ros/humble /usr/bin/cmake --build /ros2_ws/build/pendulum2_msgs -- -j8 -l8
[1.476s] Invoking command in '/ros2_ws/build/pendulum2_msgs': CMAKE_PREFIX_PATH=/opt/ros/humble /usr/bin/cmake --install /ros2_ws/build/pendulum2_msgs
[1.479s] -- Install configuration: "Release"
[1.480s] -- Execute custom install script
[1.482s] -- Up-to-date symlink: /ros2_ws/install/pendulum2_msgs/share/ament_index/resource_index/rosidl_interfaces/pendulum2_msgs
[1.484s] -- Up-to-date symlink: /ros2_ws/install/pendulum2_msgs/include/pendulum2_msgs/pendulum2_msgs/msg/detail/joint_command__functions.h
[1.486s] -- Up-to-date symlink: /ros2_ws/install/pendulum2_msgs/include/pendulum2_msgs/pendulum2_msgs/msg/detail/joint_command__struct.h
[1.486s] -- Up-to-date symlink: /ros2_ws/install/pendulum2_msgs/include/pendulum2_msgs/pendulum2_msgs/msg/detail/joint_command__type_support.h
[1.486s] -- Up-to-date symlink: /ros2_ws/install/pendulum2_msgs/include/pendulum2_msgs/pendulum2_msgs/msg/detail/joint_command_stamped__functions.h
[1.486s] -- Up-to-date symlink: /ros2_ws/install/pendulum2_msgs/include/pendulum2_msgs/pendulum2_msgs/msg/detail/joint_command_stamped__struct.h
[1.486s] -- Up-to-date symlink: /ros2_ws/install/pendulum2_msgs/include/pendulum2_msgs/pendulum2_msgs/msg/detail/joint_command_stamped__type_support.h
[1.491s] -- Up-to-date symlink: /ros2_ws/install/pendulum2_msgs/include/pendulum2_msgs/pendulum2_msgs/msg/detail/joint_state__functions.h
[1.491s] -- Up-to-date symlink: /ros2_ws/install/pendulum2_msgs/include/pendulum2_msgs/pendulum2_msgs/msg/detail/joint_state__struct.h
[1.492s] -- Up-to-date symlink: /ros2_ws/install/pendulum2_msgs/include/pendulum2_msgs/pendulum2_msgs/msg/detail/joint_state__type_support.h
[1.492s] -- Up-to-date symlink: /ros2_ws/install/pendulum2_msgs/include/pendulum2_msgs/pendulum2_msgs/msg/detail/pendulum_teleop__functions.h
[1.492s] -- Up-to-date symlink: /ros2_ws/install/pendulum2_msgs/include/pendulum2_msgs/pendulum2_msgs/msg/detail/pendulum_teleop__struct.h
[1.492s] -- Up-to-date symlink: /ros2_ws/install/pendulum2_msgs/include/pendulum2_msgs/pendulum2_msgs/msg/detail/pendulum_teleop__type_support.h
[1.492s] -- Up-to-date symlink: /ros2_ws/install/pendulum2_msgs/include/pendulum2_msgs/pendulum2_msgs/msg/joint_command.h
[1.493s] -- Up-to-date symlink: /ros2_ws/install/pendulum2_msgs/include/pendulum2_msgs/pendulum2_msgs/msg/joint_command_stamped.h
[1.493s] -- Up-to-date symlink: /ros2_ws/install/pendulum2_msgs/include/pendulum2_msgs/pendulum2_msgs/msg/joint_state.h
[1.493s] -- Up-to-date symlink: /ros2_ws/install/pendulum2_msgs/include/pendulum2_msgs/pendulum2_msgs/msg/pendulum_teleop.h
[1.493s] -- Up-to-date symlink: /ros2_ws/install/pendulum2_msgs/include/pendulum2_msgs/pendulum2_msgs/msg/rosidl_generator_c__visibility_control.h
[1.493s] -- Up-to-date symlink: /ros2_ws/install/pendulum2_msgs/share/pendulum2_msgs/environment/library_path.sh
[1.493s] -- Up-to-date symlink: /ros2_ws/install/pendulum2_msgs/share/pendulum2_msgs/environment/library_path.dsv
[1.503s] -- Up-to-date symlink: /ros2_ws/install/pendulum2_msgs/include/pendulum2_msgs/pendulum2_msgs/msg/detail/joint_command__rosidl_typesupport_fastrtps_c.h
[1.503s] -- Up-to-date symlink: /ros2_ws/install/pendulum2_msgs/include/pendulum2_msgs/pendulum2_msgs/msg/detail/joint_command_stamped__rosidl_typesupport_fastrtps_c.h
[1.504s] -- Up-to-date symlink: /ros2_ws/install/pendulum2_msgs/include/pendulum2_msgs/pendulum2_msgs/msg/detail/joint_state__rosidl_typesupport_fastrtps_c.h
[1.505s] -- Up-to-date symlink: /ros2_ws/install/pendulum2_msgs/include/pendulum2_msgs/pendulum2_msgs/msg/detail/pendulum_teleop__rosidl_typesupport_fastrtps_c.h
[1.505s] -- Up-to-date symlink: /ros2_ws/install/pendulum2_msgs/include/pendulum2_msgs/pendulum2_msgs/msg/rosidl_typesupport_fastrtps_c__visibility_control.h
[1.507s] -- Up-to-date symlink: /ros2_ws/install/pendulum2_msgs/include/pendulum2_msgs/pendulum2_msgs/msg/detail/joint_command__builder.hpp
[1.507s] -- Up-to-date symlink: /ros2_ws/install/pendulum2_msgs/include/pendulum2_msgs/pendulum2_msgs/msg/detail/joint_command__struct.hpp
[1.508s] -- Up-to-date symlink: /ros2_ws/install/pendulum2_msgs/include/pendulum2_msgs/pendulum2_msgs/msg/detail/joint_command__traits.hpp
[1.508s] -- Up-to-date symlink: /ros2_ws/install/pendulum2_msgs/include/pendulum2_msgs/pendulum2_msgs/msg/detail/joint_command__type_support.hpp
[1.508s] -- Up-to-date symlink: /ros2_ws/install/pendulum2_msgs/include/pendulum2_msgs/pendulum2_msgs/msg/detail/joint_command_stamped__builder.hpp
[1.508s] -- Up-to-date symlink: /ros2_ws/install/pendulum2_msgs/include/pendulum2_msgs/pendulum2_msgs/msg/detail/joint_command_stamped__struct.hpp
[1.509s] -- Up-to-date symlink: /ros2_ws/install/pendulum2_msgs/include/pendulum2_msgs/pendulum2_msgs/msg/detail/joint_command_stamped__traits.hpp
[1.509s] -- Up-to-date symlink: /ros2_ws/install/pendulum2_msgs/include/pendulum2_msgs/pendulum2_msgs/msg/detail/joint_command_stamped__type_support.hpp
[1.512s] -- Up-to-date symlink: /ros2_ws/install/pendulum2_msgs/include/pendulum2_msgs/pendulum2_msgs/msg/detail/joint_state__builder.hpp
[1.512s] -- Up-to-date symlink: /ros2_ws/install/pendulum2_msgs/include/pendulum2_msgs/pendulum2_msgs/msg/detail/joint_state__struct.hpp
[1.512s] -- Up-to-date symlink: /ros2_ws/install/pendulum2_msgs/include/pendulum2_msgs/pendulum2_msgs/msg/detail/joint_state__traits.hpp
[1.523s] -- Up-to-date symlink: /ros2_ws/install/pendulum2_msgs/include/pendulum2_msgs/pendulum2_msgs/msg/detail/joint_state__type_support.hpp
[1.523s] -- Up-to-date symlink: /ros2_ws/install/pendulum2_msgs/include/pendulum2_msgs/pendulum2_msgs/msg/detail/pendulum_teleop__builder.hpp
[1.523s] -- Up-to-date symlink: /ros2_ws/install/pendulum2_msgs/include/pendulum2_msgs/pendulum2_msgs/msg/detail/pendulum_teleop__struct.hpp
[1.524s] -- Up-to-date symlink: /ros2_ws/install/pendulum2_msgs/include/pendulum2_msgs/pendulum2_msgs/msg/detail/pendulum_teleop__traits.hpp
[1.524s] -- Up-to-date symlink: /ros2_ws/install/pendulum2_msgs/include/pendulum2_msgs/pendulum2_msgs/msg/detail/pendulum_teleop__type_support.hpp
[1.524s] -- Up-to-date symlink: /ros2_ws/install/pendulum2_msgs/include/pendulum2_msgs/pendulum2_msgs/msg/joint_command.hpp
[1.524s] -- Up-to-date symlink: /ros2_ws/install/pendulum2_msgs/include/pendulum2_msgs/pendulum2_msgs/msg/joint_command_stamped.hpp
[1.524s] -- Up-to-date symlink: /ros2_ws/install/pendulum2_msgs/include/pendulum2_msgs/pendulum2_msgs/msg/joint_state.hpp
[1.525s] -- Up-to-date symlink: /ros2_ws/install/pendulum2_msgs/include/pendulum2_msgs/pendulum2_msgs/msg/pendulum_teleop.hpp
[1.525s] -- Up-to-date symlink: /ros2_ws/install/pendulum2_msgs/include/pendulum2_msgs/pendulum2_msgs/msg/rosidl_generator_cpp__visibility_control.hpp
[1.525s] -- Up-to-date symlink: /ros2_ws/install/pendulum2_msgs/include/pendulum2_msgs/pendulum2_msgs/msg/detail/joint_command__rosidl_typesupport_fastrtps_cpp.hpp
[1.525s] -- Up-to-date symlink: /ros2_ws/install/pendulum2_msgs/include/pendulum2_msgs/pendulum2_msgs/msg/detail/joint_command_stamped__rosidl_typesupport_fastrtps_cpp.hpp
[1.525s] -- Up-to-date symlink: /ros2_ws/install/pendulum2_msgs/include/pendulum2_msgs/pendulum2_msgs/msg/detail/joint_state__rosidl_typesupport_fastrtps_cpp.hpp
[1.526s] -- Up-to-date symlink: /ros2_ws/install/pendulum2_msgs/include/pendulum2_msgs/pendulum2_msgs/msg/detail/pendulum_teleop__rosidl_typesupport_fastrtps_cpp.hpp
[1.526s] -- Up-to-date symlink: /ros2_ws/install/pendulum2_msgs/include/pendulum2_msgs/pendulum2_msgs/msg/rosidl_typesupport_fastrtps_cpp__visibility_control.h
[1.527s] -- Up-to-date symlink: /ros2_ws/install/pendulum2_msgs/include/pendulum2_msgs/pendulum2_msgs/msg/detail/joint_command__rosidl_typesupport_introspection_c.h
[1.527s] -- Up-to-date symlink: /ros2_ws/install/pendulum2_msgs/include/pendulum2_msgs/pendulum2_msgs/msg/detail/joint_command_stamped__rosidl_typesupport_introspection_c.h
[1.529s] -- Up-to-date symlink: /ros2_ws/install/pendulum2_msgs/include/pendulum2_msgs/pendulum2_msgs/msg/detail/joint_state__rosidl_typesupport_introspection_c.h
[1.529s] -- Up-to-date symlink: /ros2_ws/install/pendulum2_msgs/include/pendulum2_msgs/pendulum2_msgs/msg/detail/pendulum_teleop__rosidl_typesupport_introspection_c.h
[1.529s] -- Up-to-date symlink: /ros2_ws/install/pendulum2_msgs/include/pendulum2_msgs/pendulum2_msgs/msg/rosidl_typesupport_introspection_c__visibility_control.h
[1.529s] -- Up-to-date symlink: /ros2_ws/install/pendulum2_msgs/include/pendulum2_msgs/pendulum2_msgs/msg/detail/joint_command__rosidl_typesupport_introspection_cpp.hpp
[1.530s] -- Up-to-date symlink: /ros2_ws/install/pendulum2_msgs/include/pendulum2_msgs/pendulum2_msgs/msg/detail/joint_command_stamped__rosidl_typesupport_introspection_cpp.hpp
[1.530s] -- Up-to-date symlink: /ros2_ws/install/pendulum2_msgs/include/pendulum2_msgs/pendulum2_msgs/msg/detail/joint_state__rosidl_typesupport_introspection_cpp.hpp
[1.532s] -- Up-to-date symlink: /ros2_ws/install/pendulum2_msgs/include/pendulum2_msgs/pendulum2_msgs/msg/detail/pendulum_teleop__rosidl_typesupport_introspection_cpp.hpp
[1.537s] -- Up-to-date symlink: /ros2_ws/install/pendulum2_msgs/share/pendulum2_msgs/environment/pythonpath.sh
[1.537s] -- Up-to-date symlink: /ros2_ws/install/pendulum2_msgs/share/pendulum2_msgs/environment/pythonpath.dsv
[1.538s] -- Up-to-date symlink: /ros2_ws/install/pendulum2_msgs/local/lib/python3.10/dist-packages/pendulum2_msgs-0.0.1-py3.10.egg-info/PKG-INFO
[1.538s] -- Up-to-date symlink: /ros2_ws/install/pendulum2_msgs/local/lib/python3.10/dist-packages/pendulum2_msgs-0.0.1-py3.10.egg-info/SOURCES.txt
[1.538s] -- Up-to-date symlink: /ros2_ws/install/pendulum2_msgs/local/lib/python3.10/dist-packages/pendulum2_msgs-0.0.1-py3.10.egg-info/dependency_links.txt
[1.539s] -- Up-to-date symlink: /ros2_ws/install/pendulum2_msgs/local/lib/python3.10/dist-packages/pendulum2_msgs-0.0.1-py3.10.egg-info/top_level.txt
[1.539s] -- Up-to-date symlink: /ros2_ws/install/pendulum2_msgs/local/lib/python3.10/dist-packages/pendulum2_msgs/__init__.py
[1.539s] -- Up-to-date symlink: /ros2_ws/install/pendulum2_msgs/local/lib/python3.10/dist-packages/pendulum2_msgs/_pendulum2_msgs_s.ep.rosidl_typesupport_c.c
[1.543s] -- Up-to-date symlink: /ros2_ws/install/pendulum2_msgs/local/lib/python3.10/dist-packages/pendulum2_msgs/_pendulum2_msgs_s.ep.rosidl_typesupport_fastrtps_c.c
[1.543s] -- Up-to-date symlink: /ros2_ws/install/pendulum2_msgs/local/lib/python3.10/dist-packages/pendulum2_msgs/_pendulum2_msgs_s.ep.rosidl_typesupport_introspection_c.c
[1.544s] -- Up-to-date symlink: /ros2_ws/install/pendulum2_msgs/local/lib/python3.10/dist-packages/pendulum2_msgs/libpendulum2_msgs__rosidl_generator_py.so
[1.544s] -- Up-to-date symlink: /ros2_ws/install/pendulum2_msgs/local/lib/python3.10/dist-packages/pendulum2_msgs/msg/__init__.py
[1.544s] -- Up-to-date symlink: /ros2_ws/install/pendulum2_msgs/local/lib/python3.10/dist-packages/pendulum2_msgs/msg/_joint_command.py
[1.544s] -- Up-to-date symlink: /ros2_ws/install/pendulum2_msgs/local/lib/python3.10/dist-packages/pendulum2_msgs/msg/_joint_command_s.c
[1.544s] -- Up-to-date symlink: /ros2_ws/install/pendulum2_msgs/local/lib/python3.10/dist-packages/pendulum2_msgs/msg/_joint_command_stamped.py
[1.545s] -- Up-to-date symlink: /ros2_ws/install/pendulum2_msgs/local/lib/python3.10/dist-packages/pendulum2_msgs/msg/_joint_command_stamped_s.c
[1.545s] -- Up-to-date symlink: /ros2_ws/install/pendulum2_msgs/local/lib/python3.10/dist-packages/pendulum2_msgs/msg/_joint_state.py
[1.545s] -- Up-to-date symlink: /ros2_ws/install/pendulum2_msgs/local/lib/python3.10/dist-packages/pendulum2_msgs/msg/_joint_state_s.c
[1.546s] -- Up-to-date symlink: /ros2_ws/install/pendulum2_msgs/local/lib/python3.10/dist-packages/pendulum2_msgs/msg/_pendulum_teleop.py
[1.547s] -- Up-to-date symlink: /ros2_ws/install/pendulum2_msgs/local/lib/python3.10/dist-packages/pendulum2_msgs/msg/_pendulum_teleop_s.c
[1.547s] -- Up-to-date symlink: /ros2_ws/install/pendulum2_msgs/local/lib/python3.10/dist-packages/pendulum2_msgs/pendulum2_msgs_s__rosidl_typesupport_c.cpython-310-x86_64-linux-gnu.so
[1.550s] -- Up-to-date symlink: /ros2_ws/install/pendulum2_msgs/local/lib/python3.10/dist-packages/pendulum2_msgs/pendulum2_msgs_s__rosidl_typesupport_fastrtps_c.cpython-310-x86_64-linux-gnu.so
[1.550s] -- Up-to-date symlink: /ros2_ws/install/pendulum2_msgs/local/lib/python3.10/dist-packages/pendulum2_msgs/pendulum2_msgs_s__rosidl_typesupport_introspection_c.cpython-310-x86_64-linux-gnu.so
[1.551s] -- Up-to-date symlink: /ros2_ws/install/pendulum2_msgs/local/lib/python3.10/dist-packages/pendulum2_msgs/pendulum2_msgs_s__rosidl_typesupport_fastrtps_c.cpython-310-x86_64-linux-gnu.so
[1.551s] -- Up-to-date symlink: /ros2_ws/install/pendulum2_msgs/local/lib/python3.10/dist-packages/pendulum2_msgs/pendulum2_msgs_s__rosidl_typesupport_introspection_c.cpython-310-x86_64-linux-gnu.so
[1.552s] -- Up-to-date symlink: /ros2_ws/install/pendulum2_msgs/local/lib/python3.10/dist-packages/pendulum2_msgs/pendulum2_msgs_s__rosidl_typesupport_c.cpython-310-x86_64-linux-gnu.so
[1.561s] -- Up-to-date symlink: /ros2_ws/install/pendulum2_msgs/share/pendulum2_msgs/msg/JointState.idl
[1.562s] -- Up-to-date symlink: /ros2_ws/install/pendulum2_msgs/share/pendulum2_msgs/msg/JointCommand.idl
[1.562s] -- Up-to-date symlink: /ros2_ws/install/pendulum2_msgs/share/pendulum2_msgs/msg/JointCommandStamped.idl
[1.563s] -- Up-to-date symlink: /ros2_ws/install/pendulum2_msgs/share/pendulum2_msgs/msg/PendulumTeleop.idl
[1.565s] -- Up-to-date symlink: /ros2_ws/install/pendulum2_msgs/share/pendulum2_msgs/msg/JointState.msg
[1.565s] -- Up-to-date symlink: /ros2_ws/install/pendulum2_msgs/share/pendulum2_msgs/msg/JointCommand.msg
[1.565s] -- Up-to-date symlink: /ros2_ws/install/pendulum2_msgs/share/pendulum2_msgs/msg/JointCommandStamped.msg
[1.566s] -- Up-to-date symlink: /ros2_ws/install/pendulum2_msgs/share/pendulum2_msgs/msg/PendulumTeleop.msg
[1.566s] -- Up-to-date symlink: /ros2_ws/install/pendulum2_msgs/share/ament_index/resource_index/package_run_dependencies/pendulum2_msgs
[1.566s] -- Up-to-date symlink: /ros2_ws/install/pendulum2_msgs/share/ament_index/resource_index/parent_prefix_path/pendulum2_msgs
[1.567s] -- Up-to-date symlink: /ros2_ws/install/pendulum2_msgs/share/pendulum2_msgs/environment/ament_prefix_path.sh
[1.567s] -- Up-to-date symlink: /ros2_ws/install/pendulum2_msgs/share/pendulum2_msgs/environment/ament_prefix_path.dsv
[1.567s] -- Up-to-date symlink: /ros2_ws/install/pendulum2_msgs/share/pendulum2_msgs/environment/path.sh
[1.568s] -- Up-to-date symlink: /ros2_ws/install/pendulum2_msgs/share/pendulum2_msgs/environment/path.dsv
[1.568s] -- Up-to-date symlink: /ros2_ws/install/pendulum2_msgs/share/pendulum2_msgs/local_setup.bash
[1.568s] -- Up-to-date symlink: /ros2_ws/install/pendulum2_msgs/share/pendulum2_msgs/local_setup.sh
[1.568s] -- Up-to-date symlink: /ros2_ws/install/pendulum2_msgs/share/pendulum2_msgs/local_setup.zsh
[1.568s] -- Up-to-date symlink: /ros2_ws/install/pendulum2_msgs/share/pendulum2_msgs/local_setup.dsv
[1.568s] -- Symlinking: /ros2_ws/install/pendulum2_msgs/share/pendulum2_msgs/package.dsv
[1.571s] -- Up-to-date symlink: /ros2_ws/install/pendulum2_msgs/share/ament_index/resource_index/packages/pendulum2_msgs
[1.572s] -- Up-to-date symlink: /ros2_ws/install/pendulum2_msgs/share/pendulum2_msgs/cmake/rosidl_cmake-extras.cmake
[1.573s] -- Up-to-date symlink: /ros2_ws/install/pendulum2_msgs/share/pendulum2_msgs/cmake/ament_cmake_export_dependencies-extras.cmake
[1.573s] -- Up-to-date symlink: /ros2_ws/install/pendulum2_msgs/share/pendulum2_msgs/cmake/ament_cmake_export_include_directories-extras.cmake
[1.574s] -- Up-to-date symlink: /ros2_ws/install/pendulum2_msgs/share/pendulum2_msgs/cmake/ament_cmake_export_libraries-extras.cmake
[1.575s] -- Up-to-date symlink: /ros2_ws/install/pendulum2_msgs/share/pendulum2_msgs/cmake/ament_cmake_export_targets-extras.cmake
[1.575s] -- Up-to-date symlink: /ros2_ws/install/pendulum2_msgs/share/pendulum2_msgs/cmake/rosidl_cmake_export_typesupport_targets-extras.cmake
[1.576s] -- Up-to-date symlink: /ros2_ws/install/pendulum2_msgs/share/pendulum2_msgs/cmake/rosidl_cmake_export_typesupport_libraries-extras.cmake
[1.576s] -- Up-to-date symlink: /ros2_ws/install/pendulum2_msgs/share/pendulum2_msgs/cmake/pendulum2_msgsConfig.cmake
[1.577s] -- Up-to-date symlink: /ros2_ws/install/pendulum2_msgs/share/pendulum2_msgs/cmake/pendulum2_msgsConfig-version.cmake
[1.578s] -- Up-to-date symlink: /ros2_ws/install/pendulum2_msgs/share/pendulum2_msgs/package.xml
[1.578s] -- Up-to-date: /ros2_ws/install/pendulum2_msgs/lib/libpendulum2_msgs__rosidl_generator_c.so
[1.579s] -- Up-to-date: /ros2_ws/install/pendulum2_msgs/lib/libpendulum2_msgs__rosidl_typesupport_fastrtps_c.so
[1.579s] -- Up-to-date: /ros2_ws/install/pendulum2_msgs/lib/libpendulum2_msgs__rosidl_typesupport_fastrtps_cpp.so
[1.580s] -- Up-to-date: /ros2_ws/install/pendulum2_msgs/lib/libpendulum2_msgs__rosidl_typesupport_introspection_c.so
[1.581s] -- Up-to-date: /ros2_ws/install/pendulum2_msgs/lib/libpendulum2_msgs__rosidl_typesupport_c.so
[1.585s] -- Up-to-date: /ros2_ws/install/pendulum2_msgs/lib/libpendulum2_msgs__rosidl_typesupport_introspection_cpp.so
[1.586s] -- Up-to-date: /ros2_ws/install/pendulum2_msgs/lib/libpendulum2_msgs__rosidl_typesupport_cpp.so
[1.641s] Listing '/ros2_ws/install/pendulum2_msgs/local/lib/python3.10/dist-packages/pendulum2_msgs'...
[1.642s] Listing '/ros2_ws/install/pendulum2_msgs/local/lib/python3.10/dist-packages/pendulum2_msgs/msg'...
[1.687s] -- Up-to-date: /ros2_ws/install/pendulum2_msgs/lib/libpendulum2_msgs__rosidl_generator_py.so
[1.691s] -- Up-to-date: /ros2_ws/install/pendulum2_msgs/share/pendulum2_msgs/cmake/export_pendulum2_msgs__rosidl_generator_cExport.cmake
[1.692s] -- Up-to-date: /ros2_ws/install/pendulum2_msgs/share/pendulum2_msgs/cmake/export_pendulum2_msgs__rosidl_generator_cExport-release.cmake
[1.693s] -- Up-to-date: /ros2_ws/install/pendulum2_msgs/share/pendulum2_msgs/cmake/export_pendulum2_msgs__rosidl_typesupport_fastrtps_cExport.cmake
[1.694s] -- Up-to-date: /ros2_ws/install/pendulum2_msgs/share/pendulum2_msgs/cmake/export_pendulum2_msgs__rosidl_typesupport_fastrtps_cExport-release.cmake
[1.695s] -- Up-to-date: /ros2_ws/install/pendulum2_msgs/share/pendulum2_msgs/cmake/export_pendulum2_msgs__rosidl_generator_cppExport.cmake
[1.696s] -- Up-to-date: /ros2_ws/install/pendulum2_msgs/share/pendulum2_msgs/cmake/export_pendulum2_msgs__rosidl_typesupport_fastrtps_cppExport.cmake
[1.700s] -- Up-to-date: /ros2_ws/install/pendulum2_msgs/share/pendulum2_msgs/cmake/export_pendulum2_msgs__rosidl_typesupport_fastrtps_cppExport-release.cmake
[1.702s] -- Up-to-date: /ros2_ws/install/pendulum2_msgs/share/pendulum2_msgs/cmake/pendulum2_msgs__rosidl_typesupport_introspection_cExport.cmake
[1.705s] -- Up-to-date: /ros2_ws/install/pendulum2_msgs/share/pendulum2_msgs/cmake/pendulum2_msgs__rosidl_typesupport_introspection_cExport-release.cmake
[1.709s] -- Up-to-date: /ros2_ws/install/pendulum2_msgs/share/pendulum2_msgs/cmake/pendulum2_msgs__rosidl_typesupport_cExport.cmake
[1.713s] -- Up-to-date: /ros2_ws/install/pendulum2_msgs/share/pendulum2_msgs/cmake/pendulum2_msgs__rosidl_typesupport_cExport-release.cmake
[1.717s] -- Up-to-date: /ros2_ws/install/pendulum2_msgs/share/pendulum2_msgs/cmake/pendulum2_msgs__rosidl_typesupport_introspection_cppExport.cmake
[1.717s] -- Up-to-date: /ros2_ws/install/pendulum2_msgs/share/pendulum2_msgs/cmake/pendulum2_msgs__rosidl_typesupport_introspection_cppExport-release.cmake
[1.723s] -- Up-to-date: /ros2_ws/install/pendulum2_msgs/share/pendulum2_msgs/cmake/pendulum2_msgs__rosidl_typesupport_cppExport.cmake
[1.727s] -- Up-to-date: /ros2_ws/install/pendulum2_msgs/share/pendulum2_msgs/cmake/pendulum2_msgs__rosidl_typesupport_cppExport-release.cmake
[1.732s] -- Up-to-date: /ros2_ws/install/pendulum2_msgs/share/pendulum2_msgs/cmake/export_pendulum2_msgs__rosidl_generator_pyExport.cmake
[1.732s] -- Up-to-date: /ros2_ws/install/pendulum2_msgs/share/pendulum2_msgs/cmake/export_pendulum2_msgs__rosidl_generator_pyExport-release.cmake
[1.812s] Invoked command in '/ros2_ws/build/pendulum2_msgs' returned '0': CMAKE_PREFIX_PATH=/opt/ros/humble /usr/bin/cmake --install /ros2_ws/build/pendulum2_msgs
