running develop
running egg_info
creating spot_bringup.egg-info
writing spot_bringup.egg-info/PKG-INFO
writing dependency_links to spot_bringup.egg-info/dependency_links.txt
writing entry points to spot_bringup.egg-info/entry_points.txt
writing requirements to spot_bringup.egg-info/requires.txt
writing top-level names to spot_bringup.egg-info/top_level.txt
writing manifest file 'spot_bringup.egg-info/SOURCES.txt'
reading manifest file 'spot_bringup.egg-info/SOURCES.txt'
writing manifest file 'spot_bringup.egg-info/SOURCES.txt'
running build_ext
Creating /ros2_ws/install/spot_bringup/lib/python3.10/site-packages/spot-bringup.egg-link (link to .)
Installing pointcloud_transform script to /ros2_ws/install/spot_bringup/lib/spot_bringup
Installing thermal_to_rgb script to /ros2_ws/install/spot_bringup/lib/spot_bringup

Installed /ros2_ws/build/spot_bringup
running symlink_data
creating /ros2_ws/install/spot_bringup/share/ament_index
creating /ros2_ws/install/spot_bringup/share/ament_index/resource_index
creating /ros2_ws/install/spot_bringup/share/ament_index/resource_index/packages
symbolically linking /ros2_ws/build/spot_bringup/resource/spot_bringup -> /ros2_ws/install/spot_bringup/share/ament_index/resource_index/packages
symbolically linking /ros2_ws/build/spot_bringup/package.xml -> /ros2_ws/install/spot_bringup/share/spot_bringup
creating /ros2_ws/install/spot_bringup/share/spot_bringup/launch
symbolically linking /ros2_ws/build/spot_bringup/launch/spot.gazebo.launch.py -> /ros2_ws/install/spot_bringup/share/spot_bringup/launch
creating /ros2_ws/install/spot_bringup/share/spot_bringup/config
symbolically linking /ros2_ws/build/spot_bringup/config/spot_bridge.yaml -> /ros2_ws/install/spot_bringup/share/spot_bringup/config
symbolically linking /ros2_ws/build/spot_bringup/config/spot.rviz -> /ros2_ws/install/spot_bringup/share/spot_bringup/config
