[1.832s] Invoking command in '/ros2_ws/build/spot_bringup': AMENT_PREFIX_PATH=/ros2_ws/install/spot_gazebo:/ros2_ws/install/spot_description:${AMENT_PREFIX_PATH} CMAKE_PREFIX_PATH=/ros2_ws/install/spot_gazebo:/ros2_ws/install/spot_description IGN_GAZEBO_PLUGIN_PATH=/ros2_ws/install/spot_gazebo/lib/spot_gazebo IGN_GAZEBO_RESOURCE_PATH=/ros2_ws/install/spot_gazebo/share/spot_gazebo/worlds:/ros2_ws/install/spot_description/share/spot_description/models PYTHONPATH=/ros2_ws/build/spot_bringup/prefix_override:/usr/lib/python3/dist-packages/colcon_core/task/python/colcon_distutils_commands:/ros2_ws/install/spot_bringup/lib/python3.10/site-packages:${PYTHONPATH} /usr/bin/python3 -W ignore:setup.py install is deprecated -W ignore:easy_install command is deprecated setup.py develop --editable --build-directory /ros2_ws/build/spot_bringup/build --no-deps symlink_data
[3.047s] running develop
[3.074s] running egg_info
[3.075s] creating spot_bringup.egg-info
[3.075s] writing spot_bringup.egg-info/PKG-INFO
[3.076s] writing dependency_links to spot_bringup.egg-info/dependency_links.txt
[3.076s] writing entry points to spot_bringup.egg-info/entry_points.txt
[3.077s] writing requirements to spot_bringup.egg-info/requires.txt
[3.077s] writing top-level names to spot_bringup.egg-info/top_level.txt
[3.077s] writing manifest file 'spot_bringup.egg-info/SOURCES.txt'
[3.082s] reading manifest file 'spot_bringup.egg-info/SOURCES.txt'
[3.084s] writing manifest file 'spot_bringup.egg-info/SOURCES.txt'
[3.088s] running build_ext
[3.088s] Creating /ros2_ws/install/spot_bringup/lib/python3.10/site-packages/spot-bringup.egg-link (link to .)
[3.090s] Installing pointcloud_transform script to /ros2_ws/install/spot_bringup/lib/spot_bringup
[3.091s] Installing thermal_to_rgb script to /ros2_ws/install/spot_bringup/lib/spot_bringup
[3.091s] 
[3.091s] Installed /ros2_ws/build/spot_bringup
[3.092s] running symlink_data
[3.092s] creating /ros2_ws/install/spot_bringup/share/ament_index
[3.092s] creating /ros2_ws/install/spot_bringup/share/ament_index/resource_index
[3.092s] creating /ros2_ws/install/spot_bringup/share/ament_index/resource_index/packages
[3.092s] symbolically linking /ros2_ws/build/spot_bringup/resource/spot_bringup -> /ros2_ws/install/spot_bringup/share/ament_index/resource_index/packages
[3.093s] symbolically linking /ros2_ws/build/spot_bringup/package.xml -> /ros2_ws/install/spot_bringup/share/spot_bringup
[3.093s] creating /ros2_ws/install/spot_bringup/share/spot_bringup/launch
[3.093s] symbolically linking /ros2_ws/build/spot_bringup/launch/spot.gazebo.launch.py -> /ros2_ws/install/spot_bringup/share/spot_bringup/launch
[3.093s] creating /ros2_ws/install/spot_bringup/share/spot_bringup/config
[3.093s] symbolically linking /ros2_ws/build/spot_bringup/config/spot_bridge.yaml -> /ros2_ws/install/spot_bringup/share/spot_bringup/config
[3.094s] symbolically linking /ros2_ws/build/spot_bringup/config/spot.rviz -> /ros2_ws/install/spot_bringup/share/spot_bringup/config
[3.172s] Invoked command in '/ros2_ws/build/spot_bringup' returned '0': AMENT_PREFIX_PATH=/ros2_ws/install/spot_gazebo:/ros2_ws/install/spot_description:${AMENT_PREFIX_PATH} CMAKE_PREFIX_PATH=/ros2_ws/install/spot_gazebo:/ros2_ws/install/spot_description IGN_GAZEBO_PLUGIN_PATH=/ros2_ws/install/spot_gazebo/lib/spot_gazebo IGN_GAZEBO_RESOURCE_PATH=/ros2_ws/install/spot_gazebo/share/spot_gazebo/worlds:/ros2_ws/install/spot_description/share/spot_description/models PYTHONPATH=/ros2_ws/build/spot_bringup/prefix_override:/usr/lib/python3/dist-packages/colcon_core/task/python/colcon_distutils_commands:/ros2_ws/install/spot_bringup/lib/python3.10/site-packages:${PYTHONPATH} /usr/bin/python3 -W ignore:setup.py install is deprecated -W ignore:easy_install command is deprecated setup.py develop --editable --build-directory /ros2_ws/build/spot_bringup/build --no-deps symlink_data
