[0.144s] Invoking command in '/ros2_ws/build/pendulum_bringup': AMENT_PREFIX_PATH=/ros2_ws/install/pendulum_demo:/ros2_ws/install/pendulum_state_publisher:/ros2_ws/install/pendulum_driver:/ros2_ws/install/pendulum_controller:/ros2_ws/install/pendulum_utils:/ros2_ws/install/pendulum2_msgs:${AMENT_PREFIX_PATH} CMAKE_PREFIX_PATH=/ros2_ws/install/pendulum_demo:/ros2_ws/install/pendulum_state_publisher:/ros2_ws/install/pendulum_driver:/ros2_ws/install/pendulum_controller:/ros2_ws/install/pendulum_utils:/ros2_ws/install/pendulum2_msgs:/opt/ros/humble LD_LIBRARY_PATH=/ros2_ws/install/pendulum_driver/lib:/ros2_ws/install/pendulum_controller/lib:/ros2_ws/install/pendulum_utils/lib:/ros2_ws/install/pendulum2_msgs/lib:${LD_LIBRARY_PATH} PYTHONPATH=/ros2_ws/install/pendulum2_msgs/local/lib/python3.10/dist-packages:${PYTHONPATH} /usr/bin/cmake --build /ros2_ws/build/pendulum_bringup -- -j8 -l8
[0.232s] Invoked command in '/ros2_ws/build/pendulum_bringup' returned '0': AMENT_PREFIX_PATH=/ros2_ws/install/pendulum_demo:/ros2_ws/install/pendulum_state_publisher:/ros2_ws/install/pendulum_driver:/ros2_ws/install/pendulum_controller:/ros2_ws/install/pendulum_utils:/ros2_ws/install/pendulum2_msgs:${AMENT_PREFIX_PATH} CMAKE_PREFIX_PATH=/ros2_ws/install/pendulum_demo:/ros2_ws/install/pendulum_state_publisher:/ros2_ws/install/pendulum_driver:/ros2_ws/install/pendulum_controller:/ros2_ws/install/pendulum_utils:/ros2_ws/install/pendulum2_msgs:/opt/ros/humble LD_LIBRARY_PATH=/ros2_ws/install/pendulum_driver/lib:/ros2_ws/install/pendulum_controller/lib:/ros2_ws/install/pendulum_utils/lib:/ros2_ws/install/pendulum2_msgs/lib:${LD_LIBRARY_PATH} PYTHONPATH=/ros2_ws/install/pendulum2_msgs/local/lib/python3.10/dist-packages:${PYTHONPATH} /usr/bin/cmake --build /ros2_ws/build/pendulum_bringup -- -j8 -l8
[0.235s] Invoking command in '/ros2_ws/build/pendulum_bringup': AMENT_PREFIX_PATH=/ros2_ws/install/pendulum_demo:/ros2_ws/install/pendulum_state_publisher:/ros2_ws/install/pendulum_driver:/ros2_ws/install/pendulum_controller:/ros2_ws/install/pendulum_utils:/ros2_ws/install/pendulum2_msgs:${AMENT_PREFIX_PATH} CMAKE_PREFIX_PATH=/ros2_ws/install/pendulum_demo:/ros2_ws/install/pendulum_state_publisher:/ros2_ws/install/pendulum_driver:/ros2_ws/install/pendulum_controller:/ros2_ws/install/pendulum_utils:/ros2_ws/install/pendulum2_msgs:/opt/ros/humble LD_LIBRARY_PATH=/ros2_ws/install/pendulum_driver/lib:/ros2_ws/install/pendulum_controller/lib:/ros2_ws/install/pendulum_utils/lib:/ros2_ws/install/pendulum2_msgs/lib:${LD_LIBRARY_PATH} PYTHONPATH=/ros2_ws/install/pendulum2_msgs/local/lib/python3.10/dist-packages:${PYTHONPATH} /usr/bin/cmake --install /ros2_ws/build/pendulum_bringup
[0.277s] -- Install configuration: "Release"
[0.277s] -- Execute custom install script
[0.278s] -- Up-to-date symlink: /ros2_ws/install/pendulum_bringup/share/pendulum_bringup/rviz/pendulum.rviz
[0.278s] -- Up-to-date symlink: /ros2_ws/install/pendulum_bringup/share/pendulum_bringup/urdf/pendulum.urdf
[0.278s] -- Up-to-date symlink: /ros2_ws/install/pendulum_bringup/share/pendulum_bringup/launch/pendulum_bringup.launch.py
[0.278s] -- Up-to-date symlink: /ros2_ws/install/pendulum_bringup/share/pendulum_bringup/launch/pendulum_trace.launch.py
[0.279s] -- Up-to-date symlink: /ros2_ws/install/pendulum_bringup/share/pendulum_bringup/launch/pendulum_trace_memory.launch.py
[0.279s] -- Up-to-date symlink: /ros2_ws/install/pendulum_bringup/share/pendulum_bringup/params/pendulum.param.yaml
[0.279s] -- Up-to-date symlink: /ros2_ws/install/pendulum_bringup/share/ament_index/resource_index/package_run_dependencies/pendulum_bringup
[0.279s] -- Up-to-date symlink: /ros2_ws/install/pendulum_bringup/share/ament_index/resource_index/parent_prefix_path/pendulum_bringup
[0.280s] -- Up-to-date symlink: /ros2_ws/install/pendulum_bringup/share/pendulum_bringup/environment/ament_prefix_path.sh
[0.280s] -- Up-to-date symlink: /ros2_ws/install/pendulum_bringup/share/pendulum_bringup/environment/ament_prefix_path.dsv
[0.280s] -- Up-to-date symlink: /ros2_ws/install/pendulum_bringup/share/pendulum_bringup/environment/path.sh
[0.280s] -- Up-to-date symlink: /ros2_ws/install/pendulum_bringup/share/pendulum_bringup/environment/path.dsv
[0.280s] -- Up-to-date symlink: /ros2_ws/install/pendulum_bringup/share/pendulum_bringup/local_setup.bash
[0.281s] -- Up-to-date symlink: /ros2_ws/install/pendulum_bringup/share/pendulum_bringup/local_setup.sh
[0.281s] -- Up-to-date symlink: /ros2_ws/install/pendulum_bringup/share/pendulum_bringup/local_setup.zsh
[0.281s] -- Up-to-date symlink: /ros2_ws/install/pendulum_bringup/share/pendulum_bringup/local_setup.dsv
[0.282s] -- Symlinking: /ros2_ws/install/pendulum_bringup/share/pendulum_bringup/package.dsv
[0.286s] -- Up-to-date symlink: /ros2_ws/install/pendulum_bringup/share/ament_index/resource_index/packages/pendulum_bringup
[0.289s] -- Up-to-date symlink: /ros2_ws/install/pendulum_bringup/share/pendulum_bringup/cmake/pendulum_bringupConfig.cmake
[0.289s] -- Up-to-date symlink: /ros2_ws/install/pendulum_bringup/share/pendulum_bringup/cmake/pendulum_bringupConfig-version.cmake
[0.289s] -- Up-to-date symlink: /ros2_ws/install/pendulum_bringup/share/pendulum_bringup/package.xml
[0.293s] Invoked command in '/ros2_ws/build/pendulum_bringup' returned '0': AMENT_PREFIX_PATH=/ros2_ws/install/pendulum_demo:/ros2_ws/install/pendulum_state_publisher:/ros2_ws/install/pendulum_driver:/ros2_ws/install/pendulum_controller:/ros2_ws/install/pendulum_utils:/ros2_ws/install/pendulum2_msgs:${AMENT_PREFIX_PATH} CMAKE_PREFIX_PATH=/ros2_ws/install/pendulum_demo:/ros2_ws/install/pendulum_state_publisher:/ros2_ws/install/pendulum_driver:/ros2_ws/install/pendulum_controller:/ros2_ws/install/pendulum_utils:/ros2_ws/install/pendulum2_msgs:/opt/ros/humble LD_LIBRARY_PATH=/ros2_ws/install/pendulum_driver/lib:/ros2_ws/install/pendulum_controller/lib:/ros2_ws/install/pendulum_utils/lib:/ros2_ws/install/pendulum2_msgs/lib:${LD_LIBRARY_PATH} PYTHONPATH=/ros2_ws/install/pendulum2_msgs/local/lib/python3.10/dist-packages:${PYTHONPATH} /usr/bin/cmake --install /ros2_ws/build/pendulum_bringup
