[0.232s] Invoking command in '/ros2_ws/build/ros2_linkattacher': AMENT_PREFIX_PATH=/ros2_ws/install/linkattacher_msgs:${AMENT_PREFIX_PATH} CMAKE_PREFIX_PATH=/ros2_ws/install/linkattacher_msgs:/opt/ros/humble LD_LIBRARY_PATH=/ros2_ws/install/linkattacher_msgs/lib:${LD_LIBRARY_PATH} PYTHONPATH=/ros2_ws/install/linkattacher_msgs/local/lib/python3.10/dist-packages:${PYTHONPATH} /usr/bin/cmake --build /ros2_ws/build/ros2_linkattacher -- -j8 -l8
[0.395s] [35m[1mConsolidate compiler generated dependencies of target gazebo_link_attacher[0m
[0.536s] [100%] Built target gazebo_link_attacher
[0.934s] Invoked command in '/ros2_ws/build/ros2_linkattacher' returned '0': AMENT_PREFIX_PATH=/ros2_ws/install/linkattacher_msgs:${AMENT_PREFIX_PATH} CMAKE_PREFIX_PATH=/ros2_ws/install/linkattacher_msgs:/opt/ros/humble LD_LIBRARY_PATH=/ros2_ws/install/linkattacher_msgs/lib:${LD_LIBRARY_PATH} PYTHONPATH=/ros2_ws/install/linkattacher_msgs/local/lib/python3.10/dist-packages:${PYTHONPATH} /usr/bin/cmake --build /ros2_ws/build/ros2_linkattacher -- -j8 -l8
[0.936s] Invoking command in '/ros2_ws/build/ros2_linkattacher': AMENT_PREFIX_PATH=/ros2_ws/install/linkattacher_msgs:${AMENT_PREFIX_PATH} CMAKE_PREFIX_PATH=/ros2_ws/install/linkattacher_msgs:/opt/ros/humble LD_LIBRARY_PATH=/ros2_ws/install/linkattacher_msgs/lib:${LD_LIBRARY_PATH} PYTHONPATH=/ros2_ws/install/linkattacher_msgs/local/lib/python3.10/dist-packages:${PYTHONPATH} /usr/bin/cmake --install /ros2_ws/build/ros2_linkattacher
[0.989s] -- Install configuration: "Release"
[0.990s] -- Execute custom install script
[0.991s] -- Up-to-date symlink: /ros2_ws/install/ros2_linkattacher/share/ros2_linkattacher/environment/library_path.sh
[0.993s] -- Up-to-date symlink: /ros2_ws/install/ros2_linkattacher/share/ros2_linkattacher/environment/library_path.dsv
[0.994s] -- Up-to-date symlink: /ros2_ws/install/ros2_linkattacher/lib/libgazebo_link_attacher.so
[0.994s] -- Up-to-date symlink: /ros2_ws/install/ros2_linkattacher/share/ament_index/resource_index/package_run_dependencies/ros2_linkattacher
[0.995s] -- Up-to-date symlink: /ros2_ws/install/ros2_linkattacher/share/ament_index/resource_index/parent_prefix_path/ros2_linkattacher
[0.995s] -- Up-to-date symlink: /ros2_ws/install/ros2_linkattacher/share/ros2_linkattacher/environment/ament_prefix_path.sh
[0.995s] -- Up-to-date symlink: /ros2_ws/install/ros2_linkattacher/share/ros2_linkattacher/environment/ament_prefix_path.dsv
[0.995s] -- Up-to-date symlink: /ros2_ws/install/ros2_linkattacher/share/ros2_linkattacher/environment/path.sh
[0.995s] -- Up-to-date symlink: /ros2_ws/install/ros2_linkattacher/share/ros2_linkattacher/environment/path.dsv
[0.995s] -- Up-to-date symlink: /ros2_ws/install/ros2_linkattacher/share/ros2_linkattacher/local_setup.bash
[0.996s] -- Up-to-date symlink: /ros2_ws/install/ros2_linkattacher/share/ros2_linkattacher/local_setup.sh
[0.996s] -- Up-to-date symlink: /ros2_ws/install/ros2_linkattacher/share/ros2_linkattacher/local_setup.zsh
[0.996s] -- Up-to-date symlink: /ros2_ws/install/ros2_linkattacher/share/ros2_linkattacher/local_setup.dsv
[0.997s] -- Symlinking: /ros2_ws/install/ros2_linkattacher/share/ros2_linkattacher/package.dsv
[0.997s] -- Up-to-date symlink: /ros2_ws/install/ros2_linkattacher/share/ament_index/resource_index/packages/ros2_linkattacher
[0.997s] -- Up-to-date symlink: /ros2_ws/install/ros2_linkattacher/share/ros2_linkattacher/cmake/ament_cmake_export_libraries-extras.cmake
[1.019s] -- Up-to-date symlink: /ros2_ws/install/ros2_linkattacher/share/ros2_linkattacher/cmake/ros2_linkattacherConfig.cmake
[1.020s] -- Up-to-date symlink: /ros2_ws/install/ros2_linkattacher/share/ros2_linkattacher/cmake/ros2_linkattacherConfig-version.cmake
[1.020s] -- Up-to-date symlink: /ros2_ws/install/ros2_linkattacher/share/ros2_linkattacher/package.xml
[1.166s] Invoked command in '/ros2_ws/build/ros2_linkattacher' returned '0': AMENT_PREFIX_PATH=/ros2_ws/install/linkattacher_msgs:${AMENT_PREFIX_PATH} CMAKE_PREFIX_PATH=/ros2_ws/install/linkattacher_msgs:/opt/ros/humble LD_LIBRARY_PATH=/ros2_ws/install/linkattacher_msgs/lib:${LD_LIBRARY_PATH} PYTHONPATH=/ros2_ws/install/linkattacher_msgs/local/lib/python3.10/dist-packages:${PYTHONPATH} /usr/bin/cmake --install /ros2_ws/build/ros2_linkattacher
