-- The C compiler identification is GNU 11.4.0
-- The CXX compiler identification is GNU 11.4.0
-- Detecting C compiler ABI info
-- Detecting C compiler ABI info - done
-- Check for working C compiler: /usr/bin/cc - skipped
-- Detecting C compile features
-- Detecting C compile features - done
-- Detecting CXX compiler ABI info
-- Detecting CXX compiler ABI info - done
-- Check for working CXX compiler: /usr/bin/c++ - skipped
-- Detecting CXX compile features
-- Detecting CXX compile features - done
-- Found ament_cmake: 1.3.12 (/opt/ros/humble/share/ament_cmake/cmake)
-- Found Python3: /usr/bin/python3 (found version "3.10.12") found components: Interpreter 
-- Override CMake install command with custom implementation using symlinks instead of copying resources
-- Found rclcpp: 16.0.16 (/opt/ros/humble/share/rclcpp/cmake)
-- Found rosidl_generator_c: 3.1.7 (/opt/ros/humble/share/rosidl_generator_c/cmake)
-- Found rosidl_adapter: 3.1.7 (/opt/ros/humble/share/rosidl_adapter/cmake)
-- Found rosidl_generator_cpp: 3.1.7 (/opt/ros/humble/share/rosidl_generator_cpp/cmake)
-- Using all available rosidl_typesupport_c: rosidl_typesupport_fastrtps_c;rosidl_typesupport_introspection_c
-- Using all available rosidl_typesupport_cpp: rosidl_typesupport_fastrtps_cpp;rosidl_typesupport_introspection_cpp
-- Found rmw_implementation_cmake: 6.1.2 (/opt/ros/humble/share/rmw_implementation_cmake/cmake)
-- Found rmw_cyclonedds_cpp: 1.3.4 (/opt/ros/humble/share/rmw_cyclonedds_cpp/cmake)
-- Using RMW implementation 'rmw_cyclonedds_cpp' as default
-- Looking for pthread.h
-- Looking for pthread.h - found
-- Performing Test CMAKE_HAVE_LIBC_PTHREAD
-- Performing Test CMAKE_HAVE_LIBC_PTHREAD - Success
-- Found Threads: TRUE  
-- Found as2_core: 1.1.3 (/ros2_ws/install/as2_core/share/as2_core/cmake)
-- Created yaml-cpp::yaml-cpp alias from yaml-cpp target
-- Created GeographicLib::GeographicLib target from legacy variables
-- Found eigen3_cmake_module: 0.1.1 (/opt/ros/humble/share/eigen3_cmake_module/cmake)
-- Found Eigen3: TRUE (found version "3.4.0") 
-- Ensuring Eigen3 include directory is part of orocos-kdl CMake target
-- Found ament_lint_auto: 0.12.14 (/opt/ros/humble/share/ament_lint_auto/cmake)
-- Found gtest sources under '/opt/ros/humble/src/gtest_vendor': C++ tests using 'Google Test' will be built
-- Added test 'copyright' to check source files copyright and LICENSE
-- Added test 'cppcheck' to perform static code analysis on C / C++ code
-- Configured cppcheck include dirs: /ros2_ws/src/aerostack2/as2_behaviors/as2_behavior/include;/ros2_ws/src/aerostack2/as2_behaviors/as2_behavior/include/as2_behavior;$<BUILD_INTERFACE:/ros2_ws/src/aerostack2/as2_behaviors/as2_behavior/include>
-- Configured cppcheck exclude dirs and/or files: 
-- Added test 'cpplint' to check C / C++ code against the Google style
-- Configured cpplint exclude dirs and/or files: 
-- Added test 'lint_cmake' to check CMake code style
-- Added test 'uncrustify' to check C / C++ code style
-- Configured uncrustify additional arguments: 
-- Added test 'xmllint' to check XML markup files
-- Configuring done
-- Generating done
-- Build files have been written to: /ros2_ws/build/as2_behavior
[ 12%] [32mBuilding CXX object gtest/CMakeFiles/gtest_main.dir/src/gtest_main.cc.o[0m
[ 25%] [32mBuilding CXX object gtest/CMakeFiles/gtest.dir/src/gtest-all.cc.o[0m
[ 37%] [32mBuilding CXX object CMakeFiles/as2_behavior.dir/src/behavior_server.cpp.o[0m
[ 50%] [32m[1mLinking CXX static library libgtest_main.a[0m
[ 50%] Built target gtest_main
[ 62%] [32m[1mLinking CXX shared library libas2_behavior.so[0m
[ 62%] Built target as2_behavior
[ 75%] [32m[1mLinking CXX static library libgtest.a[0m
[ 75%] Built target gtest
[ 87%] [32mBuilding CXX object tests/CMakeFiles/as2_behavior_as2_behavior_gtest.dir/as2_behavior_gtest.cpp.o[0m
[100%] [32m[1mLinking CXX executable as2_behavior_as2_behavior_gtest[0m
[100%] Built target as2_behavior_as2_behavior_gtest
-- Install configuration: "Release"
-- Execute custom install script
-- Symlinking: /ros2_ws/install/as2_behavior/include/as2_behavior/__detail/behavior_server__class.hpp
-- Symlinking: /ros2_ws/install/as2_behavior/include/as2_behavior/__impl/behavior_server__impl.hpp
-- Symlinking: /ros2_ws/install/as2_behavior/include/as2_behavior/as2_basic_behavior.hpp
-- Symlinking: /ros2_ws/install/as2_behavior/include/as2_behavior/behavior_server.hpp
-- Symlinking: /ros2_ws/install/as2_behavior/include/as2_behavior/behavior_utils.hpp
-- Symlinking: /ros2_ws/install/as2_behavior/share/as2_behavior/environment/library_path.sh
-- Symlinking: /ros2_ws/install/as2_behavior/share/as2_behavior/environment/library_path.dsv
-- Symlinking: /ros2_ws/install/as2_behavior/share/ament_index/resource_index/package_run_dependencies/as2_behavior
-- Symlinking: /ros2_ws/install/as2_behavior/share/ament_index/resource_index/parent_prefix_path/as2_behavior
-- Symlinking: /ros2_ws/install/as2_behavior/share/as2_behavior/environment/ament_prefix_path.sh
-- Symlinking: /ros2_ws/install/as2_behavior/share/as2_behavior/environment/ament_prefix_path.dsv
-- Symlinking: /ros2_ws/install/as2_behavior/share/as2_behavior/environment/path.sh
-- Symlinking: /ros2_ws/install/as2_behavior/share/as2_behavior/environment/path.dsv
-- Symlinking: /ros2_ws/install/as2_behavior/share/as2_behavior/local_setup.bash
-- Symlinking: /ros2_ws/install/as2_behavior/share/as2_behavior/local_setup.sh
-- Symlinking: /ros2_ws/install/as2_behavior/share/as2_behavior/local_setup.zsh
-- Symlinking: /ros2_ws/install/as2_behavior/share/as2_behavior/local_setup.dsv
-- Symlinking: /ros2_ws/install/as2_behavior/share/as2_behavior/package.dsv
-- Symlinking: /ros2_ws/install/as2_behavior/share/ament_index/resource_index/packages/as2_behavior
-- Symlinking: /ros2_ws/install/as2_behavior/share/as2_behavior/cmake/ament_cmake_export_libraries-extras.cmake
-- Symlinking: /ros2_ws/install/as2_behavior/share/as2_behavior/cmake/ament_cmake_export_targets-extras.cmake
-- Symlinking: /ros2_ws/install/as2_behavior/share/as2_behavior/cmake/ament_cmake_export_include_directories-extras.cmake
-- Symlinking: /ros2_ws/install/as2_behavior/share/as2_behavior/cmake/as2_behaviorConfig.cmake
-- Symlinking: /ros2_ws/install/as2_behavior/share/as2_behavior/cmake/as2_behaviorConfig-version.cmake
-- Symlinking: /ros2_ws/install/as2_behavior/share/as2_behavior/package.xml
-- Installing: /ros2_ws/install/as2_behavior/lib/libas2_behavior.so
-- Set runtime path of "/ros2_ws/install/as2_behavior/lib/libas2_behavior.so" to ""
-- Installing: /ros2_ws/install/as2_behavior/share/as2_behavior/cmake/export_as2_behaviorExport.cmake
-- Installing: /ros2_ws/install/as2_behavior/share/as2_behavior/cmake/export_as2_behaviorExport-release.cmake
