[0.052s] Invoking command in '/ros2_ws/build/as2_behavior': AMENT_PREFIX_PATH=/ros2_ws/install/as2_core:/ros2_ws/install/as2_msgs:${AMENT_PREFIX_PATH} CMAKE_PREFIX_PATH=/ros2_ws/install/as2_core:/ros2_ws/install/as2_msgs:/opt/ros/humble LD_LIBRARY_PATH=/ros2_ws/install/as2_core/lib:/ros2_ws/install/as2_msgs/lib:${LD_LIBRARY_PATH} PYTHONPATH=/ros2_ws/install/as2_core/local/lib/python3.10/dist-packages:/ros2_ws/install/as2_msgs/local/lib/python3.10/dist-packages:${PYTHONPATH} /usr/bin/cmake /ros2_ws/src/aerostack2/as2_behaviors/as2_behavior -DCMAKE_BUILD_TYPE=Release -DAMENT_CMAKE_SYMLINK_INSTALL=1 -DCMAKE_INSTALL_PREFIX=/ros2_ws/install/as2_behavior
[0.191s] -- The C compiler identification is GNU 11.4.0
[0.335s] -- The CXX compiler identification is GNU 11.4.0
[0.349s] -- Detecting C compiler ABI info
[0.522s] -- Detecting C compiler ABI info - done
[0.546s] -- Check for working C compiler: /usr/bin/cc - skipped
[0.546s] -- Detecting C compile features
[0.548s] -- Detecting C compile features - done
[0.557s] -- Detecting CXX compiler ABI info
[0.735s] -- Detecting CXX compiler ABI info - done
[0.758s] -- Check for working CXX compiler: /usr/bin/c++ - skipped
[0.759s] -- Detecting CXX compile features
[0.760s] -- Detecting CXX compile features - done
[0.769s] -- Found ament_cmake: 1.3.12 (/opt/ros/humble/share/ament_cmake/cmake)
[1.150s] -- Found Python3: /usr/bin/python3 (found version "3.10.12") found components: Interpreter 
[1.322s] -- Override CMake install command with custom implementation using symlinks instead of copying resources
[1.439s] -- Found rclcpp: 16.0.16 (/opt/ros/humble/share/rclcpp/cmake)
[1.589s] -- Found rosidl_generator_c: 3.1.7 (/opt/ros/humble/share/rosidl_generator_c/cmake)
[1.616s] -- Found rosidl_adapter: 3.1.7 (/opt/ros/humble/share/rosidl_adapter/cmake)
[1.647s] -- Found rosidl_generator_cpp: 3.1.7 (/opt/ros/humble/share/rosidl_generator_cpp/cmake)
[1.693s] -- Using all available rosidl_typesupport_c: rosidl_typesupport_fastrtps_c;rosidl_typesupport_introspection_c
[1.753s] -- Using all available rosidl_typesupport_cpp: rosidl_typesupport_fastrtps_cpp;rosidl_typesupport_introspection_cpp
[1.917s] -- Found rmw_implementation_cmake: 6.1.2 (/opt/ros/humble/share/rmw_implementation_cmake/cmake)
[1.927s] -- Found rmw_cyclonedds_cpp: 1.3.4 (/opt/ros/humble/share/rmw_cyclonedds_cpp/cmake)
[2.003s] -- Using RMW implementation 'rmw_cyclonedds_cpp' as default
[2.032s] -- Looking for pthread.h
[2.216s] -- Looking for pthread.h - found
[2.217s] -- Performing Test CMAKE_HAVE_LIBC_PTHREAD
[2.380s] -- Performing Test CMAKE_HAVE_LIBC_PTHREAD - Success
[2.383s] -- Found Threads: TRUE  
[2.555s] -- Found as2_core: 1.1.3 (/ros2_ws/install/as2_core/share/as2_core/cmake)
[2.563s] -- Created yaml-cpp::yaml-cpp alias from yaml-cpp target
[2.567s] -- Created GeographicLib::GeographicLib target from legacy variables
[3.060s] -- Found eigen3_cmake_module: 0.1.1 (/opt/ros/humble/share/eigen3_cmake_module/cmake)
[3.063s] -- Found Eigen3: TRUE (found version "3.4.0") 
[3.064s] -- Ensuring Eigen3 include directory is part of orocos-kdl CMake target
[3.544s] -- Found ament_lint_auto: 0.12.14 (/opt/ros/humble/share/ament_lint_auto/cmake)
[3.796s] -- Found gtest sources under '/opt/ros/humble/src/gtest_vendor': C++ tests using 'Google Test' will be built
[3.831s] -- Added test 'copyright' to check source files copyright and LICENSE
[3.835s] -- Added test 'cppcheck' to perform static code analysis on C / C++ code
[3.836s] -- Configured cppcheck include dirs: /ros2_ws/src/aerostack2/as2_behaviors/as2_behavior/include;/ros2_ws/src/aerostack2/as2_behaviors/as2_behavior/include/as2_behavior;$<BUILD_INTERFACE:/ros2_ws/src/aerostack2/as2_behaviors/as2_behavior/include>
[3.836s] -- Configured cppcheck exclude dirs and/or files: 
[3.839s] -- Added test 'cpplint' to check C / C++ code against the Google style
[3.840s] -- Configured cpplint exclude dirs and/or files: 
[3.842s] -- Added test 'lint_cmake' to check CMake code style
[3.845s] -- Added test 'uncrustify' to check C / C++ code style
[3.846s] -- Configured uncrustify additional arguments: 
[3.847s] -- Added test 'xmllint' to check XML markup files
[3.853s] -- Configuring done
[3.931s] -- Generating done
[3.954s] -- Build files have been written to: /ros2_ws/build/as2_behavior
[3.993s] Invoked command in '/ros2_ws/build/as2_behavior' returned '0': AMENT_PREFIX_PATH=/ros2_ws/install/as2_core:/ros2_ws/install/as2_msgs:${AMENT_PREFIX_PATH} CMAKE_PREFIX_PATH=/ros2_ws/install/as2_core:/ros2_ws/install/as2_msgs:/opt/ros/humble LD_LIBRARY_PATH=/ros2_ws/install/as2_core/lib:/ros2_ws/install/as2_msgs/lib:${LD_LIBRARY_PATH} PYTHONPATH=/ros2_ws/install/as2_core/local/lib/python3.10/dist-packages:/ros2_ws/install/as2_msgs/local/lib/python3.10/dist-packages:${PYTHONPATH} /usr/bin/cmake /ros2_ws/src/aerostack2/as2_behaviors/as2_behavior -DCMAKE_BUILD_TYPE=Release -DAMENT_CMAKE_SYMLINK_INSTALL=1 -DCMAKE_INSTALL_PREFIX=/ros2_ws/install/as2_behavior
[3.994s] Invoking command in '/ros2_ws/build/as2_behavior': AMENT_PREFIX_PATH=/ros2_ws/install/as2_core:/ros2_ws/install/as2_msgs:${AMENT_PREFIX_PATH} CMAKE_PREFIX_PATH=/ros2_ws/install/as2_core:/ros2_ws/install/as2_msgs:/opt/ros/humble LD_LIBRARY_PATH=/ros2_ws/install/as2_core/lib:/ros2_ws/install/as2_msgs/lib:${LD_LIBRARY_PATH} PYTHONPATH=/ros2_ws/install/as2_core/local/lib/python3.10/dist-packages:/ros2_ws/install/as2_msgs/local/lib/python3.10/dist-packages:${PYTHONPATH} /usr/bin/cmake --build /ros2_ws/build/as2_behavior -- -j8 -l8
[4.167s] [ 12%] [32mBuilding CXX object gtest/CMakeFiles/gtest_main.dir/src/gtest_main.cc.o[0m
[4.167s] [ 25%] [32mBuilding CXX object gtest/CMakeFiles/gtest.dir/src/gtest-all.cc.o[0m
[4.167s] [ 37%] [32mBuilding CXX object CMakeFiles/as2_behavior.dir/src/behavior_server.cpp.o[0m
[14.363s] [ 50%] [32m[1mLinking CXX static library libgtest_main.a[0m
[14.690s] [ 50%] Built target gtest_main
[41.593s] [ 62%] [32m[1mLinking CXX shared library libas2_behavior.so[0m
[47.143s] [ 62%] Built target as2_behavior
[67.255s] [ 75%] [32m[1mLinking CXX static library libgtest.a[0m
[67.585s] [ 75%] Built target gtest
[67.839s] [ 87%] [32mBuilding CXX object tests/CMakeFiles/as2_behavior_as2_behavior_gtest.dir/as2_behavior_gtest.cpp.o[0m
[98.662s] [100%] [32m[1mLinking CXX executable as2_behavior_as2_behavior_gtest[0m
[99.320s] [100%] Built target as2_behavior_as2_behavior_gtest
[99.391s] Invoked command in '/ros2_ws/build/as2_behavior' returned '0': AMENT_PREFIX_PATH=/ros2_ws/install/as2_core:/ros2_ws/install/as2_msgs:${AMENT_PREFIX_PATH} CMAKE_PREFIX_PATH=/ros2_ws/install/as2_core:/ros2_ws/install/as2_msgs:/opt/ros/humble LD_LIBRARY_PATH=/ros2_ws/install/as2_core/lib:/ros2_ws/install/as2_msgs/lib:${LD_LIBRARY_PATH} PYTHONPATH=/ros2_ws/install/as2_core/local/lib/python3.10/dist-packages:/ros2_ws/install/as2_msgs/local/lib/python3.10/dist-packages:${PYTHONPATH} /usr/bin/cmake --build /ros2_ws/build/as2_behavior -- -j8 -l8
[99.394s] Invoking command in '/ros2_ws/build/as2_behavior': AMENT_PREFIX_PATH=/ros2_ws/install/as2_core:/ros2_ws/install/as2_msgs:${AMENT_PREFIX_PATH} CMAKE_PREFIX_PATH=/ros2_ws/install/as2_core:/ros2_ws/install/as2_msgs:/opt/ros/humble LD_LIBRARY_PATH=/ros2_ws/install/as2_core/lib:/ros2_ws/install/as2_msgs/lib:${LD_LIBRARY_PATH} PYTHONPATH=/ros2_ws/install/as2_core/local/lib/python3.10/dist-packages:/ros2_ws/install/as2_msgs/local/lib/python3.10/dist-packages:${PYTHONPATH} /usr/bin/cmake --install /ros2_ws/build/as2_behavior
[111.133s] -- Install configuration: "Release"
[111.133s] -- Execute custom install script
[111.133s] -- Symlinking: /ros2_ws/install/as2_behavior/include/as2_behavior/__detail/behavior_server__class.hpp
[111.133s] -- Symlinking: /ros2_ws/install/as2_behavior/include/as2_behavior/__impl/behavior_server__impl.hpp
[111.133s] -- Symlinking: /ros2_ws/install/as2_behavior/include/as2_behavior/as2_basic_behavior.hpp
[111.133s] -- Symlinking: /ros2_ws/install/as2_behavior/include/as2_behavior/behavior_server.hpp
[111.134s] -- Symlinking: /ros2_ws/install/as2_behavior/include/as2_behavior/behavior_utils.hpp
[111.134s] -- Symlinking: /ros2_ws/install/as2_behavior/share/as2_behavior/environment/library_path.sh
[111.134s] -- Symlinking: /ros2_ws/install/as2_behavior/share/as2_behavior/environment/library_path.dsv
[111.134s] -- Symlinking: /ros2_ws/install/as2_behavior/share/ament_index/resource_index/package_run_dependencies/as2_behavior
[111.134s] -- Symlinking: /ros2_ws/install/as2_behavior/share/ament_index/resource_index/parent_prefix_path/as2_behavior
[111.134s] -- Symlinking: /ros2_ws/install/as2_behavior/share/as2_behavior/environment/ament_prefix_path.sh
[111.135s] -- Symlinking: /ros2_ws/install/as2_behavior/share/as2_behavior/environment/ament_prefix_path.dsv
[111.135s] -- Symlinking: /ros2_ws/install/as2_behavior/share/as2_behavior/environment/path.sh
[111.135s] -- Symlinking: /ros2_ws/install/as2_behavior/share/as2_behavior/environment/path.dsv
[111.135s] -- Symlinking: /ros2_ws/install/as2_behavior/share/as2_behavior/local_setup.bash
[111.135s] -- Symlinking: /ros2_ws/install/as2_behavior/share/as2_behavior/local_setup.sh
[111.135s] -- Symlinking: /ros2_ws/install/as2_behavior/share/as2_behavior/local_setup.zsh
[111.135s] -- Symlinking: /ros2_ws/install/as2_behavior/share/as2_behavior/local_setup.dsv
[111.136s] -- Symlinking: /ros2_ws/install/as2_behavior/share/as2_behavior/package.dsv
[111.136s] -- Symlinking: /ros2_ws/install/as2_behavior/share/ament_index/resource_index/packages/as2_behavior
[111.136s] -- Symlinking: /ros2_ws/install/as2_behavior/share/as2_behavior/cmake/ament_cmake_export_libraries-extras.cmake
[111.136s] -- Symlinking: /ros2_ws/install/as2_behavior/share/as2_behavior/cmake/ament_cmake_export_targets-extras.cmake
[111.136s] -- Symlinking: /ros2_ws/install/as2_behavior/share/as2_behavior/cmake/ament_cmake_export_include_directories-extras.cmake
[111.136s] -- Symlinking: /ros2_ws/install/as2_behavior/share/as2_behavior/cmake/as2_behaviorConfig.cmake
[111.137s] -- Symlinking: /ros2_ws/install/as2_behavior/share/as2_behavior/cmake/as2_behaviorConfig-version.cmake
[111.137s] -- Symlinking: /ros2_ws/install/as2_behavior/share/as2_behavior/package.xml
[111.137s] -- Installing: /ros2_ws/install/as2_behavior/lib/libas2_behavior.so
[111.137s] -- Set runtime path of "/ros2_ws/install/as2_behavior/lib/libas2_behavior.so" to ""
[111.137s] -- Installing: /ros2_ws/install/as2_behavior/share/as2_behavior/cmake/export_as2_behaviorExport.cmake
[111.137s] -- Installing: /ros2_ws/install/as2_behavior/share/as2_behavior/cmake/export_as2_behaviorExport-release.cmake
[111.192s] Invoked command in '/ros2_ws/build/as2_behavior' returned '0': AMENT_PREFIX_PATH=/ros2_ws/install/as2_core:/ros2_ws/install/as2_msgs:${AMENT_PREFIX_PATH} CMAKE_PREFIX_PATH=/ros2_ws/install/as2_core:/ros2_ws/install/as2_msgs:/opt/ros/humble LD_LIBRARY_PATH=/ros2_ws/install/as2_core/lib:/ros2_ws/install/as2_msgs/lib:${LD_LIBRARY_PATH} PYTHONPATH=/ros2_ws/install/as2_core/local/lib/python3.10/dist-packages:/ros2_ws/install/as2_msgs/local/lib/python3.10/dist-packages:${PYTHONPATH} /usr/bin/cmake --install /ros2_ws/build/as2_behavior
